BlockSync: 13510/18009 block entries listed, 1865 gates, range [7015BD20,7017D989), K=50
Decoder::initialize()...MachineThread()...
Init complete.
:
:CASTLE_DATA_FILE
:DATA_FILE
:FIXUP_OBJECTS.PR
:FIXUP_OBJECTS.ST
:NEW_CASTLES.PR
:NEW_CASTLES.ST
:NEW_USERS.PR
:NEW_USERS.ST
:NEW_USER_DATA_FILE
:OLD_USER_DATA_FILE
:PER
:QUEST.PR
:QUEST.ST
:QUEST_SERVER.PR
:QUEST_SERVER.ST
:SAVE_USER.PR
:SAVE_USER.ST
:SHARED_DATA_FILE
:SYSTEM
:USER_DATA_FILE
:WORLD_DATA_FILE
Lockstep role for QUEST_SERVER: SERVER
Waiting for terminal client for @QUEST
*** SD_PTR [QUEST_SERVER] set to 0x70180000
Lockstep role for QUEST1: MASTER
RTStubs: INJECT armed at 7016A896 type=-1 code=2006 (QUEST_INJECT)
RTStubs: RT range 7017D99B..7017FFFF, 137 entries
Silent clone terminal for @QUEST
Lockstep role for QUEST2: CLONE
NativeRegistry: 0x7015BD20 (direct)
NativeRegistry: 0x7017D99B (direct)
NativeRegistry: 0x7017DA75 (direct)
NativeRegistry: 0x7017DB1B (direct)
NativeRegistry: 0x7017DB3E (direct)
NativeRegistry: 0x7017DB4B (direct)
NativeRegistry: 0x7017DB63 (direct)
NativeRegistry: 0x7017DB9B (direct)
NativeRegistry: 0x7017DBB3 (direct)
NativeRegistry: 0x7017DC3F (direct)
NativeRegistry: 0x7017DC4F (direct)
NativeRegistry: 0x7017DC63 (direct)
NativeRegistry: 0x7017DC7D (direct)
NativeRegistry: 0x7017DCCB (direct)
NativeRegistry: 0x7017DD27 (direct)
NativeRegistry: 0x7017DDBB (direct)
NativeRegistry: 0x7017DE25 (direct)
NativeRegistry: 0x7017DE33 (direct)
NativeRegistry: 0x7017DE5F (direct)
NativeRegistry: 0x7017DEEB (direct)
NativeRegistry: 0x7017E095 (direct)
NativeRegistry: 0x7017E0BB (direct)
NativeRegistry: 0x7017E12B (direct)
NativeRegistry: 0x7017E14D (direct)
NativeRegistry: 0x7017E154 (direct)
NativeRegistry: 0x7017E15E (direct)
NativeRegistry: 0x7017E168 (direct)
NativeRegistry: 0x7017E171 (direct)
NativeRegistry: 0x7017E17F (direct)
NativeRegistry: 0x7017E189 (direct)
NativeRegistry: 0x7017E190 (direct)
NativeRegistry: 0x7017E197 (direct)
NativeRegistry: 0x7017E1A5 (direct)
NativeRegistry: 0x7017E1B5 (direct)
NativeRegistry: 0x7017E1C0 (direct)
NativeRegistry: 0x7017E1CB (direct)
NativeRegistry: 0x7017E1DC (direct)
NativeRegistry: 0x7017E1FC (direct)
NativeRegistry: 0x7017E27A (direct)
NativeRegistry: 0x7017E31C (direct)
NativeRegistry: 0x7017E33A (direct)
NativeRegistry: 0x7017E3D2 (direct)
NativeRegistry: 0x7017E3F0 (direct)
NativeRegistry: 0x7017E4B8 (direct)
NativeRegistry: 0x7017E5CB (direct)
NativeRegistry: 0x7017E5F4 (direct)
NativeRegistry: 0x7017E64A (direct)
NativeRegistry: 0x7017E688 (direct)
NativeRegistry: 0x7017E708 (direct)
NativeRegistry: 0x7017E722 (direct)
NativeRegistry: 0x7017E733 (direct)
NativeRegistry: 0x7017E750 (direct)
NativeRegistry: 0x7017E766 (direct)
NativeRegistry: 0x7017E77D (direct)
NativeRegistry: 0x7017E784 (direct)
NativeRegistry: 0x7017E786 (direct)
NativeRegistry: 0x7017E7C4 (direct)
NativeRegistry: 0x7017E7D0 (direct)
NativeRegistry: 0x7017E7ED (direct)
NativeRegistry: 0x7017E805 (direct)
NativeRegistry: 0x7017E811 (direct)
NativeRegistry: 0x7017E81C (direct)
NativeRegistry: 0x7017E820 (direct)
NativeRegistry: 0x7017E834 (direct)
NativeRegistry: 0x7017E838 (direct)
NativeRegistry: 0x7017E853 (direct)
NativeRegistry: 0x7017E866 (direct)
NativeRegistry: 0x7017E945 (direct)
NativeRegistry: 0x7017E949 (direct)
NativeRegistry: 0x7017E94C (direct)
NativeRegistry: 0x7017EA1E (direct)
NativeRegistry: 0x7017EA2E (direct)
NativeRegistry: 0x7017EA5E (direct)
NativeRegistry: 0x7017EA78 (direct)
NativeRegistry: 0x7017EA7A (direct)
NativeRegistry: 0x7017EB67 (direct)
NativeRegistry: 0x7017EBA8 (direct)
NativeRegistry: 0x7017EBC0 (direct)
NativeRegistry: 0x7017EC39 (direct)
NativeRegistry: 0x7017EC7B (direct)
NativeRegistry: 0x7017EC7C (direct)
NativeRegistry: 0x7017ECCC (direct)
NativeRegistry: 0x7017ED1C (direct)
NativeRegistry: 0x7017ED93 (direct)
NativeRegistry: 0x7017ED9B (direct)
NativeRegistry: 0x7017EDCB (direct)
NativeRegistry: 0x7017EDDD (direct)
NativeRegistry: 0x7017EDE7 (direct)
NativeRegistry: 0x7017EDED (direct)
NativeRegistry: 0x7017EE02 (direct)
NativeRegistry: 0x7017EE07 (direct)
NativeRegistry: 0x7017EE0F (direct)
NativeRegistry: 0x7017EE17 (direct)
NativeRegistry: 0x7017EE1F (direct)
NativeRegistry: 0x7017EE27 (direct)
NativeRegistry: 0x7017EE2D (direct)
NativeRegistry: 0x7017EE33 (direct)
NativeRegistry: 0x7017EE56 (direct)
NativeRegistry: 0x7017EF05 (direct)
NativeRegistry: 0x7017EF51 (direct)
NativeRegistry: 0x7017EF54 (direct)
NativeRegistry: 0x7017F030 (direct)
NativeRegistry: 0x7017F036 (direct)
NativeRegistry: 0x7017F6B4 (direct)
NativeRegistry: 0x7017F730 (direct)
NativeRegistry: 0x7017F774 (direct)
NativeRegistry: 0x7017F87B (direct)
NativeRegistry: 0x7017FA31 (direct)
NativeRegistry: 0x7017FABC (direct)
NativeRegistry: 0x7017FB81 (direct)
NativeRegistry: 0x7017FBAE (direct)
NativeRegistry: 0x7017FBE3 (direct)
NativeRegistry: 0x7017FC39 (direct)
NativeRegistry: 0x7017FC41 (direct)
NativeRegistry: 0x7017FC4D (direct)
NativeRegistry: 0x7017FC50 (direct)
NativeRegistry: 0x7017FCAB (direct)
NativeRegistry: 0x7017FCCD (direct)
NativeRegistry: 0x7017FCD8 (direct)
NativeRegistry: 0x7017FCE8 (direct)
NativeRegistry: 0x7017FCF3 (direct)
NativeRegistry: 0x7017FD16 (direct)
NativeRegistry: 0x7017FD3D (direct)
NativeRegistry: 0x7017FD61 (direct)
NativeRegistry: 0x7017FD7A (direct)
NativeRegistry: 0x7017FDA0 (direct)
NativeRegistry: 0x7017FDB9 (direct)
NativeRegistry: 0x7017FDBF (direct)
NativeRegistry: 0x7017FDC0 (direct)
NativeRegistry: 0x7017FDC2 (direct)
NativeRegistry: 0x7017FDCE (direct)
NativeRegistry: 0x7017FDD0 (direct)
NativeRegistry: 0x7017FDD3 (direct)
NativeRegistry: 0x7017FDD9 (direct)
NativeRegistry: 0x7017FDE5 (direct)
NativeRegistry: 0x7017FE05 (direct)
NativeRegistry: 0x7017FE26 (direct)
NativeRegistry: ?FILL_WORDS -> 0x7017E31C
NativeRegistry: ?UDIV32 -> 0x7017DB3E
NativeRegistry: ?UNSIGNED_TO_CHAR -> 0x7017DA75
NativeRegistry: O.ON -> 0x7017ED9B
NativeRegistry: O.REVERT -> 0x7017EDCB
NativeRegistry: I.LOCK -> 0x7017E7D0
NativeRegistry: I.UNLOCK -> 0x7017E7ED
NativeRegistry: I.ALLOC -> 0x7017E866
NativeRegistry: I.FREEB -> 0x7017E945
NativeRegistry: I.FREEW -> 0x7017E949
NativeRegistry: I.FREE -> 0x7017E94C
NativeRegistry: T?AREA -> 0x7017ED93
NativeRegistry: I.PROLOG -> 0x7017E733
NativeRegistry: I.EPILOG -> 0x7017E77D
NativeRegistry: I.GOTO -> 0x7017EC7C
NativeRegistry: O?SIGNAL -> 0x7017EDED
NativeRegistry: O.SET -> 0x7017EE56
NativeRegistry: O.SERROR -> 0x7017EE33
NativeRegistry: O.SCONVE -> 0x7017EE2D
NativeRegistry: O.SSUBSC -> 0x7017EE27
NativeRegistry: O.SFIXED -> 0x7017EE1F
NativeRegistry: O.SZEROD -> 0x7017EE17
NativeRegistry: O.SOVERF -> 0x7017EE0F
NativeRegistry: O.SUNDER -> 0x7017EE07
NativeRegistry: ?LIB_ERROR -> 0x7017E33A
NativeRegistry: ?LIB_ERROR_CODE -> 0x7017DE25
NativeRegistry: ?DEFAULT_ERROR_HANDLER -> 0x7017E3D2
NativeRegistry: O?AREA -> 0x7017FC39
NativeRegistry: P?DEFON -> 0x7017FD7A
NativeRegistry: R?SIGNAL -> 0x7017EF54
NativeRegistry: DEF?ON -> 0x7017EF05
RTStubs: 137 stubs registered, 31 translations
*** SD_PTR [QUEST] set to 0x70180000
*** SD_PTR [QUEST] set to 0x70180000
RTBridge::zero_frame_claim: entry 7017DC8B opcode A6C9 is not WSAVx/WSSVx — claim NOT zeroed (new entry shape? — further occurrences silenced)
RTBridge::zero_frame_claim: entry 7017E28C opcode A6C9 is not WSAVx/WSSVx — claim NOT zeroed (new entry shape? — further occurrences silenced)
RTBridge::zero_frame_claim: entry 7017E2BC opcode A6C9 is not WSAVx/WSSVx — claim NOT zeroed (new entry shape? — further occurrences silenced)
RTBridge::zero_frame_claim: entry 7017DF1B opcode A6C9 is not WSAVx/WSSVx — claim NOT zeroed (new entry shape? — further occurrences silenced)
RTBridge::zero_frame_claim: entry 7017DF5E opcode A6C9 is not WSAVx/WSSVx — claim NOT zeroed (new entry shape? — further occurrences silenced)
RTBridge::zero_frame_claim: entry 7017DF8C opcode A6C9 is not WSAVx/WSSVx — claim NOT zeroed (new entry shape? — further occurrences silenced)
Connecting 101 with 100
ISR SENDING MESSAGE
RECEIVED MESSAGE

IREC RETURN:
   system flags = 0000
   user flags = 0009
   origin port = 00650001
   destination port = 0001
   length = 0000
   data pointer = 00000000

SENDING MESSAGE
ISR RECEIVED MESSAGE
ISR SENDING MESSAGE
RECEIVED MESSAGE

IREC RETURN:
   system flags = 0000
   user flags = 0001
   origin port = 00650001
   destination port = 0001
   length = 0000
   data pointer = 00000001

SENDING MESSAGE
ISR RECEIVED MESSAGE
RTBridge::zero_frame_claim: entry 7017DE6D opcode A6C9 is not WSAVx/WSSVx — claim NOT zeroed (new entry shape? — further occurrences silenced)
ISR SENDING MESSAGE
RECEIVED MESSAGE

IREC RETURN:
   system flags = 0000
   user flags = 0002
   origin port = 00650001
   destination port = 0001
   length = 0000
   data pointer = 00000001

*** RESERVED ACCESS [QUEST_SERVER]: WRITE player[0] rec 310 (addr 0x70180162)
*** RESERVED ACCESS [QUEST_SERVER]: WRITE player[0] rec 311 (addr 0x70180163)
*** RESERVED ACCESS [QUEST_SERVER]: WRITE player[0] rec 312 (addr 0x70180164)
*** RESERVED ACCESS [QUEST_SERVER]: WRITE player[0] rec 313 (addr 0x70180165)
*** RESERVED ACCESS [QUEST_SERVER]: WRITE player[0] rec 314 (addr 0x70180166)
*** RESERVED ACCESS [QUEST_SERVER]: WRITE player[0] rec 315 (addr 0x70180167)
*** RESERVED ACCESS [QUEST_SERVER]: WRITE player[0] rec 316 (addr 0x70180168)
*** RESERVED ACCESS [QUEST_SERVER]: WRITE player[0] rec 317 (addr 0x70180169)
*** RESERVED ACCESS [QUEST_SERVER]: WRITE player[0] rec 318 (addr 0x7018016A)
*** RESERVED ACCESS [QUEST_SERVER]: WRITE player[0] rec 319 (addr 0x7018016B)
*** RESERVED ACCESS [QUEST_SERVER]: WRITE player[0] rec 320 (addr 0x7018016C)
*** RESERVED ACCESS [QUEST_SERVER]: WRITE player[0] rec 321 (addr 0x7018016D)
*** RESERVED ACCESS [QUEST_SERVER]: WRITE player[0] rec 322 (addr 0x7018016E)
*** RESERVED ACCESS [QUEST_SERVER]: WRITE player[0] rec 323 (addr 0x7018016F)
*** RESERVED ACCESS [QUEST_SERVER]: WRITE player[0] rec 324 (addr 0x70180170)
*** RESERVED ACCESS [QUEST_SERVER]: WRITE player[0] rec 325 (addr 0x70180171)
*** RESERVED ACCESS [QUEST_SERVER]: WRITE player[0] rec 326 (addr 0x70180172)
*** RESERVED ACCESS [QUEST_SERVER]: WRITE player[0] rec 327 (addr 0x70180173)
*** RESERVED ACCESS [QUEST_SERVER]: WRITE player[0] rec 328 (addr 0x70180174)
*** RESERVED ACCESS [QUEST_SERVER]: WRITE player[0] rec 329 (addr 0x70180175)
*** RESERVED ACCESS [QUEST_SERVER]: WRITE player[0] rec 330 (addr 0x70180176)
*** RESERVED ACCESS [QUEST_SERVER]: WRITE player[0] rec 331 (addr 0x70180177)
*** RESERVED ACCESS [QUEST_SERVER]: WRITE player[0] rec 332 (addr 0x70180178)
*** RESERVED ACCESS [QUEST_SERVER]: WRITE player[0] rec 333 (addr 0x70180179)
*** RESERVED ACCESS [QUEST_SERVER]: WRITE player[0] rec 334 (addr 0x7018017A)
*** RESERVED ACCESS [QUEST_SERVER]: WRITE player[0] rec 335 (addr 0x7018017B)
*** RESERVED ACCESS [QUEST_SERVER]: WRITE player[0] rec 336 (addr 0x7018017C)
*** RESERVED ACCESS [QUEST_SERVER]: WRITE player[0] rec 337 (addr 0x7018017D)
*** RESERVED ACCESS [QUEST_SERVER]: WRITE player[0] rec 338 (addr 0x7018017E)
*** RESERVED ACCESS [QUEST_SERVER]: WRITE player[0] rec 339 (addr 0x7018017F)
*** RESERVED ACCESS [QUEST_SERVER]: WRITE player[0] rec 340 (addr 0x70180180)
*** RESERVED ACCESS [QUEST_SERVER]: WRITE player[0] rec 341 (addr 0x70180181)
*** RESERVED ACCESS [QUEST_SERVER]: WRITE player[0] rec 342 (addr 0x70180182)
*** RESERVED ACCESS [QUEST_SERVER]: WRITE player[0] rec 343 (addr 0x70180183)
*** RESERVED ACCESS [QUEST_SERVER]: WRITE player[0] rec 344 (addr 0x70180184)
*** RESERVED ACCESS [QUEST_SERVER]: WRITE player[0] rec 345 (addr 0x70180185)
*** RESERVED ACCESS [QUEST_SERVER]: WRITE player[0] rec 346 (addr 0x70180186)
*** RESERVED ACCESS [QUEST_SERVER]: WRITE player[0] rec 347 (addr 0x70180187)
*** RESERVED ACCESS [QUEST_SERVER]: WRITE player[0] rec 348 (addr 0x70180188)
*** RESERVED ACCESS [QUEST_SERVER]: WRITE player[0] rec 349 (addr 0x70180189)
*** RESERVED ACCESS [QUEST_SERVER]: WRITE player[0] rec 350 (addr 0x7018018A)
*** RESERVED ACCESS [QUEST_SERVER]: WRITE player[0] rec 351 (addr 0x7018018B)
*** RESERVED ACCESS [QUEST_SERVER]: WRITE player[0] rec 352 (addr 0x7018018C)
*** RESERVED ACCESS [QUEST_SERVER]: WRITE player[0] rec 353 (addr 0x7018018D)
*** RESERVED ACCESS [QUEST_SERVER]: WRITE player[0] rec 354 (addr 0x7018018E)
*** RESERVED ACCESS [QUEST_SERVER]: WRITE player[0] rec 355 (addr 0x7018018F)
*** RESERVED ACCESS [QUEST_SERVER]: WRITE player[0] rec 356 (addr 0x70180190)
*** RESERVED ACCESS [QUEST_SERVER]: WRITE player[0] rec 357 (addr 0x70180191)
*** RESERVED ACCESS [QUEST_SERVER]: WRITE player[0] rec 358 (addr 0x70180192)
*** RESERVED ACCESS [QUEST_SERVER]: WRITE player[0] rec 359 (addr 0x70180193)
*** RESERVED ACCESS [QUEST_SERVER]: WRITE player[0] rec 360 (addr 0x70180194)
*** RESERVED ACCESS [QUEST_SERVER]: WRITE player[0] rec 361 (addr 0x70180195)
*** RESERVED ACCESS [QUEST_SERVER]: WRITE player[0] rec 362 (addr 0x70180196)
*** RESERVED ACCESS [QUEST_SERVER]: WRITE player[0] rec 363 (addr 0x70180197)
*** RESERVED ACCESS [QUEST_SERVER]: WRITE player[0] rec 364 (addr 0x70180198)
*** RESERVED ACCESS [QUEST_SERVER]: WRITE player[0] rec 365 (addr 0x70180199)
*** RESERVED ACCESS [QUEST_SERVER]: WRITE player[0] rec 366 (addr 0x7018019A)
*** RESERVED ACCESS [QUEST_SERVER]: WRITE player[0] rec 367 (addr 0x7018019B)
*** RESERVED ACCESS [QUEST_SERVER]: WRITE player[0] rec 368 (addr 0x7018019C)
*** RESERVED ACCESS [QUEST_SERVER]: WRITE player[0] rec 369 (addr 0x7018019D)
*** RESERVED ACCESS [QUEST_SERVER]: WRITE player[0] rec 370 (addr 0x7018019E)
*** RESERVED ACCESS [QUEST_SERVER]: WRITE player[0] rec 371 (addr 0x7018019F)
*** RESERVED ACCESS [QUEST_SERVER]: WRITE player[0] rec 372 (addr 0x701801A0)
*** RESERVED ACCESS [QUEST_SERVER]: READ player[0] rec 483 (addr 0x7018020F)
*** RESERVED ACCESS [QUEST_SERVER]: WRITE player[0] rec 483 (addr 0x7018020F)
*** RESERVED ACCESS [QUEST_SERVER]: READ player[0] rec 483 (addr 0x7018020F)
*** RESERVED ACCESS [QUEST_SERVER]: WRITE player[0] rec 483 (addr 0x7018020F)
*** RESERVED ACCESS [QUEST_SERVER]: READ player[0] rec 483 (addr 0x7018020F)
*** RESERVED ACCESS [QUEST_SERVER]: WRITE player[0] rec 483 (addr 0x7018020F)
*** RESERVED ACCESS [QUEST_SERVER]: READ player[0] rec 483 (addr 0x7018020F)
*** RESERVED ACCESS [QUEST_SERVER]: WRITE player[0] rec 483 (addr 0x7018020F)
*** RESERVED ACCESS [QUEST_SERVER]: READ player[0] rec 483 (addr 0x7018020F)
*** RESERVED ACCESS [QUEST_SERVER]: WRITE player[0] rec 483 (addr 0x7018020F)
*** RESERVED ACCESS [QUEST_SERVER]: READ player[0] rec 483 (addr 0x7018020F)
*** RESERVED ACCESS [QUEST_SERVER]: WRITE player[0] rec 483 (addr 0x7018020F)
*** RESERVED ACCESS [QUEST_SERVER]: READ player[0] rec 483 (addr 0x7018020F)
*** RESERVED ACCESS [QUEST_SERVER]: WRITE player[0] rec 483 (addr 0x7018020F)
*** RESERVED ACCESS [QUEST_SERVER]: READ player[0] rec 483 (addr 0x7018020F)
*** RESERVED ACCESS [QUEST_SERVER]: WRITE player[0] rec 483 (addr 0x7018020F)
*** RESERVED ACCESS [QUEST_SERVER]: READ player[0] rec 483 (addr 0x7018020F)
*** RESERVED ACCESS [QUEST_SERVER]: WRITE player[0] rec 483 (addr 0x7018020F)
*** RESERVED ACCESS [QUEST_SERVER]: READ player[0] rec 483 (addr 0x7018020F)
*** RESERVED ACCESS [QUEST_SERVER]: WRITE player[0] rec 483 (addr 0x7018020F)
*** RESERVED ACCESS [QUEST_SERVER]: READ player[0] rec 483 (addr 0x7018020F)
*** RESERVED ACCESS [QUEST_SERVER]: WRITE player[0] rec 483 (addr 0x7018020F)
*** RESERVED ACCESS [QUEST_SERVER]: READ player[0] rec 483 (addr 0x7018020F)
*** RESERVED ACCESS [QUEST_SERVER]: WRITE player[0] rec 483 (addr 0x7018020F)
*** RESERVED ACCESS [QUEST_SERVER]: READ player[0] rec 483 (addr 0x7018020F)
*** RESERVED ACCESS [QUEST_SERVER]: WRITE player[0] rec 483 (addr 0x7018020F)
*** RESERVED ACCESS [QUEST_SERVER]: READ player[0] rec 483 (addr 0x7018020F)
*** RESERVED ACCESS [QUEST_SERVER]: WRITE player[0] rec 483 (addr 0x7018020F)
*** RESERVED ACCESS [QUEST_SERVER]: READ player[0] rec 483 (addr 0x7018020F)
*** RESERVED ACCESS [QUEST_SERVER]: WRITE player[0] rec 483 (addr 0x7018020F)
*** RESERVED ACCESS [QUEST_SERVER]: READ player[0] rec 483 (addr 0x7018020F)
*** RESERVED ACCESS [QUEST_SERVER]: WRITE player[0] rec 483 (addr 0x7018020F)
*** RESERVED ACCESS [QUEST_SERVER]: READ player[0] rec 483 (addr 0x7018020F)
*** RESERVED ACCESS [QUEST_SERVER]: WRITE player[0] rec 483 (addr 0x7018020F)
*** RESERVED ACCESS [QUEST_SERVER]: READ player[0] rec 483 (addr 0x7018020F)
*** RESERVED ACCESS [QUEST_SERVER]: WRITE player[0] rec 483 (addr 0x7018020F)
*** RESERVED ACCESS [QUEST_SERVER]: READ player[0] rec 483 (addr 0x7018020F)
*** RESERVED ACCESS [QUEST_SERVER]: WRITE player[0] rec 483 (addr 0x7018020F)
*** RESERVED ACCESS [QUEST_SERVER]: READ player[0] rec 483 (addr 0x7018020F)
*** RESERVED ACCESS [QUEST_SERVER]: WRITE player[0] rec 483 (addr 0x7018020F)
*** RESERVED ACCESS [QUEST_SERVER]: READ player[0] rec 545 (addr 0x7018024D)
*** RESERVED ACCESS [QUEST_SERVER]: WRITE player[0] rec 545 (addr 0x7018024D)
*** RESERVED ACCESS [QUEST_SERVER]: READ player[0] rec 545 (addr 0x7018024D)
*** RESERVED ACCESS [QUEST_SERVER]: WRITE player[0] rec 545 (addr 0x7018024D)
*** RESERVED ACCESS [QUEST_SERVER]: READ player[0] rec 545 (addr 0x7018024D)
*** RESERVED ACCESS [QUEST_SERVER]: WRITE player[0] rec 545 (addr 0x7018024D)
*** RESERVED ACCESS [QUEST_SERVER]: READ player[0] rec 545 (addr 0x7018024D)
*** RESERVED ACCESS [QUEST_SERVER]: WRITE player[0] rec 545 (addr 0x7018024D)
*** RESERVED ACCESS [QUEST_SERVER]: READ player[0] rec 545 (addr 0x7018024D)
*** RESERVED ACCESS [QUEST_SERVER]: WRITE player[0] rec 545 (addr 0x7018024D)
*** RESERVED ACCESS [QUEST_SERVER]: READ player[0] rec 545 (addr 0x7018024D)
*** RESERVED ACCESS [QUEST_SERVER]: WRITE player[0] rec 545 (addr 0x7018024D)
*** RESERVED ACCESS [QUEST_SERVER]: READ player[0] rec 545 (addr 0x7018024D)
*** RESERVED ACCESS [QUEST_SERVER]: WRITE player[0] rec 545 (addr 0x7018024D)
*** RESERVED ACCESS [QUEST_SERVER]: READ player[0] rec 545 (addr 0x7018024D)
*** RESERVED ACCESS [QUEST_SERVER]: WRITE player[0] rec 545 (addr 0x7018024D)
*** RESERVED ACCESS [QUEST_SERVER]: READ player[0] rec 545 (addr 0x7018024D)
*** RESERVED ACCESS [QUEST_SERVER]: WRITE player[0] rec 545 (addr 0x7018024D)
*** RESERVED ACCESS [QUEST_SERVER]: READ player[0] rec 545 (addr 0x7018024D)
*** RESERVED ACCESS [QUEST_SERVER]: WRITE player[0] rec 545 (addr 0x7018024D)
*** RESERVED ACCESS [QUEST_SERVER]: READ player[0] rec 545 (addr 0x7018024D)
*** RESERVED ACCESS [QUEST_SERVER]: WRITE player[0] rec 545 (addr 0x7018024D)
*** RESERVED ACCESS [QUEST_SERVER]: READ player[0] rec 545 (addr 0x7018024D)
*** RESERVED ACCESS [QUEST_SERVER]: WRITE player[0] rec 545 (addr 0x7018024D)
*** RESERVED ACCESS [QUEST_SERVER]: READ player[0] rec 545 (addr 0x7018024D)
*** RESERVED ACCESS [QUEST_SERVER]: WRITE player[0] rec 545 (addr 0x7018024D)
*** RESERVED ACCESS [QUEST_SERVER]: READ player[0] rec 545 (addr 0x7018024D)
*** RESERVED ACCESS [QUEST_SERVER]: WRITE player[0] rec 545 (addr 0x7018024D)
*** RESERVED ACCESS [QUEST_SERVER]: READ player[0] rec 545 (addr 0x7018024D)
*** RESERVED ACCESS [QUEST_SERVER]: WRITE player[0] rec 545 (addr 0x7018024D)
*** RESERVED ACCESS [QUEST_SERVER]: READ player[0] rec 545 (addr 0x7018024D)
*** RESERVED ACCESS [QUEST_SERVER]: WRITE player[0] rec 545 (addr 0x7018024D)
*** RESERVED ACCESS [QUEST_SERVER]: READ player[0] rec 546 (addr 0x7018024E)
*** RESERVED ACCESS [QUEST_SERVER]: WRITE player[0] rec 546 (addr 0x7018024E)
*** RESERVED ACCESS [QUEST_SERVER]: READ player[0] rec 546 (addr 0x7018024E)
*** RESERVED ACCESS [QUEST_SERVER]: WRITE player[0] rec 546 (addr 0x7018024E)
*** RESERVED ACCESS [QUEST_SERVER]: READ player[0] rec 546 (addr 0x7018024E)
*** RESERVED ACCESS [QUEST_SERVER]: WRITE player[0] rec 546 (addr 0x7018024E)
*** RESERVED ACCESS [QUEST_SERVER]: READ player[0] rec 546 (addr 0x7018024E)
*** RESERVED ACCESS [QUEST_SERVER]: WRITE player[0] rec 546 (addr 0x7018024E)
*** RESERVED ACCESS [QUEST_SERVER]: READ player[0] rec 546 (addr 0x7018024E)
*** RESERVED ACCESS [QUEST_SERVER]: WRITE player[0] rec 546 (addr 0x7018024E)
*** RESERVED ACCESS [QUEST_SERVER]: READ player[0] rec 546 (addr 0x7018024E)
*** RESERVED ACCESS [QUEST_SERVER]: WRITE player[0] rec 546 (addr 0x7018024E)
*** RESERVED ACCESS [QUEST_SERVER]: READ player[0] rec 546 (addr 0x7018024E)
*** RESERVED ACCESS [QUEST_SERVER]: WRITE player[0] rec 546 (addr 0x7018024E)
*** RESERVED ACCESS [QUEST_SERVER]: READ player[0] rec 546 (addr 0x7018024E)
*** RESERVED ACCESS [QUEST_SERVER]: WRITE player[0] rec 546 (addr 0x7018024E)
*** RESERVED ACCESS [QUEST_SERVER]: READ player[0] rec 546 (addr 0x7018024E)
*** RESERVED ACCESS [QUEST_SERVER]: WRITE player[0] rec 546 (addr 0x7018024E)
*** RESERVED ACCESS [QUEST_SERVER]: READ player[0] rec 546 (addr 0x7018024E)
*** RESERVED ACCESS [QUEST_SERVER]: WRITE player[0] rec 546 (addr 0x7018024E)
*** RESERVED ACCESS [QUEST_SERVER]: READ player[0] rec 546 (addr 0x7018024E)
*** RESERVED ACCESS [QUEST_SERVER]: WRITE player[0] rec 546 (addr 0x7018024E)
*** RESERVED ACCESS [QUEST_SERVER]: READ player[0] rec 546 (addr 0x7018024E)
*** RESERVED ACCESS [QUEST_SERVER]: WRITE player[0] rec 546 (addr 0x7018024E)
*** RESERVED ACCESS [QUEST_SERVER]: READ player[0] rec 546 (addr 0x7018024E)
*** RESERVED ACCESS [QUEST_SERVER]: WRITE player[0] rec 546 (addr 0x7018024E)
*** RESERVED ACCESS [QUEST_SERVER]: READ player[0] rec 546 (addr 0x7018024E)
*** RESERVED ACCESS [QUEST_SERVER]: WRITE player[0] rec 546 (addr 0x7018024E)
*** RESERVED ACCESS [QUEST_SERVER]: READ player[0] rec 546 (addr 0x7018024E)
*** RESERVED ACCESS [QUEST_SERVER]: WRITE player[0] rec 546 (addr 0x7018024E)
*** RESERVED ACCESS [QUEST_SERVER]: READ player[0] rec 546 (addr 0x7018024E)
*** RESERVED ACCESS [QUEST_SERVER]: WRITE player[0] rec 546 (addr 0x7018024E)
*** RESERVED ACCESS [QUEST_SERVER]: READ player[0] rec 546 (addr 0x7018024E)
*** RESERVED ACCESS [QUEST_SERVER]: WRITE player[0] rec 546 (addr 0x7018024E)
*** RESERVED ACCESS [QUEST_SERVER]: READ player[0] rec 546 (addr 0x7018024E)
*** RESERVED ACCESS [QUEST_SERVER]: WRITE player[0] rec 546 (addr 0x7018024E)
*** RESERVED ACCESS [QUEST_SERVER]: READ player[0] rec 546 (addr 0x7018024E)
*** RESERVED ACCESS [QUEST_SERVER]: WRITE player[0] rec 546 (addr 0x7018024E)
*** RESERVED ACCESS [QUEST_SERVER]: READ player[0] rec 546 (addr 0x7018024E)
*** RESERVED ACCESS [QUEST_SERVER]: WRITE player[0] rec 546 (addr 0x7018024E)
*** RESERVED ACCESS [QUEST_SERVER]: READ player[0] rec 546 (addr 0x7018024E)
*** RESERVED ACCESS [QUEST_SERVER]: WRITE player[0] rec 546 (addr 0x7018024E)
*** RESERVED ACCESS [QUEST_SERVER]: READ player[0] rec 546 (addr 0x7018024E)
*** RESERVED ACCESS [QUEST_SERVER]: WRITE player[0] rec 546 (addr 0x7018024E)
*** RESERVED ACCESS [QUEST_SERVER]: READ player[0] rec 546 (addr 0x7018024E)
*** RESERVED ACCESS [QUEST_SERVER]: WRITE player[0] rec 546 (addr 0x7018024E)
*** RESERVED ACCESS [QUEST_SERVER]: READ player[0] rec 546 (addr 0x7018024E)
*** RESERVED ACCESS [QUEST_SERVER]: WRITE player[0] rec 546 (addr 0x7018024E)
*** RESERVED ACCESS [QUEST_SERVER]: READ player[0] rec 546 (addr 0x7018024E)
*** RESERVED ACCESS [QUEST_SERVER]: WRITE player[0] rec 546 (addr 0x7018024E)
*** RESERVED ACCESS [QUEST_SERVER]: READ player[0] rec 546 (addr 0x7018024E)
*** RESERVED ACCESS [QUEST_SERVER]: WRITE player[0] rec 546 (addr 0x7018024E)
*** RESERVED ACCESS [QUEST_SERVER]: READ player[0] rec 546 (addr 0x7018024E)
*** RESERVED ACCESS [QUEST_SERVER]: WRITE player[0] rec 546 (addr 0x7018024E)
*** RESERVED ACCESS [QUEST_SERVER]: READ player[0] rec 546 (addr 0x7018024E)
*** RESERVED ACCESS [QUEST_SERVER]: WRITE player[0] rec 546 (addr 0x7018024E)
*** RESERVED ACCESS [QUEST_SERVER]: READ player[0] rec 546 (addr 0x7018024E)
*** RESERVED ACCESS [QUEST_SERVER]: WRITE player[0] rec 546 (addr 0x7018024E)
*** RESERVED ACCESS [QUEST_SERVER]: READ player[0] rec 546 (addr 0x7018024E)
*** RESERVED ACCESS [QUEST_SERVER]: WRITE player[0] rec 546 (addr 0x7018024E)
*** RESERVED ACCESS [QUEST_SERVER]: READ player[0] rec 546 (addr 0x7018024E)
*** RESERVED ACCESS [QUEST_SERVER]: WRITE player[0] rec 546 (addr 0x7018024E)
*** RESERVED ACCESS [QUEST_SERVER]: READ player[0] rec 546 (addr 0x7018024E)
*** RESERVED ACCESS [QUEST_SERVER]: WRITE player[0] rec 546 (addr 0x7018024E)
*** RESERVED ACCESS [QUEST_SERVER]: READ player[0] rec 547 (addr 0x7018024F)
*** RESERVED ACCESS [QUEST_SERVER]: WRITE player[0] rec 547 (addr 0x7018024F)
*** RESERVED ACCESS [QUEST_SERVER]: READ player[0] rec 547 (addr 0x7018024F)
*** RESERVED ACCESS [QUEST_SERVER]: WRITE player[0] rec 547 (addr 0x7018024F)
*** RESERVED ACCESS [QUEST_SERVER]: READ player[0] rec 547 (addr 0x7018024F)
*** RESERVED ACCESS [QUEST_SERVER]: WRITE player[0] rec 547 (addr 0x7018024F)
*** RESERVED ACCESS [QUEST_SERVER]: READ player[0] rec 547 (addr 0x7018024F)
*** RESERVED ACCESS [QUEST_SERVER]: WRITE player[0] rec 547 (addr 0x7018024F)
*** RESERVED ACCESS [QUEST_SERVER]: READ player[0] rec 547 (addr 0x7018024F)
*** RESERVED ACCESS [QUEST_SERVER]: WRITE player[0] rec 547 (addr 0x7018024F)
*** RESERVED ACCESS [QUEST_SERVER]: READ player[0] rec 547 (addr 0x7018024F)
*** RESERVED ACCESS [QUEST_SERVER]: WRITE player[0] rec 547 (addr 0x7018024F)
*** RESERVED ACCESS [QUEST_SERVER]: READ player[0] rec 547 (addr 0x7018024F)
*** RESERVED ACCESS [QUEST_SERVER]: WRITE player[0] rec 547 (addr 0x7018024F)
*** RESERVED ACCESS [QUEST_SERVER]: READ player[0] rec 547 (addr 0x7018024F)
*** RESERVED ACCESS [QUEST_SERVER]: WRITE player[0] rec 547 (addr 0x7018024F)
*** RESERVED ACCESS [QUEST_SERVER]: READ player[0] rec 547 (addr 0x7018024F)
*** RESERVED ACCESS [QUEST_SERVER]: WRITE player[0] rec 547 (addr 0x7018024F)
*** RESERVED ACCESS [QUEST_SERVER]: READ player[0] rec 547 (addr 0x7018024F)
*** RESERVED ACCESS [QUEST_SERVER]: WRITE player[0] rec 547 (addr 0x7018024F)
*** RESERVED ACCESS [QUEST_SERVER]: READ player[0] rec 547 (addr 0x7018024F)
*** RESERVED ACCESS [QUEST_SERVER]: WRITE player[0] rec 547 (addr 0x7018024F)
*** RESERVED ACCESS [QUEST_SERVER]: READ player[0] rec 547 (addr 0x7018024F)
*** RESERVED ACCESS [QUEST_SERVER]: WRITE player[0] rec 547 (addr 0x7018024F)
*** RESERVED ACCESS [QUEST_SERVER]: READ player[0] rec 547 (addr 0x7018024F)
*** RESERVED ACCESS [QUEST_SERVER]: WRITE player[0] rec 547 (addr 0x7018024F)
*** RESERVED ACCESS [QUEST_SERVER]: READ player[0] rec 547 (addr 0x7018024F)
*** RESERVED ACCESS [QUEST_SERVER]: WRITE player[0] rec 547 (addr 0x7018024F)
*** RESERVED ACCESS [QUEST_SERVER]: READ player[0] rec 547 (addr 0x7018024F)
*** RESERVED ACCESS [QUEST_SERVER]: WRITE player[0] rec 547 (addr 0x7018024F)
*** RESERVED ACCESS [QUEST_SERVER]: READ player[0] rec 547 (addr 0x7018024F)
*** RESERVED ACCESS [QUEST_SERVER]: WRITE player[0] rec 547 (addr 0x7018024F)
*** RESERVED ACCESS [QUEST_SERVER]: READ player[0] rec 547 (addr 0x7018024F)
*** RESERVED ACCESS [QUEST_SERVER]: WRITE player[0] rec 547 (addr 0x7018024F)
*** RESERVED ACCESS [QUEST_SERVER]: READ player[0] rec 547 (addr 0x7018024F)
*** RESERVED ACCESS [QUEST_SERVER]: WRITE player[0] rec 547 (addr 0x7018024F)
*** RESERVED ACCESS [QUEST_SERVER]: READ player[0] rec 547 (addr 0x7018024F)
*** RESERVED ACCESS [QUEST_SERVER]: WRITE player[0] rec 547 (addr 0x7018024F)
*** RESERVED ACCESS [QUEST_SERVER]: READ player[0] rec 547 (addr 0x7018024F)
*** RESERVED ACCESS [QUEST_SERVER]: WRITE player[0] rec 547 (addr 0x7018024F)
*** RESERVED ACCESS [QUEST_SERVER]: READ player[0] rec 547 (addr 0x7018024F)
*** RESERVED ACCESS [QUEST_SERVER]: WRITE player[0] rec 547 (addr 0x7018024F)
*** RESERVED ACCESS [QUEST_SERVER]: READ player[0] rec 547 (addr 0x7018024F)
*** RESERVED ACCESS [QUEST_SERVER]: WRITE player[0] rec 547 (addr 0x7018024F)
*** RESERVED ACCESS [QUEST_SERVER]: READ player[0] rec 547 (addr 0x7018024F)
*** RESERVED ACCESS [QUEST_SERVER]: WRITE player[0] rec 547 (addr 0x7018024F)
*** RESERVED ACCESS [QUEST_SERVER]: READ player[0] rec 547 (addr 0x7018024F)
*** RESERVED ACCESS [QUEST_SERVER]: WRITE player[0] rec 547 (addr 0x7018024F)
*** RESERVED ACCESS [QUEST_SERVER]: READ player[0] rec 547 (addr 0x7018024F)
*** RESERVED ACCESS [QUEST_SERVER]: WRITE player[0] rec 547 (addr 0x7018024F)
*** RESERVED ACCESS [QUEST_SERVER]: READ player[0] rec 547 (addr 0x7018024F)
*** RESERVED ACCESS [QUEST_SERVER]: WRITE player[0] rec 547 (addr 0x7018024F)
*** RESERVED ACCESS [QUEST_SERVER]: READ player[0] rec 547 (addr 0x7018024F)
*** RESERVED ACCESS [QUEST_SERVER]: WRITE player[0] rec 547 (addr 0x7018024F)
*** RESERVED ACCESS [QUEST_SERVER]: READ player[0] rec 547 (addr 0x7018024F)
*** RESERVED ACCESS [QUEST_SERVER]: WRITE player[0] rec 547 (addr 0x7018024F)
*** RESERVED ACCESS [QUEST_SERVER]: READ player[0] rec 547 (addr 0x7018024F)
*** RESERVED ACCESS [QUEST_SERVER]: WRITE player[0] rec 547 (addr 0x7018024F)
*** RESERVED ACCESS [QUEST_SERVER]: READ player[0] rec 547 (addr 0x7018024F)
*** RESERVED ACCESS [QUEST_SERVER]: WRITE player[0] rec 547 (addr 0x7018024F)
*** RESERVED ACCESS [QUEST_SERVER]: READ player[0] rec 547 (addr 0x7018024F)
*** RESERVED ACCESS [QUEST_SERVER]: WRITE player[0] rec 547 (addr 0x7018024F)
*** RESERVED ACCESS [QUEST_SERVER]: READ player[0] rec 547 (addr 0x7018024F)
*** RESERVED ACCESS [QUEST_SERVER]: WRITE player[0] rec 547 (addr 0x7018024F)
*** RESERVED ACCESS [QUEST_SERVER]: READ player[0] rec 548 (addr 0x70180250)
*** RESERVED ACCESS [QUEST_SERVER]: WRITE player[0] rec 548 (addr 0x70180250)
*** RESERVED ACCESS [QUEST_SERVER]: READ player[0] rec 548 (addr 0x70180250)
*** RESERVED ACCESS [QUEST_SERVER]: WRITE player[0] rec 548 (addr 0x70180250)
*** RESERVED ACCESS [QUEST_SERVER]: READ player[0] rec 548 (addr 0x70180250)
*** RESERVED ACCESS [QUEST_SERVER]: WRITE player[0] rec 548 (addr 0x70180250)
*** RESERVED ACCESS [QUEST_SERVER]: READ player[0] rec 548 (addr 0x70180250)
*** RESERVED ACCESS [QUEST_SERVER]: WRITE player[0] rec 548 (addr 0x70180250)
*** RESERVED ACCESS [QUEST_SERVER]: READ player[0] rec 548 (addr 0x70180250)
*** RESERVED ACCESS [QUEST_SERVER]: WRITE player[0] rec 548 (addr 0x70180250)
*** RESERVED ACCESS [QUEST_SERVER]: READ player[0] rec 548 (addr 0x70180250)
*** RESERVED ACCESS [QUEST_SERVER]: WRITE player[0] rec 548 (addr 0x70180250)
*** RESERVED ACCESS [QUEST_SERVER]: READ player[0] rec 548 (addr 0x70180250)
*** RESERVED ACCESS [QUEST_SERVER]: WRITE player[0] rec 548 (addr 0x70180250)
*** RESERVED ACCESS [QUEST_SERVER]: READ player[0] rec 548 (addr 0x70180250)
*** RESERVED ACCESS [QUEST_SERVER]: WRITE player[0] rec 548 (addr 0x70180250)
*** RESERVED ACCESS [QUEST_SERVER]: READ player[0] rec 548 (addr 0x70180250)
*** RESERVED ACCESS [QUEST_SERVER]: WRITE player[0] rec 548 (addr 0x70180250)
*** RESERVED ACCESS [QUEST_SERVER]: READ player[0] rec 548 (addr 0x70180250)
*** RESERVED ACCESS [QUEST_SERVER]: WRITE player[0] rec 548 (addr 0x70180250)
*** RESERVED ACCESS [QUEST_SERVER]: READ player[0] rec 548 (addr 0x70180250)
*** RESERVED ACCESS [QUEST_SERVER]: WRITE player[0] rec 548 (addr 0x70180250)
*** RESERVED ACCESS [QUEST_SERVER]: READ player[0] rec 548 (addr 0x70180250)
*** RESERVED ACCESS [QUEST_SERVER]: WRITE player[0] rec 548 (addr 0x70180250)
*** RESERVED ACCESS [QUEST_SERVER]: READ player[0] rec 548 (addr 0x70180250)
*** RESERVED ACCESS [QUEST_SERVER]: WRITE player[0] rec 548 (addr 0x70180250)
*** RESERVED ACCESS [QUEST_SERVER]: READ player[0] rec 548 (addr 0x70180250)
*** RESERVED ACCESS [QUEST_SERVER]: WRITE player[0] rec 548 (addr 0x70180250)
*** RESERVED ACCESS [QUEST_SERVER]: READ player[0] rec 548 (addr 0x70180250)
*** RESERVED ACCESS [QUEST_SERVER]: WRITE player[0] rec 548 (addr 0x70180250)
*** RESERVED ACCESS [QUEST_SERVER]: READ player[0] rec 548 (addr 0x70180250)
*** RESERVED ACCESS [QUEST_SERVER]: WRITE player[0] rec 548 (addr 0x70180250)
*** RESERVED ACCESS [QUEST_SERVER]: READ player[0] rec 548 (addr 0x70180250)
*** RESERVED ACCESS [QUEST_SERVER]: WRITE player[0] rec 548 (addr 0x70180250)
*** RESERVED ACCESS [QUEST_SERVER]: READ player[0] rec 548 (addr 0x70180250)
*** RESERVED ACCESS [QUEST_SERVER]: WRITE player[0] rec 548 (addr 0x70180250)
*** RESERVED ACCESS [QUEST_SERVER]: READ player[0] rec 548 (addr 0x70180250)
*** RESERVED ACCESS [QUEST_SERVER]: WRITE player[0] rec 548 (addr 0x70180250)
*** RESERVED ACCESS [QUEST_SERVER]: READ player[0] rec 548 (addr 0x70180250)
*** RESERVED ACCESS [QUEST_SERVER]: WRITE player[0] rec 548 (addr 0x70180250)
*** RESERVED ACCESS [QUEST_SERVER]: READ player[0] rec 548 (addr 0x70180250)
*** RESERVED ACCESS [QUEST_SERVER]: WRITE player[0] rec 548 (addr 0x70180250)
*** RESERVED ACCESS [QUEST_SERVER]: READ player[0] rec 548 (addr 0x70180250)
*** RESERVED ACCESS [QUEST_SERVER]: WRITE player[0] rec 548 (addr 0x70180250)
*** RESERVED ACCESS [QUEST_SERVER]: READ player[0] rec 548 (addr 0x70180250)
*** RESERVED ACCESS [QUEST_SERVER]: WRITE player[0] rec 548 (addr 0x70180250)
*** RESERVED ACCESS [QUEST_SERVER]: READ player[0] rec 548 (addr 0x70180250)
*** RESERVED ACCESS [QUEST_SERVER]: WRITE player[0] rec 548 (addr 0x70180250)
*** RESERVED ACCESS [QUEST_SERVER]: READ player[0] rec 548 (addr 0x70180250)
*** RESERVED ACCESS [QUEST_SERVER]: WRITE player[0] rec 548 (addr 0x70180250)
*** RESERVED ACCESS [QUEST_SERVER]: READ player[0] rec 548 (addr 0x70180250)
*** RESERVED ACCESS [QUEST_SERVER]: WRITE player[0] rec 548 (addr 0x70180250)
*** RESERVED ACCESS [QUEST_SERVER]: READ player[0] rec 548 (addr 0x70180250)
*** RESERVED ACCESS [QUEST_SERVER]: WRITE player[0] rec 548 (addr 0x70180250)
*** RESERVED ACCESS [QUEST_SERVER]: READ player[0] rec 548 (addr 0x70180250)
*** RESERVED ACCESS [QUEST_SERVER]: WRITE player[0] rec 548 (addr 0x70180250)
*** RESERVED ACCESS [QUEST_SERVER]: READ player[0] rec 548 (addr 0x70180250)
*** RESERVED ACCESS [QUEST_SERVER]: WRITE player[0] rec 548 (addr 0x70180250)
*** RESERVED ACCESS [QUEST_SERVER]: READ player[0] rec 548 (addr 0x70180250)
*** RESERVED ACCESS [QUEST_SERVER]: WRITE player[0] rec 548 (addr 0x70180250)
*** RESERVED ACCESS [QUEST_SERVER]: READ player[0] rec 548 (addr 0x70180250)
*** RESERVED ACCESS [QUEST_SERVER]: WRITE player[0] rec 548 (addr 0x70180250)
*** RESERVED ACCESS [QUEST_SERVER]: READ player[0] rec 549 (addr 0x70180251)
*** RESERVED ACCESS [QUEST_SERVER]: WRITE player[0] rec 549 (addr 0x70180251)
*** RESERVED ACCESS [QUEST_SERVER]: READ player[0] rec 549 (addr 0x70180251)
*** RESERVED ACCESS [QUEST_SERVER]: WRITE player[0] rec 549 (addr 0x70180251)
*** RESERVED ACCESS [QUEST_SERVER]: READ player[0] rec 549 (addr 0x70180251)
*** RESERVED ACCESS [QUEST_SERVER]: WRITE player[0] rec 549 (addr 0x70180251)
*** RESERVED ACCESS [QUEST_SERVER]: READ player[0] rec 549 (addr 0x70180251)
*** RESERVED ACCESS [QUEST_SERVER]: WRITE player[0] rec 549 (addr 0x70180251)
*** RESERVED ACCESS [QUEST_SERVER]: READ player[0] rec 549 (addr 0x70180251)
*** RESERVED ACCESS [QUEST_SERVER]: WRITE player[0] rec 549 (addr 0x70180251)
*** RESERVED ACCESS [QUEST_SERVER]: READ player[0] rec 549 (addr 0x70180251)
*** RESERVED ACCESS [QUEST_SERVER]: WRITE player[0] rec 549 (addr 0x70180251)
*** RESERVED ACCESS [QUEST_SERVER]: READ player[0] rec 549 (addr 0x70180251)
*** RESERVED ACCESS [QUEST_SERVER]: WRITE player[0] rec 549 (addr 0x70180251)
*** RESERVED ACCESS [QUEST_SERVER]: READ player[0] rec 549 (addr 0x70180251)
*** RESERVED ACCESS [QUEST_SERVER]: WRITE player[0] rec 549 (addr 0x70180251)
*** RESERVED ACCESS [QUEST_SERVER]: READ player[0] rec 549 (addr 0x70180251)
*** RESERVED ACCESS [QUEST_SERVER]: WRITE player[0] rec 549 (addr 0x70180251)
*** RESERVED ACCESS [QUEST_SERVER]: READ player[0] rec 549 (addr 0x70180251)
*** RESERVED ACCESS [QUEST_SERVER]: WRITE player[0] rec 549 (addr 0x70180251)
*** RESERVED ACCESS [QUEST_SERVER]: READ player[0] rec 549 (addr 0x70180251)
*** RESERVED ACCESS [QUEST_SERVER]: WRITE player[0] rec 549 (addr 0x70180251)
*** RESERVED ACCESS [QUEST_SERVER]: READ player[0] rec 549 (addr 0x70180251)
*** RESERVED ACCESS [QUEST_SERVER]: WRITE player[0] rec 549 (addr 0x70180251)
*** RESERVED ACCESS [QUEST_SERVER]: READ player[0] rec 549 (addr 0x70180251)
*** RESERVED ACCESS [QUEST_SERVER]: WRITE player[0] rec 549 (addr 0x70180251)
*** RESERVED ACCESS [QUEST_SERVER]: READ player[0] rec 549 (addr 0x70180251)
*** RESERVED ACCESS [QUEST_SERVER]: WRITE player[0] rec 549 (addr 0x70180251)
*** RESERVED ACCESS [QUEST_SERVER]: READ player[0] rec 549 (addr 0x70180251)
*** RESERVED ACCESS [QUEST_SERVER]: WRITE player[0] rec 549 (addr 0x70180251)
*** RESERVED ACCESS [QUEST_SERVER]: READ player[0] rec 549 (addr 0x70180251)
*** RESERVED ACCESS [QUEST_SERVER]: WRITE player[0] rec 549 (addr 0x70180251)
*** RESERVED ACCESS [QUEST_SERVER]: READ player[0] rec 549 (addr 0x70180251)
*** RESERVED ACCESS [QUEST_SERVER]: WRITE player[0] rec 549 (addr 0x70180251)
*** RESERVED ACCESS [QUEST_SERVER]: READ player[0] rec 549 (addr 0x70180251)
*** RESERVED ACCESS [QUEST_SERVER]: WRITE player[0] rec 549 (addr 0x70180251)
*** RESERVED ACCESS [QUEST_SERVER]: READ player[0] rec 549 (addr 0x70180251)
*** RESERVED ACCESS [QUEST_SERVER]: WRITE player[0] rec 549 (addr 0x70180251)
*** RESERVED ACCESS [QUEST_SERVER]: READ player[0] rec 549 (addr 0x70180251)
*** RESERVED ACCESS [QUEST_SERVER]: WRITE player[0] rec 549 (addr 0x70180251)
*** RESERVED ACCESS [QUEST_SERVER]: READ player[0] rec 549 (addr 0x70180251)
*** RESERVED ACCESS [QUEST_SERVER]: WRITE player[0] rec 549 (addr 0x70180251)
*** RESERVED ACCESS [QUEST_SERVER]: READ player[0] rec 549 (addr 0x70180251)
*** RESERVED ACCESS [QUEST_SERVER]: WRITE player[0] rec 549 (addr 0x70180251)
*** RESERVED ACCESS [QUEST_SERVER]: READ player[0] rec 549 (addr 0x70180251)
*** RESERVED ACCESS [QUEST_SERVER]: WRITE player[0] rec 549 (addr 0x70180251)
*** RESERVED ACCESS [QUEST_SERVER]: READ player[0] rec 549 (addr 0x70180251)
*** RESERVED ACCESS [QUEST_SERVER]: WRITE player[0] rec 549 (addr 0x70180251)
*** RESERVED ACCESS [QUEST_SERVER]: READ player[0] rec 549 (addr 0x70180251)
*** RESERVED ACCESS [QUEST_SERVER]: WRITE player[0] rec 549 (addr 0x70180251)
*** RESERVED ACCESS [QUEST_SERVER]: READ player[0] rec 549 (addr 0x70180251)
*** RESERVED ACCESS [QUEST_SERVER]: WRITE player[0] rec 549 (addr 0x70180251)
*** RESERVED ACCESS [QUEST_SERVER]: READ player[0] rec 549 (addr 0x70180251)
*** RESERVED ACCESS [QUEST_SERVER]: WRITE player[0] rec 549 (addr 0x70180251)
*** RESERVED ACCESS [QUEST_SERVER]: READ player[0] rec 549 (addr 0x70180251)
*** RESERVED ACCESS [QUEST_SERVER]: WRITE player[0] rec 549 (addr 0x70180251)
*** RESERVED ACCESS [QUEST_SERVER]: READ player[0] rec 549 (addr 0x70180251)
*** RESERVED ACCESS [QUEST_SERVER]: WRITE player[0] rec 549 (addr 0x70180251)
*** RESERVED ACCESS [QUEST_SERVER]: READ player[0] rec 549 (addr 0x70180251)
*** RESERVED ACCESS [QUEST_SERVER]: WRITE player[0] rec 549 (addr 0x70180251)
*** RESERVED ACCESS [QUEST_SERVER]: READ player[0] rec 549 (addr 0x70180251)
*** RESERVED ACCESS [QUEST_SERVER]: WRITE player[0] rec 549 (addr 0x70180251)
*** RESERVED ACCESS [QUEST_SERVER]: READ player[0] rec 549 (addr 0x70180251)
*** RESERVED ACCESS [QUEST_SERVER]: WRITE player[0] rec 549 (addr 0x70180251)
*** RESERVED ACCESS [QUEST_SERVER]: READ player[0] rec 550 (addr 0x70180252)
*** RESERVED ACCESS [QUEST_SERVER]: WRITE player[0] rec 550 (addr 0x70180252)
*** RESERVED ACCESS [QUEST_SERVER]: READ player[0] rec 550 (addr 0x70180252)
*** RESERVED ACCESS [QUEST_SERVER]: WRITE player[0] rec 550 (addr 0x70180252)
*** RESERVED ACCESS [QUEST_SERVER]: READ player[0] rec 550 (addr 0x70180252)
*** RESERVED ACCESS [QUEST_SERVER]: WRITE player[0] rec 550 (addr 0x70180252)
*** RESERVED ACCESS [QUEST_SERVER]: READ player[0] rec 550 (addr 0x70180252)
*** RESERVED ACCESS [QUEST_SERVER]: WRITE player[0] rec 550 (addr 0x70180252)
*** RESERVED ACCESS [QUEST_SERVER]: READ player[0] rec 550 (addr 0x70180252)
*** RESERVED ACCESS [QUEST_SERVER]: WRITE player[0] rec 550 (addr 0x70180252)
*** RESERVED ACCESS [QUEST_SERVER]: READ player[0] rec 550 (addr 0x70180252)
*** RESERVED ACCESS [QUEST_SERVER]: WRITE player[0] rec 550 (addr 0x70180252)
*** RESERVED ACCESS [QUEST_SERVER]: READ player[0] rec 550 (addr 0x70180252)
*** RESERVED ACCESS [QUEST_SERVER]: WRITE player[0] rec 550 (addr 0x70180252)
*** RESERVED ACCESS [QUEST_SERVER]: READ player[0] rec 550 (addr 0x70180252)
*** RESERVED ACCESS [QUEST_SERVER]: WRITE player[0] rec 550 (addr 0x70180252)
*** RESERVED ACCESS [QUEST_SERVER]: READ player[0] rec 550 (addr 0x70180252)
*** RESERVED ACCESS [QUEST_SERVER]: WRITE player[0] rec 550 (addr 0x70180252)
*** RESERVED ACCESS [QUEST_SERVER]: READ player[0] rec 550 (addr 0x70180252)
*** RESERVED ACCESS [QUEST_SERVER]: WRITE player[0] rec 550 (addr 0x70180252)
*** RESERVED ACCESS [QUEST_SERVER]: READ player[0] rec 550 (addr 0x70180252)
*** RESERVED ACCESS [QUEST_SERVER]: WRITE player[0] rec 550 (addr 0x70180252)
*** RESERVED ACCESS [QUEST_SERVER]: READ player[0] rec 550 (addr 0x70180252)
*** RESERVED ACCESS [QUEST_SERVER]: WRITE player[0] rec 550 (addr 0x70180252)
*** RESERVED ACCESS [QUEST_SERVER]: READ player[0] rec 550 (addr 0x70180252)
*** RESERVED ACCESS [QUEST_SERVER]: WRITE player[0] rec 550 (addr 0x70180252)
*** RESERVED ACCESS [QUEST_SERVER]: READ player[0] rec 550 (addr 0x70180252)
*** RESERVED ACCESS [QUEST_SERVER]: WRITE player[0] rec 550 (addr 0x70180252)
*** RESERVED ACCESS [QUEST_SERVER]: READ player[0] rec 550 (addr 0x70180252)
*** RESERVED ACCESS [QUEST_SERVER]: WRITE player[0] rec 550 (addr 0x70180252)
*** RESERVED ACCESS [QUEST_SERVER]: READ player[0] rec 550 (addr 0x70180252)
*** RESERVED ACCESS [QUEST_SERVER]: WRITE player[0] rec 550 (addr 0x70180252)
*** RESERVED ACCESS [QUEST_SERVER]: READ player[0] rec 550 (addr 0x70180252)
*** RESERVED ACCESS [QUEST_SERVER]: WRITE player[0] rec 550 (addr 0x70180252)
*** RESERVED ACCESS [QUEST_SERVER]: READ player[0] rec 550 (addr 0x70180252)
*** RESERVED ACCESS [QUEST_SERVER]: WRITE player[0] rec 550 (addr 0x70180252)
*** RESERVED ACCESS [QUEST_SERVER]: READ player[0] rec 550 (addr 0x70180252)
*** RESERVED ACCESS [QUEST_SERVER]: WRITE player[0] rec 550 (addr 0x70180252)
*** RESERVED ACCESS [QUEST_SERVER]: READ player[0] rec 550 (addr 0x70180252)
*** RESERVED ACCESS [QUEST_SERVER]: WRITE player[0] rec 550 (addr 0x70180252)
*** RESERVED ACCESS [QUEST_SERVER]: READ player[0] rec 550 (addr 0x70180252)
*** RESERVED ACCESS [QUEST_SERVER]: WRITE player[0] rec 550 (addr 0x70180252)
*** RESERVED ACCESS [QUEST_SERVER]: READ player[0] rec 550 (addr 0x70180252)
*** RESERVED ACCESS [QUEST_SERVER]: WRITE player[0] rec 550 (addr 0x70180252)
*** RESERVED ACCESS [QUEST_SERVER]: READ player[0] rec 550 (addr 0x70180252)
*** RESERVED ACCESS [QUEST_SERVER]: WRITE player[0] rec 550 (addr 0x70180252)
*** RESERVED ACCESS [QUEST_SERVER]: READ player[0] rec 550 (addr 0x70180252)
*** RESERVED ACCESS [QUEST_SERVER]: WRITE player[0] rec 550 (addr 0x70180252)
*** RESERVED ACCESS [QUEST_SERVER]: READ player[0] rec 550 (addr 0x70180252)
*** RESERVED ACCESS [QUEST_SERVER]: WRITE player[0] rec 550 (addr 0x70180252)
*** RESERVED ACCESS [QUEST_SERVER]: READ player[0] rec 550 (addr 0x70180252)
*** RESERVED ACCESS [QUEST_SERVER]: WRITE player[0] rec 550 (addr 0x70180252)
*** RESERVED ACCESS [QUEST_SERVER]: READ player[0] rec 550 (addr 0x70180252)
*** RESERVED ACCESS [QUEST_SERVER]: WRITE player[0] rec 550 (addr 0x70180252)
*** RESERVED ACCESS [QUEST_SERVER]: READ player[0] rec 550 (addr 0x70180252)
*** RESERVED ACCESS [QUEST_SERVER]: WRITE player[0] rec 550 (addr 0x70180252)
*** RESERVED ACCESS [QUEST_SERVER]: READ player[0] rec 550 (addr 0x70180252)
*** RESERVED ACCESS [QUEST_SERVER]: WRITE player[0] rec 550 (addr 0x70180252)
*** RESERVED ACCESS [QUEST_SERVER]: READ player[0] rec 550 (addr 0x70180252)
*** RESERVED ACCESS [QUEST_SERVER]: WRITE player[0] rec 550 (addr 0x70180252)
*** RESERVED ACCESS [QUEST_SERVER]: READ player[0] rec 550 (addr 0x70180252)
*** RESERVED ACCESS [QUEST_SERVER]: WRITE player[0] rec 550 (addr 0x70180252)
*** RESERVED ACCESS [QUEST_SERVER]: READ player[0] rec 550 (addr 0x70180252)
*** RESERVED ACCESS [QUEST_SERVER]: WRITE player[0] rec 550 (addr 0x70180252)
*** RESERVED ACCESS [QUEST_SERVER]: READ player[0] rec 551 (addr 0x70180253)
*** RESERVED ACCESS [QUEST_SERVER]: WRITE player[0] rec 551 (addr 0x70180253)
*** RESERVED ACCESS [QUEST_SERVER]: READ player[0] rec 551 (addr 0x70180253)
*** RESERVED ACCESS [QUEST_SERVER]: WRITE player[0] rec 551 (addr 0x70180253)
*** RESERVED ACCESS [QUEST_SERVER]: READ player[0] rec 551 (addr 0x70180253)
*** RESERVED ACCESS [QUEST_SERVER]: WRITE player[0] rec 551 (addr 0x70180253)
*** RESERVED ACCESS [QUEST_SERVER]: READ player[0] rec 551 (addr 0x70180253)
*** RESERVED ACCESS [QUEST_SERVER]: WRITE player[0] rec 551 (addr 0x70180253)
*** RESERVED ACCESS [QUEST_SERVER]: READ player[0] rec 551 (addr 0x70180253)
*** RESERVED ACCESS [QUEST_SERVER]: WRITE player[0] rec 551 (addr 0x70180253)
*** RESERVED ACCESS [QUEST_SERVER]: READ player[0] rec 551 (addr 0x70180253)
*** RESERVED ACCESS [QUEST_SERVER]: WRITE player[0] rec 551 (addr 0x70180253)
*** RESERVED ACCESS [QUEST_SERVER]: READ player[0] rec 551 (addr 0x70180253)
*** RESERVED ACCESS [QUEST_SERVER]: WRITE player[0] rec 551 (addr 0x70180253)
*** RESERVED ACCESS [QUEST_SERVER]: READ player[0] rec 551 (addr 0x70180253)
*** RESERVED ACCESS [QUEST_SERVER]: WRITE player[0] rec 551 (addr 0x70180253)
*** RESERVED ACCESS [QUEST_SERVER]: READ player[0] rec 551 (addr 0x70180253)
*** RESERVED ACCESS [QUEST_SERVER]: WRITE player[0] rec 551 (addr 0x70180253)
*** RESERVED ACCESS [QUEST_SERVER]: READ player[0] rec 551 (addr 0x70180253)
*** RESERVED ACCESS [QUEST_SERVER]: WRITE player[0] rec 551 (addr 0x70180253)
*** RESERVED ACCESS [QUEST_SERVER]: READ player[0] rec 551 (addr 0x70180253)
*** RESERVED ACCESS [QUEST_SERVER]: WRITE player[0] rec 551 (addr 0x70180253)
*** RESERVED ACCESS [QUEST_SERVER]: READ player[0] rec 551 (addr 0x70180253)
*** RESERVED ACCESS [QUEST_SERVER]: WRITE player[0] rec 551 (addr 0x70180253)
*** RESERVED ACCESS [QUEST_SERVER]: READ player[0] rec 551 (addr 0x70180253)
*** RESERVED ACCESS [QUEST_SERVER]: WRITE player[0] rec 551 (addr 0x70180253)
*** RESERVED ACCESS [QUEST_SERVER]: READ player[0] rec 551 (addr 0x70180253)
*** RESERVED ACCESS [QUEST_SERVER]: WRITE player[0] rec 551 (addr 0x70180253)
*** RESERVED ACCESS [QUEST_SERVER]: READ player[0] rec 551 (addr 0x70180253)
*** RESERVED ACCESS [QUEST_SERVER]: WRITE player[0] rec 551 (addr 0x70180253)
*** RESERVED ACCESS [QUEST_SERVER]: READ player[0] rec 551 (addr 0x70180253)
*** RESERVED ACCESS [QUEST_SERVER]: WRITE player[0] rec 551 (addr 0x70180253)
*** RESERVED ACCESS [QUEST_SERVER]: READ player[0] rec 551 (addr 0x70180253)
*** RESERVED ACCESS [QUEST_SERVER]: WRITE player[0] rec 551 (addr 0x70180253)
*** RESERVED ACCESS [QUEST_SERVER]: READ player[0] rec 551 (addr 0x70180253)
*** RESERVED ACCESS [QUEST_SERVER]: WRITE player[0] rec 551 (addr 0x70180253)
*** RESERVED ACCESS [QUEST_SERVER]: READ player[0] rec 551 (addr 0x70180253)
*** RESERVED ACCESS [QUEST_SERVER]: WRITE player[0] rec 551 (addr 0x70180253)
*** RESERVED ACCESS [QUEST_SERVER]: READ player[0] rec 551 (addr 0x70180253)
*** RESERVED ACCESS [QUEST_SERVER]: WRITE player[0] rec 551 (addr 0x70180253)
*** RESERVED ACCESS [QUEST_SERVER]: READ player[0] rec 551 (addr 0x70180253)
*** RESERVED ACCESS [QUEST_SERVER]: WRITE player[0] rec 551 (addr 0x70180253)
*** RESERVED ACCESS [QUEST_SERVER]: READ player[0] rec 551 (addr 0x70180253)
*** RESERVED ACCESS [QUEST_SERVER]: WRITE player[0] rec 551 (addr 0x70180253)
*** RESERVED ACCESS [QUEST_SERVER]: READ player[0] rec 551 (addr 0x70180253)
*** RESERVED ACCESS [QUEST_SERVER]: WRITE player[0] rec 551 (addr 0x70180253)
*** RESERVED ACCESS [QUEST_SERVER]: READ player[0] rec 551 (addr 0x70180253)
*** RESERVED ACCESS [QUEST_SERVER]: WRITE player[0] rec 551 (addr 0x70180253)
*** RESERVED ACCESS [QUEST_SERVER]: WRITE player[0] rec 660 (addr 0x701802C0)
*** RESERVED ACCESS [QUEST_SERVER]: WRITE player[0] rec 661 (addr 0x701802C1)
*** RESERVED ACCESS [QUEST_SERVER]: WRITE player[0] rec 662 (addr 0x701802C2)
*** RESERVED ACCESS [QUEST_SERVER]: WRITE player[0] rec 663 (addr 0x701802C3)
*** RESERVED ACCESS [QUEST_SERVER]: WRITE player[0] rec 681 (addr 0x701802D5)
*** RESERVED ACCESS [QUEST_SERVER]: WRITE player[0] rec 685 (addr 0x701802D9)
*** RESERVED ACCESS [QUEST_SERVER]: WRITE player[0] rec 682 (addr 0x701802D6)
Exception: Segment fault - block 0, page 1 not loaded
Unregistering process 100
message to 101
OPEN Channel 1, path :QUEST_SERVER.PR modified: 0
OPEN Channel 2, path :SHARED_DATA_FILE modified: 1
OPEN Channel 3, path :WORLD_DATA_FILE modified: 1
OPEN Channel 4, path :CASTLE_DATA_FILE modified: 1
OPEN Channel 5, path :USER_DATA_FILE modified: 1
ISR RECEIVED MESSAGE
RTBridge::zero_frame_claim: entry 7017DBCE opcode A6E9 is not WSAVx/WSSVx — claim NOT zeroed (new entry shape? — further occurrences silenced)
RTBridge::zero_frame_claim: entry 7017DBFC opcode A6E9 is not WSAVx/WSSVx — claim NOT zeroed (new entry shape? — further occurrences silenced)
RTBridge::zero_frame_claim: entry 7017DC3A opcode A6E9 is not WSAVx/WSSVx — claim NOT zeroed (new entry shape? — further occurrences silenced)
*** RESERVED ACCESS [QUEST]: WRITE player[0] rec 555 (addr 0x70180257)
*** RESERVED ACCESS [QUEST]: READ player[0] rec 555 (addr 0x70180257)
*** RESERVED ACCESS [QUEST]: WRITE player[0] rec 556 (addr 0x70180258)
*** RESERVED ACCESS [QUEST]: READ player[0] rec 556 (addr 0x70180258)
*** RESERVED ACCESS [QUEST]: WRITE player[0] rec 557 (addr 0x70180259)
*** RESERVED ACCESS [QUEST]: READ player[0] rec 557 (addr 0x70180259)
*** RESERVED ACCESS [QUEST]: WRITE player[0] rec 558 (addr 0x7018025A)
*** RESERVED ACCESS [QUEST]: READ player[0] rec 558 (addr 0x7018025A)
*** RESERVED ACCESS [QUEST]: WRITE player[0] rec 559 (addr 0x7018025B)
*** RESERVED ACCESS [QUEST]: READ player[0] rec 559 (addr 0x7018025B)
*** RESERVED ACCESS [QUEST]: WRITE player[0] rec 560 (addr 0x7018025C)
*** RESERVED ACCESS [QUEST]: READ player[0] rec 560 (addr 0x7018025C)
*** RESERVED ACCESS [QUEST]: WRITE player[0] rec 561 (addr 0x7018025D)
*** RESERVED ACCESS [QUEST]: READ player[0] rec 561 (addr 0x7018025D)
*** RESERVED ACCESS [QUEST]: WRITE player[0] rec 562 (addr 0x7018025E)
*** RESERVED ACCESS [QUEST]: READ player[0] rec 562 (addr 0x7018025E)
*** RESERVED ACCESS [QUEST]: WRITE player[0] rec 563 (addr 0x7018025F)
*** RESERVED ACCESS [QUEST]: READ player[0] rec 563 (addr 0x7018025F)
*** RESERVED ACCESS [QUEST]: WRITE player[0] rec 564 (addr 0x70180260)
*** RESERVED ACCESS [QUEST]: READ player[0] rec 564 (addr 0x70180260)
*** RESERVED ACCESS [QUEST]: WRITE player[0] rec 555 (addr 0x70180257)
*** RESERVED ACCESS [QUEST]: READ player[0] rec 555 (addr 0x70180257)
*** RESERVED ACCESS [QUEST]: WRITE player[0] rec 556 (addr 0x70180258)
*** RESERVED ACCESS [QUEST]: READ player[0] rec 556 (addr 0x70180258)
*** RESERVED ACCESS [QUEST]: WRITE player[0] rec 557 (addr 0x70180259)
*** RESERVED ACCESS [QUEST]: READ player[0] rec 557 (addr 0x70180259)
*** RESERVED ACCESS [QUEST]: WRITE player[0] rec 558 (addr 0x7018025A)
*** RESERVED ACCESS [QUEST]: READ player[0] rec 558 (addr 0x7018025A)
*** RESERVED ACCESS [QUEST]: WRITE player[0] rec 559 (addr 0x7018025B)
*** RESERVED ACCESS [QUEST]: READ player[0] rec 559 (addr 0x7018025B)
*** RESERVED ACCESS [QUEST]: WRITE player[0] rec 560 (addr 0x7018025C)
*** RESERVED ACCESS [QUEST]: READ player[0] rec 560 (addr 0x7018025C)
*** RESERVED ACCESS [QUEST]: WRITE player[0] rec 561 (addr 0x7018025D)
*** RESERVED ACCESS [QUEST]: READ player[0] rec 561 (addr 0x7018025D)
*** RESERVED ACCESS [QUEST]: WRITE player[0] rec 562 (addr 0x7018025E)
*** RESERVED ACCESS [QUEST]: READ player[0] rec 562 (addr 0x7018025E)
*** RESERVED ACCESS [QUEST]: WRITE player[0] rec 563 (addr 0x7018025F)
*** RESERVED ACCESS [QUEST]: READ player[0] rec 563 (addr 0x7018025F)
*** RESERVED ACCESS [QUEST]: WRITE player[0] rec 564 (addr 0x70180260)
*** RESERVED ACCESS [QUEST]: READ player[0] rec 564 (addr 0x70180260)
*** RESERVED ACCESS [QUEST]: READ player[0] rec 555 (addr 0x70180257)
*** RESERVED ACCESS [QUEST]: READ player[0] rec 555 (addr 0x70180257)
*** RESERVED ACCESS [QUEST]: READ player[0] rec 555 (addr 0x70180257)
*** RESERVED ACCESS [QUEST]: READ player[0] rec 555 (addr 0x70180257)
*** RESERVED ACCESS [QUEST]: READ player[0] rec 556 (addr 0x70180258)
*** RESERVED ACCESS [QUEST]: READ player[0] rec 556 (addr 0x70180258)
*** RESERVED ACCESS [QUEST]: READ player[0] rec 556 (addr 0x70180258)
*** RESERVED ACCESS [QUEST]: READ player[0] rec 556 (addr 0x70180258)
*** RESERVED ACCESS [QUEST]: READ player[0] rec 557 (addr 0x70180259)
*** RESERVED ACCESS [QUEST]: READ player[0] rec 557 (addr 0x70180259)
*** RESERVED ACCESS [QUEST]: READ player[0] rec 557 (addr 0x70180259)
*** RESERVED ACCESS [QUEST]: READ player[0] rec 557 (addr 0x70180259)
*** RESERVED ACCESS [QUEST]: READ player[0] rec 558 (addr 0x7018025A)
*** RESERVED ACCESS [QUEST]: READ player[0] rec 559 (addr 0x7018025B)
*** RESERVED ACCESS [QUEST]: READ player[0] rec 560 (addr 0x7018025C)
*** RESERVED ACCESS [QUEST]: READ player[0] rec 561 (addr 0x7018025D)
*** RESERVED ACCESS [QUEST]: READ player[0] rec 558 (addr 0x7018025A)
*** RESERVED ACCESS [QUEST]: READ player[0] rec 559 (addr 0x7018025B)
*** RESERVED ACCESS [QUEST]: READ player[0] rec 560 (addr 0x7018025C)
*** RESERVED ACCESS [QUEST]: READ player[0] rec 561 (addr 0x7018025D)
*** RESERVED ACCESS [QUEST]: READ player[0] rec 562 (addr 0x7018025E)
*** RESERVED ACCESS [QUEST]: READ player[0] rec 563 (addr 0x7018025F)
*** RESERVED ACCESS [QUEST]: READ player[0] rec 564 (addr 0x70180260)
*** RESERVED ACCESS [QUEST]: READ player[0] rec 555 (addr 0x70180257)
*** RESERVED ACCESS [QUEST]: WRITE player[0] rec 555 (addr 0x70180257)
*** RESERVED ACCESS [QUEST]: READ player[0] rec 556 (addr 0x70180258)
*** RESERVED ACCESS [QUEST]: WRITE player[0] rec 556 (addr 0x70180258)
*** RESERVED ACCESS [QUEST]: READ player[0] rec 557 (addr 0x70180259)
*** RESERVED ACCESS [QUEST]: READ player[0] rec 562 (addr 0x7018025E)
*** RESERVED ACCESS [QUEST]: READ player[0] rec 563 (addr 0x7018025F)
*** RESERVED ACCESS [QUEST]: READ player[0] rec 564 (addr 0x70180260)
*** RESERVED ACCESS [QUEST]: READ player[0] rec 555 (addr 0x70180257)
*** RESERVED ACCESS [QUEST]: WRITE player[0] rec 555 (addr 0x70180257)
*** RESERVED ACCESS [QUEST]: READ player[0] rec 556 (addr 0x70180258)
*** RESERVED ACCESS [QUEST]: WRITE player[0] rec 556 (addr 0x70180258)
*** RESERVED ACCESS [QUEST]: READ player[0] rec 557 (addr 0x70180259)
*** RESERVED ACCESS [QUEST]: WRITE player[0] rec 557 (addr 0x70180259)
*** RESERVED ACCESS [QUEST]: READ player[0] rec 558 (addr 0x7018025A)
*** RESERVED ACCESS [QUEST]: WRITE player[0] rec 558 (addr 0x7018025A)
*** RESERVED ACCESS [QUEST]: READ player[0] rec 559 (addr 0x7018025B)
*** RESERVED ACCESS [QUEST]: WRITE player[0] rec 559 (addr 0x7018025B)
*** RESERVED ACCESS [QUEST]: READ player[0] rec 560 (addr 0x7018025C)
*** RESERVED ACCESS [QUEST]: WRITE player[0] rec 560 (addr 0x7018025C)
*** RESERVED ACCESS [QUEST]: READ player[0] rec 561 (addr 0x7018025D)
*** RESERVED ACCESS [QUEST]: WRITE player[0] rec 561 (addr 0x7018025D)
*** RESERVED ACCESS [QUEST]: READ player[0] rec 562 (addr 0x7018025E)
*** RESERVED ACCESS [QUEST]: WRITE player[0] rec 562 (addr 0x7018025E)
*** RESERVED ACCESS [QUEST]: READ player[0] rec 563 (addr 0x7018025F)
*** RESERVED ACCESS [QUEST]: WRITE player[0] rec 563 (addr 0x7018025F)
*** RESERVED ACCESS [QUEST]: WRITE player[0] rec 557 (addr 0x70180259)
*** RESERVED ACCESS [QUEST]: READ player[0] rec 558 (addr 0x7018025A)
*** RESERVED ACCESS [QUEST]: WRITE player[0] rec 558 (addr 0x7018025A)
*** RESERVED ACCESS [QUEST]: READ player[0] rec 559 (addr 0x7018025B)
*** RESERVED ACCESS [QUEST]: WRITE player[0] rec 559 (addr 0x7018025B)
*** RESERVED ACCESS [QUEST]: READ player[0] rec 560 (addr 0x7018025C)
*** RESERVED ACCESS [QUEST]: WRITE player[0] rec 560 (addr 0x7018025C)
*** RESERVED ACCESS [QUEST]: READ player[0] rec 561 (addr 0x7018025D)
*** RESERVED ACCESS [QUEST]: WRITE player[0] rec 561 (addr 0x7018025D)
*** RESERVED ACCESS [QUEST]: READ player[0] rec 562 (addr 0x7018025E)
*** RESERVED ACCESS [QUEST]: WRITE player[0] rec 562 (addr 0x7018025E)
*** RESERVED ACCESS [QUEST]: READ player[0] rec 563 (addr 0x7018025F)
*** RESERVED ACCESS [QUEST]: WRITE player[0] rec 563 (addr 0x7018025F)
*** RESERVED ACCESS [QUEST]: READ player[0] rec 564 (addr 0x70180260)
*** RESERVED ACCESS [QUEST]: WRITE player[0] rec 564 (addr 0x70180260)
*** RESERVED ACCESS [QUEST]: READ player[0] rec 564 (addr 0x70180260)
*** RESERVED ACCESS [QUEST]: WRITE player[0] rec 564 (addr 0x70180260)
RTBridge::zero_frame_claim: entry 701678DE opcode A6C9 is not WSAVx/WSSVx — claim NOT zeroed (new entry shape? — further occurrences silenced)
RTBridge::zero_frame_claim: entry 70167A23 opcode A6C9 is not WSAVx/WSSVx — claim NOT zeroed (new entry shape? — further occurrences silenced)
RTBridge::zero_frame_claim: entry 70167A98 opcode A6C9 is not WSAVx/WSSVx — claim NOT zeroed (new entry shape? — further occurrences silenced)
RTBridge::zero_frame_claim: entry 70167B2F opcode A6C9 is not WSAVx/WSSVx — claim NOT zeroed (new entry shape? — further occurrences silenced)
RTBridge::zero_frame_claim: entry 70167BA0 opcode A6C9 is not WSAVx/WSSVx — claim NOT zeroed (new entry shape? — further occurrences silenced)
RTBridge::zero_frame_claim: entry 70167C05 opcode A6C9 is not WSAVx/WSSVx — claim NOT zeroed (new entry shape? — further occurrences silenced)
RTBridge::zero_frame_claim: entry 70167C9C opcode A6C9 is not WSAVx/WSSVx — claim NOT zeroed (new entry shape? — further occurrences silenced)
*** RESERVED ACCESS [QUEST]: READ player[0] rec 681 (addr 0x701802D5)
*** RESERVED ACCESS [QUEST]: READ player[0] rec 681 (addr 0x701802D5)
*** RESERVED ACCESS [QUEST]: READ player[0] rec 545 (addr 0x7018024D)
*** RESERVED ACCESS [QUEST]: READ player[0] rec 545 (addr 0x7018024D)
*** RESERVED ACCESS [QUEST]: READ player[0] rec 545 (addr 0x7018024D)
*** RESERVED ACCESS [QUEST]: READ player[0] rec 545 (addr 0x7018024D)
*** RESERVED ACCESS [QUEST]: READ player[0] rec 545 (addr 0x7018024D)
*** RESERVED ACCESS [QUEST]: READ player[0] rec 545 (addr 0x7018024D)
*** RESERVED ACCESS [QUEST]: READ player[0] rec 661 (addr 0x701802C1)
*** RESERVED ACCESS [QUEST]: READ player[0] rec 662 (addr 0x701802C2)
*** RESERVED ACCESS [QUEST]: READ player[0] rec 663 (addr 0x701802C3)
*** RESERVED ACCESS [QUEST]: READ player[0] rec 661 (addr 0x701802C1)
*** RESERVED ACCESS [QUEST]: READ player[0] rec 662 (addr 0x701802C2)
*** RESERVED ACCESS [QUEST]: READ player[0] rec 663 (addr 0x701802C3)
*** RESERVED ACCESS [QUEST]: READ player[0] rec 310 (addr 0x70180162)
*** RESERVED ACCESS [QUEST]: READ player[0] rec 310 (addr 0x70180162)
*** RESERVED ACCESS [QUEST]: READ player[0] rec 311 (addr 0x70180163)
*** RESERVED ACCESS [QUEST]: READ player[0] rec 312 (addr 0x70180164)
*** RESERVED ACCESS [QUEST]: READ player[0] rec 313 (addr 0x70180165)
*** RESERVED ACCESS [QUEST]: READ player[0] rec 314 (addr 0x70180166)
*** RESERVED ACCESS [QUEST]: READ player[0] rec 315 (addr 0x70180167)
*** RESERVED ACCESS [QUEST]: READ player[0] rec 316 (addr 0x70180168)
*** RESERVED ACCESS [QUEST]: READ player[0] rec 317 (addr 0x70180169)
*** RESERVED ACCESS [QUEST]: READ player[0] rec 318 (addr 0x7018016A)
*** RESERVED ACCESS [QUEST]: READ player[0] rec 319 (addr 0x7018016B)
*** RESERVED ACCESS [QUEST]: READ player[0] rec 320 (addr 0x7018016C)
*** RESERVED ACCESS [QUEST]: READ player[0] rec 311 (addr 0x70180163)
*** RESERVED ACCESS [QUEST]: READ player[0] rec 312 (addr 0x70180164)
*** RESERVED ACCESS [QUEST]: READ player[0] rec 313 (addr 0x70180165)
*** RESERVED ACCESS [QUEST]: READ player[0] rec 314 (addr 0x70180166)
*** RESERVED ACCESS [QUEST]: READ player[0] rec 315 (addr 0x70180167)
*** RESERVED ACCESS [QUEST]: READ player[0] rec 316 (addr 0x70180168)
*** RESERVED ACCESS [QUEST]: READ player[0] rec 317 (addr 0x70180169)
*** RESERVED ACCESS [QUEST]: READ player[0] rec 318 (addr 0x7018016A)
*** RESERVED ACCESS [QUEST]: READ player[0] rec 319 (addr 0x7018016B)
*** RESERVED ACCESS [QUEST]: READ player[0] rec 320 (addr 0x7018016C)
*** RESERVED ACCESS [QUEST]: READ player[0] rec 321 (addr 0x7018016D)
*** RESERVED ACCESS [QUEST]: READ player[0] rec 322 (addr 0x7018016E)
*** RESERVED ACCESS [QUEST]: READ player[0] rec 323 (addr 0x7018016F)
*** RESERVED ACCESS [QUEST]: READ player[0] rec 324 (addr 0x70180170)
*** RESERVED ACCESS [QUEST]: READ player[0] rec 325 (addr 0x70180171)
*** RESERVED ACCESS [QUEST]: READ player[0] rec 326 (addr 0x70180172)
*** RESERVED ACCESS [QUEST]: READ player[0] rec 327 (addr 0x70180173)
*** RESERVED ACCESS [QUEST]: READ player[0] rec 328 (addr 0x70180174)
*** RESERVED ACCESS [QUEST]: READ player[0] rec 329 (addr 0x70180175)
*** RESERVED ACCESS [QUEST]: READ player[0] rec 330 (addr 0x70180176)
*** RESERVED ACCESS [QUEST]: READ player[0] rec 321 (addr 0x7018016D)
*** RESERVED ACCESS [QUEST]: READ player[0] rec 322 (addr 0x7018016E)
*** RESERVED ACCESS [QUEST]: READ player[0] rec 323 (addr 0x7018016F)
*** RESERVED ACCESS [QUEST]: READ player[0] rec 324 (addr 0x70180170)
*** RESERVED ACCESS [QUEST]: READ player[0] rec 325 (addr 0x70180171)
*** RESERVED ACCESS [QUEST]: READ player[0] rec 326 (addr 0x70180172)
*** RESERVED ACCESS [QUEST]: READ player[0] rec 327 (addr 0x70180173)
*** RESERVED ACCESS [QUEST]: READ player[0] rec 328 (addr 0x70180174)
*** RESERVED ACCESS [QUEST]: READ player[0] rec 329 (addr 0x70180175)
*** RESERVED ACCESS [QUEST]: READ player[0] rec 330 (addr 0x70180176)
*** RESERVED ACCESS [QUEST]: READ player[0] rec 331 (addr 0x70180177)
*** RESERVED ACCESS [QUEST]: READ player[0] rec 332 (addr 0x70180178)
*** RESERVED ACCESS [QUEST]: READ player[0] rec 333 (addr 0x70180179)
*** RESERVED ACCESS [QUEST]: READ player[0] rec 334 (addr 0x7018017A)
*** RESERVED ACCESS [QUEST]: READ player[0] rec 335 (addr 0x7018017B)
*** RESERVED ACCESS [QUEST]: READ player[0] rec 336 (addr 0x7018017C)
*** RESERVED ACCESS [QUEST]: READ player[0] rec 337 (addr 0x7018017D)
*** RESERVED ACCESS [QUEST]: READ player[0] rec 338 (addr 0x7018017E)
*** RESERVED ACCESS [QUEST]: READ player[0] rec 339 (addr 0x7018017F)
*** RESERVED ACCESS [QUEST]: READ player[0] rec 340 (addr 0x70180180)
*** RESERVED ACCESS [QUEST]: READ player[0] rec 331 (addr 0x70180177)
*** RESERVED ACCESS [QUEST]: READ player[0] rec 332 (addr 0x70180178)
*** RESERVED ACCESS [QUEST]: READ player[0] rec 333 (addr 0x70180179)
*** RESERVED ACCESS [QUEST]: READ player[0] rec 334 (addr 0x7018017A)
*** RESERVED ACCESS [QUEST]: READ player[0] rec 335 (addr 0x7018017B)
*** RESERVED ACCESS [QUEST]: READ player[0] rec 336 (addr 0x7018017C)
*** RESERVED ACCESS [QUEST]: READ player[0] rec 337 (addr 0x7018017D)
*** RESERVED ACCESS [QUEST]: READ player[0] rec 338 (addr 0x7018017E)
*** RESERVED ACCESS [QUEST]: READ player[0] rec 339 (addr 0x7018017F)
*** RESERVED ACCESS [QUEST]: READ player[0] rec 340 (addr 0x70180180)
*** RESERVED ACCESS [QUEST]: READ player[0] rec 341 (addr 0x70180181)
*** RESERVED ACCESS [QUEST]: READ player[0] rec 342 (addr 0x70180182)
*** RESERVED ACCESS [QUEST]: READ player[0] rec 343 (addr 0x70180183)
*** RESERVED ACCESS [QUEST]: READ player[0] rec 344 (addr 0x70180184)
*** RESERVED ACCESS [QUEST]: READ player[0] rec 345 (addr 0x70180185)
*** RESERVED ACCESS [QUEST]: READ player[0] rec 346 (addr 0x70180186)
*** RESERVED ACCESS [QUEST]: READ player[0] rec 347 (addr 0x70180187)
*** RESERVED ACCESS [QUEST]: READ player[0] rec 348 (addr 0x70180188)
*** RESERVED ACCESS [QUEST]: READ player[0] rec 349 (addr 0x70180189)
*** RESERVED ACCESS [QUEST]: READ player[0] rec 350 (addr 0x7018018A)
*** RESERVED ACCESS [QUEST]: READ player[0] rec 341 (addr 0x70180181)
*** RESERVED ACCESS [QUEST]: READ player[0] rec 342 (addr 0x70180182)
*** RESERVED ACCESS [QUEST]: READ player[0] rec 343 (addr 0x70180183)
*** RESERVED ACCESS [QUEST]: READ player[0] rec 344 (addr 0x70180184)
*** RESERVED ACCESS [QUEST]: READ player[0] rec 345 (addr 0x70180185)
*** RESERVED ACCESS [QUEST]: READ player[0] rec 346 (addr 0x70180186)
*** RESERVED ACCESS [QUEST]: READ player[0] rec 347 (addr 0x70180187)
*** RESERVED ACCESS [QUEST]: READ player[0] rec 348 (addr 0x70180188)
*** RESERVED ACCESS [QUEST]: READ player[0] rec 349 (addr 0x70180189)
*** RESERVED ACCESS [QUEST]: READ player[0] rec 350 (addr 0x7018018A)
*** RESERVED ACCESS [QUEST]: READ player[0] rec 351 (addr 0x7018018B)
*** RESERVED ACCESS [QUEST]: READ player[0] rec 352 (addr 0x7018018C)
*** RESERVED ACCESS [QUEST]: READ player[0] rec 353 (addr 0x7018018D)
*** RESERVED ACCESS [QUEST]: READ player[0] rec 354 (addr 0x7018018E)
*** RESERVED ACCESS [QUEST]: READ player[0] rec 355 (addr 0x7018018F)
*** RESERVED ACCESS [QUEST]: READ player[0] rec 356 (addr 0x70180190)
*** RESERVED ACCESS [QUEST]: READ player[0] rec 357 (addr 0x70180191)
*** RESERVED ACCESS [QUEST]: READ player[0] rec 358 (addr 0x70180192)
*** RESERVED ACCESS [QUEST]: READ player[0] rec 359 (addr 0x70180193)
*** RESERVED ACCESS [QUEST]: READ player[0] rec 360 (addr 0x70180194)
*** RESERVED ACCESS [QUEST]: READ player[0] rec 351 (addr 0x7018018B)
*** RESERVED ACCESS [QUEST]: READ player[0] rec 352 (addr 0x7018018C)
*** RESERVED ACCESS [QUEST]: READ player[0] rec 353 (addr 0x7018018D)
*** RESERVED ACCESS [QUEST]: READ player[0] rec 354 (addr 0x7018018E)
*** RESERVED ACCESS [QUEST]: READ player[0] rec 355 (addr 0x7018018F)
*** RESERVED ACCESS [QUEST]: READ player[0] rec 356 (addr 0x70180190)
*** RESERVED ACCESS [QUEST]: READ player[0] rec 357 (addr 0x70180191)
*** RESERVED ACCESS [QUEST]: READ player[0] rec 358 (addr 0x70180192)
*** RESERVED ACCESS [QUEST]: READ player[0] rec 359 (addr 0x70180193)
*** RESERVED ACCESS [QUEST]: READ player[0] rec 360 (addr 0x70180194)
*** RESERVED ACCESS [QUEST]: READ player[0] rec 361 (addr 0x70180195)
*** RESERVED ACCESS [QUEST]: READ player[0] rec 362 (addr 0x70180196)
*** RESERVED ACCESS [QUEST]: READ player[0] rec 363 (addr 0x70180197)
*** RESERVED ACCESS [QUEST]: READ player[0] rec 364 (addr 0x70180198)
*** RESERVED ACCESS [QUEST]: READ player[0] rec 365 (addr 0x70180199)
*** RESERVED ACCESS [QUEST]: READ player[0] rec 366 (addr 0x7018019A)
*** RESERVED ACCESS [QUEST]: READ player[0] rec 367 (addr 0x7018019B)
*** RESERVED ACCESS [QUEST]: READ player[0] rec 368 (addr 0x7018019C)
*** RESERVED ACCESS [QUEST]: READ player[0] rec 369 (addr 0x7018019D)
*** RESERVED ACCESS [QUEST]: READ player[0] rec 370 (addr 0x7018019E)
*** RESERVED ACCESS [QUEST]: READ player[0] rec 361 (addr 0x70180195)
*** RESERVED ACCESS [QUEST]: READ player[0] rec 362 (addr 0x70180196)
*** RESERVED ACCESS [QUEST]: READ player[0] rec 363 (addr 0x70180197)
*** RESERVED ACCESS [QUEST]: READ player[0] rec 364 (addr 0x70180198)
*** RESERVED ACCESS [QUEST]: READ player[0] rec 365 (addr 0x70180199)
*** RESERVED ACCESS [QUEST]: READ player[0] rec 366 (addr 0x7018019A)
*** RESERVED ACCESS [QUEST]: READ player[0] rec 367 (addr 0x7018019B)
*** RESERVED ACCESS [QUEST]: READ player[0] rec 368 (addr 0x7018019C)
*** RESERVED ACCESS [QUEST]: READ player[0] rec 369 (addr 0x7018019D)
*** RESERVED ACCESS [QUEST]: READ player[0] rec 370 (addr 0x7018019E)
*** RESERVED ACCESS [QUEST]: READ player[0] rec 371 (addr 0x7018019F)
*** RESERVED ACCESS [QUEST]: READ player[0] rec 372 (addr 0x701801A0)
*** RESERVED ACCESS [QUEST]: READ player[0] rec 371 (addr 0x7018019F)
*** RESERVED ACCESS [QUEST]: READ player[0] rec 372 (addr 0x701801A0)
*** RESERVED ACCESS [QUEST]: READ player[0] rec 310 (addr 0x70180162)
*** RESERVED ACCESS [QUEST]: READ player[0] rec 311 (addr 0x70180163)
*** RESERVED ACCESS [QUEST]: READ player[0] rec 312 (addr 0x70180164)
*** RESERVED ACCESS [QUEST]: READ player[0] rec 310 (addr 0x70180162)
*** RESERVED ACCESS [QUEST]: READ player[0] rec 311 (addr 0x70180163)
*** RESERVED ACCESS [QUEST]: READ player[0] rec 312 (addr 0x70180164)
*** RESERVED ACCESS [QUEST]: READ player[0] rec 313 (addr 0x70180165)
*** RESERVED ACCESS [QUEST]: READ player[0] rec 314 (addr 0x70180166)
*** RESERVED ACCESS [QUEST]: READ player[0] rec 315 (addr 0x70180167)
*** RESERVED ACCESS [QUEST]: READ player[0] rec 316 (addr 0x70180168)
*** RESERVED ACCESS [QUEST]: READ player[0] rec 317 (addr 0x70180169)
*** RESERVED ACCESS [QUEST]: READ player[0] rec 318 (addr 0x7018016A)
*** RESERVED ACCESS [QUEST]: READ player[0] rec 319 (addr 0x7018016B)
*** RESERVED ACCESS [QUEST]: READ player[0] rec 320 (addr 0x7018016C)
*** RESERVED ACCESS [QUEST]: READ player[0] rec 313 (addr 0x70180165)
*** RESERVED ACCESS [QUEST]: READ player[0] rec 314 (addr 0x70180166)
*** RESERVED ACCESS [QUEST]: READ player[0] rec 315 (addr 0x70180167)
*** RESERVED ACCESS [QUEST]: READ player[0] rec 316 (addr 0x70180168)
*** RESERVED ACCESS [QUEST]: READ player[0] rec 317 (addr 0x70180169)
*** RESERVED ACCESS [QUEST]: READ player[0] rec 318 (addr 0x7018016A)
*** RESERVED ACCESS [QUEST]: READ player[0] rec 319 (addr 0x7018016B)
*** RESERVED ACCESS [QUEST]: READ player[0] rec 320 (addr 0x7018016C)
*** RESERVED ACCESS [QUEST]: READ player[0] rec 321 (addr 0x7018016D)
*** RESERVED ACCESS [QUEST]: READ player[0] rec 322 (addr 0x7018016E)
*** RESERVED ACCESS [QUEST]: READ player[0] rec 323 (addr 0x7018016F)
*** RESERVED ACCESS [QUEST]: READ player[0] rec 324 (addr 0x70180170)
*** RESERVED ACCESS [QUEST]: READ player[0] rec 325 (addr 0x70180171)
*** RESERVED ACCESS [QUEST]: READ player[0] rec 326 (addr 0x70180172)
*** RESERVED ACCESS [QUEST]: READ player[0] rec 327 (addr 0x70180173)
*** RESERVED ACCESS [QUEST]: READ player[0] rec 328 (addr 0x70180174)
*** RESERVED ACCESS [QUEST]: READ player[0] rec 329 (addr 0x70180175)
*** RESERVED ACCESS [QUEST]: READ player[0] rec 321 (addr 0x7018016D)
*** RESERVED ACCESS [QUEST]: READ player[0] rec 322 (addr 0x7018016E)
*** RESERVED ACCESS [QUEST]: READ player[0] rec 323 (addr 0x7018016F)
*** RESERVED ACCESS [QUEST]: READ player[0] rec 324 (addr 0x70180170)
*** RESERVED ACCESS [QUEST]: READ player[0] rec 325 (addr 0x70180171)
*** RESERVED ACCESS [QUEST]: READ player[0] rec 326 (addr 0x70180172)
*** RESERVED ACCESS [QUEST]: READ player[0] rec 327 (addr 0x70180173)
*** RESERVED ACCESS [QUEST]: READ player[0] rec 328 (addr 0x70180174)
*** RESERVED ACCESS [QUEST]: READ player[0] rec 329 (addr 0x70180175)
*** RESERVED ACCESS [QUEST]: READ player[0] rec 330 (addr 0x70180176)
*** RESERVED ACCESS [QUEST]: READ player[0] rec 331 (addr 0x70180177)
*** RESERVED ACCESS [QUEST]: READ player[0] rec 332 (addr 0x70180178)
*** RESERVED ACCESS [QUEST]: READ player[0] rec 333 (addr 0x70180179)
*** RESERVED ACCESS [QUEST]: READ player[0] rec 334 (addr 0x7018017A)
*** RESERVED ACCESS [QUEST]: READ player[0] rec 335 (addr 0x7018017B)
*** RESERVED ACCESS [QUEST]: READ player[0] rec 336 (addr 0x7018017C)
*** RESERVED ACCESS [QUEST]: READ player[0] rec 337 (addr 0x7018017D)
*** RESERVED ACCESS [QUEST]: READ player[0] rec 330 (addr 0x70180176)
*** RESERVED ACCESS [QUEST]: READ player[0] rec 331 (addr 0x70180177)
*** RESERVED ACCESS [QUEST]: READ player[0] rec 332 (addr 0x70180178)
*** RESERVED ACCESS [QUEST]: READ player[0] rec 333 (addr 0x70180179)
*** RESERVED ACCESS [QUEST]: READ player[0] rec 334 (addr 0x7018017A)
*** RESERVED ACCESS [QUEST]: READ player[0] rec 335 (addr 0x7018017B)
*** RESERVED ACCESS [QUEST]: READ player[0] rec 336 (addr 0x7018017C)
*** RESERVED ACCESS [QUEST]: READ player[0] rec 337 (addr 0x7018017D)
*** RESERVED ACCESS [QUEST]: READ player[0] rec 338 (addr 0x7018017E)
*** RESERVED ACCESS [QUEST]: READ player[0] rec 339 (addr 0x7018017F)
*** RESERVED ACCESS [QUEST]: READ player[0] rec 340 (addr 0x70180180)
*** RESERVED ACCESS [QUEST]: READ player[0] rec 341 (addr 0x70180181)
*** RESERVED ACCESS [QUEST]: READ player[0] rec 342 (addr 0x70180182)
*** RESERVED ACCESS [QUEST]: READ player[0] rec 343 (addr 0x70180183)
*** RESERVED ACCESS [QUEST]: READ player[0] rec 344 (addr 0x70180184)
*** RESERVED ACCESS [QUEST]: READ player[0] rec 345 (addr 0x70180185)
*** RESERVED ACCESS [QUEST]: READ player[0] rec 338 (addr 0x7018017E)
*** RESERVED ACCESS [QUEST]: READ player[0] rec 339 (addr 0x7018017F)
*** RESERVED ACCESS [QUEST]: READ player[0] rec 340 (addr 0x70180180)
*** RESERVED ACCESS [QUEST]: READ player[0] rec 341 (addr 0x70180181)
*** RESERVED ACCESS [QUEST]: READ player[0] rec 342 (addr 0x70180182)
*** RESERVED ACCESS [QUEST]: READ player[0] rec 343 (addr 0x70180183)
*** RESERVED ACCESS [QUEST]: READ player[0] rec 344 (addr 0x70180184)
*** RESERVED ACCESS [QUEST]: READ player[0] rec 345 (addr 0x70180185)
*** RESERVED ACCESS [QUEST]: READ player[0] rec 346 (addr 0x70180186)
*** RESERVED ACCESS [QUEST]: READ player[0] rec 347 (addr 0x70180187)
*** RESERVED ACCESS [QUEST]: READ player[0] rec 348 (addr 0x70180188)
*** RESERVED ACCESS [QUEST]: READ player[0] rec 349 (addr 0x70180189)
*** RESERVED ACCESS [QUEST]: READ player[0] rec 350 (addr 0x7018018A)
*** RESERVED ACCESS [QUEST]: READ player[0] rec 351 (addr 0x7018018B)
*** RESERVED ACCESS [QUEST]: READ player[0] rec 352 (addr 0x7018018C)
*** RESERVED ACCESS [QUEST]: READ player[0] rec 353 (addr 0x7018018D)
*** RESERVED ACCESS [QUEST]: READ player[0] rec 354 (addr 0x7018018E)
*** RESERVED ACCESS [QUEST]: READ player[0] rec 346 (addr 0x70180186)
*** RESERVED ACCESS [QUEST]: READ player[0] rec 347 (addr 0x70180187)
*** RESERVED ACCESS [QUEST]: READ player[0] rec 348 (addr 0x70180188)
*** RESERVED ACCESS [QUEST]: READ player[0] rec 349 (addr 0x70180189)
*** RESERVED ACCESS [QUEST]: READ player[0] rec 350 (addr 0x7018018A)
*** RESERVED ACCESS [QUEST]: READ player[0] rec 351 (addr 0x7018018B)
*** RESERVED ACCESS [QUEST]: READ player[0] rec 352 (addr 0x7018018C)
*** RESERVED ACCESS [QUEST]: READ player[0] rec 353 (addr 0x7018018D)
*** RESERVED ACCESS [QUEST]: READ player[0] rec 354 (addr 0x7018018E)
*** RESERVED ACCESS [QUEST]: READ player[0] rec 355 (addr 0x7018018F)
*** RESERVED ACCESS [QUEST]: READ player[0] rec 356 (addr 0x70180190)
*** RESERVED ACCESS [QUEST]: READ player[0] rec 357 (addr 0x70180191)
*** RESERVED ACCESS [QUEST]: READ player[0] rec 358 (addr 0x70180192)
*** RESERVED ACCESS [QUEST]: READ player[0] rec 359 (addr 0x70180193)
*** RESERVED ACCESS [QUEST]: READ player[0] rec 360 (addr 0x70180194)
*** RESERVED ACCESS [QUEST]: READ player[0] rec 361 (addr 0x70180195)
*** RESERVED ACCESS [QUEST]: READ player[0] rec 362 (addr 0x70180196)
*** RESERVED ACCESS [QUEST]: READ player[0] rec 355 (addr 0x7018018F)
*** RESERVED ACCESS [QUEST]: READ player[0] rec 356 (addr 0x70180190)
*** RESERVED ACCESS [QUEST]: READ player[0] rec 357 (addr 0x70180191)
*** RESERVED ACCESS [QUEST]: READ player[0] rec 358 (addr 0x70180192)
*** RESERVED ACCESS [QUEST]: READ player[0] rec 359 (addr 0x70180193)
*** RESERVED ACCESS [QUEST]: READ player[0] rec 360 (addr 0x70180194)
*** RESERVED ACCESS [QUEST]: READ player[0] rec 361 (addr 0x70180195)
*** RESERVED ACCESS [QUEST]: READ player[0] rec 362 (addr 0x70180196)
*** RESERVED ACCESS [QUEST]: READ player[0] rec 363 (addr 0x70180197)
*** RESERVED ACCESS [QUEST]: READ player[0] rec 364 (addr 0x70180198)
*** RESERVED ACCESS [QUEST]: READ player[0] rec 365 (addr 0x70180199)
*** RESERVED ACCESS [QUEST]: READ player[0] rec 366 (addr 0x7018019A)
*** RESERVED ACCESS [QUEST]: READ player[0] rec 367 (addr 0x7018019B)
*** RESERVED ACCESS [QUEST]: READ player[0] rec 368 (addr 0x7018019C)
*** RESERVED ACCESS [QUEST]: READ player[0] rec 369 (addr 0x7018019D)
*** RESERVED ACCESS [QUEST]: READ player[0] rec 370 (addr 0x7018019E)
*** RESERVED ACCESS [QUEST]: READ player[0] rec 363 (addr 0x70180197)
*** RESERVED ACCESS [QUEST]: READ player[0] rec 364 (addr 0x70180198)
*** RESERVED ACCESS [QUEST]: READ player[0] rec 365 (addr 0x70180199)
*** RESERVED ACCESS [QUEST]: READ player[0] rec 366 (addr 0x7018019A)
*** RESERVED ACCESS [QUEST]: READ player[0] rec 367 (addr 0x7018019B)
*** RESERVED ACCESS [QUEST]: READ player[0] rec 368 (addr 0x7018019C)
*** RESERVED ACCESS [QUEST]: READ player[0] rec 369 (addr 0x7018019D)
*** RESERVED ACCESS [QUEST]: READ player[0] rec 370 (addr 0x7018019E)
*** RESERVED ACCESS [QUEST]: READ player[0] rec 371 (addr 0x7018019F)
*** RESERVED ACCESS [QUEST]: READ player[0] rec 372 (addr 0x701801A0)
*** RESERVED ACCESS [QUEST]: READ player[0] rec 371 (addr 0x7018019F)
*** RESERVED ACCESS [QUEST]: READ player[0] rec 372 (addr 0x701801A0)
*** RESERVED ACCESS [QUEST]: READ player[0] rec 473 (addr 0x70180205)
*** RESERVED ACCESS [QUEST]: WRITE player[0] rec 473 (addr 0x70180205)
*** RESERVED ACCESS [QUEST]: READ player[0] rec 474 (addr 0x70180206)
*** RESERVED ACCESS [QUEST]: WRITE player[0] rec 474 (addr 0x70180206)
*** RESERVED ACCESS [QUEST]: READ player[0] rec 475 (addr 0x70180207)
*** RESERVED ACCESS [QUEST]: WRITE player[0] rec 475 (addr 0x70180207)
*** RESERVED ACCESS [QUEST]: READ player[0] rec 476 (addr 0x70180208)
*** RESERVED ACCESS [QUEST]: READ player[0] rec 473 (addr 0x70180205)
*** RESERVED ACCESS [QUEST]: WRITE player[0] rec 473 (addr 0x70180205)
*** RESERVED ACCESS [QUEST]: READ player[0] rec 474 (addr 0x70180206)
*** RESERVED ACCESS [QUEST]: WRITE player[0] rec 474 (addr 0x70180206)
*** RESERVED ACCESS [QUEST]: READ player[0] rec 475 (addr 0x70180207)
*** RESERVED ACCESS [QUEST]: WRITE player[0] rec 475 (addr 0x70180207)
*** RESERVED ACCESS [QUEST]: READ player[0] rec 476 (addr 0x70180208)
*** RESERVED ACCESS [QUEST]: WRITE player[0] rec 476 (addr 0x70180208)
*** RESERVED ACCESS [QUEST]: READ player[0] rec 477 (addr 0x70180209)
*** RESERVED ACCESS [QUEST]: WRITE player[0] rec 477 (addr 0x70180209)
*** RESERVED ACCESS [QUEST]: READ player[0] rec 478 (addr 0x7018020A)
*** RESERVED ACCESS [QUEST]: WRITE player[0] rec 478 (addr 0x7018020A)
*** RESERVED ACCESS [QUEST]: READ player[0] rec 479 (addr 0x7018020B)
*** RESERVED ACCESS [QUEST]: WRITE player[0] rec 476 (addr 0x70180208)
*** RESERVED ACCESS [QUEST]: READ player[0] rec 477 (addr 0x70180209)
*** RESERVED ACCESS [QUEST]: WRITE player[0] rec 477 (addr 0x70180209)
*** RESERVED ACCESS [QUEST]: READ player[0] rec 478 (addr 0x7018020A)
*** RESERVED ACCESS [QUEST]: WRITE player[0] rec 478 (addr 0x7018020A)
*** RESERVED ACCESS [QUEST]: READ player[0] rec 479 (addr 0x7018020B)
*** RESERVED ACCESS [QUEST]: WRITE player[0] rec 479 (addr 0x7018020B)
*** RESERVED ACCESS [QUEST]: READ player[0] rec 480 (addr 0x7018020C)
*** RESERVED ACCESS [QUEST]: WRITE player[0] rec 480 (addr 0x7018020C)
*** RESERVED ACCESS [QUEST]: READ player[0] rec 481 (addr 0x7018020D)
*** RESERVED ACCESS [QUEST]: WRITE player[0] rec 481 (addr 0x7018020D)
*** RESERVED ACCESS [QUEST]: READ player[0] rec 482 (addr 0x7018020E)
*** RESERVED ACCESS [QUEST]: WRITE player[0] rec 482 (addr 0x7018020E)
*** RESERVED ACCESS [QUEST]: WRITE player[0] rec 479 (addr 0x7018020B)
*** RESERVED ACCESS [QUEST]: READ player[0] rec 480 (addr 0x7018020C)
*** RESERVED ACCESS [QUEST]: WRITE player[0] rec 480 (addr 0x7018020C)
*** RESERVED ACCESS [QUEST]: READ player[0] rec 481 (addr 0x7018020D)
*** RESERVED ACCESS [QUEST]: WRITE player[0] rec 481 (addr 0x7018020D)
*** RESERVED ACCESS [QUEST]: READ player[0] rec 482 (addr 0x7018020E)
*** RESERVED ACCESS [QUEST]: WRITE player[0] rec 482 (addr 0x7018020E)
*** RESERVED ACCESS [QUEST]: READ player[0] rec 426 (addr 0x701801D6)
*** RESERVED ACCESS [QUEST]: READ player[0] rec 430 (addr 0x701801DA)
*** RESERVED ACCESS [QUEST]: READ player[0] rec 434 (addr 0x701801DE)
*** RESERVED ACCESS [QUEST]: READ player[0] rec 438 (addr 0x701801E2)
*** RESERVED ACCESS [QUEST]: READ player[0] rec 442 (addr 0x701801E6)
*** RESERVED ACCESS [QUEST]: READ player[0] rec 446 (addr 0x701801EA)
*** RESERVED ACCESS [QUEST]: READ player[0] rec 450 (addr 0x701801EE)
*** RESERVED ACCESS [QUEST]: READ player[0] rec 426 (addr 0x701801D6)
*** RESERVED ACCESS [QUEST]: READ player[0] rec 430 (addr 0x701801DA)
*** RESERVED ACCESS [QUEST]: READ player[0] rec 434 (addr 0x701801DE)
*** RESERVED ACCESS [QUEST]: READ player[0] rec 438 (addr 0x701801E2)
*** RESERVED ACCESS [QUEST]: READ player[0] rec 442 (addr 0x701801E6)
*** RESERVED ACCESS [QUEST]: READ player[0] rec 446 (addr 0x701801EA)
*** RESERVED ACCESS [QUEST]: READ player[0] rec 450 (addr 0x701801EE)
*** RESERVED ACCESS [QUEST]: READ player[0] rec 454 (addr 0x701801F2)
*** RESERVED ACCESS [QUEST]: READ player[0] rec 458 (addr 0x701801F6)
*** RESERVED ACCESS [QUEST]: READ player[0] rec 462 (addr 0x701801FA)
*** RESERVED ACCESS [QUEST]: READ player[0] rec 466 (addr 0x701801FE)
*** RESERVED ACCESS [QUEST]: READ player[0] rec 454 (addr 0x701801F2)
*** RESERVED ACCESS [QUEST]: READ player[0] rec 458 (addr 0x701801F6)
*** RESERVED ACCESS [QUEST]: READ player[0] rec 462 (addr 0x701801FA)
*** RESERVED ACCESS [QUEST]: READ player[0] rec 466 (addr 0x701801FE)
*** RESERVED ACCESS [QUEST]: READ player[0] rec 555 (addr 0x70180257)
*** RESERVED ACCESS [QUEST]: READ player[0] rec 556 (addr 0x70180258)
*** RESERVED ACCESS [QUEST]: READ player[0] rec 555 (addr 0x70180257)
*** RESERVED ACCESS [QUEST]: READ player[0] rec 556 (addr 0x70180258)
*** RESERVED ACCESS [QUEST]: READ player[0] rec 557 (addr 0x70180259)
*** RESERVED ACCESS [QUEST]: READ player[0] rec 558 (addr 0x7018025A)
*** RESERVED ACCESS [QUEST]: READ player[0] rec 559 (addr 0x7018025B)
*** RESERVED ACCESS [QUEST]: READ player[0] rec 560 (addr 0x7018025C)
*** RESERVED ACCESS [QUEST]: READ player[0] rec 557 (addr 0x70180259)
*** RESERVED ACCESS [QUEST]: READ player[0] rec 558 (addr 0x7018025A)
*** RESERVED ACCESS [QUEST]: READ player[0] rec 559 (addr 0x7018025B)
*** RESERVED ACCESS [QUEST]: READ player[0] rec 560 (addr 0x7018025C)
*** RESERVED ACCESS [QUEST]: READ player[0] rec 561 (addr 0x7018025D)
*** RESERVED ACCESS [QUEST]: READ player[0] rec 562 (addr 0x7018025E)
*** RESERVED ACCESS [QUEST]: READ player[0] rec 563 (addr 0x7018025F)
*** RESERVED ACCESS [QUEST]: READ player[0] rec 564 (addr 0x70180260)
*** RESERVED ACCESS [QUEST]: READ player[0] rec 555 (addr 0x70180257)
*** RESERVED ACCESS [QUEST]: WRITE player[0] rec 555 (addr 0x70180257)
*** RESERVED ACCESS [QUEST]: READ player[0] rec 561 (addr 0x7018025D)
*** RESERVED ACCESS [QUEST]: READ player[0] rec 562 (addr 0x7018025E)
*** RESERVED ACCESS [QUEST]: READ player[0] rec 563 (addr 0x7018025F)
*** RESERVED ACCESS [QUEST]: READ player[0] rec 564 (addr 0x70180260)
*** RESERVED ACCESS [QUEST]: READ player[0] rec 555 (addr 0x70180257)
*** RESERVED ACCESS [QUEST]: WRITE player[0] rec 555 (addr 0x70180257)
*** RESERVED ACCESS [QUEST]: READ player[0] rec 556 (addr 0x70180258)
*** RESERVED ACCESS [QUEST]: WRITE player[0] rec 556 (addr 0x70180258)
*** RESERVED ACCESS [QUEST]: READ player[0] rec 557 (addr 0x70180259)
*** RESERVED ACCESS [QUEST]: WRITE player[0] rec 557 (addr 0x70180259)
*** RESERVED ACCESS [QUEST]: READ player[0] rec 558 (addr 0x7018025A)
*** RESERVED ACCESS [QUEST]: WRITE player[0] rec 558 (addr 0x7018025A)
*** RESERVED ACCESS [QUEST]: READ player[0] rec 559 (addr 0x7018025B)
*** RESERVED ACCESS [QUEST]: WRITE player[0] rec 559 (addr 0x7018025B)
*** RESERVED ACCESS [QUEST]: READ player[0] rec 560 (addr 0x7018025C)
*** RESERVED ACCESS [QUEST]: WRITE player[0] rec 560 (addr 0x7018025C)
*** RESERVED ACCESS [QUEST]: READ player[0] rec 561 (addr 0x7018025D)
*** RESERVED ACCESS [QUEST]: WRITE player[0] rec 561 (addr 0x7018025D)
*** RESERVED ACCESS [QUEST]: READ player[0] rec 556 (addr 0x70180258)
*** RESERVED ACCESS [QUEST]: WRITE player[0] rec 556 (addr 0x70180258)
*** RESERVED ACCESS [QUEST]: READ player[0] rec 557 (addr 0x70180259)
*** RESERVED ACCESS [QUEST]: WRITE player[0] rec 557 (addr 0x70180259)
*** RESERVED ACCESS [QUEST]: READ player[0] rec 558 (addr 0x7018025A)
*** RESERVED ACCESS [QUEST]: WRITE player[0] rec 558 (addr 0x7018025A)
*** RESERVED ACCESS [QUEST]: READ player[0] rec 559 (addr 0x7018025B)
*** RESERVED ACCESS [QUEST]: WRITE player[0] rec 559 (addr 0x7018025B)
*** RESERVED ACCESS [QUEST]: READ player[0] rec 560 (addr 0x7018025C)
*** RESERVED ACCESS [QUEST]: WRITE player[0] rec 560 (addr 0x7018025C)
*** RESERVED ACCESS [QUEST]: READ player[0] rec 561 (addr 0x7018025D)
*** RESERVED ACCESS [QUEST]: WRITE player[0] rec 561 (addr 0x7018025D)
*** RESERVED ACCESS [QUEST]: READ player[0] rec 562 (addr 0x7018025E)
*** RESERVED ACCESS [QUEST]: WRITE player[0] rec 562 (addr 0x7018025E)
*** RESERVED ACCESS [QUEST]: READ player[0] rec 563 (addr 0x7018025F)
*** RESERVED ACCESS [QUEST]: WRITE player[0] rec 563 (addr 0x7018025F)
*** RESERVED ACCESS [QUEST]: READ player[0] rec 564 (addr 0x70180260)
*** RESERVED ACCESS [QUEST]: WRITE player[0] rec 564 (addr 0x70180260)
*** RESERVED ACCESS [QUEST]: READ player[0] rec 562 (addr 0x7018025E)
*** RESERVED ACCESS [QUEST]: WRITE player[0] rec 562 (addr 0x7018025E)
*** RESERVED ACCESS [QUEST]: READ player[0] rec 563 (addr 0x7018025F)
*** RESERVED ACCESS [QUEST]: WRITE player[0] rec 563 (addr 0x7018025F)
*** RESERVED ACCESS [QUEST]: READ player[0] rec 564 (addr 0x70180260)
*** RESERVED ACCESS [QUEST]: WRITE player[0] rec 564 (addr 0x70180260)
*** RESERVED ACCESS [QUEST]: WRITE player[0] rec 660 (addr 0x701802C0)
*** RESERVED ACCESS [QUEST]: WRITE player[0] rec 660 (addr 0x701802C0)
*** RESERVED ACCESS [QUEST]: WRITE player[0] rec 683 (addr 0x701802D7)
*** RESERVED ACCESS [QUEST]: READ player[0] rec 660 (addr 0x701802C0)
*** RESERVED ACCESS [QUEST]: READ player[0] rec 555 (addr 0x70180257)
*** RESERVED ACCESS [QUEST]: READ player[0] rec 556 (addr 0x70180258)
*** RESERVED ACCESS [QUEST]: WRITE player[0] rec 683 (addr 0x701802D7)
*** RESERVED ACCESS [QUEST]: READ player[0] rec 660 (addr 0x701802C0)
*** RESERVED ACCESS [QUEST]: READ player[0] rec 555 (addr 0x70180257)
*** RESERVED ACCESS [QUEST]: READ player[0] rec 556 (addr 0x70180258)
*** RESERVED ACCESS [QUEST]: READ player[0] rec 557 (addr 0x70180259)
*** RESERVED ACCESS [QUEST]: READ player[0] rec 558 (addr 0x7018025A)
*** RESERVED ACCESS [QUEST]: READ player[0] rec 559 (addr 0x7018025B)
*** RESERVED ACCESS [QUEST]: READ player[0] rec 560 (addr 0x7018025C)
*** RESERVED ACCESS [QUEST]: READ player[0] rec 561 (addr 0x7018025D)
*** RESERVED ACCESS [QUEST]: READ player[0] rec 557 (addr 0x70180259)
*** RESERVED ACCESS [QUEST]: READ player[0] rec 558 (addr 0x7018025A)
*** RESERVED ACCESS [QUEST]: READ player[0] rec 559 (addr 0x7018025B)
*** RESERVED ACCESS [QUEST]: READ player[0] rec 560 (addr 0x7018025C)
*** RESERVED ACCESS [QUEST]: READ player[0] rec 561 (addr 0x7018025D)
*** RESERVED ACCESS [QUEST]: READ player[0] rec 562 (addr 0x7018025E)
*** RESERVED ACCESS [QUEST]: READ player[0] rec 563 (addr 0x7018025F)
*** RESERVED ACCESS [QUEST]: READ player[0] rec 564 (addr 0x70180260)
*** RESERVED ACCESS [QUEST]: READ player[0] rec 555 (addr 0x70180257)
*** RESERVED ACCESS [QUEST]: WRITE player[0] rec 555 (addr 0x70180257)
*** RESERVED ACCESS [QUEST]: READ player[0] rec 556 (addr 0x70180258)
*** RESERVED ACCESS [QUEST]: WRITE player[0] rec 556 (addr 0x70180258)
*** RESERVED ACCESS [QUEST]: READ player[0] rec 562 (addr 0x7018025E)
*** RESERVED ACCESS [QUEST]: READ player[0] rec 563 (addr 0x7018025F)
*** RESERVED ACCESS [QUEST]: READ player[0] rec 564 (addr 0x70180260)
*** RESERVED ACCESS [QUEST]: READ player[0] rec 555 (addr 0x70180257)
*** RESERVED ACCESS [QUEST]: WRITE player[0] rec 555 (addr 0x70180257)
*** RESERVED ACCESS [QUEST]: READ player[0] rec 556 (addr 0x70180258)
*** RESERVED ACCESS [QUEST]: WRITE player[0] rec 556 (addr 0x70180258)
*** RESERVED ACCESS [QUEST]: READ player[0] rec 557 (addr 0x70180259)
*** RESERVED ACCESS [QUEST]: WRITE player[0] rec 557 (addr 0x70180259)
*** RESERVED ACCESS [QUEST]: READ player[0] rec 558 (addr 0x7018025A)
*** RESERVED ACCESS [QUEST]: WRITE player[0] rec 558 (addr 0x7018025A)
*** RESERVED ACCESS [QUEST]: READ player[0] rec 559 (addr 0x7018025B)
*** RESERVED ACCESS [QUEST]: WRITE player[0] rec 559 (addr 0x7018025B)
*** RESERVED ACCESS [QUEST]: READ player[0] rec 560 (addr 0x7018025C)
*** RESERVED ACCESS [QUEST]: WRITE player[0] rec 560 (addr 0x7018025C)
*** RESERVED ACCESS [QUEST]: READ player[0] rec 561 (addr 0x7018025D)
*** RESERVED ACCESS [QUEST]: WRITE player[0] rec 561 (addr 0x7018025D)
*** RESERVED ACCESS [QUEST]: READ player[0] rec 562 (addr 0x7018025E)
*** RESERVED ACCESS [QUEST]: WRITE player[0] rec 562 (addr 0x7018025E)
*** RESERVED ACCESS [QUEST]: READ player[0] rec 557 (addr 0x70180259)
*** RESERVED ACCESS [QUEST]: WRITE player[0] rec 557 (addr 0x70180259)
*** RESERVED ACCESS [QUEST]: READ player[0] rec 558 (addr 0x7018025A)
*** RESERVED ACCESS [QUEST]: WRITE player[0] rec 558 (addr 0x7018025A)
*** RESERVED ACCESS [QUEST]: READ player[0] rec 559 (addr 0x7018025B)
*** RESERVED ACCESS [QUEST]: WRITE player[0] rec 559 (addr 0x7018025B)
*** RESERVED ACCESS [QUEST]: READ player[0] rec 560 (addr 0x7018025C)
*** RESERVED ACCESS [QUEST]: WRITE player[0] rec 560 (addr 0x7018025C)
*** RESERVED ACCESS [QUEST]: READ player[0] rec 561 (addr 0x7018025D)
*** RESERVED ACCESS [QUEST]: WRITE player[0] rec 561 (addr 0x7018025D)
*** RESERVED ACCESS [QUEST]: READ player[0] rec 562 (addr 0x7018025E)
*** RESERVED ACCESS [QUEST]: WRITE player[0] rec 562 (addr 0x7018025E)
*** RESERVED ACCESS [QUEST]: READ player[0] rec 563 (addr 0x7018025F)
*** RESERVED ACCESS [QUEST]: WRITE player[0] rec 563 (addr 0x7018025F)
*** RESERVED ACCESS [QUEST]: READ player[0] rec 564 (addr 0x70180260)
*** RESERVED ACCESS [QUEST]: WRITE player[0] rec 564 (addr 0x70180260)
*** RESERVED ACCESS [QUEST]: READ player[0] rec 563 (addr 0x7018025F)
*** RESERVED ACCESS [QUEST]: WRITE player[0] rec 563 (addr 0x7018025F)
*** RESERVED ACCESS [QUEST]: READ player[0] rec 564 (addr 0x70180260)
*** RESERVED ACCESS [QUEST]: WRITE player[0] rec 564 (addr 0x70180260)
*** RESERVED ACCESS [QUEST]: WRITE player[0] rec 660 (addr 0x701802C0)
*** RESERVED ACCESS [QUEST]: WRITE player[0] rec 660 (addr 0x701802C0)
*** RESERVED ACCESS [QUEST]: WRITE player[0] rec 683 (addr 0x701802D7)
*** RESERVED ACCESS [QUEST]: READ player[0] rec 660 (addr 0x701802C0)
*** RESERVED ACCESS [QUEST]: READ player[0] rec 555 (addr 0x70180257)
*** RESERVED ACCESS [QUEST]: READ player[0] rec 556 (addr 0x70180258)
*** RESERVED ACCESS [QUEST]: READ player[0] rec 557 (addr 0x70180259)
*** RESERVED ACCESS [QUEST]: WRITE player[0] rec 683 (addr 0x701802D7)
*** RESERVED ACCESS [QUEST]: READ player[0] rec 660 (addr 0x701802C0)
*** RESERVED ACCESS [QUEST]: READ player[0] rec 555 (addr 0x70180257)
*** RESERVED ACCESS [QUEST]: READ player[0] rec 556 (addr 0x70180258)
*** RESERVED ACCESS [QUEST]: READ player[0] rec 557 (addr 0x70180259)
*** RESERVED ACCESS [QUEST]: READ player[0] rec 558 (addr 0x7018025A)
*** RESERVED ACCESS [QUEST]: READ player[0] rec 559 (addr 0x7018025B)
*** RESERVED ACCESS [QUEST]: READ player[0] rec 560 (addr 0x7018025C)
*** RESERVED ACCESS [QUEST]: READ player[0] rec 561 (addr 0x7018025D)
*** RESERVED ACCESS [QUEST]: READ player[0] rec 562 (addr 0x7018025E)
*** RESERVED ACCESS [QUEST]: READ player[0] rec 558 (addr 0x7018025A)
*** RESERVED ACCESS [QUEST]: READ player[0] rec 559 (addr 0x7018025B)
*** RESERVED ACCESS [QUEST]: READ player[0] rec 560 (addr 0x7018025C)
*** RESERVED ACCESS [QUEST]: READ player[0] rec 561 (addr 0x7018025D)
*** RESERVED ACCESS [QUEST]: READ player[0] rec 562 (addr 0x7018025E)
*** RESERVED ACCESS [QUEST]: READ player[0] rec 563 (addr 0x7018025F)
*** RESERVED ACCESS [QUEST]: READ player[0] rec 564 (addr 0x70180260)
*** RESERVED ACCESS [QUEST]: READ player[0] rec 555 (addr 0x70180257)
*** RESERVED ACCESS [QUEST]: WRITE player[0] rec 555 (addr 0x70180257)
*** RESERVED ACCESS [QUEST]: READ player[0] rec 556 (addr 0x70180258)
*** RESERVED ACCESS [QUEST]: WRITE player[0] rec 556 (addr 0x70180258)
*** RESERVED ACCESS [QUEST]: READ player[0] rec 557 (addr 0x70180259)
*** RESERVED ACCESS [QUEST]: WRITE player[0] rec 557 (addr 0x70180259)
*** RESERVED ACCESS [QUEST]: READ player[0] rec 558 (addr 0x7018025A)
*** RESERVED ACCESS [QUEST]: WRITE player[0] rec 558 (addr 0x7018025A)
*** RESERVED ACCESS [QUEST]: READ player[0] rec 563 (addr 0x7018025F)
*** RESERVED ACCESS [QUEST]: READ player[0] rec 564 (addr 0x70180260)
*** RESERVED ACCESS [QUEST]: READ player[0] rec 555 (addr 0x70180257)
*** RESERVED ACCESS [QUEST]: WRITE player[0] rec 555 (addr 0x70180257)
*** RESERVED ACCESS [QUEST]: READ player[0] rec 556 (addr 0x70180258)
*** RESERVED ACCESS [QUEST]: WRITE player[0] rec 556 (addr 0x70180258)
*** RESERVED ACCESS [QUEST]: READ player[0] rec 557 (addr 0x70180259)
*** RESERVED ACCESS [QUEST]: WRITE player[0] rec 557 (addr 0x70180259)
*** RESERVED ACCESS [QUEST]: READ player[0] rec 558 (addr 0x7018025A)
*** RESERVED ACCESS [QUEST]: WRITE player[0] rec 558 (addr 0x7018025A)
*** RESERVED ACCESS [QUEST]: READ player[0] rec 559 (addr 0x7018025B)
*** RESERVED ACCESS [QUEST]: WRITE player[0] rec 559 (addr 0x7018025B)
*** RESERVED ACCESS [QUEST]: READ player[0] rec 560 (addr 0x7018025C)
*** RESERVED ACCESS [QUEST]: WRITE player[0] rec 560 (addr 0x7018025C)
*** RESERVED ACCESS [QUEST]: READ player[0] rec 561 (addr 0x7018025D)
*** RESERVED ACCESS [QUEST]: WRITE player[0] rec 561 (addr 0x7018025D)
*** RESERVED ACCESS [QUEST]: READ player[0] rec 562 (addr 0x7018025E)
*** RESERVED ACCESS [QUEST]: WRITE player[0] rec 562 (addr 0x7018025E)
*** RESERVED ACCESS [QUEST]: READ player[0] rec 563 (addr 0x7018025F)
*** RESERVED ACCESS [QUEST]: WRITE player[0] rec 563 (addr 0x7018025F)
*** RESERVED ACCESS [QUEST]: READ player[0] rec 564 (addr 0x70180260)
*** RESERVED ACCESS [QUEST]: WRITE player[0] rec 564 (addr 0x70180260)
*** RESERVED ACCESS [QUEST]: READ player[0] rec 559 (addr 0x7018025B)
*** RESERVED ACCESS [QUEST]: WRITE player[0] rec 559 (addr 0x7018025B)
*** RESERVED ACCESS [QUEST]: READ player[0] rec 560 (addr 0x7018025C)
*** RESERVED ACCESS [QUEST]: WRITE player[0] rec 560 (addr 0x7018025C)
*** RESERVED ACCESS [QUEST]: READ player[0] rec 561 (addr 0x7018025D)
*** RESERVED ACCESS [QUEST]: WRITE player[0] rec 561 (addr 0x7018025D)
*** RESERVED ACCESS [QUEST]: READ player[0] rec 562 (addr 0x7018025E)
*** RESERVED ACCESS [QUEST]: WRITE player[0] rec 562 (addr 0x7018025E)
*** RESERVED ACCESS [QUEST]: READ player[0] rec 563 (addr 0x7018025F)
*** RESERVED ACCESS [QUEST]: WRITE player[0] rec 563 (addr 0x7018025F)
*** RESERVED ACCESS [QUEST]: READ player[0] rec 564 (addr 0x70180260)
*** RESERVED ACCESS [QUEST]: WRITE player[0] rec 564 (addr 0x70180260)
RTStubs: INJECT firing at 7016A896: O?SIGNAL(type=-1, key2=0, code=2006)
RTStubs: INJECT firing at 7016A896: O?SIGNAL(type=-1, key2=0, code=2006)
Lockstep: ordinal 0 DETACHED at 7017F036 (?FATAL) — clone halted, master continues unverified
Exception: Unimplemented system call 0351
Exception: INTWT interrupted
Unregistering process 102
OPEN Channel 1, path :QUEST.PR modified: 0
OPEN Channel 2, path :SHARED_DATA_FILE modified: 1
OPEN Channel 3, path :WORLD_DATA_FILE modified: 1
OPEN Channel 4, path :CASTLE_DATA_FILE modified: 1
