FS load - skipping 'ArgWindows$Site.class', invalid file name
FS load - skipping 'ArgWindows$Instr.class', invalid file name
FS load - skipping 'quest-rt.addrs', invalid file name
FS load - skipping 'quest-rt.dis', invalid file name
FS load - skipping 'pack-3cdeb3f3157c8849e5173ec6d86c26dc6e6cfd84.rev', invalid file name
FS load - skipping 'pack-3cdeb3f3157c8849e5173ec6d86c26dc6e6cfd84.pack', invalid file name
FS load - skipping 'pack-3cdeb3f3157c8849e5173ec6d86c26dc6e6cfd84.idx', invalid file name
FS load - skipping 'packed-refs', invalid file name
FS load - skipping 'pre-applypatch.sample', invalid file name
FS load - skipping 'commit-msg.sample', invalid file name
FS load - skipping 'sendemail-validate.sample', invalid file name
FS load - skipping 'prepare-commit-msg.sample', invalid file name
FS load - skipping 'pre-rebase.sample', invalid file name
FS load - skipping 'pre-merge-commit.sample', invalid file name
FS load - skipping 'pre-receive.sample', invalid file name
FS load - skipping 'pre-push.sample', invalid file name
FS load - skipping 'applypatch-msg.sample', invalid file name
FS load - skipping 'push-to-checkout.sample', invalid file name
FS load - skipping 'post-update.sample', invalid file name
FS load - skipping 'pre-commit.sample', invalid file name
FS load - skipping 'fsmonitor-watchman.sample', invalid file name
FS load - skipping '002-smoke.sh', invalid file name
FS load - skipping '004-tools-argwindows.sh', invalid file name
FS load - skipping '001-smoke.sh', invalid file name
FS load - skipping '003-smoke.sh', invalid file name
FS load - skipping 'PostM3b-FlatGraph.md', invalid file name
FS load - skipping 'i_alloc-master.txt', invalid file name
FS load - skipping 'i_freew-master.txt', invalid file name
FS load - skipping '004-tools-argwindows', invalid file name
FS load - skipping '001-smoke', invalid file name
FS load - skipping '002-smoke', invalid file name
FS load - skipping '003-smoke', invalid file name
:WORK:C_SRC:RUNTIME:LIB_ERROR.D
:WORK:C_SRC:EMU_RT:CREATE_TASK.CPP
:WORK:DG_QUEST:OS:FS.JAVA
:TOOLS:OS:OS.CLASS
:WORK:C_SRC:TOOLS
:WORK:C_SRC:EMU_QUEST:OWNS.CPP
:WORK:DOCS:PROJECT13:EVIDENCE:REDIRECT_B1R_ABORT.LOG
:.GIT:REFS:REMOTES:ORIGIN:MAIN
:WORK:C_SRC:OS:FS.O
:.GITIGNORE
:WORK:C_SRC:HW:MEMORY.CPP
:WORK:C_SRC:RUNTIME:LIB_ERROR.O
:WORK:C_SRC:TYPES:WORD.HPP
:WORK:DOCS:PROJECT13:EVIDENCE:GCALLS_B2R_ABORT.LOG
:WORK:C_SRC:HW:PAGESET.HPP
:WORK:DOCS:CODE.MD
:WORK:C_SRC:OS:OSERROR.CPP
:.GIT:OBJECTS:EE:DA166F8DF3338795524DD6BA8648CD31242E32
:WORK:C_SRC:EMU_QUEST:UPDATE_SCREENS.HPP
:WORK:DG_QUEST:OS:UTILITY.JAVA
:WORK:DOCS:LOCKSTEPHARNESS.MD
:WORK:C_SRC:EMU_RT:RANDOM_NUMBER.CPP
:WORK:C_SRC:EMU_RT:GET_SHARED_PAGE.HPP
:WORK:C_SRC:RT:RECREATE_FILE.HPP
:WORK:DOCS:NEXTSESSION.PREV.MD
:TOOLS:OS:FSPAGEDFILE.CLASS
:WORK:DOCS:PROJECT12:DRIVE.PY
:WORK:C_SRC:EMU_RT:GET_CURRENT_TIME.CPP
:WORK:C_SRC:STD_TYPES:LOCATION.HPP
:TOOLS:DEBUG:CALLSTACK.JAVA
:WORK:C_SRC:HW:NOVAGENERAL.HPP
:WORK:DOCS:CONSOLE_INTERRUPT.MD
:WORK:DOCS:PROJECT13:EVIDENCE:DIV_B2R_M.TXT
:WORK:C_SRC:LAUNCH
:WORK:C_SRC:HW:EAGLECOMPUTE.D
:WORK:DOCS:PROJECT14:REPORT.MD
:.GIT:HOOKS:UPDATE.SAMPLE
:WORK:C_SRC:OS:FS.D
:WORK:DOCS:PROJECT13:EVIDENCE:REDIRECT_B2R_M5.LOG
:WORK:C_SRC:EMU_RT:OPEN_SHARED_IO_FILE.CPP
:WORK:C_SRC:EMU_TYPES:LOCATION.CPP
:TOOLS:HW:BLOCK.JAVA
:TOOLS:OS:OSQUEUE.JAVA
:WORK:DG_QUEST:HW:EAGLECOMPUTE.JAVA
:WORK:C_SRC:QUEST:THIEF.CPP
:
:WORK:C_SRC:HW:EAGLECOMPUTE.O
:WORK:C_SRC:OS:OSCONTEXTFS.D
:WORK:C_SRC:HW:EAGLECOMPUTE.HPP
:WORK:C_SRC:RT:WRITE.CPP
:WORK:C_SRC:OS:LOCKSTEPMEDIATOR.HPP
:.GIT:OBJECTS:02
:WORK:C_SRC:TOOLS:XCT_TEST.CPP
:WORK:C_SRC:OS:OSCONTEXTSYSTEM.O
:.GIT:OBJECTS:0D
:WORK:C_SRC:EMU_TYPES:WIDE.CPP
:.GIT:OBJECTS:0F
:WORK:C_SRC:RUNTIME:DEF_ON.CPP
:WORK:C_SRC:STD_TYPES:BIT.HPP
:WORK:DOCS:PROJECT10:REPORT.MD
:.GIT:REFS:REMOTES:ORIGIN:HEAD
:WORK:C_SRC:RUNTIME:O_SIGNAL.CPP
:WORK:C_SRC:OS:PROBESUPPRESSIONS.HPP
:WORK:DOCS:PROJECT1:DRIVE_MOVE2.PY
:WORK:DOCS:SESSIONPLAN.MD
:WORK:C_SRC:EMU_RT:CHAR_TO_UNSIGNED.HPP
:WORK:DOCS:PROJECT13:EVIDENCE:REDIRECT_B1R_PLAY.LOG
:WORK:C_SRC:EMU_RT:WRITE.CPP
:WORK:C_SRC:EMU_TYPES:WORD.CPP
:WORK:C_SRC:OS:OSCONTEXTSHARED.CPP
:WORK:C_SRC:PROBE_SUPPRESSIONS.TXT
:TOOLS:HW:EAGLESTACK.JAVA
:TOOLS:HW:SEGMENT.CLASS
:.GIT:OBJECTS:1A
:WORK:C_SRC:OS:OSCONTEXTSYSTEM.D
:.GIT:OBJECTS:1E
:WORK:C_SRC:EMU_TYPES:OPERATINGSYSTEM.HPP
:TOOLS:OS:MAPPEDPAGE.JAVA
:WORK:DOCS:PROJECT13:EVIDENCE:DIV_B2R_M2_ONEPAST.TXT
:.GIT:OBJECTS:1C
:.GIT:OBJECTS:1D
:WORK:DG_QUEST:OS:ARRAYPAGE.JAVA
:WORK:DOCS:NEXTSESSION.MD
:WORK:C_SRC:EMU_QUEST:GET_OBJECT_INDEX.HPP
:WORK:DOCS:PROJECT13:EVIDENCE:GCALLS_B1R_M.LOG
:WORK:C_SRC:RT:READ_SCREEN.HPP
:WORK:DOCS:PROJECT14:PROMPT.MD
:.GIT:REFS
:WORK:C_SRC:HW:INSTRUCTION.O
:.GIT:OBJECTS:25
:WORK:C_SRC:RT:RANDOM_NUMBER.CPP
:WORK:C_SRC:OS:MIRRORPAGE.D
:WORK:C_SRC:EMU_TYPES:BYTEARRAY.HPP
:WORK:DG_QUEST:OS:OSCONTEXTSHARED.JAVA
:WORK:C_SRC:HW:EAGLESPECIAL.HPP
:WORK:C_SRC:HW:QUEUEENTRY.D
:WORK:C_SRC:OS:OSCONTEXTIPC.CPP
:.GIT:LOGS:HEAD
:WORK:DG_QUEST:HW:ECLIPSECOMPUTE.JAVA
:TOOLS:FOLLOW.JAVA
:WORK:C_SRC:HW:QUEUEENTRY.O
:WORK:DOCS:PROJECT12:EVIDENCE:RTCALLS_READIN_M.LOG
:WORK:C_SRC:HW:INSTRUCTION.CPP
:WORK:C_SRC:OS:LOCKSTEPMEDIATOR.O
:TOOLS:HW:EAGLECOMPUTE.CLASS
:TOOLS:HW:MACHINE.JAVA
:.GIT:REFS:REMOTES:ORIGIN
:WORK:DG_QUEST:HW:EAGLEINSTRUCTION.JAVA
:WORK:DG_QUEST:OS:FSPAGEDIO.JAVA
:WORK:C_SRC:RT:IPC_SEND_RECEIVE.HPP
:WORK:DOCS:PROJECT1:DRIVE_MOVE.PY
:TOOLS:HW:EAGLECOMPUTE.JAVA
:WORK:C_SRC:DEBUG:MEMORYDUMPER.HPP
:DISASSEMBLED:QUEST.MEM
:WORK:DOCS:CHANGE_FATAL_SYSCALLS.MD
:WORK:C_SRC:OS:MIRRORPAGE.O
:WORK:C_SRC:HW:INSTRUCTION.D
:WORK:DOCS:CROSSINGSCHECKER.MD
:WORK:C_SRC:OS:OSCONTEXTFS.O
:WORK:DOCS:GAME_CONCEPTS
:TASKS
:.GIT:OBJECTS:47
:WORK:C_SRC:HW:ADDRESSBOOK.CPP
:WORK:C_SRC:RUNTIME:FILL_WORDS.D
:TOOLS:OS:OSCONTEXTSYSTEM.CLASS
:WORK:C_SRC:HW:NOVACOMPUTE.HPP
:WORK:DOCS:GAME_REFERENCE.MD
:TOOLS:DEBUG:SYMBOLTABLE.JAVA
:WORK:C_SRC:OS:LOCKSTEPMEDIATOR.D
:WORK:DOCS:PROJECT10:PROMPT.MD
:WORK:DOCS:PROJECT13:EVIDENCE:HIJACK_B2_M.LOG
:TOOLS:HW:EAGLEINSTRUCTION.JAVA
:TOOLS:OS:FSCHANNEL.CLASS
:WORK:C_SRC:EMU_RT:RECREATE_FILE.HPP
:WORK:C_SRC:HW:EAGLEFLOAT.HPP
:WORK:C_SRC:RT:CHAR_TO_UNSIGNED.HPP
:WORK:C_SRC:RUNTIME:FILL_WORDS.O
:WORK:C_SRC:HW:LEFINSTRUCTION.HPP
:WORK:C_SRC:RT:SQR31.CPP
:WORK:C_SRC:EMU_RT:CONNECT.HPP
:WORK:C_SRC:RUNTIME:FRAMES.D
:.GIT:OBJECTS:58
:WORK:C_SRC:RUNTIME:O_ON.D
:WORK:C_SRC:RUNTIME:CHECK_ERROR_HANDLER.D
:WORK:C_SRC:RT:CURRENT_PID.CPP
:WORK:DOCS:PROJECT14:EVIDENCE
:WORK:DOCS:README.MD
:DISASSEMBLED:QUEST.TARGETS
:TOOLS:OS:UTILITY.JAVA
:WORK:DOCS:PROJECT13:EVIDENCE:HIJACK_B1_ABORT.LOG
:WORK:C_SRC:RT:DELAY.CPP
:WORK:C_SRC:RT:WRITE_SCREEN.HPP
:WORK:C_SRC:RUNTIME:O_ON.O
:WORK:DOCS:PROJECT13:EVIDENCE:HIJACK_B1_M.LOG
:WORK:C_SRC:RUNTIME:CHECK_ERROR_HANDLER.O
:TOOLS:ARGWINDOWS.JAVA
:WORK:C_SRC:HW:EAGLESTACK.O
:DISASSEMBLED:QUEST.SYMBOLS
:WORK:C_SRC:HW:EAGLESTACK.D
:WORK:C_SRC:TYPES:LOCATION.HPP
:WORK:C_SRC:RUNTIME:MV_ERROR_HANDLER.CPP
:WORK
:WORK:C_SRC:OS:OSCONTEXTSHARED.O
:WORK:C_SRC:OS:OSMESSAGE.O
:WORK:DG_QUEST
:WORK:C_SRC:EMU_QUEST:THIEF.CPP
:WORK:DOCS:PROJECT14:EVIDENCE:REDIRECT_P14_B2_M.LOG
:WORK:C_SRC:HW:RTSTUBS.CPP
:WORK:C_SRC:EMU_QUEST:FIND_OBJECT.CPP
:WORK:DG_QUEST:OS:AOSVSSYMBOLS.JAVA
:WORK:C_SRC:OS:OSMESSAGE.D
:WORK:C_SRC:OS:OSCONTEXTSHARED.D
:WORK:DOCS:PROJECT6:NATIVEDESIGN.MD
:TOOLS:OS:UTILITY.CLASS
:WORK:DG_QUEST:HW:MACHINE.JAVA
:TOOLS:HW:LEFINSTRUCTION.CLASS
:WORK:C_SRC:OS:OSCONTEXTTASK.D
:WORK:C_SRC:HW:HW.H
:WORK:C_SRC:EMU_RT:UDIV32.HPP
:WORK:C_SRC:RT:CREATE_IPC_FILE.CPP
:WORK:C_SRC:OS:OSCONTEXTTASK.O
:WORK:C_SRC:RUNTIME:O_ON.HPP
:WORK:C_SRC:QUEST:GAMEOBJECT.HPP
:WORK:C_SRC:RUNTIME:UNSIGNED_TO_CHAR.CPP
:TOOLS:HW:EAGLEFLOAT.CLASS
:WORK:C_SRC:QUEST:PLAYER.HPP
:WORK:DOCS:PROJECT13:EVIDENCE:REDIRECT_B2R_INJ.LOG
:WORK:C_SRC:RUNTIME:CHECK_ERROR_HANDLER.CPP
:WORK:C_SRC:TYPES:WORDARRAY.HPP
:WORK:C_SRC:DEBUG:CAPTURE.O
:WORK:C_SRC:DEBUG:CAPTURE.D
:WORK:C_SRC:RUNTIME:I_LOCK.O
:DISASSEMBLED:QUEST.ADDRS
:WORK:DG_QUEST:DEBUG:CALLSTACK.JAVA
:.GIT:REFS:HEADS:MAIN
:TOOLS:HW:DEFINITION.CLASS
:WORK:DOCS:PROJECT7:PROMPT.MD
:WORK:C_SRC:QUEST:FIND_OBJECT.CPP
:WORK:DOCS:PROJECT13:EVIDENCE:REDIRECT_S0B_INJ.LOG
:WORK:C_SRC:HW:MACHINE.HPP
:TOOLS:OS:OSQUEUE.CLASS
:QUEST:DATA_FILE
:TOOLS:OS:OSCONTEXTTASK.JAVA
:WORK:C_SRC:EMU_QUEST:RETURN_MESSAGE.HPP
:WORK:C_SRC:TYPES:OPERATINGSYSTEM.HPP
:WORK:C_SRC:OS:OSQUEUE.HPP
:TOOLS:HW:PAGE.CLASS
:WORK:C_SRC:HW:EAGLEGENERAL.HPP
:WORK:C_SRC:HW:MACHINETHREAD.CPP
:WORK:DOCS:PROJECT13:EVIDENCE:SUMMARY.TXT
:WORK:C_SRC:TOOLS:SLOT_NAMING.PY
:WORK:C_SRC:EMU_RT:SYSCALL.HPP
:WORK:C_SRC:EMU_RT:SQR31.CPP
:WORK:DG_QUEST:LAUNCH.JAVA
:WORK:C_SRC:EMU_RT:AWAIT_CONSOLE_INTERRUPT.HPP
:WORK:DG_QUEST:OS:OSQUEUE.JAVA
:TOOLS:HEXDUMP.JAVA
:WORK:DG_QUEST:HW:INSTRUCTION.JAVA
:WORK:C_SRC:HW:QUEUEENTRY.HPP
:WORK:C_SRC:OS:OSCONTEXT.CPP
:WORK:C_SRC:DEBUG:DISASSEMBLER.CPP
:WORK:C_SRC:QUEST:DIST.CPP
:WORK:C_SRC:EMU_QUEST:DISPLAY_INVENTORY.CPP
:WORK:DG_QUEST:HW:BLOCK.JAVA
:WORK:DOCS:PROJECT6:TOOLS:SCAN1_FULL_BAND.PY
:TOOLS:OS:AOSVSSYMBOLS.JAVA
:WORK:DOCS:M4BNOTES.MD
:WORK:C_SRC:RT:AWAIT_CONSOLE_INTERRUPT.CPP
:WORK:C_SRC:DEBUG:CAPTURE.CPP
:TOOLS:HW:DECODER.JAVA
:TOOLS:OS
:.GIT:OBJECTS:C9:C1DF176539450EB6A042336BEEA400A5435894
:WORK:C_SRC:EMU_TYPES:VARYINGSTRING.CPP
:WORK:C_SRC:OS:FSDIRECTORY.D
:WORK:C_SRC:OS:FSDIRECTORY.O
:WORK:C_SRC:HW:EAGLEINSTRUCTION.HPP
:WORK:DOCS:PROJECT8:PROMPT.MD
:WORK:C_SRC:RUNTIME:ERROR_HANDLER.HPP
:WORK:C_SRC:RUNTIME:P_DEFON.HPP
:TOOLS:HW:EAGLEINSTRUCTION.CLASS
:WORK:C_SRC:HW:MAPPER.D
:WORK:C_SRC:HW:MAPPER.O
:TOOLS:OS:LAUNCHABLE.JAVA
:WORK:C_SRC:RT:UNSIGNED_TO_CHAR.HPP
:WORK:DOCS:PROJECT6:TOOLS:SCAN1_NO_L1_READER.PY
:.GIT:BRANCHES
:WORK:DG_QUEST:OS:FSCHANNEL.JAVA
:WORK:DOCS:CHECKERHISTORY.MD
:WORK:DOCS:PROJECT12:EVIDENCE
:WORK:C_SRC:OS:OSCONTEXTFS.CPP
:TOOLS:HW:PERMISSIONS.CLASS
:WORK:C_SRC:OS:MAPPEDPAGE.CPP
:WORK:C_SRC:TYPES:BIT.HPP
:TOOLS:OS:OSPROCESS.JAVA
:TOOLS:STARTSTOP.CLASS
:WORK:DG_QUEST:EXPERIMENT:MAPPED.JAVA
:WORK:C_SRC:OS:OSCONTEXTSYSTEM.CPP
:WORK:C_SRC:QUEST:DISPLAY_MAGIC.HPP
:DISASSEMBLED:QUEST.DIS
:WORK:C_SRC:RUNTIME:LIB_ERROR.HPP
:TOOLS:DISASSEMBLE.CLASS
:WORK:DG_QUEST:HW:NOVACOMPUTE.JAVA
:WORK:DG_QUEST:OS:OSERROR.JAVA
:WORK:C_SRC:HW:MAPPER.HPP
:WORK:C_SRC:EMU_QUEST
:WORK:C_SRC:EMU_RT:DELAY.CPP
:TOOLS:DEBUG:OLDDISASSEMBLER.JAVA
:TOOLS:OS:OSSHAREDPAGESOURCE.JAVA
:WORK:C_SRC:HW:NOVAIO.HPP
:WORK:C_SRC:OS:TRACE.CPP
:WORK:DOCS:PROJECT13:EVIDENCE:REDIRECT_B2R_FO.LOG
:TOOLS:HW:BLOCK.CLASS
:WORK:C_SRC:EMU_TYPES
:WORK:C_SRC:HW:MACHINETHREAD.D
:WORK:DOCS:PROJECT15:PROMPT.MD
:WORK:C_SRC:OS:OSPROCESS.CPP
:TOOLS:OS:OSCONTEXTSHARED.JAVA
:.GIT:OBJECTS:1E:7CFA87621CC35C9FF75EE60DCB9814B2CE89FA
:WORK:C_SRC:HW:MACHINETHREAD.HPP
:TOOLS:HW:EAGLEGENERAL.CLASS
:WORK:DG_QUEST:DEBUG:SYMBOLTABLE.JAVA
:WORK:C_SRC:OS:FSTERMINAL.HPP
:WORK:C_SRC:EMU_TYPES:WORDARRAY.HPP
:WORK:C_SRC:OS:MIRRORPAGE.HPP
:WORK:C_SRC:QUEST:RANDOM.HPP
:.GIT:OBJECTS:CE:99AB8E242664F7A5424F680A579BAB5EE8A4C5
:WORK:DG_QUEST:HW:DEFINITION.JAVA
:.GIT:INFO
:WORK:C_SRC:RUNTIME:DEF_ON.D
:WORK:C_SRC:OS:OSERROR.D
:WORK:C_SRC:EMU_RT:READ.CPP
:WORK:C_SRC:EMU_QUEST:INIT_SHARED_DATA.CPP
:.GIT:CONFIG
:WORK:C_SRC:EMU_RT:UMUL32.HPP
:WORK:C_SRC:EMU_RT:CURRENT_PID.CPP
:.GIT:OBJECTS
:WORK:C_SRC:EMU_RT:CHAR_TO_BIT.HPP
:WORK:C_SRC:RUNTIME:DEF_ON.O
:WORK:C_SRC:OS:OSERROR.O
:WORK:DG_QUEST:OS:OSTASK.JAVA
:WORK:C_SRC:EMU_QUEST:DISPLAY_MAGIC.CPP
:WORK:C_SRC:HW:MACHINETHREAD.O
:WORK:DOCS:PROJECT14:EVIDENCE:REDIRECT_P14_B2_ABORT.LOG
:WORK:C_SRC:RUNTIME:MV_ERROR_HANDLER.HPP
:.GIT:OBJECTS:69:B9FCA1945D279DEB1B7823EB1CAE190FF528AB
:TOOLS:HW:PAGE.JAVA
:TOOLS:OS:OSMESSAGE.CLASS
:WORK:DG_QUEST:EXPERIMENT
:WORK:C_SRC:OS:OSCONTEXT.HPP
:.GIT:LOGS:REFS:REMOTES:ORIGIN:MAIN
:WORK:DG_QUEST:QUEST_FIXED:WORLD_DATA_FILE
:QUEST:FIXUP_OBJECTS.PR
:.GIT:LOGS:REFS:REMOTES:ORIGIN
:TOOLS:DEBUG
:WORK:C_SRC:OS:FSOBJECT.HPP
:WORK:C_SRC:RUNTIME:O_AREA.HPP
:WORK:C_SRC:RUNTIME:NATIVE_ERROR_HANDLER.HPP
:WORK:C_SRC:RUNTIME:MV_ERROR_HANDLER.D
:WORK:DOCS:QUEUE_INSTRUCTIONS.MD
:.GIT:REFS:TAGS
:WORK:DOCS:M4ADESIGN.MD
:WORK:C_SRC:QUEST:DIST.HPP
:.GIT:OBJECTS:D3:C805C8D470F07F1B3F17ABE7C2753D9E41506D
:WORK:C_SRC:RT:AWAIT_CONSOLE_INTERRUPT.HPP
:WORK:C_SRC:OS:FSFILE.CPP
:WORK:C_SRC:RUNTIME:MV_ERROR_HANDLER.O
:WORK:C_SRC:RUNTIME:I_ALLOC.HPP
:QUEST:SAVE_USER.ST
:.GIT:LOGS:REFS:REMOTES:ORIGIN:HEAD
:WORK:BRIEF.TXT
:.GIT:OBJECTS:1D:046EE7A398D0659F0E3057824406FDC7AD7C01
:WORK:DOCS:PROJECT14:EVIDENCE:SUMMARY_P14.TXT
:WORK:C_SRC:DEBUG:CAPTURE.HPP
:WORK:DOCS:PROJECT13:EVIDENCE:GCALLS_B2R_FO.LOG
:.GIT:OBJECTS:9D:15CD1EBA765DD48223950B587DFFE028DBB2C0
:TOOLS:OS:OSCONTEXT.CLASS
:WORK:DG_QUEST:QUEST_FIXED
:WORK:C_SRC:HW:EAGLEINSTRUCTION.CPP
:TOOLS
:.GIT:OBJECTS:INFO
:WORK:C_SRC:OS:LOCKSTEPMEDIATOR.CPP
:WORK:DOCS:PROJECT13:EVIDENCE:DIV_B2_PLAY.TXT
:WORK:C_SRC:DEBUG:CALLSTACK.O
:WORK:DOCS:PROJECT13:EVIDENCE:QUEST.ADDRBOOK.BATCH2
:WORK:DOCS:I_ALLOC.MD
:WORK:C_SRC:RUNTIME:I_LOCK.CPP
:PER
:WORK:C_SRC:OS:OSMESSAGE.HPP
:DISASSEMBLED:QUEST.ARGMAP
:WORK:DOCS:PROJECT12:RUN.SH
:WORK:C_SRC:DEBUG
:WORK:DOCS:PROJECT1:PROMPT.MD
:WORK:C_SRC:OS:PROBESUPPRESSIONS.CPP
:WORK:C_SRC:OS:FSPAGEDFILE.HPP
:WORK:C_SRC:QUEST:RETURN_MESSAGE.HPP
:WORK:C_SRC:RUNTIME:I_LOCK.D
:WORK:DOCS:PROJECT13:EVIDENCE:GCALLS_B1R_INJ.LOG
:WORK:DOCS:PROJECT13:EVIDENCE:REDIRECT_B1R_FO.LOG
:WORK:C_SRC:RT:GET_SHARED_PAGE.HPP
:WORK:DOCS:PROJECT13:EVIDENCE:GCALLS_B1R_ABORT.LOG
:WORK:DOCS:PROJECT13:EVIDENCE:HIJACK_B1_INJ.LOG
:WORK:DOCS:PROJECT13:EXPLORE.SH
:WORK:DOCS:PROJECT13:EVIDENCE:REDIRECT_B2R_PLAY.LOG
:.GIT:OBJECTS:58:55B758519CFFC25364597057F5EE38F845983D
:WORK:C_SRC:EMU_RT
:.GIT:OBJECTS:7E:C58F5CD1FF35AA8E017491CE4BD4B72462ED11
:TOOLS:DISASSEMBLEBLOCKS.JAVA
:WORK:C_SRC:HW:ADDRESSBOOK.D
:WORK:C_SRC:RT:READ.HPP
:WORK:C_SRC:HW:ADDRESSBOOK.O
:TOOLS:OS:ARRAYPAGE.CLASS
:WORK:C_SRC:EMU_QUEST:UPDATE_SCREENS.CPP
:TOOLS:HW:READWRITE.CLASS
:WORK:DOCS:PROJECT14:EVIDENCE:QUEST.ADDRBOOK.BATCH1
:TOOLS:OS:FSTERMINAL.JAVA
:TOOLS:HW:READWRITE.JAVA
:WORK:C_SRC:EMU_RT:LOOKUP_PORT.CPP
:WORK:DOCS:PROJECT12:EVIDENCE:RTCALLS_READIN_INJ.LOG
:TOOLS:HW:DECODER.CLASS
:WORK:C_SRC:QUEST:OWNS.CPP
:WORK:DOCS:PROJECT12:EVIDENCE:HIJACK_READIN_FO.LOG
:TOOLS:OS:AOSVSSYMBOLS.CLASS
:WORK:C_SRC:HW:NATIVEREGISTRY.O
:WORK:C_SRC:HW:DECODER.HPP
:WORK:C_SRC:OS:ARRAYPAGE.CPP
:WORK:DOCS:PROJECT6:PROMPT.MD
:WORK:DOCS:PROJECT13:EVIDENCE:REDIRECT_B2R_M.LOG
:WORK:DOCS:UNSIGNED_TO_CHAR.MD
:WORK:C_SRC:HW:NATIVEREGISTRY.D
:.GIT:OBJECTS:0F:FCD7136BD087625B18F6A5D6838C7C9E278930
:TOOLS:HW
:WORK:DG_QUEST:DEBUG:CALL.JAVA
:WORK:C_SRC:RUNTIME
:WORK:C_SRC:OS:OSCONTEXT.D
:WORK:C_SRC:EMU_QUEST:RANDOM.CPP
:WORK:C_SRC:RT:CREATE_TASK.HPP
:WORK:C_SRC:RUNTIME:P_DEFON.CPP
:WORK:DOCS:ON_ERROR_CATALOG.MD
:WORK:DOCS:PROJECT13:EXPLORE.PY
:TOOLS:HW:QUEUEENTRY.CLASS
:WORK:DOCS:PROJECT13:EVIDENCE:HIJACK_B2_PLAY.LOG
:WORK:C_SRC:RUNTIME:FRAMES.O
:TOOLS:STARTSTOP.JAVA
:WORK:C_SRC:EMU_QUEST:DIST.HPP
:WORK:C_SRC:TOOLS:DATAFLOW.PY
:WORK:C_SRC:OS:OSCONTEXT.O
:WORK:DOCS:M3PLAN.MD
:WORK:DOCS:PROJECT13:EVIDENCE:DIV_B2R_M4_ATFLAG.TXT
:WORK:DG_QUEST:OS:FSSTREAMEDFILE.JAVA
:.GIT:LOGS:REFS:HEADS
:.GIT:LOGS
:WORK:DOCS:PROJECT6:TOOLS
:TOOLS:OS:OSSHAREDPAGESOURCE.CLASS
:WORK:C_SRC:MAKEFILE
:WORK:C_SRC:EMU_RT:CLOSE_FILE.CPP
:WORK:DOCS:PROJECT12:EVIDENCE:HIJACK_READIN_M.LOG
:WORK:C_SRC:RUNTIME:R_SIGNAL.CPP
:WORK:C_SRC:TOOLS:QUEUE_TEST.CPP
:WORK:C_SRC:OS:FSCHANNEL.HPP
:WORK:C_SRC:EMU_QUEST:PLAYER.HPP
:WORK:DOCS:PROJECT5:PROMPT.MD
:WORK:C_SRC:RUNTIME:LIB_ERROR.CPP
:WORK:DOCS:SQR31.MD
:WORK:C_SRC:QUEST:DISPLAY_INVENTORY.HPP
:WORK:C_SRC:HW:DEFINITION.HPP
:WORK:DOCS:PORTINGPLAN.MD
:TOOLS:HW:INSTRUCTION.CLASS
:DISASSEMBLED
:WORK:C_SRC:QUEST:UPDATE_SCREENS.HPP
:TOOLS:HW:DEFINITION.JAVA
:WORK:DG_QUEST:OS:FSTERMINAL.JAVA
:WORK:C_SRC:EMU_RT:DELAY.HPP
:WORK:C_SRC:RT:WRITE_SCREEN.CPP
:WORK:C_SRC:OS:OS.D
:WORK:C_SRC:TYPES:BYTEARRAY.HPP
:WORK:DOCS:LAYERING.MD
:WORK:C_SRC:OS:OSPROCESS.D
:WORK:C_SRC:HW:ECLIPSECOMPUTE.HPP
:WORK:DOCS:PROJECT6.5:REPORT.MD
:WORK:C_SRC:HW:EAGLEINTEGRATION.HPP
:WORK:C_SRC:TYPES:STDSTRING.HPP
:WORK:C_SRC:EMU_TYPES:LOCATION.HPP
:WORK:DOCS:PLAN.MD
:WORK:C_SRC:DEBUG:MEMORYDUMPER.CPP
:WORK:C_SRC:LAUNCH.CPP
:WORK:DG_QUEST:OS:FSCONSOLE.JAVA
:WORK:C_SRC:EMU_RT:READ_SCREEN.CPP
:WORK:C_SRC:HW:LOCKSTEP.CPP
:WORK:C_SRC:OS:OS.O
:WORK:DOCS:PROJECT12:EVIDENCE:CENSUS_DUMP.TXT
:WORK:C_SRC:OS:FS.HPP
:WORK:C_SRC:OS:OSPROCESS.O
:QUEST
:.GIT:OBJECTS:84:1E8AA8DF7A3500008146FC81C5F87505A449EA
:WORK:C_SRC:TYPES:SHAREDRANDOMSTATE.HPP
:WORK:C_SRC:EMU_RT:CREATE_IPC_FILE.CPP
:WORK:C_SRC:OS:FSCONSOLE.O
:WORK:C_SRC:EMU_RT:TRANSLATE.CPP
:WORK:C_SRC:RT:OPEN_SHARED_IO_FILE.CPP
:WORK:DG_QUEST:OS:OSCONTEXT.JAVA
:.GIT:HEAD
:WORK:C_SRC:TOOLS:BUILD_ADDRESS_BOOK.PY
:WORK:DOCS:PROJECT11:PROMPT.MD
:WORK:DOCS:ERROR_PROCESSING.MD
:QUEST:USER_DATA_FILE
:WORK:C_SRC:OS:FSCONSOLE.D
:WORK:DOCS:PROJECT13:EVIDENCE:GCALLS_S0B_INJ.LOG
:WORK:C_SRC:HW:NATIVEREGISTRY.CPP
:TOOLS:OS:FSPAGEDIO.JAVA
:WORK:C_SRC:EMU_RT:OPEN_FILE.HPP
:WORK:C_SRC:HW:MACHINE.CPP
:WORK:C_SRC:EMU_RT:WRITE_SCREEN.HPP
:WORK:DOCS:PROJECT13:EVIDENCE:HIJACK_B2_NOLOGON_M.LOG
:.GIT:OBJECTS:AF:44BB08BE10DAF87198A308572BA53F6A7834ED
:WORK:C_SRC:QUEST:REGEN_SPELLS.HPP
:TOOLS:HW:MACHINETHREAD.CLASS
:WORK:DOCS:M5NOTES.MD
:WORK:DOCS:PROJECT2:PROMPT.MD
:TOOLS:DISASSEMBLE.JAVA
:WORK:C_SRC:OS:FSCONSOLE.CPP
:WORK:C_SRC:OS:UTILITY.O
:WORK:C_SRC:RUNTIME:UDIV32.D
:WORK:C_SRC:RT:LOOKUP_PORT.CPP
:WORK:C_SRC:OS:TRACE.O
:WORK:C_SRC:RUNTIME:UDIV32.O
:WORK:C_SRC:OS:UTILITY.D
:WORK:DOCS:PROJECT12:PROMPT.MD
:TOOLS:README.MD
:WORK:DOCS:PROJECT13:EVIDENCE:REDIRECT_B2R_ABORT.LOG
:WORK:C_SRC:TOOLS:STRING_ANNOTATE.PY
:WORK:C_SRC:OS:TRACE.D
:TOOLS:HW:NOVAIO.JAVA
:TOOLS:OS:OSMESSAGE.JAVA
:TOOLS:OS:OSCONTEXTFS.JAVA
:WORK:C_SRC:TOOLS:IR_CONVERT.PY
:WORK:C_SRC:EMU_RT:FILL_WORDS.HPP
:WORK:DOCS:PROJECT13:EVIDENCE:DIV_B2_M.TXT
:WORK:C_SRC:RUNTIME:FILL_WORDS.HPP
:WORK:C_SRC:TYPES:CONTEXT.HPP
:TOOLS:HW:SEGMENT.JAVA
:WORK:C_SRC:OS:AOSVSSYMBOLS.CPP
:WORK:DOCS:PROJECT13:PROMPT.MD
:WORK:C_SRC:OS:OSTASK.CPP
:WORK:C_SRC:HW:EAGLESTACK.HPP
:WORK:DOCS:PROJECT13:EVIDENCE:SUMMARY_B2.TXT
:WORK:C_SRC:RT:CLOSE_FILE.HPP
:WORK:DG_QUEST:OS:FSOBJECT.JAVA
:WORK:DOCS:PROJECT3:PROMPT.MD
:.GIT:LOGS:REFS:HEADS:MAIN
:WORK:DOCS:PROJECT6.5
:WORK:C_SRC:EMU_RT:UDIV32.CPP
:WORK:C_SRC:RT:UMUL32.CPP
:QUEST:SHARED_DATA_FILE
:WORK:C_SRC:DEBUG:SYMBOLTABLE.HPP
:WORK:C_SRC:EMU_TYPES:BIT.CPP
:WORK:C_SRC:HW:RTBRIDGE.HPP
:TOOLS:HW:NOVAGENERAL.CLASS
:WORK:C_SRC:OS:PROBESUPPRESSIONS.D
:TOOLS:DISASSEMBLEBLOCKS.CLASS
:WORK:DG_QUEST:OS:OS.JAVA
:WORK:C_SRC:HW:BLOCK.HPP
:QUEST:CASTLE_DATA_FILE
:WORK:C_SRC:OS:PROBESUPPRESSIONS.O
:WORK:C_SRC:QUEST:UPDATE_SCREENS.CPP
:WORK:DOCS:PROJECT13:EVIDENCE:GCALLS_B1_M.LOG
:.GIT:OBJECTS:D7:CD4E2D12F053670C4D2B5BD9EEE5CF543BF84B
:WORK:DOCS:PROJECT13:EVIDENCE:GCALLS_B1_ABORT.LOG
:TOOLS:HW:PAGESET.JAVA
:.GIT:ORIG_HEAD
:.GIT:REFS:HEADS
:TOOLS:HW:NOVAIO.CLASS
:WORK:DOCS:PROJECT5
:WORK:DOCS:PROJECT6
:TOOLS:DEBUG:MEMORYDUMPER.JAVA
:WORK:DOCS:PROJECT7
:WORK:DOCS:PROJECT8
:WORK:DOCS:PROJECT1
:WORK:C_SRC:TOOLS:FAULT_INJECTION_ON_READ.MD
:WORK:DOCS:PROJECT2
:WORK:C_SRC:OS:OSCONTEXTIPC.O
:WORK:C_SRC:QUEST:INIT_SHARED_DATA.HPP
:WORK:DOCS:PROJECT3
:WORK:DOCS:PROJECT4
:WORK:C_SRC:OS:FS.CPP
:WORK:C_SRC:HW:LOCKSTEP.HPP
:WORK:DOCS:PROJECT9
:TOOLS:HW:PAGESET.CLASS
:WORK:DOCS:PROJECT5:DERIVATION.MD
:TOOLS:HW:EAGLEGENERAL.JAVA
:WORK:C_SRC:HW:EAGLEINTEGRATION.CPP
:WORK:C_SRC:LAUNCH.O
:TOOLS:HW:NOVALEF.CLASS
:WORK:C_SRC:EMU_QUEST:RETURN_MESSAGE.CPP
:TOOLS:OS:FSCHANNEL.JAVA
:WORK:C_SRC:DEBUG:SYMBOLTABLE.CPP
:WORK:C_SRC:EMU_RT:LOOKUP_PORT.HPP
:QUEST:OLD_USER_DATA_FILE
:WORK:DG_QUEST:OS:OSCONTEXTSYSTEM.JAVA
:TOOLS:HW:PERMISSIONS.JAVA
:SYSTEM
:WORK:C_SRC:EMU_QUEST:SHAREDDATA.HPP
:WORK:DOCS:O_ON.MD
:WORK:DG_QUEST:OS
:WORK:DOCS:PROJECT13:EVIDENCE:HIJACK_B2_FO.LOG
:WORK:C_SRC:QUEST:SPELL.HPP
:TOOLS:HW:MEMORY.JAVA
:WORK:DG_QUEST:OS:FSSTREAMIO.JAVA
:WORK:C_SRC:QUEST:DISPLAYCACHE.HPP
:WORK:C_SRC:LAUNCH.D
:TOOLS:OS:OSERROR.CLASS
:WORK:C_SRC:HW:RTSTUBS.HPP
:WORK:C_SRC:EMU_RT:SYSCALL.CPP
:TOOLS:OS:OSTASK.CLASS
:WORK:DG_QUEST:README
:WORK:C_SRC:EMU_QUEST:FIND_OBJECT.HPP
:WORK:DOCS:PROJECT13:EVIDENCE:GCALLS_B1_FO.LOG
:WORK:C_SRC:OS:FSPAGEDFILE.O
:WORK:C_SRC:OS:OSMESSAGE.CPP
:WORK:C_SRC:EMU_QUEST:THIEF.HPP
:WORK:DOCS:PROJECT13:EVIDENCE:REDIRECT_B1R_INJ.LOG
:WORK:C_SRC:OS:FSPAGEDFILE.D
:WORK:C_SRC:EMU_RT:CLOSE_FILE.HPP
:WORK:C_SRC:QUEST:SHAREDDATA.HPP
:TOOLS:OS:OSCONTEXTTASK.CLASS
:WORK:DG_QUEST:OS:FSPAGEDFILE.JAVA
:WORK:DG_QUEST:QUEST_FIXED:DATA_FILE
:WORK:C_SRC:OS:OSCONTEXTTASK.CPP
:WORK:C_SRC:EMU_RT:WRITE_SCREEN.CPP
:TOOLS:HW:NOVACOMPUTE.CLASS
:WORK:DOCS:PROJECT13:EVIDENCE:REDIRECT_S0B_ABORT.LOG
:.GIT:LOGS:REFS
:WORK:C_SRC:HW:DECODER.D
:WORK:C_SRC:OS:FSSTREAMEDFILE.CPP
:WORK:C_SRC:RUNTIME:R_SIGNAL.HPP
:WORK:C_SRC:HW:DECODER.O
:WORK:DOCS:PROJECT6:REVIEW.MD
:WORK:DOCS:PROJECT13:EVIDENCE
:WORK:C_SRC:RUNTIME:O_ON.CPP
:WORK:DG_QUEST:DEBUG:DISASSEMBLER.JAVA
:WORK:DOCS:PROJECT13:ADDRBOOK_REPORT.MD
:TOOLS:OS:FS.JAVA
:WORK:DG_QUEST:OS:OSCONTEXTTASK.JAVA
:WORK:DG_QUEST:QUEST_FIXED:CASTLE_DATA_FILE
:TOOLS:OS:OSTASK.JAVA
:WORK:C_SRC:HW:PAGESET.D
:WORK:C_SRC:HW:EAGLEGENERAL.D
:WORK:DOCS:PROJECT11:PROBE_SPECIMENS.LOG
:WORK:DOCS:ERROR_LIFT_SCOPE.MD
:WORK:C_SRC:OS:OSTASK.HPP
:QUEST:QUEST_SERVER.PR
:WORK:DOCS:PROJECT13:EVIDENCE:GCALLS_S0B_M.LOG
:TOOLS:OS:FSFILE.JAVA
:WORK:C_SRC:HW:EAGLEGENERAL.O
:WORK:C_SRC:OS:OSCONTEXTFS.HPP
:WORK:C_SRC:OS:FSFILE.D
:.GIT:OBJECTS:F0:B2FD91E9D3DAE8656F13A13E9216FDB9A240AF
:WORK:C_SRC:DEBUG:SYMBOLTABLE.O
:WORK:C_SRC:OS:FSFILE.O
:TOOLS:OS:OS.JAVA
:TOOLS:OS:FSPAGEDIO.CLASS
:WORK:C_SRC:DEBUG:SYMBOLTABLE.D
:WORK:C_SRC:HW:MAPPER.CPP
:WORK:C_SRC:HW:RTBRIDGE.CPP
:TOOLS:HW:EAGLESTACK.CLASS
:.GIT
:WORK:DOCS:PROJECT13:EVIDENCE:GCALLS_B2R_M.LOG
:WORK:C_SRC:OS:MAPPEDPAGE.HPP
:WORK:DOCS:PROJECT13:EVIDENCE:GCALLS_B1R_FO.LOG
:WORK:C_SRC:HW:MACHINE.O
:WORK:C_SRC:EMU_RT:AWAIT_CONSOLE_INTERRUPT.CPP
:WORK:C_SRC:EMU_RT:SQR31.HPP
:WORK:DOCS:PROJECT12:ADDRBOOK_REPORT.MD
:.GIT:HOOKS
:WORK:DG_QUEST:OS:OSMESSAGE.JAVA
:WORK:C_SRC:HW:MACHINE.D
:WORK:C_SRC:QUEST:GAMENAMES.HPP
:WORK:DOCS:PROJECT2:REPORT.MD
:WORK:C_SRC:DEBUG:DISASSEMBLER.D
:WORK:C_SRC:QUEST:RANDOM.CPP
:WORK:C_SRC:DEBUG:DISASSEMBLER.O
:WORK:C_SRC:EMU_RT:READ.HPP
:WORK:C_SRC:EMU_RT:UMUL32.CPP
:WORK:DOCS:PROJECT12:EVIDENCE:RTCALLS_READIN_FO.LOG
:WORK:C_SRC:HW:PAGESET.O
:WORK:C_SRC:RT:GET_CURRENT_TIME.HPP
:WORK:DOCS:PROJECT12:REPORT.MD
:WORK:C_SRC:EMU_TYPES:VARYINGSTRING.HPP
:WORK:C_SRC:OS:FSDIRECTORY.HPP
:WORK:C_SRC:EMU_RT:CHAR_TO_BIT.CPP
:QUEST:QUEST_SERVER.ST
:WORK:DG_QUEST:HW:LEFINSTRUCTION.JAVA
:WORK:C_SRC:OS:OSCONTEXTIPC.D
:WORK:C_SRC:RT:UNSIGNED_TO_CHAR.CPP
:WORK:DG_QUEST:DEBUG
:TOOLS:FOLLOW.CLASS
:WORK:DOCS:CHANGE_FLOAT_SHADOW.MD
:TOOLS:HW:MEMORY.CLASS
:WORK:DG_QUEST:OS:OSCONTEXTFS.JAVA
:WORK:DOCS:PROJECT13:EVIDENCE:GCALLS_S0B_FO.LOG
:WORK:DOCS:CAPTURES
:TOOLS:OS:OSPROCESS.CLASS
:WORK:C_SRC:HW:ADDRESSBOOK.HPP
:WORK:C_SRC:EMU_RT:FILL_WORDS.CPP
:WORK:C_SRC:RUNTIME:T_AREA.D
:WORK:C_SRC:OS:OS.HPP
:WORK:C_SRC:RUNTIME:O_SIGNAL.O
:WORK:C_SRC:HW:EAGLESTACK.CPP
:WORK:C_SRC:RUNTIME:I_ALLOC.O
:WORK:C_SRC:RUNTIME:I_ALLOC.D
:WORK:DOCS:PROJECT3:DERIVATION.MD
:TOOLS:OS:FSSTREAMIO.JAVA
:WORK:C_SRC:QUEST:PLAYERFLAG.HPP
:WORK:C_SRC:TYPES:PLIERROR.HPP
:WORK:C_SRC:RUNTIME:T_AREA.O
:WORK:C_SRC:RUNTIME:O_AREA.CPP
:WORK:C_SRC:RUNTIME:O_SIGNAL.D
:WORK:C_SRC:EMU_RT:CHAR_TO_UNSIGNED.CPP
:WORK:C_SRC:HW:RTSTUBS.D
:WORK:C_SRC:RUNTIME:I_ALLOC.CPP
:QUEST:NEW_USER_DATA_FILE
:WORK:DG_QUEST:QUEST_FIXED:SHARED_DATA_FILE
:WORK:C_SRC:RT:CURRENT_PID.HPP
:TOOLS:OS:FSSTREAMEDFILE.CLASS
:.GIT:OBJECTS:PACK
:WORK:C_SRC:HW:DECODER.CPP
:WORK:C_SRC:EMU_RT:WRITE.HPP
:WORK:C_SRC:RT:READ_SCREEN.CPP
:WORK:DG_QUEST:OS:FSDIRECTORY.JAVA
:WORK:C_SRC:HW:RTSTUBS.O
:WORK:C_SRC:STD_TYPES
:.GIT:OBJECTS:25:2427ADB9EE293372D9D36ED05CBCD65B47BC07
:WORK:C_SRC:STD_TYPES:WIDE.HPP
:TOOLS:ARGWINDOWS.CLASS
:WORK:C_SRC:OS:UTILITY.HPP
:WORK:C_SRC:RUNTIME:NATIVE_ERROR_HANDLER.D
:WORK:C_SRC:EMU_RT:CREATE_TASK.HPP
:WORK:C_SRC:EMU_QUEST:GET_OBJECT_INDEX.CPP
:WORK:C_SRC:HW:RTBRIDGE.D
:WORK:C_SRC:RUNTIME:T_AREA.CPP
:WORK:DG_QUEST:HW
:WORK:C_SRC:HW:NOVACOMPUTE.O
:TOOLS:HW:EAGLESPECIAL.JAVA
:WORK:C_SRC:RUNTIME:NATIVE_ERROR_HANDLER.O
:WORK:DOCS:PROJECT14:EVIDENCE:REDIRECT_P14_B2_INJ.LOG
:WORK:C_SRC:EMU_TYPES:BYTEARRAY.CPP
:WORK:DOCS:PROJECT1:REPORT.MD
:.GIT:OBJECTS:E2:0C9D26BD388FCC3F33F3A2216BF694BBF286CC
:.GIT:OBJECTS:02:00B2D60CB6648200CBDF7CABC27840A4815B92
:WORK:C_SRC:EMU_RT:RANDOM_NUMBER.HPP
:WORK:DOCS:UNIMPLEMENTED.MD
:WORK:C_SRC:OS:OSSHAREDPAGESOURCE.HPP
:WORK:C_SRC:HW:RTBRIDGE.O
:WORK:C_SRC:EMU_RT:UNSIGNED_TO_CHAR.CPP
:WORK:C_SRC:OS:FSPAGEDFILE.CPP
:TOOLS:OS:OSCONTEXT.JAVA
:WORK:DOCS
:WORK:C_SRC:EMU_RT:GET_CURRENT_TIME.HPP
:WORK:C_SRC:EMU_QUEST:INIT_SHARED_DATA.HPP
:TOOLS:DEBUG:CALL.JAVA
:WORK:C_SRC:OS:ARRAYPAGE.D
:WORK:DOCS:PROJECT12:EVIDENCE:HIJACK_READIN_INJ.LOG
:TOOLS:HW:ECLIPSECOMPUTE.CLASS
:WORK:C_SRC:DEBUG:CALLSTACK.D
:WORK:DOCS:PROJECT13:EVIDENCE:REDIRECT_S0B_PLAY.LOG
:WORK:C_SRC:OS:ARRAYPAGE.O
:WORK:DOCS:TERMINALDETACH.MD
:.GIT:OBJECTS:1C:BDB0326D9DBCC426FCC94504CB07FAFE44652E
:DISASSEMBLED:QUEST.BLOCKS
:WORK:C_SRC:RUNTIME:FRAMES.HPP
:WORK:C_SRC:QUEST:RETURN_MESSAGE.CPP
:WORK:DOCS:PROJECT14:EVIDENCE:BOOK_RC_DIFF.TXT
:TOOLS:OS:FSCONSOLE.JAVA
:WORK:C_SRC:HW:NOVACOMPUTE.D
:WORK:DOCS:PROJECT4:DERIVATION.MD
:WORK:C_SRC:RT:GET_SHARED_PAGE.CPP
:WORK:DOCS:PROJECT14:EVIDENCE:REDIRECT_P14_FINAL_M.LOG
:WORK:DG_QUEST:OS:OSSHAREDPAGESOURCE.JAVA
:TOOLS:DEBUG:SYMBOLTABLE.CLASS
:WORK:DOCS:PROJECT13:EVIDENCE:DIV_B2_FO.TXT
:WORK:DOCS:SYSCALLHANDLING.MD
:WORK:C_SRC:RT:CONNECT.CPP
:WORK:C_SRC:HW:EAGLEFLOAT.CPP
:WORK:DOCS:PROJECT9:PROMPT.MD
:WORK:C_SRC:EMU_RT:BIT_MOVE.HPP
:WORK:DG_QUEST:HW:SEGMENT.JAVA
:WORK:C_SRC:RT:SQR31.HPP
:WORK:DOCS:RTWORKLIST.MD
:TOOLS:DEBUG:OLDDISASSEMBLER.CLASS
:WORK:C_SRC:EMU_RT:CREATE_IPC_FILE.HPP
:.GIT:OBJECTS:47:1D4CB18195311A7A2FD48ABF93C8137EA00661
:WORK:C_SRC:EMU_TYPES:WORD.HPP
:WORK:C_SRC:RT:DELAY.HPP
:TOOLS:OS:FSTERMINAL.CLASS
:WORK:C_SRC:EMU_TYPES:OPERATINGSYSTEM.CPP
:WORK:DOCS:PROJECT2:DERIVATION.MD
:WORK:C_SRC:RT:WRITE.HPP
:WORK:DOCS:PROJECT14
:WORK:DOCS:PROJECT15
:WORK:DOCS:PROJECT10
:WORK:DOCS:PROJECT11
:WORK:DOCS:PROJECT12
:WORK:DOCS:PROJECT13
:.GIT:OBJECTS:C9:243A2742B7B140C6FB487669DF2205955F5636
:.GIT:OBJECTS:B2:6960797CD3EE7C18885A48969C4BD5397D316D
:WORK:DG_QUEST:HW:NOVALEF.JAVA
:QUEST:SAVE_USER.PR
:DISASSEMBLED:QUEST.CODE
:WORK:C_SRC:RT:OPEN_FILE.HPP
:WORK:C_SRC:QUEST:DISPLAY_INVENTORY.CPP
:WORK:C_SRC:TOOLS:COVERAGE.PY
:WORK:C_SRC:RUNTIME:UDIV32.CPP
:WORK:C_SRC:RT:UDIV32.HPP
:WORK:C_SRC:HW:PERMISSIONS.HPP
:WORK:C_SRC:DEBUG:CALL.HPP
:TOOLS:LAUNCH.CLASS
:WORK:C_SRC:RUNTIME:O_AREA.O
:WORK:C_SRC:DEBUG:CALLSTACK.CPP
:WORK:C_SRC:EMU_QUEST:DIST.CPP
:TOOLS:OS:OSCONTEXTIPC.CLASS
:TOOLS:HW:EAGLESPECIAL.CLASS
:WORK:C_SRC:OS:LAUNCHABLE.HPP
:WORK:C_SRC:QUEST.ADDRBOOK
:BIN:RUNNER.SH
:WORK:C_SRC:LOG
:WORK:DOCS:PROJECT13:EVIDENCE:GCALLS_B1_PLAY.LOG
:WORK:C_SRC:EMU_QUEST:PLAYER.CPP
:QUEST:FIXUP_OBJECTS.ST
:TOOLS:OS:FSPAGEDFILE.JAVA
:WORK:C_SRC:RUNTIME:O_AREA.D
:WORK:C_SRC:EMU_RT:OPEN_SHARED_IO_FILE.HPP
:WORK:C_SRC:HW:LOCKSTEP.D
:WORK:C_SRC:MAKEFILE.FULL
:WORK:C_SRC:HW:PAGE.HPP
:WORK:C_SRC:QUEST:GET_OBJECT_INDEX.CPP
:WORK:DOCS:PROJECT14:EVIDENCE:REDIRECT_P14_B1_ABORT.LOG
:TOOLS:HW:QUEUEENTRY.JAVA
:WORK:C_SRC:RUNTIME:UNSIGNED_TO_CHAR.O
:WORK:C_SRC:RUNTIME:T_AREA.HPP
:WORK:C_SRC:RUNTIME:FILL_WORDS.CPP
:WORK:C_SRC:HW:LOCKSTEP.O
:TOOLS:TOOLS.JAR
:DISASSEMBLED:QUEST.CALLSITES
:WORK:DG_QUEST:OS:OSCONTEXTIPC.JAVA
:WORK:DOCS:PROJECT13:REPORT.MD
:WORK:C_SRC:RT:OPEN_FILE.CPP
:WORK:DOCS:PROJECT13:EVIDENCE:REDIRECT_S0B_FO.LOG
:WORK:C_SRC:RUNTIME:UDIV32.HPP
:QUEST:NEW_USERS.PR
:WORK:C_SRC:EMU_RT:UNSIGNED_TO_CHAR.HPP
:WORK:C_SRC:RUNTIME:UNSIGNED_TO_CHAR.D
:WORK:DOCS:PROJECT6:SESSION_REPORT_AUG13.MD
:WORK:C_SRC:EMU_RT:TRANSLATE.HPP
:WORK:C_SRC:EMU_RT:CONNECT.CPP
:WORK:C_SRC:HW:EAGLESPECIAL.D
:TOOLS:OS:FSOBJECT.CLASS
:WORK:C_SRC:RT:UMUL32.HPP
:WORK:C_SRC:RT:OPEN_SHARED_IO_FILE.HPP
:.GIT:FETCH_HEAD
:WORK:C_SRC:HW:READWRITE.HPP
:WORK:C_SRC:HW:EAGLEGENERAL.CPP
:WORK:DOCS:PROJECT13:EVIDENCE:GCALLS_B1R_PLAY.LOG
:.GIT:INFO:EXCLUDE
:WORK:C_SRC:HW:EAGLESPECIAL.CPP
:WORK:DOCS:PROJECT11:REPORT.MD
:WORK:C_SRC:RUNTIME:FRAMES.CPP
:WORK:C_SRC:RT:IPC_SEND_RECEIVE.CPP
:WORK:C_SRC:EMU_QUEST:RANDOM.HPP
:WORK:C_SRC:RT:RANDOM_NUMBER.HPP
:WORK:C_SRC:HW:QUEUEENTRY.CPP
:WORK:C_SRC:OS:OS.CPP
:WORK:DOCS:PROJECT1:DERIVATION.MD
:WORK:DOCS:PROJECT13:EVIDENCE:DIV_B2_NOLOGON_M.TXT
:.GIT:OBJECTS:D3:CE754AED697D7ED2C6EBCD5775E1617EE6CBDC
:WORK:C_SRC:HW:EAGLESPECIAL.O
:WORK:C_SRC:EMU_RT:OPEN_FILE.CPP
:TOOLS:OS:FSFILE.CLASS
:TOOLS:OS:OSERROR.JAVA
:WORK:DG_QUEST:HW:NOVAGENERAL.JAVA
:WORK:C_SRC:OS:FSCHANNEL.CPP
:.GIT:OBJECTS:AF
:WORK:C_SRC:RT:CREATE_IPC_FILE.HPP
:TOOLS:OS:OSCONTEXTSHARED.CLASS
:.GIT:OBJECTS:B2
:WORK:C_SRC:RUNTIME:UNSIGNED_TO_CHAR.HPP
:.GIT:OBJECTS:B0
:BIN
:WORK:C_SRC:HW:SEGMENT.HPP
:QUEST:NEW_USERS.ST
:TOOLS:OS:OSCONTEXTSYSTEM.JAVA
:.GIT:OBJECTS:B9
:WORK:C_SRC:RUNTIME:R_SIGNAL.D
:TOOLS:OS:ARRAYPAGE.JAVA
:WORK:C_SRC:RUNTIME:R_SIGNAL.O
:TOOLS:HW:NOVACOMPUTE.JAVA
:WORK:C_SRC:DEBUG:MEMORYDUMPER.O
:TOOLS:OS:MAPPEDPAGE.CLASS
:WORK:C_SRC:OS:AOSVSSYMBOLS.HPP
:.GIT:OBJECTS:C9
:WORK:C_SRC:HW:EAGLEFLOAT.O
:.GIT:OBJECTS:B0:B7C93B6EB5EC947CF400082495D8DC3067807E
:TOOLS:HW:MACHINETHREAD.JAVA
:WORK:C_SRC:DEBUG:MEMORYDUMPER.D
:WORK:C_SRC:RT:UDIV32.CPP
:WORK:C_SRC:EMU_RT:READ_SCREEN.HPP
:WORK:C_SRC:HW:EAGLEFLOAT.D
:WORK:C_SRC:QUEST:REGEN_SPELLS.CPP
:WORK:C_SRC:OS:FSSTREAMEDFILE.O
:WORK:DOCS:REVIEW_UNSIGNED_TO_CHAR.MD
:WORK:C_SRC:EMU_RT:BIT_MOVE.CPP
:.GIT:OBJECTS:CE
:WORK:C_SRC:OS:OSTASK.O
:WORK:DOCS:PROJECT12:EVIDENCE:SUMMARY.TXT
:WORK:C_SRC:OS:OSCONTEXTSHARED.HPP
:WORK:C_SRC:EMU_TYPES:BIT.HPP
:WORK:C_SRC:OS:OSTASK.D
:WORK:C_SRC:QUEST:DISPLAY_MAGIC.CPP
:WORK:C_SRC:OS:FSSTREAMEDFILE.D
:.GIT:OBJECTS:D5
:.GIT:OBJECTS:D3
:QUEST:NEW_CASTLES.ST
:WORK:C_SRC:OS:OSCONTEXTSYSTEM.HPP
:.GIT:OBJECTS:D7
:WORK:C_SRC:RT:CLOSE_FILE.CPP
:TOOLS:HW:MACHINE.CLASS
:.GIT:OBJECTS:DC
:WORK:C_SRC:TYPES:STRING.HPP
:WORK:DOCS:RUN.MD
:WORK:C_SRC:OS:FSCHANNEL.O
:WORK:DOCS:PROJECT13:EVIDENCE:GCALLS_S0B_ABORT.LOG
:WORK:C_SRC:OS:FSSTREAMIO.HPP
:WORK:C_SRC:DEBUG:DISASSEMBLER.HPP
:TOOLS:DEBUG:CALLSTACK.CLASS
:WORK:C_SRC:RT:CREATE_TASK.CPP
:WORK:C_SRC:HW:NATIVEREGISTRY.HPP
:.GIT:OBJECTS:E2
:WORK:C_SRC:RT:CONNECT.HPP
:WORK:C_SRC:HW:EAGLEINSTRUCTION.O
:WORK:C_SRC:HW:EAGLEINSTRUCTION.D
:WORK:C_SRC:HW
:QUEST:NEW_CASTLES.PR
:WORK:DG_QUEST:HW:EAGLEFLOAT.JAVA
:WORK:C_SRC:EMU_RT:GET_SHARED_PAGE.CPP
:.GIT:OBJECTS:0D:15FF067216E13D1B5CF9EBED1829FA66E1E5C1
:WORK:DOCS:HEAPSIGNALPLAN.MD
:.GIT:OBJECTS:EE
:WORK:C_SRC:OS:FSCONSOLE.HPP
:WORK:C_SRC:OS:MAPPEDPAGE.O
:WORK:DG_QUEST:HW:EAGLESPECIAL.JAVA
:WORK:C_SRC:RT:RECREATE_FILE.CPP
:WORK:C_SRC:EMU_QUEST:SHAREDDATA.CPP
:WORK:C_SRC:SHARED_DATA_LAYOUT.H
:WORK:C_SRC:RT:LOOKUP_PORT.HPP
:TOOLS:HW:NOVAGENERAL.JAVA
:.GIT:OBJECTS:F0
:TOOLS:HW:INSTRUCTIONJAVA
:WORK:DOCS:PROJECT13:EVIDENCE:HIJACK_B1_FO.LOG
:.GIT:OBJECTS:1C:9D5D9EC681854EC5185167965BEC2D4C0166D4
:WORK:DG_QUEST:EXPERIMENT:DEBUG.JAVA
:WORK:DOCS:PROJECT8:REPORT.MD
:WORK:C_SRC:HW:MEMORY.D
:WORK:C_SRC:OS:MAPPEDPAGE.D
:WORK:DOCS:PROJECT13:EVIDENCE:HIJACK_B1_PLAY.LOG
:TOOLS:LAUNCH.JAVA
:WORK:C_SRC:HW:MEMORY.O
:PIPELINE.MD
:WORK:DG_QUEST:OS:OSPROCESS.JAVA
:WORK:C_SRC:RT
:WORK:DOCS:SHAREDPROTOCOL.MD
:.GIT:OBJECTS:69
:QUEST:QUEST.PR
:.GIT:OBJECTS:6A
:WORK:C_SRC:DEBUG:CALLSTACK.HPP
:DISASSEMBLED:QUEST.TAGS
:TOOLS:OS:FS.CLASS
:.GIT:OBJECTS:DC:65084FFF7333490B35A9A485ECEA4C08EABB25
:WORK:C_SRC:RUNTIME:DEF_ON.HPP
:.GIT:OBJECTS:74
:WORK:C_SRC:RUNTIME:NATIVE_ERROR_HANDLER.CPP
:WORK:DOCS:PROJECT4:REPORT.MD
:WORK:C_SRC:RT:GET_CURRENT_TIME.CPP
:TOOLS:HW:LEFINSTRUCTION.JAVA
:WORK:DOCS:PROJECT13:EVIDENCE:GCALLS_B2R_INJ.LOG
:WORK:C_SRC:OS:FSFILE.HPP
:WORK:C_SRC:HW:PAGESET.CPP
:WORK:DG_QUEST:HW:EAGLESTACK.JAVA
:WORK:DOCS:PROJECT13:EVIDENCE:GCALLS_S0B_PLAY.LOG
:WORK:C_SRC:OS:FSSTREAMEDFILE.HPP
:.GIT:OBJECTS:7E
:WORK:C_SRC:OS:FSCHANNEL.D
:.GIT:OBJECTS:1A:1F5BD014385278D1593F12EA5DD5BB47F5E1A7
:WORK:C_SRC:OS:TRACE.HPP
:WORK:DOCS:PROJECT13:EVIDENCE:GCALLS_B2R_M5.LOG
:WORK:DOCS:PROJECT13:EVIDENCE:REDIRECT_B1R_M.LOG
:WORK:DOCS:PROJECT3:REPORT.MD
:.GIT:OBJECTS:84
:WORK:C_SRC:QUEST:GET_OBJECT_INDEX.HPP
:WORK:C_SRC:OS:FSTERMINAL.CPP
:WORK:C_SRC:EMU_TYPES:SHAREDRANDOMSTATE.HPP
:WORK:C_SRC:EMU_TYPES:WORDARRAY.CPP
:WORK:DOCS:PROJECT6:L2CONTRACT.MD
:.GIT:REFS:REMOTES
:WORK:DOCS:PROJECT13:EVIDENCE:SUMMARY_S0B.TXT
:TOOLS:OS:LAUNCHABLE.CLASS
:TOOLS:DEBUG:MEMORYDUMPER.CLASS
:TOOLS:OS:OSCONTEXTIPC.JAVA
:QUEST:QUEST.ST
:WORK:C_SRC:EMU_QUEST:DISPLAY_INVENTORY.HPP
:WORK:C_SRC:RUNTIME:I_LOCK.HPP
:WORK:C_SRC:QUEST
:WORK:C_SRC:OS:MIRRORPAGE.CPP
:WORK:C_SRC:OS:OSERROR.HPP
:WORK:DOCS:PROJECT13:EVIDENCE:REDIRECT_S0B_M.LOG
:WORK:C_SRC:OS:OSPROCESS.HPP
:.GIT:LOGS:REFS:REMOTES
:TOOLS:HW:ECLIPSECOMPUTE.JAVA
:WORK:C_SRC:EMU_TYPES:WIDE.HPP
:WORK:DOCS:PROJECT13:EVIDENCE:GCALLS_B1_INJ.LOG
:RESULTS
:TOOLS:HEXDUMP.CLASS
:WORK:C_SRC:EMU_RT:CURRENT_PID.HPP
:WORK:DG_QUEST:OS:FSFILE.JAVA
:TOOLS:DEBUG:CALL.CLASS
:WORK:C_SRC:EMULATOR
:WORK:DOCS:METHOD.MD
:.GIT:OBJECTS:9D
:WORK:DOCS:PROJECT13:EVIDENCE:HIJACK_B2_NOLOGON_PLAY.LOG
:TOOLS:OS:FSCONSOLE.CLASS
:WORK:C_SRC:EMU_QUEST:DISPLAY_MAGIC.HPP
:WORK:DOCS:EMULATIONVERIFICATION.MD
:BIN:BATTERY.SH
:TOOLS:HW:NOVALEF.JAVA
:WORK:C_SRC:QUEST:THIEF.HPP
:.GIT:OBJECTS:B9:A4F2AACCA392F02FEFC5C78E53B1FC10A405BB
:WORK:C_SRC:HW:NOVACOMPUTE.CPP
:WORK:C_SRC:TYPES:WIDE.HPP
:WORK:C_SRC:RUNTIME:P_DEFON.O
:WORK:C_SRC:RT:READ.CPP
:TOOLS:OS:OSCONTEXTFS.CLASS
:WORK:DG_QUEST:HW:EAGLEGENERAL.JAVA
:WORK:DOCS:PROJECT6.5:PROMPT.MD
:.GIT:OBJECTS:6A:6A930A60799FDBAC80BBF9A0955C901A2C4F40
:WORK:C_SRC:QUEST:FIND_OBJECT.HPP
:WORK:C_SRC
:WORK:C_SRC:OS:AOSVSSYMBOLS.D
:WORK:C_SRC:TYPES
:WORK:C_SRC:OS:OSCONTEXTTASK.HPP
:WORK:C_SRC:OS:UTILITY.CPP
:WORK:C_SRC:OS:AOSVSSYMBOLS.O
:WORK:C_SRC:RUNTIME:P_DEFON.D
:WORK:DG_QUEST:HW:DECODER.JAVA
:WORK:DOCS:PROJECT6:REPORT.MD
:.GIT:COMMIT_EDITMSG
:WORK:C_SRC:OS
:WORK:C_SRC:RUNTIME:O_SIGNAL.HPP
:WORK:C_SRC:OS:OSCONTEXTIPC.HPP
:WORK:DG_QUEST:HW:PAGE.JAVA
:WORK:C_SRC:OS:FSDIRECTORY.CPP
:WORK:C_SRC:STD_TYPES:WORD.HPP
:TOOLS:HW:EAGLEFLOAT.JAVA
:WORK:C_SRC:OS:ARRAYPAGE.HPP
:TOOLS:OS:FSDIRECTORY.JAVA
:WORK:C_SRC:OS:FSPAGEDIO.HPP
:TOOLS:OS:FSOBJECT.JAVA
:TOOLS:OS:FSDIRECTORY.CLASS
:WORK:DOCS:PROJECT13:COVERAGE.PY
:WORK:DOCS:PROJECT13:DRIVE.PY
:TOOLS:HW:INSTRUCTION.JAVA
:WORK:DOCS:PROJECT5:REPORT.MD
:TOOLS:OS:FSSTREAMIO.CLASS
:WORK:C_SRC:QUEST:INIT_SHARED_DATA.CPP
:WORK:C_SRC:HW:MEMORY.HPP
:WORK:DOCS:MAPPER.MD
:WORK:DG_QUEST:HW:NOVAIO.JAVA
:.GIT:OBJECTS:74:E57152957D4406CD46F1789D4B8541F1EC31AD
:WORK:DOCS:PROJECT15:REPORT.MD
:WORK:C_SRC:QUEST:OWNS.HPP
:.GIT:INDEX
:WORK:C_SRC:EMU_QUEST:OWNS.HPP
:.GIT:OBJECTS:D5:42CCE4B390806CF6AE91B3ADCCFE7A1BF33F34
:TOOLS:OS:FSSTREAMEDFILE.JAVA
:QUEST:WORLD_DATA_FILE
:WORK:C_SRC:QUEST:PLAYER.CPP
:WORK:C_SRC:RT:CHAR_TO_UNSIGNED.CPP
:WORK:DOCS:PROJECT11:PROBE_SPECIMENS.RUN1.LOG
:WORK:C_SRC:OS:FSTERMINAL.D
:WORK:C_SRC:EMU_RT:RECREATE_FILE.CPP
:WORK:C_SRC:HW:INSTRUCTION.HPP
:WORK:DOCS:PROJECT13:EVIDENCE:GCALLS_B2R_PLAY.LOG
:WORK:DG_QUEST:HW:MEMORY.JAVA
:WORK:C_SRC:OS:FSTERMINAL.O
:WORK:DOCS:PROJECT13:RUN.SH
:.GIT:DESCRIPTION
:WORK:DOCS:PROJECT13:EVIDENCE:DIV_B2_NOLOGON_PLAY.TXT
:WORK:DOCS:PROJECT1:DRIVE.PY
:WORK:C_SRC:HW:EAGLECOMPUTE.CPP
Exception in thread "main" java.lang.RuntimeException: Unable to load :QUEST.PR
	at os.OSProcess.<init>(OSProcess.java:70)
	at ArgWindows.main(ArgWindows.java:299)
