run.log
salvaged-abort.txt
salvaged-fo.txt
salvaged-inj.txt
salvaged-m.txt
salvaged-play.txt
tasks/019-p16-divergence-evidence.sh: line 24: 42194 Aborted                 (core dumped) env QUEST_ADDRESS_BOOK=$BOOK QUEST_PUSH_MAP=$PMAP stdbuf -o0 -e0 $EMU -lockstep -silent -trace $R/trace -types lockstep,redirect,gcalls QUEST QUEST_SERVER @QUEST @QUEST > $R/out 2> $R/err
== divergence dump ==
RETURNING AC1=00000000

================ LOCKSTEP DIVERGENCE ================
  master: label=QUEST1 ordinal=0 result_pc=70166E19 trap_pc=70166E19 insns=500 ac0=00003EC5 ac1=00003EC3 ac2=7012AC09 ac3=70001B8A c=0 wsp=70001FD6 wfp=70001B8A psr=8000 shadow_wsp=70001FD6 T(ac0..3)=00003EC5 00003EC3 7012AC09 70001B8A
  clone : label=QUEST2 ordinal=0 result_pc=70166E19 trap_pc=70166E19 insns=500 ac0=00003EC5 ac1=00003EC3 ac2=7012AC09 ac3=7400333C c=0 wsp=700010E2 wfp=7400333C psr=8000 shadow_wsp=70001FD0 T(ac0..3)=00003EC5 00003EC3 7012AC09 70001B8A
master backtrace:
frame  3 -- DISPLAY_SCREEN+0x320   [70166E19]
frame  2 -- GET_QUEST+0x775   [7016BCBE]
frame  1 -- QUEST+0x3B0   [7015C3B5]
frame  0 -- 7017EA51     guessing: I.INIT+0x23
clone backtrace:
frame  3 -- DISPLAY_SCREEN+0x320   [70166E19]
frame  2 -- GET_QUEST+0x775   [7016BCBE]
frame  1 -- QUEST+0x3B0   [7015C3B5]
frame  0 -- 7017EA51     guessing: I.INIT+0x23
=====================================================
== trace tail ==
redirect seq=002742 caller=QUEST2 WSAVS DIST                 mode=C pc=70168717 area_wfp=74003962 argc=4 frame=0 real_wsp=700010EC shadow_wsp=70001FE4 master_wfp=70001FE4 ret=70166B8A depth=3
redirect seq=002743 caller=QUEST2 WRTN  DIST                 mode=C area_wfp=74003962 ret_pc=70168732 real_wsp=700010E2 (was 7400394E) shadow_wsp=70001FD0 master_wfp=70001FE4 depth=2
redirect seq=002756 caller=QUEST2 ARGWR pc=70166E0E slot=74003950 value=74003754
redirect seq=002757 caller=QUEST2 ARGWR pc=70166E10 slot=74003952 value=7400374E
redirect seq=002758 caller=QUEST2 ARGWR pc=70166E14 slot=74003954 value=7013A472
redirect seq=002759 caller=QUEST2 ARGWR pc=70166E19 slot=74003956 value=7013A471
redirect seq=002760 caller=QUEST2 LCALL pc=70166E1C slot=74003958 value=80000004
redirect seq=002762 caller=QUEST2 WSAVS DIST                 mode=W pc=70168717 area_wfp=74003962 argc=4 frame=0 real_wsp=700010E4 shadow_wsp=70001FE4 master_wfp=70001FE4 ret=70166E20 depth=3
redirect seq=002763 caller=QUEST2 WRTN  DIST                 mode=W area_wfp=74003962 ret_pc=70168732 real_wsp=700010E2 (was 7400394E) shadow_wsp=70001FD0 master_wfp=70001FE4 depth=2
redirect seq=002764 caller=QUEST2 ARGWR pc=70166E0E slot=74003950 value=74003754
redirect seq=002765 caller=QUEST2 ARGWR pc=70166E10 slot=74003952 value=7400374E
redirect seq=002766 caller=QUEST2 ARGWR pc=70166E14 slot=74003954 value=7013A475
redirect seq=002767 caller=QUEST2 ARGWR pc=70166E19 slot=74003956 value=7013A474
redirect seq=002768 caller=QUEST2 LCALL pc=70166E1C slot=74003958 value=80000004
redirect seq=002770 caller=QUEST2 WSAVS DIST                 mode=W pc=70168717 area_wfp=74003962 argc=4 frame=0 real_wsp=700010E4 shadow_wsp=70001FE4 master_wfp=70001FE4 ret=70166E20 depth=3
redirect seq=002771 caller=QUEST2 WRTN  DIST                 mode=W area_wfp=74003962 ret_pc=70168732 real_wsp=700010E2 (was 7400394E) shadow_wsp=70001FD0 master_wfp=70001FE4 depth=2
redirect seq=002772 caller=QUEST2 ARGWR pc=70166E0E slot=74003950 value=74003754
redirect seq=002773 caller=QUEST2 ARGWR pc=70166E10 slot=74003952 value=7400374E
redirect seq=002774 caller=QUEST2 ARGWR pc=70166E14 slot=74003954 value=7013A478
redirect seq=002775 caller=QUEST2 ARGWR pc=70166E19 slot=74003956 value=7013A477
redirect seq=002776 caller=QUEST2 LCALL pc=70166E1C slot=74003958 value=80000004
redirect seq=002778 caller=QUEST2 WSAVS DIST                 mode=W pc=70168717 area_wfp=74003962 argc=4 frame=0 real_wsp=700010E4 shadow_wsp=70001FE4 master_wfp=70001FE4 ret=70166E20 depth=3
redirect seq=002779 caller=QUEST2 WRTN  DIST                 mode=W area_wfp=74003962 ret_pc=70168732 real_wsp=700010E2 (was 7400394E) shadow_wsp=70001FD0 master_wfp=70001FE4 depth=2
redirect seq=002783 caller=QUEST2 ARGWR pc=70166E0E slot=74003950 value=74003754
redirect seq=002784 caller=QUEST2 ARGWR pc=70166E10 slot=74003952 value=7400374E
redirect seq=002785 caller=QUEST2 ARGWR pc=70166E14 slot=74003954 value=7013A472
redirect seq=002786 caller=QUEST2 ARGWR pc=70166E19 slot=74003956 value=7013A471
redirect seq=002787 caller=QUEST2 LCALL pc=70166E1C slot=74003958 value=80000004
redirect seq=002789 caller=QUEST2 WSAVS DIST                 mode=W pc=70168717 area_wfp=74003962 argc=4 frame=0 real_wsp=700010E4 shadow_wsp=70001FE4 master_wfp=70001FE4 ret=70166E20 depth=3
redirect seq=002790 caller=QUEST2 WRTN  DIST                 mode=W area_wfp=74003962 ret_pc=70168732 real_wsp=700010E2 (was 7400394E) shadow_wsp=70001FD0 master_wfp=70001FE4 depth=2
redirect seq=002791 caller=QUEST2 ARGWR pc=70166E0E slot=74003950 value=74003754
redirect seq=002792 caller=QUEST2 ARGWR pc=70166E10 slot=74003952 value=7400374E
redirect seq=002793 caller=QUEST2 ARGWR pc=70166E14 slot=74003954 value=7013A475
redirect seq=002794 caller=QUEST2 ARGWR pc=70166E19 slot=74003956 value=7013A474
redirect seq=002795 caller=QUEST2 LCALL pc=70166E1C slot=74003958 value=80000004
redirect seq=002797 caller=QUEST2 WSAVS DIST                 mode=W pc=70168717 area_wfp=74003962 argc=4 frame=0 real_wsp=700010E4 shadow_wsp=70001FE4 master_wfp=70001FE4 ret=70166E20 depth=3
redirect seq=002798 caller=QUEST2 WRTN  DIST                 mode=W area_wfp=74003962 ret_pc=70168732 real_wsp=700010E2 (was 7400394E) shadow_wsp=70001FD0 master_wfp=70001FE4 depth=2
redirect seq=002799 caller=QUEST2 ARGWR pc=70166E0E slot=74003950 value=74003754
redirect seq=002800 caller=QUEST2 ARGWR pc=70166E10 slot=74003952 value=7400374E
redirect seq=002801 caller=QUEST2 ARGWR pc=70166E14 slot=74003954 value=7013A478
== write calls / argwr before div ==
5
23
EVIDENCE OK
