rtcalls seq=005723 caller=QUEST2 entry=I.GINIT ret=7017EA33
rtcalls seq=005910 caller=QUEST2 entry=I?HPOWNER ret=7017EA46
rtcalls seq=005911 caller=QUEST2 entry=I.FPU ret=7017EA4D
rtcalls seq=005916 caller=QUEST2 entry=LANG?INIT ret=7017EA51
rtcalls seq=005917 caller=QUEST2 entry=SWAT.NIN ret=7017FD1C
rtcalls seq=005926 caller=QUEST2 entry=C?INIT ret=7017FD20
rtcalls seq=005927 caller=QUEST2 entry=C?INIT ret=7017FD24
rtcalls seq=005928 caller=QUEST2 entry=C?INIT ret=7017FD28
rtcalls seq=005929 caller=QUEST2 entry=C?INIT ret=7017FD2C
rtcalls seq=005930 caller=QUEST2 entry=C?INIT ret=7017FD30
rtcalls seq=005931 caller=QUEST2 entry=C?INIT ret=7017FD34
rtcalls seq=005932 caller=QUEST2 entry=C?INIT ret=7017FD38
rtcalls seq=005933 caller=QUEST2 entry=C?INIT ret=7017FD3C
rtcalls seq=005942 caller=QUEST2 entry=?OPEN_SHARED_IO_FILE ret=7015BE95
rtcalls seq=005947 caller=QUEST2 entry=?OPEN_SHARED_IO_FILE ret=7015BEB2
rtcalls seq=005952 caller=QUEST2 entry=?OPEN_SHARED_IO_FILE ret=7015BECF
rtcalls seq=005957 caller=QUEST2 entry=?GET_SHARED_PAGE ret=7015BEE3
rtcalls seq=006341 caller=QUEST2 entry=?GET_SHARED_PAGE ret=7015BEFE
rtcalls seq=009446 caller=QUEST2 entry=?GET_SHARED_PAGE ret=7015BF17
rtcalls seq=009641 caller=QUEST2 entry=?OPEN_FILE ret=7015C023
rtcalls seq=009646 caller=QUEST2 entry=?OPEN_FILE ret=7015C037
rtcalls seq=009651 caller=QUEST2 entry=?WRITE_SCREEN ret=7015C04B
rtcalls seq=009658 caller=QUEST2 entry=?WRITE_SCREEN ret=7015C05F
rtcalls seq=009666 caller=QUEST2 entry=I.PROLOG(native) ret=701766F2
rtcalls seq=009667 caller=QUEST2 entry=O.ON(native) ret=701766FD
rtcalls seq=009668 caller=QUEST2 entry=?READ_SCREEN ret=7017671A
rtcalls seq=009676 caller=QUEST2 entry=I.EPILOG(native) ret=7017671D
rtcalls seq=009678 caller=QUEST2 entry=I.PROLOG(native) ret=70175EA4
rtcalls seq=009679 caller=QUEST2 entry=O.ON(native) ret=70175EAF
rtcalls seq=009680 caller=QUEST2 entry=?LOOKUP_PORT ret=70175ED9
rtcalls seq=009685 caller=QUEST2 entry=O.REVERT(native) ret=70175EDC
rtcalls seq=009686 caller=QUEST2 entry=O.ON(native) ret=70175EE1
rtcalls seq=009687 caller=QUEST2 entry=?CONNECT ret=70175F0D
rtcalls seq=009692 caller=QUEST2 entry=O.REVERT(native) ret=70175F10
rtcalls seq=009700 caller=QUEST2 entry=?CURRENT_PID ret=70175F47
rtcalls seq=009705 caller=QUEST2 entry=?WRITE_SCREEN ret=70175F6B
rtcalls seq=009713 caller=QUEST2 entry=I.PROLOG(native) ret=701766F2
rtcalls seq=009714 caller=QUEST2 entry=O.ON(native) ret=701766FD
rtcalls seq=009715 caller=QUEST2 entry=?READ_SCREEN ret=7017671A
rtcalls seq=009724 caller=QUEST2 entry=I.EPILOG(native) ret=7017671D
rtcalls seq=009726 caller=QUEST2 entry=?WRITE_SCREEN ret=70175FD3
rtcalls seq=009734 caller=QUEST2 entry=I.PROLOG(native) ret=701766F2
rtcalls seq=009735 caller=QUEST2 entry=O.ON(native) ret=701766FD
rtcalls seq=009736 caller=QUEST2 entry=?READ_SCREEN ret=7017671A
rtcalls seq=009744 caller=QUEST2 entry=I.EPILOG(native) ret=7017671D
rtcalls seq=009746 caller=QUEST2 entry=?WRITE_SCREEN ret=70176026
rtcalls seq=009769 caller=QUEST2 entry=?WRITE_SCREEN ret=701760C2
rtcalls seq=009778 caller=QUEST2 entry=?READ ret=7016AA5E
rtcalls seq=009785 caller=QUEST2 entry=?WRITE_SCREEN ret=701760E2
rtcalls seq=009810 caller=QUEST2 entry=I.EPILOG(native) ret=7017616D
rtcalls seq=009811 caller=QUEST2 entry=?CREATE_TASK ret=7015C3A4
rtcalls seq=009812 caller=QUEST2 entry=I.ALLOC(native) ret=7017DBD1
rtcalls seq=009813 caller=QUEST2 entry=I.ALLOC(native) ret=7017DBFF
rtcalls seq=009814 caller=QUEST2 entry=MT?TASK ret=7017DC30
rtcalls seq=009818 caller=QUEST2 entry=I.FPU ret=7017E7BB
rtcalls seq=009824 caller=QUEST2 entry=I.FREEW(native) ret=7017DC3D
rtcalls seq=009825 caller=QUEST2 entry=?WRITE_SCREEN ret=7016B57A
rtcalls seq=009835 caller=QUEST2 entry=?AWAIT_CONSOLE_INTERRUPT ret=70165719
rtcalls seq=009837 caller=QUEST2 entry=?WRITE_SCREEN ret=7016B5A6
rtcalls seq=009844 caller=QUEST2 entry=?WRITE_SCREEN ret=7016DEA7
rtcalls seq=009852 caller=QUEST2 entry=?READ ret=7016AA5E
rtcalls seq=009858 caller=QUEST2 entry=?WRITE_SCREEN ret=7016DEBB
rtcalls seq=009865 caller=QUEST2 entry=?WRITE_SCREEN ret=70176AA7
rtcalls seq=009872 caller=QUEST2 entry=?WRITE_SCREEN ret=70176ADF
rtcalls seq=009879 caller=QUEST2 entry=?WRITE_SCREEN ret=70176B06
rtcalls seq=009886 caller=QUEST2 entry=?WRITE_SCREEN ret=70176B4C
rtcalls seq=009895 caller=QUEST2 entry=?WRITE_SCREEN ret=70176B4C
rtcalls seq=009902 caller=QUEST2 entry=?WRITE_SCREEN ret=70176B4C
rtcalls seq=009909 caller=QUEST2 entry=?WRITE_SCREEN ret=70176B4C
rtcalls seq=009916 caller=QUEST2 entry=?WRITE_SCREEN ret=70176B4C
rtcalls seq=009923 caller=QUEST2 entry=?WRITE_SCREEN ret=70176B4C
rtcalls seq=009930 caller=QUEST2 entry=?WRITE_SCREEN ret=70176B4C
rtcalls seq=009937 caller=QUEST2 entry=?WRITE_SCREEN ret=70176B4C
rtcalls seq=009944 caller=QUEST2 entry=?WRITE_SCREEN ret=70176B4C
rtcalls seq=009951 caller=QUEST2 entry=SQR31?3 ret=7016872E
rtcalls seq=009952 caller=QUEST2 entry=SQR31?3 ret=7016872E
rtcalls seq=009953 caller=QUEST2 entry=SQR31?3 ret=7016872E
rtcalls seq=009954 caller=QUEST2 entry=SQR31?3 ret=7016872E
rtcalls seq=009955 caller=QUEST2 entry=SQR31?3 ret=7016872E
rtcalls seq=009956 caller=QUEST2 entry=SQR31?3 ret=7016872E
rtcalls seq=009957 caller=QUEST2 entry=SQR31?3 ret=7016872E
rtcalls seq=009958 caller=QUEST2 entry=SQR31?3 ret=7016872E
rtcalls seq=009959 caller=QUEST2 entry=SQR31?3 ret=7016872E
rtcalls seq=009960 caller=QUEST2 entry=SQR31?3 ret=7016872E
rtcalls seq=009961 caller=QUEST2 entry=SQR31?3 ret=7016872E
rtcalls seq=009962 caller=QUEST2 entry=SQR31?3 ret=7016872E
rtcalls seq=009963 caller=QUEST2 entry=SQR31?3 ret=7016872E
rtcalls seq=009964 caller=QUEST2 entry=SQR31?3 ret=7016872E
rtcalls seq=009965 caller=QUEST2 entry=SQR31?3 ret=7016872E
rtcalls seq=009966 caller=QUEST2 entry=SQR31?3 ret=7016872E
rtcalls seq=009967 caller=QUEST2 entry=SQR31?3 ret=7016872E
rtcalls seq=009968 caller=QUEST2 entry=SQR31?3 ret=7016872E
rtcalls seq=009969 caller=QUEST2 entry=SQR31?3 ret=7016872E
rtcalls seq=009970 caller=QUEST2 entry=SQR31?3 ret=7016872E
rtcalls seq=009971 caller=QUEST2 entry=SQR31?3 ret=7016872E
rtcalls seq=009972 caller=QUEST2 entry=SQR31?3 ret=7016872E
rtcalls seq=009973 caller=QUEST2 entry=SQR31?3 ret=7016872E
rtcalls seq=009974 caller=QUEST2 entry=SQR31?3 ret=7016872E
rtcalls seq=009975 caller=QUEST2 entry=SQR31?3 ret=7016872E
rtcalls seq=009976 caller=QUEST2 entry=SQR31?3 ret=7016872E
rtcalls seq=009977 caller=QUEST2 entry=SQR31?3 ret=7016872E
rtcalls seq=009978 caller=QUEST2 entry=SQR31?3 ret=7016872E
rtcalls seq=009979 caller=QUEST2 entry=SQR31?3 ret=7016872E
rtcalls seq=009980 caller=QUEST2 entry=SQR31?3 ret=7016872E
rtcalls seq=009981 caller=QUEST2 entry=SQR31?3 ret=7016872E
rtcalls seq=009982 caller=QUEST2 entry=SQR31?3 ret=7016872E
rtcalls seq=009983 caller=QUEST2 entry=SQR31?3 ret=7016872E
rtcalls seq=009984 caller=QUEST2 entry=SQR31?3 ret=7016872E
rtcalls seq=009985 caller=QUEST2 entry=SQR31?3 ret=7016872E
rtcalls seq=009986 caller=QUEST2 entry=SQR31?3 ret=7016872E
rtcalls seq=009987 caller=QUEST2 entry=SQR31?3 ret=7016872E
rtcalls seq=009988 caller=QUEST2 entry=SQR31?3 ret=7016872E
rtcalls seq=009989 caller=QUEST2 entry=SQR31?3 ret=7016872E
rtcalls seq=009990 caller=QUEST2 entry=SQR31?3 ret=7016872E
rtcalls seq=009991 caller=QUEST2 entry=SQR31?3 ret=7016872E
rtcalls seq=009992 caller=QUEST2 entry=SQR31?3 ret=7016872E
rtcalls seq=009993 caller=QUEST2 entry=SQR31?3 ret=7016872E
rtcalls seq=009994 caller=QUEST2 entry=SQR31?3 ret=7016872E
rtcalls seq=009995 caller=QUEST2 entry=SQR31?3 ret=7016872E
rtcalls seq=009996 caller=QUEST2 entry=SQR31?3 ret=7016872E
rtcalls seq=009997 caller=QUEST2 entry=SQR31?3 ret=7016872E
rtcalls seq=009998 caller=QUEST2 entry=SQR31?3 ret=7016872E
rtcalls seq=009999 caller=QUEST2 entry=SQR31?3 ret=7016872E
rtcalls seq=010000 caller=QUEST2 entry=SQR31?3 ret=7016872E
rtcalls seq=010001 caller=QUEST2 entry=SQR31?3 ret=7016872E
rtcalls seq=010002 caller=QUEST2 entry=SQR31?3 ret=7016872E
rtcalls seq=010003 caller=QUEST2 entry=SQR31?3 ret=7016872E
rtcalls seq=010004 caller=QUEST2 entry=SQR31?3 ret=7016872E
rtcalls seq=010005 caller=QUEST2 entry=SQR31?3 ret=7016872E
rtcalls seq=010006 caller=QUEST2 entry=SQR31?3 ret=7016872E
rtcalls seq=010007 caller=QUEST2 entry=SQR31?3 ret=7016872E
rtcalls seq=010008 caller=QUEST2 entry=SQR31?3 ret=7016872E
rtcalls seq=010009 caller=QUEST2 entry=SQR31?3 ret=7016872E
rtcalls seq=010010 caller=QUEST2 entry=SQR31?3 ret=7016872E
rtcalls seq=010011 caller=QUEST2 entry=SQR31?3 ret=7016872E
rtcalls seq=010012 caller=QUEST2 entry=SQR31?3 ret=7016872E
rtcalls seq=010013 caller=QUEST2 entry=SQR31?3 ret=7016872E
rtcalls seq=010014 caller=QUEST2 entry=SQR31?3 ret=7016872E
rtcalls seq=010015 caller=QUEST2 entry=SQR31?3 ret=7016872E
rtcalls seq=010016 caller=QUEST2 entry=SQR31?3 ret=7016872E
rtcalls seq=010017 caller=QUEST2 entry=SQR31?3 ret=7016872E
rtcalls seq=010018 caller=QUEST2 entry=SQR31?3 ret=7016872E
rtcalls seq=010019 caller=QUEST2 entry=SQR31?3 ret=7016872E
rtcalls seq=010020 caller=QUEST2 entry=SQR31?3 ret=7016872E
rtcalls seq=010021 caller=QUEST2 entry=SQR31?3 ret=7016872E
rtcalls seq=010022 caller=QUEST2 entry=SQR31?3 ret=7016872E
rtcalls seq=010023 caller=QUEST2 entry=SQR31?3 ret=7016872E
rtcalls seq=010024 caller=QUEST2 entry=SQR31?3 ret=7016872E
rtcalls seq=010025 caller=QUEST2 entry=SQR31?3 ret=7016872E
rtcalls seq=010026 caller=QUEST2 entry=SQR31?3 ret=7016872E
rtcalls seq=010027 caller=QUEST2 entry=SQR31?3 ret=7016872E
rtcalls seq=010028 caller=QUEST2 entry=SQR31?3 ret=7016872E
rtcalls seq=010029 caller=QUEST2 entry=SQR31?3 ret=7016872E
rtcalls seq=010030 caller=QUEST2 entry=SQR31?3 ret=7016872E
rtcalls seq=010031 caller=QUEST2 entry=SQR31?3 ret=7016872E
rtcalls seq=010032 caller=QUEST2 entry=SQR31?3 ret=7016872E
rtcalls seq=010033 caller=QUEST2 entry=SQR31?3 ret=7016872E
rtcalls seq=010034 caller=QUEST2 entry=SQR31?3 ret=7016872E
rtcalls seq=010035 caller=QUEST2 entry=SQR31?3 ret=7016872E
rtcalls seq=010036 caller=QUEST2 entry=SQR31?3 ret=7016872E
rtcalls seq=010037 caller=QUEST2 entry=SQR31?3 ret=7016872E
rtcalls seq=010038 caller=QUEST2 entry=SQR31?3 ret=7016872E
rtcalls seq=010039 caller=QUEST2 entry=SQR31?3 ret=7016872E
rtcalls seq=010040 caller=QUEST2 entry=SQR31?3 ret=7016872E
rtcalls seq=010041 caller=QUEST2 entry=SQR31?3 ret=7016872E
rtcalls seq=010042 caller=QUEST2 entry=SQR31?3 ret=7016872E
rtcalls seq=010043 caller=QUEST2 entry=SQR31?3 ret=7016872E
rtcalls seq=010044 caller=QUEST2 entry=SQR31?3 ret=7016872E
rtcalls seq=010045 caller=QUEST2 entry=SQR31?3 ret=7016872E
rtcalls seq=010046 caller=QUEST2 entry=SQR31?3 ret=7016872E
rtcalls seq=010047 caller=QUEST2 entry=SQR31?3 ret=7016872E
rtcalls seq=010048 caller=QUEST2 entry=SQR31?3 ret=7016872E
rtcalls seq=010049 caller=QUEST2 entry=SQR31?3 ret=7016872E
rtcalls seq=010050 caller=QUEST2 entry=SQR31?3 ret=7016872E
rtcalls seq=010051 caller=QUEST2 entry=SQR31?3 ret=7016872E
rtcalls seq=010052 caller=QUEST2 entry=SQR31?3 ret=7016872E
rtcalls seq=010053 caller=QUEST2 entry=SQR31?3 ret=7016872E
rtcalls seq=010054 caller=QUEST2 entry=SQR31?3 ret=7016872E
rtcalls seq=010055 caller=QUEST2 entry=SQR31?3 ret=7016872E
rtcalls seq=010056 caller=QUEST2 entry=SQR31?3 ret=7016872E
rtcalls seq=010057 caller=QUEST2 entry=SQR31?3 ret=7016872E
rtcalls seq=010058 caller=QUEST2 entry=SQR31?3 ret=7016872E
rtcalls seq=010059 caller=QUEST2 entry=SQR31?3 ret=7016872E
rtcalls seq=010060 caller=QUEST2 entry=SQR31?3 ret=7016872E
rtcalls seq=010061 caller=QUEST2 entry=SQR31?3 ret=7016872E
rtcalls seq=010062 caller=QUEST2 entry=SQR31?3 ret=7016872E
rtcalls seq=010063 caller=QUEST2 entry=SQR31?3 ret=7016872E
rtcalls seq=010064 caller=QUEST2 entry=SQR31?3 ret=7016872E
rtcalls seq=010065 caller=QUEST2 entry=SQR31?3 ret=7016872E
rtcalls seq=010066 caller=QUEST2 entry=SQR31?3 ret=7016872E
rtcalls seq=010067 caller=QUEST2 entry=SQR31?3 ret=7016872E
rtcalls seq=010068 caller=QUEST2 entry=SQR31?3 ret=7016872E
rtcalls seq=010069 caller=QUEST2 entry=SQR31?3 ret=7016872E
rtcalls seq=010070 caller=QUEST2 entry=SQR31?3 ret=7016872E
rtcalls seq=010071 caller=QUEST2 entry=SQR31?3 ret=7016872E
rtcalls seq=010072 caller=QUEST2 entry=SQR31?3 ret=7016872E
rtcalls seq=010073 caller=QUEST2 entry=SQR31?3 ret=7016872E
rtcalls seq=010074 caller=QUEST2 entry=SQR31?3 ret=7016872E
rtcalls seq=010075 caller=QUEST2 entry=SQR31?3 ret=7016872E
rtcalls seq=010076 caller=QUEST2 entry=SQR31?3 ret=7016872E
rtcalls seq=010077 caller=QUEST2 entry=SQR31?3 ret=7016872E
rtcalls seq=010078 caller=QUEST2 entry=SQR31?3 ret=7016872E
rtcalls seq=010079 caller=QUEST2 entry=SQR31?3 ret=7016872E
rtcalls seq=010080 caller=QUEST2 entry=SQR31?3 ret=7016872E
rtcalls seq=010081 caller=QUEST2 entry=SQR31?3 ret=7016872E
rtcalls seq=010082 caller=QUEST2 entry=SQR31?3 ret=7016872E
rtcalls seq=010083 caller=QUEST2 entry=SQR31?3 ret=7016872E
rtcalls seq=010084 caller=QUEST2 entry=SQR31?3 ret=7016872E
rtcalls seq=010085 caller=QUEST2 entry=SQR31?3 ret=7016872E
rtcalls seq=010086 caller=QUEST2 entry=SQR31?3 ret=7016872E
rtcalls seq=010087 caller=QUEST2 entry=SQR31?3 ret=7016872E
rtcalls seq=010088 caller=QUEST2 entry=SQR31?3 ret=7016872E
rtcalls seq=010089 caller=QUEST2 entry=SQR31?3 ret=7016872E
rtcalls seq=010090 caller=QUEST2 entry=SQR31?3 ret=7016872E
rtcalls seq=010091 caller=QUEST2 entry=SQR31?3 ret=7016872E
rtcalls seq=010092 caller=QUEST2 entry=SQR31?3 ret=7016872E
rtcalls seq=010093 caller=QUEST2 entry=SQR31?3 ret=7016872E
rtcalls seq=010094 caller=QUEST2 entry=SQR31?3 ret=7016872E
rtcalls seq=010095 caller=QUEST2 entry=SQR31?3 ret=7016872E
rtcalls seq=010096 caller=QUEST2 entry=SQR31?3 ret=7016872E
rtcalls seq=010097 caller=QUEST2 entry=SQR31?3 ret=7016872E
rtcalls seq=010098 caller=QUEST2 entry=SQR31?3 ret=7016872E
rtcalls seq=010099 caller=QUEST2 entry=SQR31?3 ret=7016872E
rtcalls seq=010100 caller=QUEST2 entry=SQR31?3 ret=7016872E
rtcalls seq=010101 caller=QUEST2 entry=SQR31?3 ret=7016872E
rtcalls seq=010102 caller=QUEST2 entry=SQR31?3 ret=7016872E
rtcalls seq=010103 caller=QUEST2 entry=SQR31?3 ret=7016872E
rtcalls seq=010104 caller=QUEST2 entry=SQR31?3 ret=7016872E
rtcalls seq=010105 caller=QUEST2 entry=SQR31?3 ret=7016872E
rtcalls seq=010106 caller=QUEST2 entry=SQR31?3 ret=7016872E
rtcalls seq=010107 caller=QUEST2 entry=SQR31?3 ret=7016872E
rtcalls seq=010108 caller=QUEST2 entry=SQR31?3 ret=7016872E
rtcalls seq=010109 caller=QUEST2 entry=SQR31?3 ret=7016872E
rtcalls seq=010110 caller=QUEST2 entry=SQR31?3 ret=7016872E
rtcalls seq=010111 caller=QUEST2 entry=SQR31?3 ret=7016872E
rtcalls seq=010112 caller=QUEST2 entry=SQR31?3 ret=7016872E
rtcalls seq=010113 caller=QUEST2 entry=SQR31?3 ret=7016872E
rtcalls seq=010114 caller=QUEST2 entry=SQR31?3 ret=7016872E
rtcalls seq=010115 caller=QUEST2 entry=SQR31?3 ret=7016872E
rtcalls seq=010116 caller=QUEST2 entry=SQR31?3 ret=7016872E
rtcalls seq=010117 caller=QUEST2 entry=SQR31?3 ret=7016872E
rtcalls seq=010118 caller=QUEST2 entry=SQR31?3 ret=7016872E
rtcalls seq=010119 caller=QUEST2 entry=SQR31?3 ret=7016872E
rtcalls seq=010120 caller=QUEST2 entry=SQR31?3 ret=7016872E
rtcalls seq=010121 caller=QUEST2 entry=SQR31?3 ret=7016872E
rtcalls seq=010122 caller=QUEST2 entry=SQR31?3 ret=7016872E
rtcalls seq=010123 caller=QUEST2 entry=SQR31?3 ret=7016872E
rtcalls seq=010124 caller=QUEST2 entry=SQR31?3 ret=7016872E
rtcalls seq=010125 caller=QUEST2 entry=SQR31?3 ret=7016872E
rtcalls seq=010126 caller=QUEST2 entry=SQR31?3 ret=7016872E
rtcalls seq=010127 caller=QUEST2 entry=SQR31?3 ret=7016872E
rtcalls seq=010128 caller=QUEST2 entry=SQR31?3 ret=7016872E
rtcalls seq=010129 caller=QUEST2 entry=SQR31?3 ret=7016872E
rtcalls seq=010130 caller=QUEST2 entry=SQR31?3 ret=7016872E
rtcalls seq=010131 caller=QUEST2 entry=SQR31?3 ret=7016872E
rtcalls seq=010132 caller=QUEST2 entry=SQR31?3 ret=7016872E
rtcalls seq=010133 caller=QUEST2 entry=SQR31?3 ret=7016872E
rtcalls seq=010134 caller=QUEST2 entry=SQR31?3 ret=7016872E
rtcalls seq=010135 caller=QUEST2 entry=SQR31?3 ret=7016872E
rtcalls seq=010136 caller=QUEST2 entry=SQR31?3 ret=7016872E
rtcalls seq=010137 caller=QUEST2 entry=SQR31?3 ret=7016872E
rtcalls seq=010138 caller=QUEST2 entry=SQR31?3 ret=7016872E
rtcalls seq=010139 caller=QUEST2 entry=SQR31?3 ret=7016872E
rtcalls seq=010140 caller=QUEST2 entry=SQR31?3 ret=7016872E
rtcalls seq=010141 caller=QUEST2 entry=SQR31?3 ret=7016872E
rtcalls seq=010142 caller=QUEST2 entry=SQR31?3 ret=7016872E
rtcalls seq=010143 caller=QUEST2 entry=SQR31?3 ret=7016872E
rtcalls seq=010144 caller=QUEST2 entry=SQR31?3 ret=7016872E
rtcalls seq=010145 caller=QUEST2 entry=SQR31?3 ret=7016872E
rtcalls seq=010146 caller=QUEST2 entry=SQR31?3 ret=7016872E
rtcalls seq=010147 caller=QUEST2 entry=SQR31?3 ret=7016872E
rtcalls seq=010148 caller=QUEST2 entry=SQR31?3 ret=7016872E
rtcalls seq=010149 caller=QUEST2 entry=SQR31?3 ret=7016872E
rtcalls seq=010150 caller=QUEST2 entry=SQR31?3 ret=7016872E
rtcalls seq=010151 caller=QUEST2 entry=SQR31?3 ret=7016872E
rtcalls seq=010152 caller=QUEST2 entry=SQR31?3 ret=7016872E
rtcalls seq=010153 caller=QUEST2 entry=SQR31?3 ret=7016872E
rtcalls seq=010154 caller=QUEST2 entry=SQR31?3 ret=7016872E
rtcalls seq=010155 caller=QUEST2 entry=SQR31?3 ret=7016872E
rtcalls seq=010156 caller=QUEST2 entry=SQR31?3 ret=7016872E
rtcalls seq=010157 caller=QUEST2 entry=SQR31?3 ret=7016872E
rtcalls seq=010158 caller=QUEST2 entry=SQR31?3 ret=7016872E
rtcalls seq=010159 caller=QUEST2 entry=SQR31?3 ret=7016872E
rtcalls seq=010160 caller=QUEST2 entry=SQR31?3 ret=7016872E
rtcalls seq=010161 caller=QUEST2 entry=SQR31?3 ret=7016872E
rtcalls seq=010162 caller=QUEST2 entry=SQR31?3 ret=7016872E
rtcalls seq=010163 caller=QUEST2 entry=SQR31?3 ret=7016872E
rtcalls seq=010164 caller=QUEST2 entry=SQR31?3 ret=7016872E
rtcalls seq=010165 caller=QUEST2 entry=SQR31?3 ret=7016872E
rtcalls seq=010166 caller=QUEST2 entry=SQR31?3 ret=7016872E
rtcalls seq=010167 caller=QUEST2 entry=SQR31?3 ret=7016872E
rtcalls seq=010168 caller=QUEST2 entry=SQR31?3 ret=7016872E
rtcalls seq=010169 caller=QUEST2 entry=SQR31?3 ret=7016872E
rtcalls seq=010170 caller=QUEST2 entry=SQR31?3 ret=7016872E
rtcalls seq=010171 caller=QUEST2 entry=SQR31?3 ret=7016872E
rtcalls seq=010172 caller=QUEST2 entry=SQR31?3 ret=7016872E
rtcalls seq=010173 caller=QUEST2 entry=SQR31?3 ret=7016872E
rtcalls seq=010174 caller=QUEST2 entry=SQR31?3 ret=7016872E
rtcalls seq=010175 caller=QUEST2 entry=SQR31?3 ret=7016872E
rtcalls seq=010176 caller=QUEST2 entry=SQR31?3 ret=7016872E
rtcalls seq=010177 caller=QUEST2 entry=SQR31?3 ret=7016872E
rtcalls seq=010178 caller=QUEST2 entry=SQR31?3 ret=7016872E
rtcalls seq=010179 caller=QUEST2 entry=SQR31?3 ret=7016872E
rtcalls seq=010180 caller=QUEST2 entry=SQR31?3 ret=7016872E
rtcalls seq=010181 caller=QUEST2 entry=SQR31?3 ret=7016872E
rtcalls seq=010182 caller=QUEST2 entry=SQR31?3 ret=7016872E
rtcalls seq=010183 caller=QUEST2 entry=SQR31?3 ret=7016872E
rtcalls seq=010184 caller=QUEST2 entry=SQR31?3 ret=7016872E
rtcalls seq=010185 caller=QUEST2 entry=SQR31?3 ret=7016872E
rtcalls seq=010186 caller=QUEST2 entry=SQR31?3 ret=7016872E
rtcalls seq=010187 caller=QUEST2 entry=SQR31?3 ret=7016872E
rtcalls seq=010188 caller=QUEST2 entry=SQR31?3 ret=7016872E
rtcalls seq=010189 caller=QUEST2 entry=SQR31?3 ret=7016872E
rtcalls seq=010190 caller=QUEST2 entry=SQR31?3 ret=7016872E
rtcalls seq=010191 caller=QUEST2 entry=SQR31?3 ret=7016872E
rtcalls seq=010192 caller=QUEST2 entry=SQR31?3 ret=7016872E
rtcalls seq=010193 caller=QUEST2 entry=SQR31?3 ret=7016872E
rtcalls seq=010194 caller=QUEST2 entry=SQR31?3 ret=7016872E
rtcalls seq=010195 caller=QUEST2 entry=SQR31?3 ret=7016872E
rtcalls seq=010196 caller=QUEST2 entry=SQR31?3 ret=7016872E
rtcalls seq=010197 caller=QUEST2 entry=SQR31?3 ret=7016872E
rtcalls seq=010198 caller=QUEST2 entry=SQR31?3 ret=7016872E
rtcalls seq=010199 caller=QUEST2 entry=SQR31?3 ret=7016872E
rtcalls seq=010200 caller=QUEST2 entry=SQR31?3 ret=7016872E
rtcalls seq=010201 caller=QUEST2 entry=SQR31?3 ret=7016872E
rtcalls seq=010202 caller=QUEST2 entry=SQR31?3 ret=7016872E
rtcalls seq=010203 caller=QUEST2 entry=SQR31?3 ret=7016872E
rtcalls seq=010204 caller=QUEST2 entry=SQR31?3 ret=7016872E
rtcalls seq=010205 caller=QUEST2 entry=SQR31?3 ret=7016872E
rtcalls seq=010206 caller=QUEST2 entry=SQR31?3 ret=7016872E
rtcalls seq=010207 caller=QUEST2 entry=SQR31?3 ret=7016872E
rtcalls seq=010208 caller=QUEST2 entry=SQR31?3 ret=7016872E
rtcalls seq=010209 caller=QUEST2 entry=SQR31?3 ret=7016872E
rtcalls seq=010210 caller=QUEST2 entry=SQR31?3 ret=7016872E
rtcalls seq=010211 caller=QUEST2 entry=SQR31?3 ret=7016872E
rtcalls seq=010212 caller=QUEST2 entry=SQR31?3 ret=7016872E
rtcalls seq=010213 caller=QUEST2 entry=SQR31?3 ret=7016872E
rtcalls seq=010214 caller=QUEST2 entry=SQR31?3 ret=7016872E
rtcalls seq=010215 caller=QUEST2 entry=SQR31?3 ret=7016872E
rtcalls seq=010216 caller=QUEST2 entry=SQR31?3 ret=7016872E
rtcalls seq=010217 caller=QUEST2 entry=SQR31?3 ret=7016872E
rtcalls seq=010218 caller=QUEST2 entry=SQR31?3 ret=7016872E
rtcalls seq=010219 caller=QUEST2 entry=SQR31?3 ret=7016872E
rtcalls seq=010220 caller=QUEST2 entry=SQR31?3 ret=7016872E
rtcalls seq=010221 caller=QUEST2 entry=SQR31?3 ret=7016872E
rtcalls seq=010222 caller=QUEST2 entry=SQR31?3 ret=7016872E
rtcalls seq=010223 caller=QUEST2 entry=SQR31?3 ret=7016872E
rtcalls seq=010224 caller=QUEST2 entry=SQR31?3 ret=7016872E
rtcalls seq=010225 caller=QUEST2 entry=SQR31?3 ret=7016872E
rtcalls seq=010226 caller=QUEST2 entry=SQR31?3 ret=7016872E
rtcalls seq=010227 caller=QUEST2 entry=SQR31?3 ret=7016872E
rtcalls seq=010228 caller=QUEST2 entry=SQR31?3 ret=7016872E
rtcalls seq=010229 caller=QUEST2 entry=SQR31?3 ret=7016872E
rtcalls seq=010230 caller=QUEST2 entry=SQR31?3 ret=7016872E
rtcalls seq=010231 caller=QUEST2 entry=SQR31?3 ret=7016872E
rtcalls seq=010232 caller=QUEST2 entry=SQR31?3 ret=7016872E
rtcalls seq=010233 caller=QUEST2 entry=SQR31?3 ret=7016872E
rtcalls seq=010234 caller=QUEST2 entry=SQR31?3 ret=7016872E
rtcalls seq=010235 caller=QUEST2 entry=SQR31?3 ret=7016872E
rtcalls seq=010236 caller=QUEST2 entry=SQR31?3 ret=7016872E
rtcalls seq=010237 caller=QUEST2 entry=SQR31?3 ret=7016872E
rtcalls seq=010238 caller=QUEST2 entry=SQR31?3 ret=7016872E
rtcalls seq=010239 caller=QUEST2 entry=SQR31?3 ret=7016872E
rtcalls seq=010240 caller=QUEST2 entry=SQR31?3 ret=7016872E
rtcalls seq=010241 caller=QUEST2 entry=SQR31?3 ret=7016872E
rtcalls seq=010242 caller=QUEST2 entry=SQR31?3 ret=7016872E
rtcalls seq=010243 caller=QUEST2 entry=SQR31?3 ret=7016872E
rtcalls seq=010244 caller=QUEST2 entry=SQR31?3 ret=7016872E
rtcalls seq=010245 caller=QUEST2 entry=SQR31?3 ret=7016872E
rtcalls seq=010246 caller=QUEST2 entry=SQR31?3 ret=7016872E
rtcalls seq=010247 caller=QUEST2 entry=SQR31?3 ret=7016872E
rtcalls seq=010248 caller=QUEST2 entry=SQR31?3 ret=7016872E
rtcalls seq=010249 caller=QUEST2 entry=SQR31?3 ret=7016872E
rtcalls seq=010250 caller=QUEST2 entry=SQR31?3 ret=7016872E
rtcalls seq=010251 caller=QUEST2 entry=?WRITE_SCREEN ret=701670B5
rtcalls seq=010258 caller=QUEST2 entry=SQR31?3 ret=7017CF78
rtcalls seq=010259 caller=QUEST2 entry=SQR31?3 ret=7017CF78
rtcalls seq=010260 caller=QUEST2 entry=SQR31?3 ret=7017CF78
rtcalls seq=010261 caller=QUEST2 entry=SQR31?3 ret=7017CF78
rtcalls seq=010262 caller=QUEST2 entry=SQR31?3 ret=7017CF78
rtcalls seq=010263 caller=QUEST2 entry=SQR31?3 ret=7017CF78
rtcalls seq=010264 caller=QUEST2 entry=SQR31?3 ret=7017CF78
rtcalls seq=010265 caller=QUEST2 entry=SQR31?3 ret=7017CF78
rtcalls seq=010266 caller=QUEST2 entry=SQR31?3 ret=7017CF78
rtcalls seq=010267 caller=QUEST2 entry=SQR31?3 ret=7017CF78
rtcalls seq=010268 caller=QUEST2 entry=SQR31?3 ret=7017CF78
rtcalls seq=010269 caller=QUEST2 entry=SQR31?3 ret=7017CF78
rtcalls seq=010270 caller=QUEST2 entry=SQR31?3 ret=7017CF78
rtcalls seq=010271 caller=QUEST2 entry=SQR31?3 ret=7017CF78
rtcalls seq=010272 caller=QUEST2 entry=SQR31?3 ret=7017CF78
rtcalls seq=010273 caller=QUEST2 entry=SQR31?3 ret=7017CF78
rtcalls seq=010274 caller=QUEST2 entry=SQR31?3 ret=7017CF78
rtcalls seq=010275 caller=QUEST2 entry=SQR31?3 ret=7017CF78
rtcalls seq=010276 caller=QUEST2 entry=SQR31?3 ret=7017CF78
rtcalls seq=010277 caller=QUEST2 entry=SQR31?3 ret=7017CF78
rtcalls seq=010278 caller=QUEST2 entry=SQR31?3 ret=7017CF78
rtcalls seq=010279 caller=QUEST2 entry=SQR31?3 ret=7017CF78
rtcalls seq=010280 caller=QUEST2 entry=SQR31?3 ret=7017CF78
rtcalls seq=010281 caller=QUEST2 entry=SQR31?3 ret=7017CF78
rtcalls seq=010282 caller=QUEST2 entry=SQR31?3 ret=7017CF78
rtcalls seq=010283 caller=QUEST2 entry=SQR31?3 ret=7017CF78
rtcalls seq=010284 caller=QUEST2 entry=SQR31?3 ret=7017CF78
rtcalls seq=010285 caller=QUEST2 entry=SQR31?3 ret=7017CF78
rtcalls seq=010286 caller=QUEST2 entry=SQR31?3 ret=7017CF78
rtcalls seq=010287 caller=QUEST2 entry=SQR31?3 ret=7017CF78
rtcalls seq=010288 caller=QUEST2 entry=SQR31?3 ret=7017CF78
rtcalls seq=010289 caller=QUEST2 entry=SQR31?3 ret=7017CF78
rtcalls seq=010290 caller=QUEST2 entry=SQR31?3 ret=7017CF78
rtcalls seq=010291 caller=QUEST2 entry=SQR31?3 ret=7017CF78
rtcalls seq=010292 caller=QUEST2 entry=SQR31?3 ret=7017CF78
rtcalls seq=010293 caller=QUEST2 entry=SQR31?3 ret=7017CF78
rtcalls seq=010294 caller=QUEST2 entry=SQR31?3 ret=7017CF78
rtcalls seq=010295 caller=QUEST2 entry=SQR31?3 ret=7017CF78
rtcalls seq=010296 caller=QUEST2 entry=SQR31?3 ret=7017CF78
rtcalls seq=010297 caller=QUEST2 entry=SQR31?3 ret=7017CF78
rtcalls seq=010298 caller=QUEST2 entry=SQR31?3 ret=7017CF78
rtcalls seq=010299 caller=QUEST2 entry=SQR31?3 ret=7017CF78
rtcalls seq=010300 caller=QUEST2 entry=SQR31?3 ret=7017CF78
rtcalls seq=010301 caller=QUEST2 entry=SQR31?3 ret=7017CF78
rtcalls seq=010302 caller=QUEST2 entry=SQR31?3 ret=7017CF78
rtcalls seq=010303 caller=QUEST2 entry=SQR31?3 ret=7017CF78
rtcalls seq=010304 caller=QUEST2 entry=SQR31?3 ret=7017CF78
rtcalls seq=010305 caller=QUEST2 entry=SQR31?3 ret=7017CF78
rtcalls seq=010306 caller=QUEST2 entry=SQR31?3 ret=7017CF78
rtcalls seq=010307 caller=QUEST2 entry=SQR31?3 ret=7017CF78
rtcalls seq=010308 caller=QUEST2 entry=SQR31?3 ret=7017CF78
rtcalls seq=010309 caller=QUEST2 entry=SQR31?3 ret=7017CF78
rtcalls seq=010310 caller=QUEST2 entry=SQR31?3 ret=7017CF78
rtcalls seq=010311 caller=QUEST2 entry=SQR31?3 ret=7017CF78
rtcalls seq=010312 caller=QUEST2 entry=SQR31?3 ret=7017CF78
rtcalls seq=010313 caller=QUEST2 entry=SQR31?3 ret=7017CF78
rtcalls seq=010314 caller=QUEST2 entry=SQR31?3 ret=7017CF78
rtcalls seq=010315 caller=QUEST2 entry=SQR31?3 ret=7017CF78
rtcalls seq=010316 caller=QUEST2 entry=SQR31?3 ret=7017CF78
rtcalls seq=010317 caller=QUEST2 entry=SQR31?3 ret=7017CF78
rtcalls seq=010318 caller=QUEST2 entry=SQR31?3 ret=7017CF78
rtcalls seq=010319 caller=QUEST2 entry=SQR31?3 ret=7017CF78
rtcalls seq=010320 caller=QUEST2 entry=SQR31?3 ret=7017CF78
rtcalls seq=010321 caller=QUEST2 entry=SQR31?3 ret=7017CF78
rtcalls seq=010322 caller=QUEST2 entry=SQR31?3 ret=7017CF78
rtcalls seq=010323 caller=QUEST2 entry=SQR31?3 ret=7017CF78
rtcalls seq=010324 caller=QUEST2 entry=SQR31?3 ret=7017CF78
rtcalls seq=010325 caller=QUEST2 entry=SQR31?3 ret=7017CF78
rtcalls seq=010326 caller=QUEST2 entry=SQR31?3 ret=7017CF78
rtcalls seq=010327 caller=QUEST2 entry=SQR31?3 ret=7017CF78
rtcalls seq=010328 caller=QUEST2 entry=SQR31?3 ret=7017CF78
rtcalls seq=010329 caller=QUEST2 entry=SQR31?3 ret=7017CF78
rtcalls seq=010330 caller=QUEST2 entry=SQR31?3 ret=7017CF78
rtcalls seq=010331 caller=QUEST2 entry=SQR31?3 ret=7017CF78
rtcalls seq=010332 caller=QUEST2 entry=SQR31?3 ret=7017CF78
rtcalls seq=010333 caller=QUEST2 entry=SQR31?3 ret=7017CF78
rtcalls seq=010334 caller=QUEST2 entry=SQR31?3 ret=7017CF78
rtcalls seq=010335 caller=QUEST2 entry=SQR31?3 ret=7017CF78
rtcalls seq=010336 caller=QUEST2 entry=SQR31?3 ret=7017CF78
rtcalls seq=010337 caller=QUEST2 entry=SQR31?3 ret=7017CF78
rtcalls seq=010338 caller=QUEST2 entry=SQR31?3 ret=7017CF78
rtcalls seq=010339 caller=QUEST2 entry=SQR31?3 ret=7017CF78
rtcalls seq=010340 caller=QUEST2 entry=SQR31?3 ret=7017CF78
rtcalls seq=010341 caller=QUEST2 entry=SQR31?3 ret=7017CF78
rtcalls seq=010342 caller=QUEST2 entry=SQR31?3 ret=7017CF78
rtcalls seq=010343 caller=QUEST2 entry=SQR31?3 ret=7017CF78
rtcalls seq=010344 caller=QUEST2 entry=SQR31?3 ret=7017CF78
rtcalls seq=010345 caller=QUEST2 entry=SQR31?3 ret=7017CF78
rtcalls seq=010346 caller=QUEST2 entry=SQR31?3 ret=7017CF78
rtcalls seq=010347 caller=QUEST2 entry=SQR31?3 ret=7017CF78
rtcalls seq=010348 caller=QUEST2 entry=SQR31?3 ret=7017CF78
rtcalls seq=010349 caller=QUEST2 entry=SQR31?3 ret=7017CF78
rtcalls seq=010350 caller=QUEST2 entry=SQR31?3 ret=7017CF78
rtcalls seq=010351 caller=QUEST2 entry=SQR31?3 ret=7017CF78
rtcalls seq=010352 caller=QUEST2 entry=SQR31?3 ret=7017CF78
rtcalls seq=010353 caller=QUEST2 entry=SQR31?3 ret=7017CF78
rtcalls seq=010354 caller=QUEST2 entry=SQR31?3 ret=7017CF78
rtcalls seq=010355 caller=QUEST2 entry=SQR31?3 ret=7017CF78
rtcalls seq=010356 caller=QUEST2 entry=SQR31?3 ret=7017CF78
rtcalls seq=010357 caller=QUEST2 entry=SQR31?3 ret=7017CF78
rtcalls seq=010358 caller=QUEST2 entry=SQR31?3 ret=7017CF78
rtcalls seq=010359 caller=QUEST2 entry=SQR31?3 ret=7017CF78
rtcalls seq=010360 caller=QUEST2 entry=SQR31?3 ret=7017CF78
rtcalls seq=010361 caller=QUEST2 entry=SQR31?3 ret=7017CF78
rtcalls seq=010362 caller=QUEST2 entry=SQR31?3 ret=7017CF78
rtcalls seq=010363 caller=QUEST2 entry=SQR31?3 ret=7017CF78
rtcalls seq=010364 caller=QUEST2 entry=SQR31?3 ret=7017CF78
rtcalls seq=010365 caller=QUEST2 entry=SQR31?3 ret=7017CF78
rtcalls seq=010366 caller=QUEST2 entry=SQR31?3 ret=7017CF78
rtcalls seq=010367 caller=QUEST2 entry=SQR31?3 ret=7017CF78
rtcalls seq=010368 caller=QUEST2 entry=SQR31?3 ret=7017CF78
rtcalls seq=010369 caller=QUEST2 entry=SQR31?3 ret=7017CF78
rtcalls seq=010370 caller=QUEST2 entry=SQR31?3 ret=7017CF78
rtcalls seq=010371 caller=QUEST2 entry=SQR31?3 ret=7017CF78
rtcalls seq=010372 caller=QUEST2 entry=SQR31?3 ret=7017CF78
rtcalls seq=010373 caller=QUEST2 entry=?WRITE_SCREEN ret=7016717A
rtcalls seq=010380 caller=QUEST2 entry=?WRITE_SCREEN ret=7016721B
rtcalls seq=010387 caller=QUEST2 entry=?WRITE_SCREEN ret=701672AA
rtcalls seq=010394 caller=QUEST2 entry=?WRITE_SCREEN ret=701674EC
rtcalls seq=010401 caller=QUEST2 entry=?WRITE_SCREEN ret=70167794
rtcalls seq=010408 caller=QUEST2 entry=?WRITE_SCREEN ret=70167794
rtcalls seq=010415 caller=QUEST2 entry=?WRITE_SCREEN ret=70167794
rtcalls seq=010422 caller=QUEST2 entry=?WRITE_SCREEN ret=70167861
rtcalls seq=010429 caller=QUEST2 entry=?WRITE_SCREEN ret=70167861
rtcalls seq=010436 caller=QUEST2 entry=?WRITE_SCREEN ret=70167861
rtcalls seq=010443 caller=QUEST2 entry=?WRITE_SCREEN ret=70167861
rtcalls seq=010450 caller=QUEST2 entry=?WRITE_SCREEN ret=70167861
rtcalls seq=010457 caller=QUEST2 entry=?WRITE_SCREEN ret=70167861
rtcalls seq=010464 caller=QUEST2 entry=?WRITE_SCREEN ret=70167861
rtcalls seq=010472 caller=QUEST2 entry=?WRITE_SCREEN ret=70167931
rtcalls seq=010479 caller=QUEST2 entry=?WRITE_SCREEN ret=701679D1
rtcalls seq=010487 caller=QUEST2 entry=?WRITE_SCREEN ret=70167A63
rtcalls seq=010495 caller=QUEST2 entry=?WRITE_SCREEN ret=70167AD8
rtcalls seq=010503 caller=QUEST2 entry=?WRITE_SCREEN ret=70167B6F
rtcalls seq=010511 caller=QUEST2 entry=?WRITE_SCREEN ret=70167BCE
rtcalls seq=010519 caller=QUEST2 entry=?WRITE_SCREEN ret=70167C45
rtcalls seq=010527 caller=QUEST2 entry=?WRITE_SCREEN ret=70167CDC
rtcalls seq=010534 caller=QUEST2 entry=?WRITE_SCREEN ret=70167DA3
rtcalls seq=010541 caller=QUEST2 entry=?WRITE_SCREEN ret=70167F46
rtcalls seq=010548 caller=QUEST2 entry=?WRITE_SCREEN ret=7016802D
rtcalls seq=010555 caller=QUEST2 entry=?WRITE_SCREEN ret=70168081
rtcalls seq=010562 caller=QUEST2 entry=?WRITE_SCREEN ret=701681EB
rtcalls seq=010569 caller=QUEST2 entry=?WRITE_SCREEN ret=7016827F
rtcalls seq=010576 caller=QUEST2 entry=?WRITE_SCREEN ret=70168416
rtcalls seq=010583 caller=QUEST2 entry=?WRITE_SCREEN ret=70168516
rtcalls seq=010590 caller=QUEST2 entry=I.PROLOG(native) ret=70178224
rtcalls seq=010591 caller=QUEST2 entry=?WRITE_SCREEN ret=7017826A
rtcalls seq=010599 caller=QUEST2 entry=?READ ret=7016AA5E
rtcalls seq=010605 caller=QUEST2 entry=?WRITE_SCREEN ret=70178303
rtcalls seq=010612 caller=QUEST2 entry=?WRITE_SCREEN ret=7017826A
rtcalls seq=010620 caller=QUEST2 entry=?READ ret=7016AA5E
rtcalls seq=010626 caller=QUEST2 entry=?WRITE_SCREEN ret=70177C13
rtcalls seq=010633 caller=QUEST2 entry=?WRITE_SCREEN ret=70177F31
rtcalls seq=010640 caller=QUEST2 entry=?WRITE_SCREEN ret=70178865
rtcalls seq=010647 caller=QUEST2 entry=SQR31?3 ret=7016872E
rtcalls seq=010648 caller=QUEST2 entry=SQR31?3 ret=7016872E
rtcalls seq=010649 caller=QUEST2 entry=SQR31?3 ret=7016872E
rtcalls seq=010650 caller=QUEST2 entry=SQR31?3 ret=7016872E
rtcalls seq=010651 caller=QUEST2 entry=SQR31?3 ret=7016872E
rtcalls seq=010652 caller=QUEST2 entry=SQR31?3 ret=7016872E
rtcalls seq=010653 caller=QUEST2 entry=SQR31?3 ret=7016872E
rtcalls seq=010654 caller=QUEST2 entry=SQR31?3 ret=7016872E
rtcalls seq=010655 caller=QUEST2 entry=SQR31?3 ret=7016872E
rtcalls seq=010656 caller=QUEST2 entry=SQR31?3 ret=7016872E
rtcalls seq=010657 caller=QUEST2 entry=SQR31?3 ret=7016872E
rtcalls seq=010658 caller=QUEST2 entry=SQR31?3 ret=7016872E
rtcalls seq=010659 caller=QUEST2 entry=SQR31?3 ret=7016872E
rtcalls seq=010660 caller=QUEST2 entry=SQR31?3 ret=7016872E
rtcalls seq=010661 caller=QUEST2 entry=SQR31?3 ret=7016872E
rtcalls seq=010662 caller=QUEST2 entry=SQR31?3 ret=7016872E
rtcalls seq=010663 caller=QUEST2 entry=SQR31?3 ret=7016872E
rtcalls seq=010664 caller=QUEST2 entry=SQR31?3 ret=7016872E
rtcalls seq=010665 caller=QUEST2 entry=SQR31?3 ret=7016872E
rtcalls seq=010666 caller=QUEST2 entry=SQR31?3 ret=7016872E
rtcalls seq=010667 caller=QUEST2 entry=SQR31?3 ret=7016872E
rtcalls seq=010668 caller=QUEST2 entry=SQR31?3 ret=7016872E
rtcalls seq=010669 caller=QUEST2 entry=SQR31?3 ret=7016872E
rtcalls seq=010670 caller=QUEST2 entry=SQR31?3 ret=7016872E
rtcalls seq=010671 caller=QUEST2 entry=SQR31?3 ret=7016872E
rtcalls seq=010672 caller=QUEST2 entry=SQR31?3 ret=7016872E
rtcalls seq=010673 caller=QUEST2 entry=SQR31?3 ret=7016872E
rtcalls seq=010674 caller=QUEST2 entry=SQR31?3 ret=7016872E
rtcalls seq=010675 caller=QUEST2 entry=SQR31?3 ret=7016872E
rtcalls seq=010676 caller=QUEST2 entry=SQR31?3 ret=7016872E
rtcalls seq=010677 caller=QUEST2 entry=SQR31?3 ret=7016872E
rtcalls seq=010678 caller=QUEST2 entry=SQR31?3 ret=7016872E
rtcalls seq=010679 caller=QUEST2 entry=SQR31?3 ret=7016872E
rtcalls seq=010680 caller=QUEST2 entry=SQR31?3 ret=7016872E
rtcalls seq=010681 caller=QUEST2 entry=SQR31?3 ret=7016872E
rtcalls seq=010682 caller=QUEST2 entry=SQR31?3 ret=7016872E
rtcalls seq=010683 caller=QUEST2 entry=SQR31?3 ret=7016872E
rtcalls seq=010684 caller=QUEST2 entry=SQR31?3 ret=7016872E
rtcalls seq=010685 caller=QUEST2 entry=SQR31?3 ret=7016872E
rtcalls seq=010686 caller=QUEST2 entry=SQR31?3 ret=7016872E
rtcalls seq=010687 caller=QUEST2 entry=SQR31?3 ret=7016872E
rtcalls seq=010688 caller=QUEST2 entry=SQR31?3 ret=7016872E
rtcalls seq=010689 caller=QUEST2 entry=SQR31?3 ret=7016872E
rtcalls seq=010690 caller=QUEST2 entry=SQR31?3 ret=7016872E
rtcalls seq=010691 caller=QUEST2 entry=SQR31?3 ret=7016872E
rtcalls seq=010692 caller=QUEST2 entry=SQR31?3 ret=7016872E
rtcalls seq=010693 caller=QUEST2 entry=SQR31?3 ret=7016872E
rtcalls seq=010694 caller=QUEST2 entry=SQR31?3 ret=7016872E
rtcalls seq=010695 caller=QUEST2 entry=SQR31?3 ret=7016872E
rtcalls seq=010696 caller=QUEST2 entry=SQR31?3 ret=7016872E
rtcalls seq=010697 caller=QUEST2 entry=SQR31?3 ret=7016872E
rtcalls seq=010698 caller=QUEST2 entry=SQR31?3 ret=7016872E
rtcalls seq=010699 caller=QUEST2 entry=SQR31?3 ret=7016872E
rtcalls seq=010700 caller=QUEST2 entry=SQR31?3 ret=7016872E
rtcalls seq=010701 caller=QUEST2 entry=SQR31?3 ret=7016872E
rtcalls seq=010702 caller=QUEST2 entry=SQR31?3 ret=7016872E
rtcalls seq=010703 caller=QUEST2 entry=SQR31?3 ret=7016872E
rtcalls seq=010704 caller=QUEST2 entry=SQR31?3 ret=7016872E
rtcalls seq=010705 caller=QUEST2 entry=SQR31?3 ret=7016872E
rtcalls seq=010706 caller=QUEST2 entry=SQR31?3 ret=7016872E
rtcalls seq=010707 caller=QUEST2 entry=SQR31?3 ret=7016872E
rtcalls seq=010708 caller=QUEST2 entry=SQR31?3 ret=7016872E
rtcalls seq=010709 caller=QUEST2 entry=SQR31?3 ret=7016872E
rtcalls seq=010710 caller=QUEST2 entry=SQR31?3 ret=7016872E
rtcalls seq=010711 caller=QUEST2 entry=SQR31?3 ret=7016872E
rtcalls seq=010712 caller=QUEST2 entry=SQR31?3 ret=7016872E
rtcalls seq=010713 caller=QUEST2 entry=SQR31?3 ret=7016872E
rtcalls seq=010714 caller=QUEST2 entry=SQR31?3 ret=7016872E
rtcalls seq=010715 caller=QUEST2 entry=SQR31?3 ret=7016872E
rtcalls seq=010716 caller=QUEST2 entry=SQR31?3 ret=7016872E
rtcalls seq=010717 caller=QUEST2 entry=SQR31?3 ret=7016872E
rtcalls seq=010718 caller=QUEST2 entry=SQR31?3 ret=7016872E
rtcalls seq=010719 caller=QUEST2 entry=SQR31?3 ret=7016872E
rtcalls seq=010720 caller=QUEST2 entry=SQR31?3 ret=7016872E
rtcalls seq=010721 caller=QUEST2 entry=SQR31?3 ret=7016872E
rtcalls seq=010722 caller=QUEST2 entry=SQR31?3 ret=7016872E
rtcalls seq=010723 caller=QUEST2 entry=SQR31?3 ret=7016872E
rtcalls seq=010724 caller=QUEST2 entry=SQR31?3 ret=7016872E
rtcalls seq=010725 caller=QUEST2 entry=SQR31?3 ret=7016872E
rtcalls seq=010726 caller=QUEST2 entry=SQR31?3 ret=7016872E
rtcalls seq=010727 caller=QUEST2 entry=SQR31?3 ret=7016872E
rtcalls seq=010728 caller=QUEST2 entry=SQR31?3 ret=7016872E
rtcalls seq=010729 caller=QUEST2 entry=SQR31?3 ret=7016872E
rtcalls seq=010730 caller=QUEST2 entry=SQR31?3 ret=7016872E
rtcalls seq=010731 caller=QUEST2 entry=SQR31?3 ret=7016872E
rtcalls seq=010732 caller=QUEST2 entry=SQR31?3 ret=7016872E
rtcalls seq=010733 caller=QUEST2 entry=SQR31?3 ret=7016872E
rtcalls seq=010734 caller=QUEST2 entry=SQR31?3 ret=7016872E
rtcalls seq=010735 caller=QUEST2 entry=SQR31?3 ret=7016872E
rtcalls seq=010736 caller=QUEST2 entry=SQR31?3 ret=7016872E
rtcalls seq=010737 caller=QUEST2 entry=SQR31?3 ret=7016872E
rtcalls seq=010738 caller=QUEST2 entry=SQR31?3 ret=7016872E
rtcalls seq=010739 caller=QUEST2 entry=SQR31?3 ret=7016872E
rtcalls seq=010740 caller=QUEST2 entry=SQR31?3 ret=7016872E
rtcalls seq=010741 caller=QUEST2 entry=SQR31?3 ret=7016872E
rtcalls seq=010742 caller=QUEST2 entry=SQR31?3 ret=7016872E
rtcalls seq=010743 caller=QUEST2 entry=SQR31?3 ret=7016872E
rtcalls seq=010744 caller=QUEST2 entry=SQR31?3 ret=7016872E
rtcalls seq=010745 caller=QUEST2 entry=SQR31?3 ret=7016872E
rtcalls seq=010746 caller=QUEST2 entry=SQR31?3 ret=7016872E
rtcalls seq=010747 caller=QUEST2 entry=SQR31?3 ret=7016872E
rtcalls seq=010748 caller=QUEST2 entry=SQR31?3 ret=7016872E
rtcalls seq=010749 caller=QUEST2 entry=SQR31?3 ret=7016872E
rtcalls seq=010750 caller=QUEST2 entry=SQR31?3 ret=7016872E
rtcalls seq=010751 caller=QUEST2 entry=SQR31?3 ret=7016872E
rtcalls seq=010752 caller=QUEST2 entry=SQR31?3 ret=7016872E
rtcalls seq=010753 caller=QUEST2 entry=SQR31?3 ret=7016872E
rtcalls seq=010754 caller=QUEST2 entry=SQR31?3 ret=7016872E
rtcalls seq=010755 caller=QUEST2 entry=SQR31?3 ret=7016872E
rtcalls seq=010756 caller=QUEST2 entry=SQR31?3 ret=7016872E
rtcalls seq=010757 caller=QUEST2 entry=SQR31?3 ret=7016872E
rtcalls seq=010758 caller=QUEST2 entry=SQR31?3 ret=7016872E
rtcalls seq=010759 caller=QUEST2 entry=SQR31?3 ret=7016872E
rtcalls seq=010760 caller=QUEST2 entry=SQR31?3 ret=7016872E
rtcalls seq=010761 caller=QUEST2 entry=SQR31?3 ret=7016872E
rtcalls seq=010762 caller=QUEST2 entry=SQR31?3 ret=7016872E
rtcalls seq=010763 caller=QUEST2 entry=SQR31?3 ret=7016872E
rtcalls seq=010764 caller=QUEST2 entry=SQR31?3 ret=7016872E
rtcalls seq=010765 caller=QUEST2 entry=SQR31?3 ret=7016872E
rtcalls seq=010766 caller=QUEST2 entry=SQR31?3 ret=7016872E
rtcalls seq=010767 caller=QUEST2 entry=SQR31?3 ret=7016872E
rtcalls seq=010768 caller=QUEST2 entry=SQR31?3 ret=7016872E
rtcalls seq=010769 caller=QUEST2 entry=SQR31?3 ret=7016872E
rtcalls seq=010770 caller=QUEST2 entry=SQR31?3 ret=7016872E
rtcalls seq=010771 caller=QUEST2 entry=SQR31?3 ret=7016872E
rtcalls seq=010772 caller=QUEST2 entry=SQR31?3 ret=7016872E
rtcalls seq=010773 caller=QUEST2 entry=SQR31?3 ret=7016872E
rtcalls seq=010774 caller=QUEST2 entry=SQR31?3 ret=7016872E
rtcalls seq=010775 caller=QUEST2 entry=SQR31?3 ret=7016872E
rtcalls seq=010776 caller=QUEST2 entry=SQR31?3 ret=7016872E
rtcalls seq=010777 caller=QUEST2 entry=SQR31?3 ret=7016872E
rtcalls seq=010778 caller=QUEST2 entry=SQR31?3 ret=7016872E
rtcalls seq=010779 caller=QUEST2 entry=SQR31?3 ret=7016872E
rtcalls seq=010780 caller=QUEST2 entry=SQR31?3 ret=7016872E
rtcalls seq=010781 caller=QUEST2 entry=SQR31?3 ret=7016872E
rtcalls seq=010782 caller=QUEST2 entry=SQR31?3 ret=7016872E
rtcalls seq=010783 caller=QUEST2 entry=SQR31?3 ret=7016872E
rtcalls seq=010784 caller=QUEST2 entry=SQR31?3 ret=7016872E
rtcalls seq=010785 caller=QUEST2 entry=SQR31?3 ret=7016872E
rtcalls seq=010786 caller=QUEST2 entry=SQR31?3 ret=7016872E
rtcalls seq=010787 caller=QUEST2 entry=SQR31?3 ret=7016872E
rtcalls seq=010788 caller=QUEST2 entry=SQR31?3 ret=7016872E
rtcalls seq=010789 caller=QUEST2 entry=SQR31?3 ret=7016872E
rtcalls seq=010790 caller=QUEST2 entry=SQR31?3 ret=7016872E
rtcalls seq=010791 caller=QUEST2 entry=SQR31?3 ret=7016872E
rtcalls seq=010792 caller=QUEST2 entry=SQR31?3 ret=7016872E
rtcalls seq=010793 caller=QUEST2 entry=SQR31?3 ret=7016872E
rtcalls seq=010794 caller=QUEST2 entry=SQR31?3 ret=7016872E
rtcalls seq=010795 caller=QUEST2 entry=SQR31?3 ret=7016872E
rtcalls seq=010796 caller=QUEST2 entry=SQR31?3 ret=7016872E
rtcalls seq=010797 caller=QUEST2 entry=SQR31?3 ret=7016872E
rtcalls seq=010798 caller=QUEST2 entry=SQR31?3 ret=7016872E
rtcalls seq=010799 caller=QUEST2 entry=SQR31?3 ret=7016872E
rtcalls seq=010800 caller=QUEST2 entry=SQR31?3 ret=7016872E
rtcalls seq=010801 caller=QUEST2 entry=SQR31?3 ret=7016872E
rtcalls seq=010802 caller=QUEST2 entry=SQR31?3 ret=7016872E
rtcalls seq=010803 caller=QUEST2 entry=SQR31?3 ret=7016872E
rtcalls seq=010804 caller=QUEST2 entry=SQR31?3 ret=7016872E
rtcalls seq=010805 caller=QUEST2 entry=SQR31?3 ret=7016872E
rtcalls seq=010806 caller=QUEST2 entry=SQR31?3 ret=7016872E
rtcalls seq=010807 caller=QUEST2 entry=SQR31?3 ret=7016872E
rtcalls seq=010808 caller=QUEST2 entry=SQR31?3 ret=7016872E
rtcalls seq=010809 caller=QUEST2 entry=SQR31?3 ret=7016872E
rtcalls seq=010810 caller=QUEST2 entry=SQR31?3 ret=7016872E
rtcalls seq=010811 caller=QUEST2 entry=SQR31?3 ret=7016872E
rtcalls seq=010812 caller=QUEST2 entry=SQR31?3 ret=7016872E
rtcalls seq=010813 caller=QUEST2 entry=SQR31?3 ret=7016872E
rtcalls seq=010814 caller=QUEST2 entry=SQR31?3 ret=7016872E
rtcalls seq=010815 caller=QUEST2 entry=SQR31?3 ret=7016872E
rtcalls seq=010816 caller=QUEST2 entry=SQR31?3 ret=7016872E
rtcalls seq=010817 caller=QUEST2 entry=SQR31?3 ret=7016872E
rtcalls seq=010818 caller=QUEST2 entry=SQR31?3 ret=7016872E
rtcalls seq=010819 caller=QUEST2 entry=SQR31?3 ret=7016872E
rtcalls seq=010820 caller=QUEST2 entry=SQR31?3 ret=7016872E
rtcalls seq=010821 caller=QUEST2 entry=SQR31?3 ret=7016872E
rtcalls seq=010822 caller=QUEST2 entry=SQR31?3 ret=7016872E
rtcalls seq=010823 caller=QUEST2 entry=SQR31?3 ret=7016872E
rtcalls seq=010824 caller=QUEST2 entry=SQR31?3 ret=7016872E
rtcalls seq=010825 caller=QUEST2 entry=SQR31?3 ret=7016872E
rtcalls seq=010826 caller=QUEST2 entry=SQR31?3 ret=7016872E
rtcalls seq=010827 caller=QUEST2 entry=SQR31?3 ret=7016872E
rtcalls seq=010828 caller=QUEST2 entry=SQR31?3 ret=7016872E
rtcalls seq=010829 caller=QUEST2 entry=SQR31?3 ret=7016872E
rtcalls seq=010830 caller=QUEST2 entry=SQR31?3 ret=7016872E
rtcalls seq=010831 caller=QUEST2 entry=SQR31?3 ret=7016872E
rtcalls seq=010832 caller=QUEST2 entry=SQR31?3 ret=7016872E
rtcalls seq=010833 caller=QUEST2 entry=SQR31?3 ret=7016872E
rtcalls seq=010834 caller=QUEST2 entry=SQR31?3 ret=7016872E
rtcalls seq=010835 caller=QUEST2 entry=SQR31?3 ret=7016872E
rtcalls seq=010836 caller=QUEST2 entry=SQR31?3 ret=7016872E
rtcalls seq=010837 caller=QUEST2 entry=SQR31?3 ret=7016872E
rtcalls seq=010838 caller=QUEST2 entry=SQR31?3 ret=7016872E
rtcalls seq=010839 caller=QUEST2 entry=SQR31?3 ret=7016872E
rtcalls seq=010840 caller=QUEST2 entry=SQR31?3 ret=7016872E
rtcalls seq=010841 caller=QUEST2 entry=SQR31?3 ret=7016872E
rtcalls seq=010842 caller=QUEST2 entry=SQR31?3 ret=7016872E
rtcalls seq=010843 caller=QUEST2 entry=SQR31?3 ret=7016872E
rtcalls seq=010844 caller=QUEST2 entry=SQR31?3 ret=7016872E
rtcalls seq=010845 caller=QUEST2 entry=SQR31?3 ret=7016872E
rtcalls seq=010846 caller=QUEST2 entry=SQR31?3 ret=7016872E
rtcalls seq=010847 caller=QUEST2 entry=SQR31?3 ret=7016872E
rtcalls seq=010848 caller=QUEST2 entry=SQR31?3 ret=7016872E
rtcalls seq=010849 caller=QUEST2 entry=SQR31?3 ret=7016872E
rtcalls seq=010850 caller=QUEST2 entry=SQR31?3 ret=7016872E
rtcalls seq=010851 caller=QUEST2 entry=SQR31?3 ret=7016872E
rtcalls seq=010852 caller=QUEST2 entry=SQR31?3 ret=7016872E
rtcalls seq=010853 caller=QUEST2 entry=SQR31?3 ret=7016872E
rtcalls seq=010854 caller=QUEST2 entry=SQR31?3 ret=7016872E
rtcalls seq=010855 caller=QUEST2 entry=SQR31?3 ret=7016872E
rtcalls seq=010856 caller=QUEST2 entry=SQR31?3 ret=7016872E
rtcalls seq=010857 caller=QUEST2 entry=SQR31?3 ret=7016872E
rtcalls seq=010858 caller=QUEST2 entry=SQR31?3 ret=7016872E
rtcalls seq=010859 caller=QUEST2 entry=SQR31?3 ret=7016872E
rtcalls seq=010860 caller=QUEST2 entry=SQR31?3 ret=7016872E
rtcalls seq=010861 caller=QUEST2 entry=SQR31?3 ret=7016872E
rtcalls seq=010862 caller=QUEST2 entry=SQR31?3 ret=7016872E
rtcalls seq=010863 caller=QUEST2 entry=SQR31?3 ret=7016872E
rtcalls seq=010864 caller=QUEST2 entry=SQR31?3 ret=7016872E
rtcalls seq=010865 caller=QUEST2 entry=SQR31?3 ret=7016872E
rtcalls seq=010866 caller=QUEST2 entry=SQR31?3 ret=7016872E
rtcalls seq=010867 caller=QUEST2 entry=SQR31?3 ret=7016872E
rtcalls seq=010868 caller=QUEST2 entry=SQR31?3 ret=7016872E
rtcalls seq=010869 caller=QUEST2 entry=SQR31?3 ret=7016872E
rtcalls seq=010870 caller=QUEST2 entry=SQR31?3 ret=7016872E
rtcalls seq=010871 caller=QUEST2 entry=SQR31?3 ret=7016872E
rtcalls seq=010872 caller=QUEST2 entry=SQR31?3 ret=7016872E
rtcalls seq=010873 caller=QUEST2 entry=SQR31?3 ret=7016872E
rtcalls seq=010874 caller=QUEST2 entry=SQR31?3 ret=7016872E
rtcalls seq=010875 caller=QUEST2 entry=SQR31?3 ret=7016872E
rtcalls seq=010876 caller=QUEST2 entry=SQR31?3 ret=7016872E
rtcalls seq=010877 caller=QUEST2 entry=SQR31?3 ret=7016872E
rtcalls seq=010878 caller=QUEST2 entry=SQR31?3 ret=7016872E
rtcalls seq=010879 caller=QUEST2 entry=SQR31?3 ret=7016872E
rtcalls seq=010880 caller=QUEST2 entry=SQR31?3 ret=7016872E
rtcalls seq=010881 caller=QUEST2 entry=SQR31?3 ret=7016872E
rtcalls seq=010882 caller=QUEST2 entry=SQR31?3 ret=7016872E
rtcalls seq=010883 caller=QUEST2 entry=SQR31?3 ret=7016872E
rtcalls seq=010884 caller=QUEST2 entry=SQR31?3 ret=7016872E
rtcalls seq=010885 caller=QUEST2 entry=SQR31?3 ret=7016872E
rtcalls seq=010886 caller=QUEST2 entry=SQR31?3 ret=7016872E
rtcalls seq=010887 caller=QUEST2 entry=SQR31?3 ret=7016872E
rtcalls seq=010888 caller=QUEST2 entry=SQR31?3 ret=7016872E
rtcalls seq=010889 caller=QUEST2 entry=SQR31?3 ret=7016872E
rtcalls seq=010890 caller=QUEST2 entry=SQR31?3 ret=7016872E
rtcalls seq=010891 caller=QUEST2 entry=SQR31?3 ret=7016872E
rtcalls seq=010892 caller=QUEST2 entry=SQR31?3 ret=7016872E
rtcalls seq=010893 caller=QUEST2 entry=SQR31?3 ret=7016872E
rtcalls seq=010894 caller=QUEST2 entry=SQR31?3 ret=7016872E
rtcalls seq=010895 caller=QUEST2 entry=SQR31?3 ret=7016872E
rtcalls seq=010896 caller=QUEST2 entry=SQR31?3 ret=7016872E
rtcalls seq=010897 caller=QUEST2 entry=SQR31?3 ret=7016872E
rtcalls seq=010898 caller=QUEST2 entry=SQR31?3 ret=7016872E
rtcalls seq=010899 caller=QUEST2 entry=SQR31?3 ret=7016872E
rtcalls seq=010900 caller=QUEST2 entry=SQR31?3 ret=7016872E
rtcalls seq=010901 caller=QUEST2 entry=SQR31?3 ret=7016872E
rtcalls seq=010902 caller=QUEST2 entry=SQR31?3 ret=7016872E
rtcalls seq=010903 caller=QUEST2 entry=SQR31?3 ret=7016872E
rtcalls seq=010904 caller=QUEST2 entry=SQR31?3 ret=7016872E
rtcalls seq=010905 caller=QUEST2 entry=SQR31?3 ret=7016872E
rtcalls seq=010906 caller=QUEST2 entry=SQR31?3 ret=7016872E
rtcalls seq=010907 caller=QUEST2 entry=SQR31?3 ret=7016872E
rtcalls seq=010908 caller=QUEST2 entry=SQR31?3 ret=7016872E
rtcalls seq=010909 caller=QUEST2 entry=SQR31?3 ret=7016872E
rtcalls seq=010910 caller=QUEST2 entry=SQR31?3 ret=7016872E
rtcalls seq=010911 caller=QUEST2 entry=SQR31?3 ret=7016872E
rtcalls seq=010912 caller=QUEST2 entry=SQR31?3 ret=7016872E
rtcalls seq=010913 caller=QUEST2 entry=SQR31?3 ret=7016872E
rtcalls seq=010914 caller=QUEST2 entry=SQR31?3 ret=7016872E
rtcalls seq=010915 caller=QUEST2 entry=SQR31?3 ret=7016872E
rtcalls seq=010916 caller=QUEST2 entry=SQR31?3 ret=7016872E
rtcalls seq=010917 caller=QUEST2 entry=SQR31?3 ret=7016872E
rtcalls seq=010918 caller=QUEST2 entry=SQR31?3 ret=7016872E
rtcalls seq=010919 caller=QUEST2 entry=SQR31?3 ret=7016872E
rtcalls seq=010920 caller=QUEST2 entry=SQR31?3 ret=7016872E
rtcalls seq=010921 caller=QUEST2 entry=SQR31?3 ret=7016872E
rtcalls seq=010922 caller=QUEST2 entry=SQR31?3 ret=7016872E
rtcalls seq=010923 caller=QUEST2 entry=SQR31?3 ret=7016872E
rtcalls seq=010924 caller=QUEST2 entry=SQR31?3 ret=7016872E
rtcalls seq=010925 caller=QUEST2 entry=SQR31?3 ret=7016872E
rtcalls seq=010926 caller=QUEST2 entry=SQR31?3 ret=7016872E
rtcalls seq=010927 caller=QUEST2 entry=SQR31?3 ret=7016872E
rtcalls seq=010928 caller=QUEST2 entry=SQR31?3 ret=7016872E
rtcalls seq=010929 caller=QUEST2 entry=SQR31?3 ret=7016872E
rtcalls seq=010930 caller=QUEST2 entry=SQR31?3 ret=7016872E
rtcalls seq=010931 caller=QUEST2 entry=SQR31?3 ret=7016872E
rtcalls seq=010932 caller=QUEST2 entry=SQR31?3 ret=7016872E
rtcalls seq=010933 caller=QUEST2 entry=SQR31?3 ret=7016872E
rtcalls seq=010934 caller=QUEST2 entry=SQR31?3 ret=7016872E
rtcalls seq=010935 caller=QUEST2 entry=SQR31?3 ret=7016872E
rtcalls seq=010936 caller=QUEST2 entry=SQR31?3 ret=7016872E
rtcalls seq=010937 caller=QUEST2 entry=SQR31?3 ret=7016872E
rtcalls seq=010938 caller=QUEST2 entry=SQR31?3 ret=7016872E
rtcalls seq=010939 caller=QUEST2 entry=SQR31?3 ret=7016872E
rtcalls seq=010940 caller=QUEST2 entry=SQR31?3 ret=7016872E
rtcalls seq=010941 caller=QUEST2 entry=SQR31?3 ret=7016872E
rtcalls seq=010942 caller=QUEST2 entry=SQR31?3 ret=7016872E
rtcalls seq=010943 caller=QUEST2 entry=SQR31?3 ret=7016872E
rtcalls seq=010944 caller=QUEST2 entry=SQR31?3 ret=7016872E
rtcalls seq=010945 caller=QUEST2 entry=SQR31?3 ret=7016872E
rtcalls seq=010946 caller=QUEST2 entry=SQR31?3 ret=7016872E
rtcalls seq=010947 caller=QUEST2 entry=SQR31?3 ret=7017CF78
rtcalls seq=010948 caller=QUEST2 entry=SQR31?3 ret=7017CF78
rtcalls seq=010949 caller=QUEST2 entry=SQR31?3 ret=7017CF78
rtcalls seq=010950 caller=QUEST2 entry=SQR31?3 ret=7017CF78
rtcalls seq=010951 caller=QUEST2 entry=SQR31?3 ret=7017CF78
rtcalls seq=010952 caller=QUEST2 entry=SQR31?3 ret=7017CF78
rtcalls seq=010953 caller=QUEST2 entry=SQR31?3 ret=7017CF78
rtcalls seq=010954 caller=QUEST2 entry=SQR31?3 ret=7017CF78
rtcalls seq=010955 caller=QUEST2 entry=SQR31?3 ret=7017CF78
rtcalls seq=010956 caller=QUEST2 entry=SQR31?3 ret=7017CF78
rtcalls seq=010957 caller=QUEST2 entry=SQR31?3 ret=7017CF78
rtcalls seq=010958 caller=QUEST2 entry=SQR31?3 ret=7017CF78
rtcalls seq=010959 caller=QUEST2 entry=SQR31?3 ret=7017CF78
rtcalls seq=010960 caller=QUEST2 entry=SQR31?3 ret=7017CF78
rtcalls seq=010961 caller=QUEST2 entry=SQR31?3 ret=7017CF78
rtcalls seq=010962 caller=QUEST2 entry=SQR31?3 ret=7017CF78
rtcalls seq=010963 caller=QUEST2 entry=SQR31?3 ret=7017CF78
rtcalls seq=010964 caller=QUEST2 entry=SQR31?3 ret=7017CF78
rtcalls seq=010965 caller=QUEST2 entry=SQR31?3 ret=7017CF78
rtcalls seq=010966 caller=QUEST2 entry=SQR31?3 ret=7017CF78
rtcalls seq=010967 caller=QUEST2 entry=SQR31?3 ret=7017CF78
rtcalls seq=010968 caller=QUEST2 entry=SQR31?3 ret=7017CF78
rtcalls seq=010969 caller=QUEST2 entry=SQR31?3 ret=7017CF78
rtcalls seq=010970 caller=QUEST2 entry=SQR31?3 ret=7017CF78
rtcalls seq=010971 caller=QUEST2 entry=SQR31?3 ret=7017CF78
rtcalls seq=010972 caller=QUEST2 entry=SQR31?3 ret=7017CF78
rtcalls seq=010973 caller=QUEST2 entry=SQR31?3 ret=7017CF78
rtcalls seq=010974 caller=QUEST2 entry=SQR31?3 ret=7017CF78
rtcalls seq=010975 caller=QUEST2 entry=SQR31?3 ret=7017CF78
rtcalls seq=010976 caller=QUEST2 entry=SQR31?3 ret=7017CF78
rtcalls seq=010977 caller=QUEST2 entry=SQR31?3 ret=7017CF78
rtcalls seq=010978 caller=QUEST2 entry=SQR31?3 ret=7017CF78
rtcalls seq=010979 caller=QUEST2 entry=SQR31?3 ret=7017CF78
rtcalls seq=010980 caller=QUEST2 entry=SQR31?3 ret=7017CF78
rtcalls seq=010981 caller=QUEST2 entry=SQR31?3 ret=7017CF78
rtcalls seq=010982 caller=QUEST2 entry=SQR31?3 ret=7017CF78
rtcalls seq=010983 caller=QUEST2 entry=SQR31?3 ret=7017CF78
rtcalls seq=010984 caller=QUEST2 entry=SQR31?3 ret=7017CF78
rtcalls seq=010985 caller=QUEST2 entry=SQR31?3 ret=7017CF78
rtcalls seq=010986 caller=QUEST2 entry=SQR31?3 ret=7017CF78
rtcalls seq=010987 caller=QUEST2 entry=SQR31?3 ret=7017CF78
rtcalls seq=010988 caller=QUEST2 entry=SQR31?3 ret=7017CF78
rtcalls seq=010989 caller=QUEST2 entry=SQR31?3 ret=7017CF78
rtcalls seq=010990 caller=QUEST2 entry=SQR31?3 ret=7017CF78
rtcalls seq=010991 caller=QUEST2 entry=SQR31?3 ret=7017CF78
rtcalls seq=010992 caller=QUEST2 entry=SQR31?3 ret=7017CF78
rtcalls seq=010993 caller=QUEST2 entry=SQR31?3 ret=7017CF78
rtcalls seq=010994 caller=QUEST2 entry=SQR31?3 ret=7017CF78
rtcalls seq=010995 caller=QUEST2 entry=SQR31?3 ret=7017CF78
rtcalls seq=010996 caller=QUEST2 entry=SQR31?3 ret=7017CF78
rtcalls seq=010997 caller=QUEST2 entry=SQR31?3 ret=7017CF78
rtcalls seq=010998 caller=QUEST2 entry=SQR31?3 ret=7017CF78
rtcalls seq=010999 caller=QUEST2 entry=SQR31?3 ret=7017CF78
rtcalls seq=011000 caller=QUEST2 entry=SQR31?3 ret=7017CF78
rtcalls seq=011001 caller=QUEST2 entry=SQR31?3 ret=7017CF78
rtcalls seq=011002 caller=QUEST2 entry=SQR31?3 ret=7017CF78
rtcalls seq=011003 caller=QUEST2 entry=SQR31?3 ret=7017CF78
rtcalls seq=011004 caller=QUEST2 entry=SQR31?3 ret=7017CF78
rtcalls seq=011005 caller=QUEST2 entry=SQR31?3 ret=7017CF78
rtcalls seq=011006 caller=QUEST2 entry=SQR31?3 ret=7017CF78
rtcalls seq=011007 caller=QUEST2 entry=SQR31?3 ret=7017CF78
rtcalls seq=011008 caller=QUEST2 entry=SQR31?3 ret=7017CF78
rtcalls seq=011009 caller=QUEST2 entry=SQR31?3 ret=7017CF78
rtcalls seq=011010 caller=QUEST2 entry=SQR31?3 ret=7017CF78
rtcalls seq=011011 caller=QUEST2 entry=SQR31?3 ret=7017CF78
rtcalls seq=011012 caller=QUEST2 entry=SQR31?3 ret=7017CF78
rtcalls seq=011013 caller=QUEST2 entry=SQR31?3 ret=7017CF78
rtcalls seq=011014 caller=QUEST2 entry=SQR31?3 ret=7017CF78
rtcalls seq=011015 caller=QUEST2 entry=SQR31?3 ret=7017CF78
rtcalls seq=011016 caller=QUEST2 entry=SQR31?3 ret=7017CF78
rtcalls seq=011017 caller=QUEST2 entry=SQR31?3 ret=7017CF78
rtcalls seq=011018 caller=QUEST2 entry=SQR31?3 ret=7017CF78
rtcalls seq=011019 caller=QUEST2 entry=SQR31?3 ret=7017CF78
rtcalls seq=011020 caller=QUEST2 entry=SQR31?3 ret=7017CF78
rtcalls seq=011021 caller=QUEST2 entry=SQR31?3 ret=7017CF78
rtcalls seq=011022 caller=QUEST2 entry=SQR31?3 ret=7017CF78
rtcalls seq=011023 caller=QUEST2 entry=SQR31?3 ret=7017CF78
rtcalls seq=011024 caller=QUEST2 entry=SQR31?3 ret=7017CF78
rtcalls seq=011025 caller=QUEST2 entry=SQR31?3 ret=7017CF78
rtcalls seq=011026 caller=QUEST2 entry=SQR31?3 ret=7017CF78
rtcalls seq=011027 caller=QUEST2 entry=SQR31?3 ret=7017CF78
rtcalls seq=011028 caller=QUEST2 entry=SQR31?3 ret=7017CF78
rtcalls seq=011029 caller=QUEST2 entry=SQR31?3 ret=7017CF78
rtcalls seq=011030 caller=QUEST2 entry=SQR31?3 ret=7017CF78
rtcalls seq=011031 caller=QUEST2 entry=SQR31?3 ret=7017CF78
rtcalls seq=011032 caller=QUEST2 entry=SQR31?3 ret=7017CF78
rtcalls seq=011033 caller=QUEST2 entry=SQR31?3 ret=7017CF78
rtcalls seq=011034 caller=QUEST2 entry=SQR31?3 ret=7017CF78
rtcalls seq=011035 caller=QUEST2 entry=SQR31?3 ret=7017CF78
rtcalls seq=011036 caller=QUEST2 entry=SQR31?3 ret=7017CF78
rtcalls seq=011037 caller=QUEST2 entry=SQR31?3 ret=7017CF78
rtcalls seq=011038 caller=QUEST2 entry=SQR31?3 ret=7017CF78
rtcalls seq=011039 caller=QUEST2 entry=SQR31?3 ret=7017CF78
rtcalls seq=011040 caller=QUEST2 entry=SQR31?3 ret=7017CF78
rtcalls seq=011041 caller=QUEST2 entry=SQR31?3 ret=7017CF78
rtcalls seq=011042 caller=QUEST2 entry=SQR31?3 ret=7017CF78
rtcalls seq=011043 caller=QUEST2 entry=SQR31?3 ret=7017CF78
rtcalls seq=011044 caller=QUEST2 entry=SQR31?3 ret=7017CF78
rtcalls seq=011045 caller=QUEST2 entry=SQR31?3 ret=7017CF78
rtcalls seq=011046 caller=QUEST2 entry=SQR31?3 ret=7017CF78
rtcalls seq=011047 caller=QUEST2 entry=SQR31?3 ret=7017CF78
rtcalls seq=011048 caller=QUEST2 entry=SQR31?3 ret=7017CF78
rtcalls seq=011049 caller=QUEST2 entry=SQR31?3 ret=7017CF78
rtcalls seq=011050 caller=QUEST2 entry=SQR31?3 ret=7017CF78
rtcalls seq=011051 caller=QUEST2 entry=SQR31?3 ret=7017CF78
rtcalls seq=011052 caller=QUEST2 entry=SQR31?3 ret=7017CF78
rtcalls seq=011053 caller=QUEST2 entry=SQR31?3 ret=7017CF78
rtcalls seq=011054 caller=QUEST2 entry=SQR31?3 ret=7017CF78
rtcalls seq=011055 caller=QUEST2 entry=SQR31?3 ret=7017CF78
rtcalls seq=011056 caller=QUEST2 entry=SQR31?3 ret=7017CF78
rtcalls seq=011057 caller=QUEST2 entry=SQR31?3 ret=7017CF78
rtcalls seq=011058 caller=QUEST2 entry=SQR31?3 ret=7017CF78
rtcalls seq=011059 caller=QUEST2 entry=SQR31?3 ret=7017CF78
rtcalls seq=011060 caller=QUEST2 entry=SQR31?3 ret=7017CF78
rtcalls seq=011061 caller=QUEST2 entry=SQR31?3 ret=7017CF78
rtcalls seq=011062 caller=QUEST2 entry=?WRITE_SCREEN ret=7017D40B
rtcalls seq=011069 caller=QUEST2 entry=?WRITE_SCREEN ret=70178C32
rtcalls seq=011077 caller=QUEST2 entry=?READ ret=7016AA5E
rtcalls seq=011083 caller=QUEST2 entry=?WRITE_SCREEN ret=70178C63
rtcalls seq=011090 caller=QUEST2 entry=?WRITE_SCREEN ret=70178C81
rtcalls seq=011097 caller=QUEST2 entry=?WRITE_SCREEN ret=701794D5
rtcalls seq=011104 caller=QUEST2 entry=?WRITE_SCREEN ret=70178C32
rtcalls seq=011112 caller=QUEST2 entry=?READ ret=7016AA5E
rtcalls seq=011118 caller=QUEST2 entry=?WRITE_SCREEN ret=70178C63
rtcalls seq=011125 caller=QUEST2 entry=?WRITE_SCREEN ret=70178C81
rtcalls seq=011132 caller=QUEST2 entry=?WRITE_SCREEN ret=70178D4D
rtcalls seq=011139 caller=QUEST2 entry=I.PROLOG(native) ret=7015FA78
rtcalls seq=011140 caller=QUEST2 entry=?WRITE_SCREEN ret=7015FAA0
rtcalls seq=011148 caller=QUEST2 entry=?READ ret=7016AA5E
rtcalls seq=011154 caller=QUEST2 entry=?WRITE_SCREEN ret=7015FB1B
rtcalls seq=011161 caller=QUEST2 entry=?WRITE_SCREEN ret=7015FB7A
rtcalls seq=011169 caller=QUEST2 entry=I.PROLOG(native) ret=701766F2
rtcalls seq=011170 caller=QUEST2 entry=O.ON(native) ret=701766FD
rtcalls seq=011171 caller=QUEST2 entry=?READ_SCREEN ret=7017671A
rtcalls seq=011179 caller=QUEST2 entry=I.EPILOG(native) ret=7017671D
rtcalls seq=011181 caller=QUEST2 entry=?WRITE_SCREEN ret=7015FB9F
rtcalls seq=011188 caller=QUEST2 entry=O.ON(native) ret=7015FBA6
rtcalls seq=011189 caller=QUEST2 entry=?CHAR_TO_UNSIGNED ret=7015FBC6
rtcalls seq=011190 caller=QUEST2 entry=C.INDEX ret=7017D9F4
rtcalls seq=011191 caller=QUEST2 entry=?LIB_ERROR(native) ret=7017DA12
rtcalls seq=011192 caller=QUEST2 entry=O?SIGNAL(native) ret=7017E3EF
rtcalls seq=011193 caller=QUEST2 entry=I.GOTO(native) ret=7015FBAF
rtcalls seq=011194 caller=QUEST2 entry=O.REVERT(native) ret=7015FBE1
rtcalls seq=011195 caller=QUEST2 entry=I.EPILOG(native) ret=7015FBE6
rtcalls seq=011196 caller=QUEST2 entry=?WRITE_SCREEN ret=70178C32
rtcalls seq=011204 caller=QUEST2 entry=?READ ret=7016AA5E
rtcalls seq=011210 caller=QUEST2 entry=?WRITE_SCREEN ret=70178C63
rtcalls seq=011217 caller=QUEST2 entry=?WRITE_SCREEN ret=70178C81
rtcalls seq=011224 caller=QUEST2 entry=?WRITE_SCREEN ret=70178D20
rtcalls seq=011231 caller=QUEST2 entry=I.STOP ret=70178D23
