PROBE known specimen [2026-08-14 #1 ?WRITE_SCREEN dead locals]: call=0303 site=7017E2F4 m=0000FFFF/00000000/700010F2 c=00000000/00000000/700010F2 (master authoritative)
PROBE known specimen [2026-08-14 #1 ?WRITE_SCREEN dead locals]: call=0303 site=7017E2F4 m=0000FFFF/00000000/700010F2 c=00000000/00000000/700010F2 (master authoritative)

=========== PROBE NEW SPECIMEN (provisional #2) ===========
syscall 0142 (?ISR)  site pc 70175F2E  [suppression key: (0142, 0x70175F2E, {ac0,})]
ordinal=0  master tid instr=2042  clone instr=1659  (skew 383)
master: pc=7017FDED  ac0=7000021C*  ac1=00000000   ac2=700010F8   ac3=7017FDF1  wsp=70001148 wfp=700010E8 psr=8000 c=0
clone : pc=7017FDED  ac0=00000000*  ac1=00000000   ac2=700010F8   ac3=7017FDF1  wsp=70001148 wfp=700010E8 psr=8000 c=0
packet[16w] @m:700010F8 @c:700010F8 (word: master/clone, * = diff)
  +00 0000/0000   +01 0009/0009   +02 0064/0064   +03 0001/0001 
  +04 0001/0001   +05 0000/0000   +06 0000/0000   +07 0000/0000 
  +08 0000/0000   +09 0000/0000   +10 0000/0000   +11 0000/0000 
  +12 7000/0000*  +13 021C/0000*  +14 7000/0000*  +15 0262/0000*
recent rendezvous sites: 7017E2F4 7017DFEC 7017DD03 7017DBA3 7017DCB5 7017DD9B 7017DD9B 7017E2F4
master call-stack backtrace:
  frame  2 -- 7017FDED     guessing: .UKIL+0x8
  frame  1 -- QUEST+0x27E   [7015C283]
  frame  0 -- 7017EA51     guessing: I.INIT+0x23
================= END SPECIMEN #2 (continuing) =================

PROBE known specimen [2026-08-14 #1 ?WRITE_SCREEN dead locals]: call=0303 site=7017E2F4 m=80000000/00000000/7000115A c=00000000/00000000/7000115A (master authoritative)
PROBE known specimen [2026-08-14 #1 ?WRITE_SCREEN dead locals]: call=0303 site=7017E2F4 m=700010E8/00000000/7000115A c=00000000/00000000/7000115A (master authoritative)
PROBE known specimen [2026-08-14 #1 ?WRITE_SCREEN dead locals]: call=0303 site=7017E2F4 m=700010E8/00000000/7000115A c=00000000/00000000/7000115A (master authoritative)
PROBE known specimen [2026-08-14 #1 ?WRITE_SCREEN dead locals]: call=0303 site=7017E2F4 m=700010E8/00000000/7000115A c=00000000/00000000/7000115A (master authoritative)
PROBE known specimen [2026-08-14 #1 ?WRITE_SCREEN dead locals]: call=0303 site=7017E2F4 m=700010E8/00000000/7000115A c=00000000/00000000/7000115A (master authoritative)
PROBE known specimen [2026-08-14 #1 ?WRITE_SCREEN dead locals]: call=0303 site=7017E2F4 m=E000371A/00000000/70001BD2 c=00000000/00000000/70001BD2 (master authoritative)
PROBE known specimen [2026-08-14 #1 ?WRITE_SCREEN dead locals]: call=0303 site=7017E2F4 m=E000371A/00000000/70001BD2 c=00000000/00000000/70001BD2 (master authoritative)
PROBE known specimen [2026-08-14 #1 ?WRITE_SCREEN dead locals]: call=0303 site=7017E2F4 m=E000371A/00000000/70001BD2 c=00000000/00000000/70001BD2 (master authoritative)
PROBE known specimen [2026-08-14 #1 ?WRITE_SCREEN dead locals]: call=0303 site=7017E2F4 m=E000371A/00000000/70001BD2 c=00000000/00000000/70001BD2 (master authoritative)
PROBE known specimen [2026-08-14 #1 ?WRITE_SCREEN dead locals]: call=0303 site=7017E2F4 m=E000371A/00000000/70001BD2 c=00000000/00000000/70001BD2 (master authoritative)
PROBE known specimen [2026-08-14 #1 ?WRITE_SCREEN dead locals]: call=0303 site=7017E2F4 m=E000371A/00000000/70001BD2 c=00000000/00000000/70001BD2 (master authoritative)
PROBE known specimen [2026-08-14 #1 ?WRITE_SCREEN dead locals]: call=0303 site=7017E2F4 m=E000371A/00000000/70001BD2 c=00000000/00000000/70001BD2 (master authoritative)
PROBE known specimen [2026-08-14 #1 ?WRITE_SCREEN dead locals]: call=0303 site=7017E2F4 m=E000371A/00000000/70001BD2 c=00000000/00000000/70001BD2 (master authoritative)
PROBE known specimen [2026-08-14 #1 ?WRITE_SCREEN dead locals]: call=0303 site=7017E2F4 m=E000371A/00000000/70001BD2 c=00000000/00000000/70001BD2 (master authoritative)
PROBE known specimen [2026-08-14 #1 ?WRITE_SCREEN dead locals]: call=0303 site=7017E2F4 m=E000371A/00000000/70001BD2 c=00000000/00000000/70001BD2 (master authoritative)
PROBE known specimen [2026-08-14 #1 ?WRITE_SCREEN dead locals]: call=0303 site=7017E2F4 m=E000371A/00000000/70001BD2 c=00000000/00000000/70001BD2 (master authoritative)
PROBE known specimen [2026-08-14 #1 ?WRITE_SCREEN dead locals]: call=0303 site=7017E2F4 m=2020001C/00000000/70001FEC c=00000000/00000000/70001FEC (master authoritative)
PROBE known specimen [2026-08-14 #1 ?WRITE_SCREEN dead locals]: call=0303 site=7017E2F4 m=00000050/00000000/70001FEC c=00000000/00000000/70001FEC (master authoritative)
PROBE known specimen [2026-08-14 #1 ?WRITE_SCREEN dead locals]: call=0303 site=7017E2F4 m=00000050/00000000/70001FEC c=00000000/00000000/70001FEC (master authoritative)
PROBE known specimen [2026-08-14 #1 ?WRITE_SCREEN dead locals]: call=0303 site=7017E2F4 m=00000050/00000000/70001FEC c=00000000/00000000/70001FEC (master authoritative)
PROBE known specimen [2026-08-14 #1 ?WRITE_SCREEN dead locals]: call=0303 site=7017E2F4 m=00202000/00000000/70001CE2 c=00000000/00000000/70001CE2 (master authoritative)
PROBE known specimen [2026-08-14 #1 ?WRITE_SCREEN dead locals]: call=0303 site=7017E2F4 m=70001BAA/00000000/70001CE2 c=00000000/00000000/70001CE2 (master authoritative)
PROBE known specimen [2026-08-14 #1 ?WRITE_SCREEN dead locals]: call=0303 site=7017E2F4 m=70001BAA/00000000/70001CE2 c=00000000/00000000/70001CE2 (master authoritative)
PROBE known specimen [2026-08-14 #1 ?WRITE_SCREEN dead locals]: call=0303 site=7017E2F4 m=70001BAA/00000000/70001CE2 c=00000000/00000000/70001CE2 (master authoritative)
PROBE known specimen [2026-08-14 #1 ?WRITE_SCREEN dead locals]: call=0303 site=7017E2F4 m=70001BAA/00000000/70001CE2 c=00000000/00000000/70001CE2 (master authoritative)
PROBE known specimen [2026-08-14 #1 ?WRITE_SCREEN dead locals]: call=0303 site=7017E2F4 m=70001BAA/00000000/70001CE2 c=00000000/00000000/70001CE2 (master authoritative)
PROBE known specimen [2026-08-14 #1 ?WRITE_SCREEN dead locals]: call=0303 site=7017E2F4 m=70001BAA/00000000/70001CE2 c=00000000/00000000/70001CE2 (master authoritative)
PROBE known specimen [2026-08-14 #1 ?WRITE_SCREEN dead locals]: call=0303 site=7017E2F4 m=70001BAA/00000000/70001CE2 c=00000000/00000000/70001CE2 (master authoritative)
PROBE known specimen [2026-08-14 #1 ?WRITE_SCREEN dead locals]: call=0303 site=7017E2F4 m=00000002/00000000/70001CE2 c=00000000/00000000/70001CE2 (master authoritative)
PROBE known specimen [2026-08-14 #1 ?WRITE_SCREEN dead locals]: call=0303 site=7017E2F4 m=00000002/00000000/70001CE2 c=00000000/00000000/70001CE2 (master authoritative)
PROBE known specimen [2026-08-14 #1 ?WRITE_SCREEN dead locals]: call=0303 site=7017E2F4 m=00000005/00000000/70001CE2 c=00000000/00000000/70001CE2 (master authoritative)
PROBE known specimen [2026-08-14 #1 ?WRITE_SCREEN dead locals]: call=0303 site=7017E2F4 m=00000001/00000000/70001CE2 c=00000000/00000000/70001CE2 (master authoritative)
PROBE known specimen [2026-08-14 #1 ?WRITE_SCREEN dead locals]: call=0303 site=7017E2F4 m=00000004/00000000/70001CE2 c=00000000/00000000/70001CE2 (master authoritative)
PROBE known specimen [2026-08-14 #1 ?WRITE_SCREEN dead locals]: call=0303 site=7017E2F4 m=001F0001/00000000/70001CDC c=00000000/00000000/70001CDC (master authoritative)
PROBE known specimen [2026-08-14 #1 ?WRITE_SCREEN dead locals]: call=0303 site=7017E2F4 m=00000001/00000000/70001CE2 c=00000000/00000000/70001CE2 (master authoritative)
PROBE known specimen [2026-08-14 #1 ?WRITE_SCREEN dead locals]: call=0303 site=7017E2F4 m=00000008/00000000/70001CE2 c=00000000/00000000/70001CE2 (master authoritative)
PROBE known specimen [2026-08-14 #1 ?WRITE_SCREEN dead locals]: call=0303 site=7017E2F4 m=00000008/00000000/70001CE2 c=00000000/00000000/70001CE2 (master authoritative)
PROBE known specimen [2026-08-14 #1 ?WRITE_SCREEN dead locals]: call=0303 site=7017E2F4 m=00000008/00000000/70001CE2 c=00000000/00000000/70001CE2 (master authoritative)
PROBE known specimen [2026-08-14 #1 ?WRITE_SCREEN dead locals]: call=0303 site=7017E2F4 m=00000008/00000000/70001CE2 c=00000000/00000000/70001CE2 (master authoritative)
PROBE known specimen [2026-08-14 #1 ?WRITE_SCREEN dead locals]: call=0303 site=7017E2F4 m=70001B8A/00000000/70001CDC c=00000000/00000000/70001CDC (master authoritative)
PROBE known specimen [2026-08-14 #1 ?WRITE_SCREEN dead locals]: call=0303 site=7017E2F4 m=E0003752/00000000/70001CE2 c=00000000/00000000/70001CE2 (master authoritative)
PROBE known specimen [2026-08-14 #1 ?WRITE_SCREEN dead locals]: call=0303 site=7017E2F4 m=E0003752/00000000/70001CE2 c=00000000/00000000/70001CE2 (master authoritative)
PROBE known specimen [2026-08-14 #1 ?WRITE_SCREEN dead locals]: call=0303 site=7017E2F4 m=E0003752/00000000/70001CE2 c=00000000/00000000/70001CE2 (master authoritative)
PROBE known specimen [2026-08-14 #1 ?WRITE_SCREEN dead locals]: call=0303 site=7017E2F4 m=E0003752/00000000/70001CE2 c=00000000/00000000/70001CE2 (master authoritative)
PROBE known specimen [2026-08-14 #1 ?WRITE_SCREEN dead locals]: call=0303 site=7017E2F4 m=700010E8/00000000/70001162 c=00000000/00000000/70001162 (master authoritative)
PROBE known specimen [2026-08-14 #1 ?WRITE_SCREEN dead locals]: call=0303 site=7017E2F4 m=E0002216/00000000/70001168 c=00000000/00000000/70001168 (master authoritative)
PROBE known specimen [2026-08-14 #1 ?WRITE_SCREEN dead locals]: call=0303 site=7017E2F4 m=7220796F/00000000/70001168 c=00000000/00000000/70001168 (master authoritative)
PROBE known specimen [2026-08-14 #1 ?WRITE_SCREEN dead locals]: call=0303 site=7017E2F4 m=000002FE/00000000/70001168 c=00000000/00000000/70001168 (master authoritative)
PROBE known specimen [2026-08-14 #1 ?WRITE_SCREEN dead locals]: call=0303 site=7017E2F4 m=000002FE/00000000/70001168 c=00000000/00000000/70001168 (master authoritative)
PROBE known specimen [2026-08-14 #1 ?WRITE_SCREEN dead locals]: call=0303 site=7017E2F4 m=000002FE/00000000/70001168 c=00000000/00000000/70001168 (master authoritative)
PROBE known specimen [2026-08-14 #1 ?WRITE_SCREEN dead locals]: call=0303 site=7017E2F4 m=700010E8/00000000/70001162 c=00000000/00000000/70001162 (master authoritative)
PROBE known specimen [2026-08-14 #1 ?WRITE_SCREEN dead locals]: call=0303 site=7017E2F4 m=E0002216/00000000/70001168 c=00000000/00000000/70001168 (master authoritative)
PROBE known specimen [2026-08-14 #1 ?WRITE_SCREEN dead locals]: call=0303 site=7017E2F4 m=E0002216/00000000/70001168 c=00000000/00000000/70001168 (master authoritative)
PROBE known specimen [2026-08-14 #1 ?WRITE_SCREEN dead locals]: call=0303 site=7017E2F4 m=E0002216/00000000/70001168 c=00000000/00000000/70001168 (master authoritative)
PROBE known specimen [2026-08-14 #1 ?WRITE_SCREEN dead locals]: call=0303 site=7017E2F4 m=70001158/00000000/700014C0 c=00000000/00000000/700014C0 (master authoritative)
PROBE known specimen [2026-08-14 #1 ?WRITE_SCREEN dead locals]: call=0303 site=7017E2F4 m=000003D4/00000000/700014C0 c=00000000/00000000/700014C0 (master authoritative)
PROBE known specimen [2026-08-14 #1 ?WRITE_SCREEN dead locals]: call=0303 site=7017E2F4 m=001E0002/00000000/700014C0 c=00000000/00000000/700014C0 (master authoritative)
PROBE known specimen [2026-08-14 #1 ?WRITE_SCREEN dead locals]: call=0303 site=7017E2F4 m=001E0002/00000000/700014C0 c=00000000/00000000/700014C0 (master authoritative)
PROBE known specimen [2026-08-14 #1 ?WRITE_SCREEN dead locals]: call=0303 site=7017E2F4 m=001F0001/00000000/700014C0 c=00000000/00000000/700014C0 (master authoritative)
PROBE known specimen [2026-08-14 #1 ?WRITE_SCREEN dead locals]: call=0303 site=7017E2F4 m=001F0001/00000000/700014C0 c=00000000/00000000/700014C0 (master authoritative)
PROBE known specimen [2026-08-14 #1 ?WRITE_SCREEN dead locals]: call=0303 site=7017E2F4 m=001F0001/00000000/700014C0 c=00000000/00000000/700014C0 (master authoritative)
PROBE known specimen [2026-08-14 #1 ?WRITE_SCREEN dead locals]: call=0303 site=7017E2F4 m=001F0001/00000000/700014C0 c=00000000/00000000/700014C0 (master authoritative)
PROBE known specimen [2026-08-14 #1 ?WRITE_SCREEN dead locals]: call=0303 site=7017E2F4 m=001F0001/00000000/700014C0 c=00000000/00000000/700014C0 (master authoritative)
PROBE known specimen [2026-08-14 #1 ?WRITE_SCREEN dead locals]: call=0303 site=7017E2F4 m=001F0001/00000000/700014C0 c=00000000/00000000/700014C0 (master authoritative)
PROBE known specimen [2026-08-14 #1 ?WRITE_SCREEN dead locals]: call=0303 site=7017E2F4 m=7016F1C2/00000000/700014C0 c=00000000/00000000/700014C0 (master authoritative)
PROBE known specimen [2026-08-14 #1 ?WRITE_SCREEN dead locals]: call=0303 site=7017E2F4 m=001E0002/00000000/700014C0 c=00000000/00000000/700014C0 (master authoritative)
PROBE known specimen [2026-08-14 #1 ?WRITE_SCREEN dead locals]: call=0303 site=7017E2F4 m=001F0001/00000000/700014C0 c=00000000/00000000/700014C0 (master authoritative)
PROBE known specimen [2026-08-14 #1 ?WRITE_SCREEN dead locals]: call=0303 site=7017E2F4 m=001E0002/00000000/700014C0 c=00000000/00000000/700014C0 (master authoritative)
PROBE known specimen [2026-08-14 #1 ?WRITE_SCREEN dead locals]: call=0303 site=7017E2F4 m=001D0003/00000000/700014C0 c=00000000/00000000/700014C0 (master authoritative)
PROBE known specimen [2026-08-14 #1 ?WRITE_SCREEN dead locals]: call=0303 site=7017E2F4 m=001F0001/00000000/700014C0 c=00000000/00000000/700014C0 (master authoritative)
PROBE known specimen [2026-08-14 #1 ?WRITE_SCREEN dead locals]: call=0303 site=7017E2F4 m=001F0001/00000000/700014C0 c=00000000/00000000/700014C0 (master authoritative)
PROBE known specimen [2026-08-14 #1 ?WRITE_SCREEN dead locals]: call=0303 site=7017E2F4 m=001F0001/00000000/700014C0 c=00000000/00000000/700014C0 (master authoritative)
PROBE known specimen [2026-08-14 #1 ?WRITE_SCREEN dead locals]: call=0303 site=7017E2F4 m=001F0001/00000000/700014C0 c=00000000/00000000/700014C0 (master authoritative)
PROBE known specimen [2026-08-14 #1 ?WRITE_SCREEN dead locals]: call=0303 site=7017E2F4 m=7016F1C2/00000000/700014C0 c=00000000/00000000/700014C0 (master authoritative)
PROBE known specimen [2026-08-14 #1 ?WRITE_SCREEN dead locals]: call=0303 site=7017E2F4 m=001F0001/00000000/700014C0 c=00000000/00000000/700014C0 (master authoritative)
PROBE known specimen [2026-08-14 #1 ?WRITE_SCREEN dead locals]: call=0303 site=7017E2F4 m=001F0001/00000000/700014C0 c=00000000/00000000/700014C0 (master authoritative)
PROBE known specimen [2026-08-14 #1 ?WRITE_SCREEN dead locals]: call=0303 site=7017E2F4 m=001F0001/00000000/700014C0 c=00000000/00000000/700014C0 (master authoritative)
PROBE known specimen [2026-08-14 #1 ?WRITE_SCREEN dead locals]: call=0303 site=7017E2F4 m=001F0001/00000000/700014C0 c=00000000/00000000/700014C0 (master authoritative)
PROBE known specimen [2026-08-14 #1 ?WRITE_SCREEN dead locals]: call=0303 site=7017E2F4 m=001F0001/00000000/700014C0 c=00000000/00000000/700014C0 (master authoritative)
PROBE known specimen [2026-08-14 #1 ?WRITE_SCREEN dead locals]: call=0303 site=7017E2F4 m=001F0001/00000000/700014C0 c=00000000/00000000/700014C0 (master authoritative)
PROBE known specimen [2026-08-14 #1 ?WRITE_SCREEN dead locals]: call=0303 site=7017E2F4 m=001F0001/00000000/700014C0 c=00000000/00000000/700014C0 (master authoritative)
PROBE known specimen [2026-08-14 #1 ?WRITE_SCREEN dead locals]: call=0303 site=7017E2F4 m=001F0001/00000000/700014C0 c=00000000/00000000/700014C0 (master authoritative)
PROBE known specimen [2026-08-14 #1 ?WRITE_SCREEN dead locals]: call=0303 site=7017E2F4 m=7017DEC2/00000000/700014DE c=00000000/00000000/700014DE (master authoritative)
PROBE known specimen [2026-08-14 #1 ?WRITE_SCREEN dead locals]: call=0303 site=7017E2F4 m=7017DEC2/00000000/700014DE c=00000000/00000000/700014DE (master authoritative)
PROBE known specimen [2026-08-14 #1 ?WRITE_SCREEN dead locals]: call=0303 site=7017E2F4 m=3E903E94/00000000/7000119C c=00000000/00000000/7000119C (master authoritative)
PROBE known specimen [2026-08-14 #1 ?WRITE_SCREEN dead locals]: call=0303 site=7017E2F4 m=E00022BA/00000000/700011A2 c=00000000/00000000/700011A2 (master authoritative)
PROBE known specimen [2026-08-14 #1 ?WRITE_SCREEN dead locals]: call=0303 site=7017E2F4 m=E00022BA/00000000/700011A2 c=00000000/00000000/700011A2 (master authoritative)
PROBE known specimen [2026-08-14 #1 ?WRITE_SCREEN dead locals]: call=0303 site=7017E2F4 m=E00022BA/00000000/700011A2 c=00000000/00000000/700011A2 (master authoritative)
PROBE known specimen [2026-08-14 #1 ?WRITE_SCREEN dead locals]: call=0303 site=7017E2F4 m=E00022BA/00000000/700011A2 c=00000000/00000000/700011A2 (master authoritative)
PROBE known specimen [2026-08-14 #1 ?WRITE_SCREEN dead locals]: call=0303 site=7017E2F4 m=E00022BA/00000000/700011A2 c=00000000/00000000/700011A2 (master authoritative)
PROBE known specimen [2026-08-14 #1 ?WRITE_SCREEN dead locals]: call=0303 site=7017E2F4 m=E00022BA/00000000/700011A2 c=00000000/00000000/700011A2 (master authoritative)
PROBE known specimen [2026-08-14 #1 ?WRITE_SCREEN dead locals]: call=0303 site=7017E2F4 m=E00022BA/00000000/700011A2 c=00000000/00000000/700011A2 (master authoritative)
PROBE known specimen [2026-08-14 #1 ?WRITE_SCREEN dead locals]: call=0303 site=7017E2F4 m=E00022BA/00000000/700011A2 c=00000000/00000000/700011A2 (master authoritative)
PROBE known specimen [2026-08-14 #1 ?WRITE_SCREEN dead locals]: call=0303 site=7017E2F4 m=E00022BA/00000000/700011A2 c=00000000/00000000/700011A2 (master authoritative)
PROBE known specimen [2026-08-14 #1 ?WRITE_SCREEN dead locals]: call=0303 site=7017E2F4 m=E00022BA/00000000/700011A2 c=00000000/00000000/700011A2 (master authoritative)
PROBE known specimen [2026-08-14 #1 ?WRITE_SCREEN dead locals]: call=0303 site=7017E2F4 m=E00022BA/00000000/700011A2 c=00000000/00000000/700011A2 (master authoritative)
PROBE known specimen [2026-08-14 #1 ?WRITE_SCREEN dead locals]: call=0303 site=7017E2F4 m=2020001C/00000000/700015BC c=00000000/00000000/700015BC (master authoritative)
PROBE known specimen [2026-08-14 #1 ?WRITE_SCREEN dead locals]: call=0303 site=7017E2F4 m=00000050/00000000/700015BC c=00000000/00000000/700015BC (master authoritative)
PROBE known specimen [2026-08-14 #1 ?WRITE_SCREEN dead locals]: call=0303 site=7017E2F4 m=00000050/00000000/700015BC c=00000000/00000000/700015BC (master authoritative)
PROBE known specimen [2026-08-14 #1 ?WRITE_SCREEN dead locals]: call=0303 site=7017E2F4 m=00000050/00000000/700015BC c=00000000/00000000/700015BC (master authoritative)
PROBE known specimen [2026-08-14 #1 ?WRITE_SCREEN dead locals]: call=0303 site=7017E2F4 m=7000117A/00000000/700012B2 c=00000000/00000000/700012B2 (master authoritative)
PROBE known specimen [2026-08-14 #1 ?WRITE_SCREEN dead locals]: call=0303 site=7017E2F4 m=7000117A/00000000/700012B2 c=00000000/00000000/700012B2 (master authoritative)
PROBE known specimen [2026-08-14 #1 ?WRITE_SCREEN dead locals]: call=0303 site=7017E2F4 m=7000117A/00000000/700012B2 c=00000000/00000000/700012B2 (master authoritative)
PROBE known specimen [2026-08-14 #1 ?WRITE_SCREEN dead locals]: call=0303 site=7017E2F4 m=7000117A/00000000/700012B2 c=00000000/00000000/700012B2 (master authoritative)
PROBE known specimen [2026-08-14 #1 ?WRITE_SCREEN dead locals]: call=0303 site=7017E2F4 m=7000117A/00000000/700012B2 c=00000000/00000000/700012B2 (master authoritative)
PROBE known specimen [2026-08-14 #1 ?WRITE_SCREEN dead locals]: call=0303 site=7017E2F4 m=7000117A/00000000/700012B2 c=00000000/00000000/700012B2 (master authoritative)
PROBE known specimen [2026-08-14 #1 ?WRITE_SCREEN dead locals]: call=0303 site=7017E2F4 m=7000117A/00000000/700012B2 c=00000000/00000000/700012B2 (master authoritative)
PROBE known specimen [2026-08-14 #1 ?WRITE_SCREEN dead locals]: call=0303 site=7017E2F4 m=00000002/00000000/700012B2 c=00000000/00000000/700012B2 (master authoritative)
PROBE known specimen [2026-08-14 #1 ?WRITE_SCREEN dead locals]: call=0303 site=7017E2F4 m=00000002/00000000/700012B2 c=00000000/00000000/700012B2 (master authoritative)
PROBE known specimen [2026-08-14 #1 ?WRITE_SCREEN dead locals]: call=0303 site=7017E2F4 m=00000005/00000000/700012B2 c=00000000/00000000/700012B2 (master authoritative)
PROBE known specimen [2026-08-14 #1 ?WRITE_SCREEN dead locals]: call=0303 site=7017E2F4 m=00000001/00000000/700012B2 c=00000000/00000000/700012B2 (master authoritative)
PROBE known specimen [2026-08-14 #1 ?WRITE_SCREEN dead locals]: call=0303 site=7017E2F4 m=00000004/00000000/700012B2 c=00000000/00000000/700012B2 (master authoritative)
PROBE known specimen [2026-08-14 #1 ?WRITE_SCREEN dead locals]: call=0303 site=7017E2F4 m=001F0001/00000000/700012AC c=00000000/00000000/700012AC (master authoritative)
PROBE known specimen [2026-08-14 #1 ?WRITE_SCREEN dead locals]: call=0303 site=7017E2F4 m=00000001/00000000/700012B2 c=00000000/00000000/700012B2 (master authoritative)
PROBE known specimen [2026-08-14 #1 ?WRITE_SCREEN dead locals]: call=0303 site=7017E2F4 m=00000008/00000000/700012B2 c=00000000/00000000/700012B2 (master authoritative)
PROBE known specimen [2026-08-14 #1 ?WRITE_SCREEN dead locals]: call=0303 site=7017E2F4 m=00000008/00000000/700012B2 c=00000000/00000000/700012B2 (master authoritative)
PROBE known specimen [2026-08-14 #1 ?WRITE_SCREEN dead locals]: call=0303 site=7017E2F4 m=00000008/00000000/700012B2 c=00000000/00000000/700012B2 (master authoritative)
PROBE known specimen [2026-08-14 #1 ?WRITE_SCREEN dead locals]: call=0303 site=7017E2F4 m=00000008/00000000/700012B2 c=00000000/00000000/700012B2 (master authoritative)
PROBE known specimen [2026-08-14 #1 ?WRITE_SCREEN dead locals]: call=0303 site=7017E2F4 m=7000115A/00000000/700012AC c=00000000/00000000/700012AC (master authoritative)
PROBE known specimen [2026-08-14 #1 ?WRITE_SCREEN dead locals]: call=0303 site=7017E2F4 m=E00022F2/00000000/700012B2 c=00000000/00000000/700012B2 (master authoritative)
PROBE known specimen [2026-08-14 #1 ?WRITE_SCREEN dead locals]: call=0303 site=7017E2F4 m=E00022F2/00000000/700012B2 c=00000000/00000000/700012B2 (master authoritative)
PROBE known specimen [2026-08-14 #1 ?WRITE_SCREEN dead locals]: call=0303 site=7017E2F4 m=E00022F2/00000000/700012B2 c=00000000/00000000/700012B2 (master authoritative)
PROBE known specimen [2026-08-14 #1 ?WRITE_SCREEN dead locals]: call=0303 site=7017E2F4 m=E00022F2/00000000/700012B2 c=00000000/00000000/700012B2 (master authoritative)
PROBE known specimen [2026-08-14 #1 ?WRITE_SCREEN dead locals]: call=0303 site=7017E2F4 m=6E732020/00000000/70001168 c=00000000/00000000/70001168 (master authoritative)
