PROBE known specimen [2026-08-14 #1 ?WRITE_SCREEN dead locals]: call=0303 site=7017E2F4 m=0000FFFF/00000000/700010F2 c=00000000/00000000/700010F2 (master authoritative)
PROBE known specimen [2026-08-14 #1 ?WRITE_SCREEN dead locals]: call=0303 site=7017E2F4 m=0000FFFF/00000000/700010F2 c=00000000/00000000/700010F2 (master authoritative)
PROBE known specimen [2026-08-14 #2 game ?ISR dead ptr ac0]: call=0142 site=70175F2E m=7000021C/00000000/700010F8 c=00000000/00000000/700010F8 (master authoritative)
PROBE known specimen [2026-08-14 #1 ?WRITE_SCREEN dead locals]: call=0303 site=7017E2F4 m=80000000/00000000/7000115A c=00000000/00000000/7000115A (master authoritative)
PROBE known specimen [2026-08-14 #1 ?WRITE_SCREEN dead locals]: call=0303 site=7017E2F4 m=700010E8/00000000/7000115A c=00000000/00000000/7000115A (master authoritative)
PROBE known specimen [2026-08-14 #1 ?WRITE_SCREEN dead locals]: call=0303 site=7017E2F4 m=700010E8/00000000/7000115A c=00000000/00000000/7000115A (master authoritative)
PROBE known specimen [2026-08-14 #1 ?WRITE_SCREEN dead locals]: call=0303 site=7017E2F4 m=700010E8/00000000/7000115A c=00000000/00000000/7000115A (master authoritative)
PROBE known specimen [2026-08-14 #1 ?WRITE_SCREEN dead locals]: call=0303 site=7017E2F4 m=700010E8/00000000/7000115A c=00000000/00000000/7000115A (master authoritative)
PROBE known specimen [2026-08-14 #1 ?WRITE_SCREEN dead locals]: call=0303 site=7017E2F4 m=E000371A/00000000/70001BD2 c=00000000/00000000/70001BD2 (master authoritative)
PROBE known specimen [2026-08-14 #1 ?WRITE_SCREEN dead locals]: call=0303 site=7017E2F4 m=E000371A/00000000/70001BD2 c=00000000/00000000/70001BD2 (master authoritative)
PROBE known specimen [2026-08-14 #1 ?WRITE_SCREEN dead locals]: call=0303 site=7017E2F4 m=E000371A/00000000/70001BD2 c=00000000/00000000/70001BD2 (master authoritative)
PROBE known specimen [2026-08-14 #1 ?WRITE_SCREEN dead locals]: call=0303 site=7017E2F4 m=E000371A/00000000/70001BD2 c=00000000/00000000/70001BD2 (master authoritative)
PROBE known specimen [2026-08-14 #1 ?WRITE_SCREEN dead locals]: call=0303 site=7017E2F4 m=E000371A/00000000/70001BD2 c=00000000/00000000/70001BD2 (master authoritative)
PROBE known specimen [2026-08-14 #1 ?WRITE_SCREEN dead locals]: call=0303 site=7017E2F4 m=E000371A/00000000/70001BD2 c=00000000/00000000/70001BD2 (master authoritative)
PROBE known specimen [2026-08-14 #1 ?WRITE_SCREEN dead locals]: call=0303 site=7017E2F4 m=E000371A/00000000/70001BD2 c=00000000/00000000/70001BD2 (master authoritative)
PROBE known specimen [2026-08-14 #1 ?WRITE_SCREEN dead locals]: call=0303 site=7017E2F4 m=E000371A/00000000/70001BD2 c=00000000/00000000/70001BD2 (master authoritative)
PROBE known specimen [2026-08-14 #1 ?WRITE_SCREEN dead locals]: call=0303 site=7017E2F4 m=E000371A/00000000/70001BD2 c=00000000/00000000/70001BD2 (master authoritative)
PROBE known specimen [2026-08-14 #1 ?WRITE_SCREEN dead locals]: call=0303 site=7017E2F4 m=E000371A/00000000/70001BD2 c=00000000/00000000/70001BD2 (master authoritative)
PROBE known specimen [2026-08-14 #1 ?WRITE_SCREEN dead locals]: call=0303 site=7017E2F4 m=E000371A/00000000/70001BD2 c=00000000/00000000/70001BD2 (master authoritative)
PROBE known specimen [2026-08-14 #1 ?WRITE_SCREEN dead locals]: call=0303 site=7017E2F4 m=20200000/00000000/70001FEC c=00000000/00000000/70001FEC (master authoritative)
PROBE known specimen [2026-08-14 #1 ?WRITE_SCREEN dead locals]: call=0303 site=7017E2F4 m=00000042/00000000/70001FEC c=00000000/00000000/70001FEC (master authoritative)
PROBE known specimen [2026-08-14 #1 ?WRITE_SCREEN dead locals]: call=0303 site=7017E2F4 m=00000042/00000000/70001FEC c=00000000/00000000/70001FEC (master authoritative)
PROBE known specimen [2026-08-14 #1 ?WRITE_SCREEN dead locals]: call=0303 site=7017E2F4 m=00000042/00000000/70001FEC c=00000000/00000000/70001FEC (master authoritative)
PROBE known specimen [2026-08-14 #1 ?WRITE_SCREEN dead locals]: call=0303 site=7017E2F4 m=00202000/00000000/70001CE2 c=00000000/00000000/70001CE2 (master authoritative)
PROBE known specimen [2026-08-14 #1 ?WRITE_SCREEN dead locals]: call=0303 site=7017E2F4 m=70001BAA/00000000/70001CE2 c=00000000/00000000/70001CE2 (master authoritative)
PROBE known specimen [2026-08-14 #1 ?WRITE_SCREEN dead locals]: call=0303 site=7017E2F4 m=70001BAA/00000000/70001CE2 c=00000000/00000000/70001CE2 (master authoritative)
PROBE known specimen [2026-08-14 #1 ?WRITE_SCREEN dead locals]: call=0303 site=7017E2F4 m=70001BAA/00000000/70001CE2 c=00000000/00000000/70001CE2 (master authoritative)
PROBE known specimen [2026-08-14 #1 ?WRITE_SCREEN dead locals]: call=0303 site=7017E2F4 m=70001BAA/00000000/70001CE2 c=00000000/00000000/70001CE2 (master authoritative)
PROBE known specimen [2026-08-14 #1 ?WRITE_SCREEN dead locals]: call=0303 site=7017E2F4 m=70001BAA/00000000/70001CE2 c=00000000/00000000/70001CE2 (master authoritative)
PROBE known specimen [2026-08-14 #1 ?WRITE_SCREEN dead locals]: call=0303 site=7017E2F4 m=70001BAA/00000000/70001CE2 c=00000000/00000000/70001CE2 (master authoritative)
PROBE known specimen [2026-08-14 #1 ?WRITE_SCREEN dead locals]: call=0303 site=7017E2F4 m=70001BAA/00000000/70001CE2 c=00000000/00000000/70001CE2 (master authoritative)
PROBE known specimen [2026-08-14 #1 ?WRITE_SCREEN dead locals]: call=0303 site=7017E2F4 m=00000002/00000000/70001CE2 c=00000000/00000000/70001CE2 (master authoritative)
PROBE known specimen [2026-08-14 #1 ?WRITE_SCREEN dead locals]: call=0303 site=7017E2F4 m=00000002/00000000/70001CE2 c=00000000/00000000/70001CE2 (master authoritative)
PROBE known specimen [2026-08-14 #1 ?WRITE_SCREEN dead locals]: call=0303 site=7017E2F4 m=00000005/00000000/70001CE2 c=00000000/00000000/70001CE2 (master authoritative)
PROBE known specimen [2026-08-14 #1 ?WRITE_SCREEN dead locals]: call=0303 site=7017E2F4 m=00000001/00000000/70001CE2 c=00000000/00000000/70001CE2 (master authoritative)
PROBE known specimen [2026-08-14 #1 ?WRITE_SCREEN dead locals]: call=0303 site=7017E2F4 m=00000004/00000000/70001CE2 c=00000000/00000000/70001CE2 (master authoritative)
PROBE known specimen [2026-08-14 #1 ?WRITE_SCREEN dead locals]: call=0303 site=7017E2F4 m=001F0001/00000000/70001CDC c=00000000/00000000/70001CDC (master authoritative)
PROBE known specimen [2026-08-14 #1 ?WRITE_SCREEN dead locals]: call=0303 site=7017E2F4 m=00000001/00000000/70001CE2 c=00000000/00000000/70001CE2 (master authoritative)
PROBE known specimen [2026-08-14 #1 ?WRITE_SCREEN dead locals]: call=0303 site=7017E2F4 m=00000008/00000000/70001CE2 c=00000000/00000000/70001CE2 (master authoritative)
PROBE known specimen [2026-08-14 #1 ?WRITE_SCREEN dead locals]: call=0303 site=7017E2F4 m=00000008/00000000/70001CE2 c=00000000/00000000/70001CE2 (master authoritative)
PROBE known specimen [2026-08-14 #1 ?WRITE_SCREEN dead locals]: call=0303 site=7017E2F4 m=00000008/00000000/70001CE2 c=00000000/00000000/70001CE2 (master authoritative)
PROBE known specimen [2026-08-14 #1 ?WRITE_SCREEN dead locals]: call=0303 site=7017E2F4 m=00000008/00000000/70001CE2 c=00000000/00000000/70001CE2 (master authoritative)
PROBE known specimen [2026-08-14 #1 ?WRITE_SCREEN dead locals]: call=0303 site=7017E2F4 m=70001B8A/00000000/70001CDC c=00000000/00000000/70001CDC (master authoritative)
PROBE known specimen [2026-08-14 #1 ?WRITE_SCREEN dead locals]: call=0303 site=7017E2F4 m=E0003752/00000000/70001CE2 c=00000000/00000000/70001CE2 (master authoritative)
PROBE known specimen [2026-08-14 #1 ?WRITE_SCREEN dead locals]: call=0303 site=7017E2F4 m=E0003752/00000000/70001CE2 c=00000000/00000000/70001CE2 (master authoritative)
PROBE known specimen [2026-08-14 #1 ?WRITE_SCREEN dead locals]: call=0303 site=7017E2F4 m=E0003752/00000000/70001CE2 c=00000000/00000000/70001CE2 (master authoritative)
PROBE known specimen [2026-08-14 #1 ?WRITE_SCREEN dead locals]: call=0303 site=7017E2F4 m=E0003752/00000000/70001CE2 c=00000000/00000000/70001CE2 (master authoritative)
PROBE known specimen [2026-08-14 #1 ?WRITE_SCREEN dead locals]: call=0303 site=7017E2F4 m=700010E8/00000000/70001162 c=00000000/00000000/70001162 (master authoritative)
PROBE known specimen [2026-08-14 #1 ?WRITE_SCREEN dead locals]: call=0303 site=7017E2F4 m=E0002216/00000000/70001168 c=00000000/00000000/70001168 (master authoritative)
PROBE known specimen [2026-08-14 #1 ?WRITE_SCREEN dead locals]: call=0303 site=7017E2F4 m=7220796F/00000000/70001168 c=00000000/00000000/70001168 (master authoritative)
PROBE known specimen [2026-08-14 #1 ?WRITE_SCREEN dead locals]: call=0303 site=7017E2F4 m=000002FE/00000000/70001168 c=00000000/00000000/70001168 (master authoritative)
PROBE known specimen [2026-08-14 #1 ?WRITE_SCREEN dead locals]: call=0303 site=7017E2F4 m=000002FE/00000000/70001168 c=00000000/00000000/70001168 (master authoritative)
PROBE known specimen [2026-08-14 #1 ?WRITE_SCREEN dead locals]: call=0303 site=7017E2F4 m=000002FE/00000000/70001168 c=00000000/00000000/70001168 (master authoritative)
PROBE known specimen [2026-08-14 #1 ?WRITE_SCREEN dead locals]: call=0303 site=7017E2F4 m=700010E8/00000000/70001162 c=00000000/00000000/70001162 (master authoritative)
PROBE known specimen [2026-08-14 #1 ?WRITE_SCREEN dead locals]: call=0303 site=7017E2F4 m=E0002216/00000000/70001168 c=00000000/00000000/70001168 (master authoritative)
PROBE known specimen [2026-08-14 #1 ?WRITE_SCREEN dead locals]: call=0303 site=7017E2F4 m=E0002216/00000000/70001168 c=00000000/00000000/70001168 (master authoritative)
PROBE known specimen [2026-08-14 #1 ?WRITE_SCREEN dead locals]: call=0303 site=7017E2F4 m=E0002216/00000000/70001168 c=00000000/00000000/70001168 (master authoritative)
PROBE known specimen [2026-08-14 #1 ?WRITE_SCREEN dead locals]: call=0303 site=7017E2F4 m=70001158/00000000/700014C0 c=00000000/00000000/700014C0 (master authoritative)
PROBE known specimen [2026-08-14 #1 ?WRITE_SCREEN dead locals]: call=0303 site=7017E2F4 m=000003D4/00000000/700014C0 c=00000000/00000000/700014C0 (master authoritative)
PROBE known specimen [2026-08-14 #1 ?WRITE_SCREEN dead locals]: call=0303 site=7017E2F4 m=001E0002/00000000/700014C0 c=00000000/00000000/700014C0 (master authoritative)
PROBE known specimen [2026-08-14 #1 ?WRITE_SCREEN dead locals]: call=0303 site=7017E2F4 m=001E0002/00000000/700014C0 c=00000000/00000000/700014C0 (master authoritative)
PROBE known specimen [2026-08-14 #1 ?WRITE_SCREEN dead locals]: call=0303 site=7017E2F4 m=001F0001/00000000/700014C0 c=00000000/00000000/700014C0 (master authoritative)
PROBE known specimen [2026-08-14 #1 ?WRITE_SCREEN dead locals]: call=0303 site=7017E2F4 m=001F0001/00000000/700014C0 c=00000000/00000000/700014C0 (master authoritative)
PROBE known specimen [2026-08-14 #1 ?WRITE_SCREEN dead locals]: call=0303 site=7017E2F4 m=001F0001/00000000/700014C0 c=00000000/00000000/700014C0 (master authoritative)
PROBE known specimen [2026-08-14 #1 ?WRITE_SCREEN dead locals]: call=0303 site=7017E2F4 m=001F0001/00000000/700014C0 c=00000000/00000000/700014C0 (master authoritative)
PROBE known specimen [2026-08-14 #1 ?WRITE_SCREEN dead locals]: call=0303 site=7017E2F4 m=001F0001/00000000/700014C0 c=00000000/00000000/700014C0 (master authoritative)
PROBE known specimen [2026-08-14 #1 ?WRITE_SCREEN dead locals]: call=0303 site=7017E2F4 m=001F0001/00000000/700014C0 c=00000000/00000000/700014C0 (master authoritative)
PROBE known specimen [2026-08-14 #1 ?WRITE_SCREEN dead locals]: call=0303 site=7017E2F4 m=7016F1C2/00000000/700014C0 c=00000000/00000000/700014C0 (master authoritative)
PROBE known specimen [2026-08-14 #1 ?WRITE_SCREEN dead locals]: call=0303 site=7017E2F4 m=001E0002/00000000/700014C0 c=00000000/00000000/700014C0 (master authoritative)
PROBE known specimen [2026-08-14 #1 ?WRITE_SCREEN dead locals]: call=0303 site=7017E2F4 m=001F0001/00000000/700014C0 c=00000000/00000000/700014C0 (master authoritative)
PROBE known specimen [2026-08-14 #1 ?WRITE_SCREEN dead locals]: call=0303 site=7017E2F4 m=001E0002/00000000/700014C0 c=00000000/00000000/700014C0 (master authoritative)
PROBE known specimen [2026-08-14 #1 ?WRITE_SCREEN dead locals]: call=0303 site=7017E2F4 m=001D0003/00000000/700014C0 c=00000000/00000000/700014C0 (master authoritative)
PROBE known specimen [2026-08-14 #1 ?WRITE_SCREEN dead locals]: call=0303 site=7017E2F4 m=001F0001/00000000/700014C0 c=00000000/00000000/700014C0 (master authoritative)
PROBE known specimen [2026-08-14 #1 ?WRITE_SCREEN dead locals]: call=0303 site=7017E2F4 m=001F0001/00000000/700014C0 c=00000000/00000000/700014C0 (master authoritative)
PROBE known specimen [2026-08-14 #1 ?WRITE_SCREEN dead locals]: call=0303 site=7017E2F4 m=001F0001/00000000/700014C0 c=00000000/00000000/700014C0 (master authoritative)
PROBE known specimen [2026-08-14 #1 ?WRITE_SCREEN dead locals]: call=0303 site=7017E2F4 m=001F0001/00000000/700014C0 c=00000000/00000000/700014C0 (master authoritative)
PROBE known specimen [2026-08-14 #1 ?WRITE_SCREEN dead locals]: call=0303 site=7017E2F4 m=7016F1C2/00000000/700014C0 c=00000000/00000000/700014C0 (master authoritative)
PROBE known specimen [2026-08-14 #1 ?WRITE_SCREEN dead locals]: call=0303 site=7017E2F4 m=001F0001/00000000/700014C0 c=00000000/00000000/700014C0 (master authoritative)
PROBE known specimen [2026-08-14 #1 ?WRITE_SCREEN dead locals]: call=0303 site=7017E2F4 m=001F0001/00000000/700014C0 c=00000000/00000000/700014C0 (master authoritative)
PROBE known specimen [2026-08-14 #1 ?WRITE_SCREEN dead locals]: call=0303 site=7017E2F4 m=001F0001/00000000/700014C0 c=00000000/00000000/700014C0 (master authoritative)
PROBE known specimen [2026-08-14 #1 ?WRITE_SCREEN dead locals]: call=0303 site=7017E2F4 m=001F0001/00000000/700014C0 c=00000000/00000000/700014C0 (master authoritative)
PROBE known specimen [2026-08-14 #1 ?WRITE_SCREEN dead locals]: call=0303 site=7017E2F4 m=001F0001/00000000/700014C0 c=00000000/00000000/700014C0 (master authoritative)
PROBE known specimen [2026-08-14 #1 ?WRITE_SCREEN dead locals]: call=0303 site=7017E2F4 m=001F0001/00000000/700014C0 c=00000000/00000000/700014C0 (master authoritative)
PROBE known specimen [2026-08-14 #1 ?WRITE_SCREEN dead locals]: call=0303 site=7017E2F4 m=001F0001/00000000/700014C0 c=00000000/00000000/700014C0 (master authoritative)
PROBE known specimen [2026-08-14 #1 ?WRITE_SCREEN dead locals]: call=0303 site=7017E2F4 m=001F0001/00000000/700014C0 c=00000000/00000000/700014C0 (master authoritative)
PROBE known specimen [2026-08-14 #1 ?WRITE_SCREEN dead locals]: call=0303 site=7017E2F4 m=7017DEC2/00000000/700014DE c=00000000/00000000/700014DE (master authoritative)
PROBE known specimen [2026-08-14 #1 ?WRITE_SCREEN dead locals]: call=0303 site=7017E2F4 m=7017DEC2/00000000/700014DE c=00000000/00000000/700014DE (master authoritative)
PROBE known specimen [2026-08-14 #1 ?WRITE_SCREEN dead locals]: call=0303 site=7017E2F4 m=3DD53CA9/00000000/7000119C c=00000000/00000000/7000119C (master authoritative)
PROBE known specimen [2026-08-14 #1 ?WRITE_SCREEN dead locals]: call=0303 site=7017E2F4 m=E00022BA/00000000/700011A2 c=00000000/00000000/700011A2 (master authoritative)
PROBE known specimen [2026-08-14 #1 ?WRITE_SCREEN dead locals]: call=0303 site=7017E2F4 m=E00022BA/00000000/700011A2 c=00000000/00000000/700011A2 (master authoritative)
PROBE known specimen [2026-08-14 #1 ?WRITE_SCREEN dead locals]: call=0303 site=7017E2F4 m=E00022BA/00000000/700011A2 c=00000000/00000000/700011A2 (master authoritative)
PROBE known specimen [2026-08-14 #1 ?WRITE_SCREEN dead locals]: call=0303 site=7017E2F4 m=E00022BA/00000000/700011A2 c=00000000/00000000/700011A2 (master authoritative)
PROBE known specimen [2026-08-14 #1 ?WRITE_SCREEN dead locals]: call=0303 site=7017E2F4 m=E00022BA/00000000/700011A2 c=00000000/00000000/700011A2 (master authoritative)
PROBE known specimen [2026-08-14 #1 ?WRITE_SCREEN dead locals]: call=0303 site=7017E2F4 m=E00022BA/00000000/700011A2 c=00000000/00000000/700011A2 (master authoritative)
PROBE known specimen [2026-08-14 #1 ?WRITE_SCREEN dead locals]: call=0303 site=7017E2F4 m=E00022BA/00000000/700011A2 c=00000000/00000000/700011A2 (master authoritative)
PROBE known specimen [2026-08-14 #1 ?WRITE_SCREEN dead locals]: call=0303 site=7017E2F4 m=E00022BA/00000000/700011A2 c=00000000/00000000/700011A2 (master authoritative)
PROBE known specimen [2026-08-14 #1 ?WRITE_SCREEN dead locals]: call=0303 site=7017E2F4 m=E00022BA/00000000/700011A2 c=00000000/00000000/700011A2 (master authoritative)
PROBE known specimen [2026-08-14 #1 ?WRITE_SCREEN dead locals]: call=0303 site=7017E2F4 m=E00022BA/00000000/700011A2 c=00000000/00000000/700011A2 (master authoritative)
PROBE known specimen [2026-08-14 #1 ?WRITE_SCREEN dead locals]: call=0303 site=7017E2F4 m=E00022BA/00000000/700011A2 c=00000000/00000000/700011A2 (master authoritative)
PROBE known specimen [2026-08-14 #1 ?WRITE_SCREEN dead locals]: call=0303 site=7017E2F4 m=20200000/00000000/700015BC c=00000000/00000000/700015BC (master authoritative)
PROBE known specimen [2026-08-14 #1 ?WRITE_SCREEN dead locals]: call=0303 site=7017E2F4 m=00000042/00000000/700015BC c=00000000/00000000/700015BC (master authoritative)
PROBE known specimen [2026-08-14 #1 ?WRITE_SCREEN dead locals]: call=0303 site=7017E2F4 m=00000042/00000000/700015BC c=00000000/00000000/700015BC (master authoritative)
PROBE known specimen [2026-08-14 #1 ?WRITE_SCREEN dead locals]: call=0303 site=7017E2F4 m=00000042/00000000/700015BC c=00000000/00000000/700015BC (master authoritative)
PROBE known specimen [2026-08-14 #1 ?WRITE_SCREEN dead locals]: call=0303 site=7017E2F4 m=7000117A/00000000/700012B2 c=00000000/00000000/700012B2 (master authoritative)
PROBE known specimen [2026-08-14 #1 ?WRITE_SCREEN dead locals]: call=0303 site=7017E2F4 m=7000117A/00000000/700012B2 c=00000000/00000000/700012B2 (master authoritative)
PROBE known specimen [2026-08-14 #1 ?WRITE_SCREEN dead locals]: call=0303 site=7017E2F4 m=7000117A/00000000/700012B2 c=00000000/00000000/700012B2 (master authoritative)
PROBE known specimen [2026-08-14 #1 ?WRITE_SCREEN dead locals]: call=0303 site=7017E2F4 m=7000117A/00000000/700012B2 c=00000000/00000000/700012B2 (master authoritative)
PROBE known specimen [2026-08-14 #1 ?WRITE_SCREEN dead locals]: call=0303 site=7017E2F4 m=7000117A/00000000/700012B2 c=00000000/00000000/700012B2 (master authoritative)
PROBE known specimen [2026-08-14 #1 ?WRITE_SCREEN dead locals]: call=0303 site=7017E2F4 m=7000117A/00000000/700012B2 c=00000000/00000000/700012B2 (master authoritative)
PROBE known specimen [2026-08-14 #1 ?WRITE_SCREEN dead locals]: call=0303 site=7017E2F4 m=7000117A/00000000/700012B2 c=00000000/00000000/700012B2 (master authoritative)
PROBE known specimen [2026-08-14 #1 ?WRITE_SCREEN dead locals]: call=0303 site=7017E2F4 m=00000002/00000000/700012B2 c=00000000/00000000/700012B2 (master authoritative)
PROBE known specimen [2026-08-14 #1 ?WRITE_SCREEN dead locals]: call=0303 site=7017E2F4 m=00000002/00000000/700012B2 c=00000000/00000000/700012B2 (master authoritative)
PROBE known specimen [2026-08-14 #1 ?WRITE_SCREEN dead locals]: call=0303 site=7017E2F4 m=00000005/00000000/700012B2 c=00000000/00000000/700012B2 (master authoritative)
PROBE known specimen [2026-08-14 #1 ?WRITE_SCREEN dead locals]: call=0303 site=7017E2F4 m=00000001/00000000/700012B2 c=00000000/00000000/700012B2 (master authoritative)
PROBE known specimen [2026-08-14 #1 ?WRITE_SCREEN dead locals]: call=0303 site=7017E2F4 m=00000004/00000000/700012B2 c=00000000/00000000/700012B2 (master authoritative)
PROBE known specimen [2026-08-14 #1 ?WRITE_SCREEN dead locals]: call=0303 site=7017E2F4 m=001F0001/00000000/700012AC c=00000000/00000000/700012AC (master authoritative)
PROBE known specimen [2026-08-14 #1 ?WRITE_SCREEN dead locals]: call=0303 site=7017E2F4 m=00000001/00000000/700012B2 c=00000000/00000000/700012B2 (master authoritative)
PROBE known specimen [2026-08-14 #1 ?WRITE_SCREEN dead locals]: call=0303 site=7017E2F4 m=00000008/00000000/700012B2 c=00000000/00000000/700012B2 (master authoritative)
PROBE known specimen [2026-08-14 #1 ?WRITE_SCREEN dead locals]: call=0303 site=7017E2F4 m=00000008/00000000/700012B2 c=00000000/00000000/700012B2 (master authoritative)
PROBE known specimen [2026-08-14 #1 ?WRITE_SCREEN dead locals]: call=0303 site=7017E2F4 m=00000008/00000000/700012B2 c=00000000/00000000/700012B2 (master authoritative)
PROBE known specimen [2026-08-14 #1 ?WRITE_SCREEN dead locals]: call=0303 site=7017E2F4 m=00000008/00000000/700012B2 c=00000000/00000000/700012B2 (master authoritative)
PROBE known specimen [2026-08-14 #1 ?WRITE_SCREEN dead locals]: call=0303 site=7017E2F4 m=7000115A/00000000/700012AC c=00000000/00000000/700012AC (master authoritative)
PROBE known specimen [2026-08-14 #1 ?WRITE_SCREEN dead locals]: call=0303 site=7017E2F4 m=E00022F2/00000000/700012B2 c=00000000/00000000/700012B2 (master authoritative)
PROBE known specimen [2026-08-14 #1 ?WRITE_SCREEN dead locals]: call=0303 site=7017E2F4 m=E00022F2/00000000/700012B2 c=00000000/00000000/700012B2 (master authoritative)
PROBE known specimen [2026-08-14 #1 ?WRITE_SCREEN dead locals]: call=0303 site=7017E2F4 m=E00022F2/00000000/700012B2 c=00000000/00000000/700012B2 (master authoritative)
PROBE known specimen [2026-08-14 #1 ?WRITE_SCREEN dead locals]: call=0303 site=7017E2F4 m=E00022F2/00000000/700012B2 c=00000000/00000000/700012B2 (master authoritative)
PROBE known specimen [2026-08-14 #1 ?WRITE_SCREEN dead locals]: call=0303 site=7017E2F4 m=6E732020/00000000/70001168 c=00000000/00000000/70001168 (master authoritative)
PROBE known specimen [2026-08-14 #1 ?WRITE_SCREEN dead locals]: call=0303 site=7017E2F4 m=0000FFFF/00000000/700010F2 c=00000000/00000000/700010F2 (master authoritative)
PROBE known specimen [2026-08-14 #1 ?WRITE_SCREEN dead locals]: call=0303 site=7017E2F4 m=0000FFFF/00000000/700010F2 c=00000000/00000000/700010F2 (master authoritative)
PROBE known specimen [2026-08-14 #2 game ?ISR dead ptr ac0]: call=0142 site=70175F2E m=7000021C/00000000/700010F8 c=00000000/00000000/700010F8 (master authoritative)
PROBE known specimen [2026-08-14 #1 ?WRITE_SCREEN dead locals]: call=0303 site=7017E2F4 m=80000000/00000000/7000115A c=00000000/00000000/7000115A (master authoritative)
PROBE known specimen [2026-08-14 #1 ?WRITE_SCREEN dead locals]: call=0303 site=7017E2F4 m=700010E8/00000000/7000115A c=00000000/00000000/7000115A (master authoritative)
PROBE known specimen [2026-08-14 #1 ?WRITE_SCREEN dead locals]: call=0303 site=7017E2F4 m=700010E8/00000000/7000115A c=00000000/00000000/7000115A (master authoritative)
PROBE known specimen [2026-08-14 #1 ?WRITE_SCREEN dead locals]: call=0303 site=7017E2F4 m=700010E8/00000000/7000115A c=00000000/00000000/7000115A (master authoritative)
PROBE known specimen [2026-08-14 #1 ?WRITE_SCREEN dead locals]: call=0303 site=7017E2F4 m=700010E8/00000000/7000115A c=00000000/00000000/7000115A (master authoritative)
PROBE known specimen [2026-08-14 #1 ?WRITE_SCREEN dead locals]: call=0303 site=7017E2F4 m=E000371A/00000000/70001BD2 c=00000000/00000000/70001BD2 (master authoritative)
PROBE known specimen [2026-08-14 #1 ?WRITE_SCREEN dead locals]: call=0303 site=7017E2F4 m=E000371A/00000000/70001BD2 c=00000000/00000000/70001BD2 (master authoritative)
PROBE known specimen [2026-08-14 #1 ?WRITE_SCREEN dead locals]: call=0303 site=7017E2F4 m=E000371A/00000000/70001BD2 c=00000000/00000000/70001BD2 (master authoritative)
PROBE known specimen [2026-08-14 #1 ?WRITE_SCREEN dead locals]: call=0303 site=7017E2F4 m=E000371A/00000000/70001BD2 c=00000000/00000000/70001BD2 (master authoritative)
PROBE known specimen [2026-08-14 #1 ?WRITE_SCREEN dead locals]: call=0303 site=7017E2F4 m=E000371A/00000000/70001BD2 c=00000000/00000000/70001BD2 (master authoritative)
PROBE known specimen [2026-08-14 #1 ?WRITE_SCREEN dead locals]: call=0303 site=7017E2F4 m=E000371A/00000000/70001BD2 c=00000000/00000000/70001BD2 (master authoritative)
PROBE known specimen [2026-08-14 #1 ?WRITE_SCREEN dead locals]: call=0303 site=7017E2F4 m=E000371A/00000000/70001BD2 c=00000000/00000000/70001BD2 (master authoritative)
PROBE known specimen [2026-08-14 #1 ?WRITE_SCREEN dead locals]: call=0303 site=7017E2F4 m=E000371A/00000000/70001BD2 c=00000000/00000000/70001BD2 (master authoritative)
PROBE known specimen [2026-08-14 #1 ?WRITE_SCREEN dead locals]: call=0303 site=7017E2F4 m=E000371A/00000000/70001BD2 c=00000000/00000000/70001BD2 (master authoritative)
PROBE known specimen [2026-08-14 #1 ?WRITE_SCREEN dead locals]: call=0303 site=7017E2F4 m=E000371A/00000000/70001BD2 c=00000000/00000000/70001BD2 (master authoritative)
PROBE known specimen [2026-08-14 #1 ?WRITE_SCREEN dead locals]: call=0303 site=7017E2F4 m=E000371A/00000000/70001BD2 c=00000000/00000000/70001BD2 (master authoritative)
PROBE known specimen [2026-08-14 #1 ?WRITE_SCREEN dead locals]: call=0303 site=7017E2F4 m=20200000/00000000/70001FEC c=00000000/00000000/70001FEC (master authoritative)
PROBE known specimen [2026-08-14 #1 ?WRITE_SCREEN dead locals]: call=0303 site=7017E2F4 m=00000042/00000000/70001FEC c=00000000/00000000/70001FEC (master authoritative)
PROBE known specimen [2026-08-14 #1 ?WRITE_SCREEN dead locals]: call=0303 site=7017E2F4 m=00000042/00000000/70001FEC c=00000000/00000000/70001FEC (master authoritative)
PROBE known specimen [2026-08-14 #1 ?WRITE_SCREEN dead locals]: call=0303 site=7017E2F4 m=00000042/00000000/70001FEC c=00000000/00000000/70001FEC (master authoritative)
PROBE known specimen [2026-08-14 #1 ?WRITE_SCREEN dead locals]: call=0303 site=7017E2F4 m=1C77771D/00000000/70001CE2 c=00000000/00000000/70001CE2 (master authoritative)
PROBE known specimen [2026-08-14 #1 ?WRITE_SCREEN dead locals]: call=0303 site=7017E2F4 m=70001BAA/00000000/70001CE2 c=00000000/00000000/70001CE2 (master authoritative)
PROBE known specimen [2026-08-14 #1 ?WRITE_SCREEN dead locals]: call=0303 site=7017E2F4 m=70001BAA/00000000/70001CE2 c=00000000/00000000/70001CE2 (master authoritative)
PROBE known specimen [2026-08-14 #1 ?WRITE_SCREEN dead locals]: call=0303 site=7017E2F4 m=70001BAA/00000000/70001CE2 c=00000000/00000000/70001CE2 (master authoritative)
PROBE known specimen [2026-08-14 #1 ?WRITE_SCREEN dead locals]: call=0303 site=7017E2F4 m=70001BAA/00000000/70001CE2 c=00000000/00000000/70001CE2 (master authoritative)
PROBE known specimen [2026-08-14 #1 ?WRITE_SCREEN dead locals]: call=0303 site=7017E2F4 m=70001BAA/00000000/70001CE2 c=00000000/00000000/70001CE2 (master authoritative)
PROBE known specimen [2026-08-14 #1 ?WRITE_SCREEN dead locals]: call=0303 site=7017E2F4 m=70001BAA/00000000/70001CE2 c=00000000/00000000/70001CE2 (master authoritative)
PROBE known specimen [2026-08-14 #1 ?WRITE_SCREEN dead locals]: call=0303 site=7017E2F4 m=70001BAA/00000000/70001CE2 c=00000000/00000000/70001CE2 (master authoritative)
PROBE known specimen [2026-08-14 #1 ?WRITE_SCREEN dead locals]: call=0303 site=7017E2F4 m=00000002/00000000/70001CE2 c=00000000/00000000/70001CE2 (master authoritative)
PROBE known specimen [2026-08-14 #1 ?WRITE_SCREEN dead locals]: call=0303 site=7017E2F4 m=00000002/00000000/70001CE2 c=00000000/00000000/70001CE2 (master authoritative)
PROBE known specimen [2026-08-14 #1 ?WRITE_SCREEN dead locals]: call=0303 site=7017E2F4 m=00000005/00000000/70001CE2 c=00000000/00000000/70001CE2 (master authoritative)
PROBE known specimen [2026-08-14 #1 ?WRITE_SCREEN dead locals]: call=0303 site=7017E2F4 m=00000001/00000000/70001CE2 c=00000000/00000000/70001CE2 (master authoritative)
PROBE known specimen [2026-08-14 #1 ?WRITE_SCREEN dead locals]: call=0303 site=7017E2F4 m=00000004/00000000/70001CE2 c=00000000/00000000/70001CE2 (master authoritative)
PROBE known specimen [2026-08-14 #1 ?WRITE_SCREEN dead locals]: call=0303 site=7017E2F4 m=001F0001/00000000/70001CDC c=00000000/00000000/70001CDC (master authoritative)
PROBE known specimen [2026-08-14 #1 ?WRITE_SCREEN dead locals]: call=0303 site=7017E2F4 m=00000001/00000000/70001CE2 c=00000000/00000000/70001CE2 (master authoritative)
PROBE known specimen [2026-08-14 #1 ?WRITE_SCREEN dead locals]: call=0303 site=7017E2F4 m=00000008/00000000/70001CE2 c=00000000/00000000/70001CE2 (master authoritative)
PROBE known specimen [2026-08-14 #1 ?WRITE_SCREEN dead locals]: call=0303 site=7017E2F4 m=00000008/00000000/70001CE2 c=00000000/00000000/70001CE2 (master authoritative)
PROBE known specimen [2026-08-14 #1 ?WRITE_SCREEN dead locals]: call=0303 site=7017E2F4 m=00000008/00000000/70001CE2 c=00000000/00000000/70001CE2 (master authoritative)
PROBE known specimen [2026-08-14 #1 ?WRITE_SCREEN dead locals]: call=0303 site=7017E2F4 m=00000008/00000000/70001CE2 c=00000000/00000000/70001CE2 (master authoritative)
PROBE known specimen [2026-08-14 #1 ?WRITE_SCREEN dead locals]: call=0303 site=7017E2F4 m=70001B8A/00000000/70001CDC c=00000000/00000000/70001CDC (master authoritative)
PROBE known specimen [2026-08-14 #1 ?WRITE_SCREEN dead locals]: call=0303 site=7017E2F4 m=E0003752/00000000/70001CE2 c=00000000/00000000/70001CE2 (master authoritative)
PROBE known specimen [2026-08-14 #1 ?WRITE_SCREEN dead locals]: call=0303 site=7017E2F4 m=E0003752/00000000/70001CE2 c=00000000/00000000/70001CE2 (master authoritative)
PROBE known specimen [2026-08-14 #1 ?WRITE_SCREEN dead locals]: call=0303 site=7017E2F4 m=E0003752/00000000/70001CE2 c=00000000/00000000/70001CE2 (master authoritative)
PROBE known specimen [2026-08-14 #1 ?WRITE_SCREEN dead locals]: call=0303 site=7017E2F4 m=E0003752/00000000/70001CE2 c=00000000/00000000/70001CE2 (master authoritative)
PROBE known specimen [2026-08-14 #1 ?WRITE_SCREEN dead locals]: call=0303 site=7017E2F4 m=700010E8/00000000/70001162 c=00000000/00000000/70001162 (master authoritative)
PROBE known specimen [2026-08-14 #1 ?WRITE_SCREEN dead locals]: call=0303 site=7017E2F4 m=E0002216/00000000/70001168 c=00000000/00000000/70001168 (master authoritative)
PROBE known specimen [2026-08-14 #1 ?WRITE_SCREEN dead locals]: call=0303 site=7017E2F4 m=7220796F/00000000/70001168 c=00000000/00000000/70001168 (master authoritative)
PROBE known specimen [2026-08-14 #1 ?WRITE_SCREEN dead locals]: call=0303 site=7017E2F4 m=000002FE/00000000/70001168 c=00000000/00000000/70001168 (master authoritative)
PROBE known specimen [2026-08-14 #1 ?WRITE_SCREEN dead locals]: call=0303 site=7017E2F4 m=000002FE/00000000/70001168 c=00000000/00000000/70001168 (master authoritative)
PROBE known specimen [2026-08-14 #1 ?WRITE_SCREEN dead locals]: call=0303 site=7017E2F4 m=000002FE/00000000/70001168 c=00000000/00000000/70001168 (master authoritative)
PROBE known specimen [2026-08-14 #1 ?WRITE_SCREEN dead locals]: call=0303 site=7017E2F4 m=700010E8/00000000/70001162 c=00000000/00000000/70001162 (master authoritative)
PROBE known specimen [2026-08-14 #1 ?WRITE_SCREEN dead locals]: call=0303 site=7017E2F4 m=E0002216/00000000/70001168 c=00000000/00000000/70001168 (master authoritative)
PROBE known specimen [2026-08-14 #1 ?WRITE_SCREEN dead locals]: call=0303 site=7017E2F4 m=E0002216/00000000/70001168 c=00000000/00000000/70001168 (master authoritative)
PROBE known specimen [2026-08-14 #1 ?WRITE_SCREEN dead locals]: call=0303 site=7017E2F4 m=E0002216/00000000/70001168 c=00000000/00000000/70001168 (master authoritative)
PROBE known specimen [2026-08-14 #1 ?WRITE_SCREEN dead locals]: call=0303 site=7017E2F4 m=20000020/00000000/7000154E c=00000000/00000000/7000154E (master authoritative)
PROBE known specimen [2026-08-14 #1 ?WRITE_SCREEN dead locals]: call=0303 site=7017E2F4 m=55534552/00000000/700014DE c=00000000/00000000/700014DE (master authoritative)
PROBE known specimen [2026-08-14 #1 ?WRITE_SCREEN dead locals]: call=0303 site=7017E2F4 m=55534552/00000000/700014DE c=00000000/00000000/700014DE (master authoritative)

***** PROBE PACKET-CONTENT FLAG (HIGH SIGNAL — reviewer tier) *****
mediated handler read differs: width 2 byte range E0002974..E0002975
  master=00000005  clone=00000000  (continuing, master authoritative)
  at master pc=7017FDED instr=1183772
*******************************************************************

PROBE known specimen [2026-08-14 #1 ?WRITE_SCREEN dead locals]: call=0303 site=7017E2F4 m=030EE2F8/00000000/7000119C c=00000000/00000000/7000119C (master authoritative)
PROBE known specimen [2026-08-14 #1 ?WRITE_SCREEN dead locals]: call=0303 site=7017E2F4 m=0000FFFF/00000000/700010F2 c=00000000/00000000/700010F2 (master authoritative)
PROBE known specimen [2026-08-14 #1 ?WRITE_SCREEN dead locals]: call=0303 site=7017E2F4 m=0000FFFF/00000000/700010F2 c=00000000/00000000/700010F2 (master authoritative)
PROBE known specimen [2026-08-14 #2 game ?ISR dead ptr ac0]: call=0142 site=70175F2E m=7000021C/00000000/700010F8 c=00000000/00000000/700010F8 (master authoritative)
PROBE known specimen [2026-08-14 #1 ?WRITE_SCREEN dead locals]: call=0303 site=7017E2F4 m=80000000/00000000/7000115A c=00000000/00000000/7000115A (master authoritative)
PROBE known specimen [2026-08-14 #1 ?WRITE_SCREEN dead locals]: call=0303 site=7017E2F4 m=700010E8/00000000/7000115A c=00000000/00000000/7000115A (master authoritative)
PROBE known specimen [2026-08-14 #1 ?WRITE_SCREEN dead locals]: call=0303 site=7017E2F4 m=700010E8/00000000/7000115A c=00000000/00000000/7000115A (master authoritative)
PROBE known specimen [2026-08-14 #1 ?WRITE_SCREEN dead locals]: call=0303 site=7017E2F4 m=700010E8/00000000/7000115A c=00000000/00000000/7000115A (master authoritative)
PROBE known specimen [2026-08-14 #1 ?WRITE_SCREEN dead locals]: call=0303 site=7017E2F4 m=700010E8/00000000/7000115A c=00000000/00000000/7000115A (master authoritative)
PROBE known specimen [2026-08-14 #1 ?WRITE_SCREEN dead locals]: call=0303 site=7017E2F4 m=E000371A/00000000/70001BD2 c=00000000/00000000/70001BD2 (master authoritative)
PROBE known specimen [2026-08-14 #1 ?WRITE_SCREEN dead locals]: call=0303 site=7017E2F4 m=E000371A/00000000/70001BD2 c=00000000/00000000/70001BD2 (master authoritative)
PROBE known specimen [2026-08-14 #1 ?WRITE_SCREEN dead locals]: call=0303 site=7017E2F4 m=E000371A/00000000/70001BD2 c=00000000/00000000/70001BD2 (master authoritative)
PROBE known specimen [2026-08-14 #1 ?WRITE_SCREEN dead locals]: call=0303 site=7017E2F4 m=E000371A/00000000/70001BD2 c=00000000/00000000/70001BD2 (master authoritative)
PROBE known specimen [2026-08-14 #1 ?WRITE_SCREEN dead locals]: call=0303 site=7017E2F4 m=E000371A/00000000/70001BD2 c=00000000/00000000/70001BD2 (master authoritative)
PROBE known specimen [2026-08-14 #1 ?WRITE_SCREEN dead locals]: call=0303 site=7017E2F4 m=E000371A/00000000/70001BD2 c=00000000/00000000/70001BD2 (master authoritative)
PROBE known specimen [2026-08-14 #1 ?WRITE_SCREEN dead locals]: call=0303 site=7017E2F4 m=E000371A/00000000/70001BD2 c=00000000/00000000/70001BD2 (master authoritative)
PROBE known specimen [2026-08-14 #1 ?WRITE_SCREEN dead locals]: call=0303 site=7017E2F4 m=E000371A/00000000/70001BD2 c=00000000/00000000/70001BD2 (master authoritative)
PROBE known specimen [2026-08-14 #1 ?WRITE_SCREEN dead locals]: call=0303 site=7017E2F4 m=E000371A/00000000/70001BD2 c=00000000/00000000/70001BD2 (master authoritative)
PROBE known specimen [2026-08-14 #1 ?WRITE_SCREEN dead locals]: call=0303 site=7017E2F4 m=E000371A/00000000/70001BD2 c=00000000/00000000/70001BD2 (master authoritative)
PROBE known specimen [2026-08-14 #1 ?WRITE_SCREEN dead locals]: call=0303 site=7017E2F4 m=E000371A/00000000/70001BD2 c=00000000/00000000/70001BD2 (master authoritative)
PROBE known specimen [2026-08-14 #1 ?WRITE_SCREEN dead locals]: call=0303 site=7017E2F4 m=20200000/00000000/70001FEC c=00000000/00000000/70001FEC (master authoritative)
PROBE known specimen [2026-08-14 #1 ?WRITE_SCREEN dead locals]: call=0303 site=7017E2F4 m=0000006F/00000000/70001FEC c=00000000/00000000/70001FEC (master authoritative)
PROBE known specimen [2026-08-14 #1 ?WRITE_SCREEN dead locals]: call=0303 site=7017E2F4 m=0000006F/00000000/70001FEC c=00000000/00000000/70001FEC (master authoritative)
PROBE known specimen [2026-08-14 #1 ?WRITE_SCREEN dead locals]: call=0303 site=7017E2F4 m=0000006F/00000000/70001FEC c=00000000/00000000/70001FEC (master authoritative)
PROBE known specimen [2026-08-14 #1 ?WRITE_SCREEN dead locals]: call=0303 site=7017E2F4 m=00202000/00000000/70001CE2 c=00000000/00000000/70001CE2 (master authoritative)
PROBE known specimen [2026-08-14 #1 ?WRITE_SCREEN dead locals]: call=0303 site=7017E2F4 m=70001BAA/00000000/70001CE2 c=00000000/00000000/70001CE2 (master authoritative)
PROBE known specimen [2026-08-14 #1 ?WRITE_SCREEN dead locals]: call=0303 site=7017E2F4 m=70001BAA/00000000/70001CE2 c=00000000/00000000/70001CE2 (master authoritative)
PROBE known specimen [2026-08-14 #1 ?WRITE_SCREEN dead locals]: call=0303 site=7017E2F4 m=70001BAA/00000000/70001CE2 c=00000000/00000000/70001CE2 (master authoritative)
PROBE known specimen [2026-08-14 #1 ?WRITE_SCREEN dead locals]: call=0303 site=7017E2F4 m=70001BAA/00000000/70001CE2 c=00000000/00000000/70001CE2 (master authoritative)
PROBE known specimen [2026-08-14 #1 ?WRITE_SCREEN dead locals]: call=0303 site=7017E2F4 m=70001BAA/00000000/70001CE2 c=00000000/00000000/70001CE2 (master authoritative)
PROBE known specimen [2026-08-14 #1 ?WRITE_SCREEN dead locals]: call=0303 site=7017E2F4 m=70001BAA/00000000/70001CE2 c=00000000/00000000/70001CE2 (master authoritative)
PROBE known specimen [2026-08-14 #1 ?WRITE_SCREEN dead locals]: call=0303 site=7017E2F4 m=70001BAA/00000000/70001CE2 c=00000000/00000000/70001CE2 (master authoritative)
PROBE known specimen [2026-08-14 #1 ?WRITE_SCREEN dead locals]: call=0303 site=7017E2F4 m=00000002/00000000/70001CE2 c=00000000/00000000/70001CE2 (master authoritative)
PROBE known specimen [2026-08-14 #1 ?WRITE_SCREEN dead locals]: call=0303 site=7017E2F4 m=00000002/00000000/70001CE2 c=00000000/00000000/70001CE2 (master authoritative)
PROBE known specimen [2026-08-14 #1 ?WRITE_SCREEN dead locals]: call=0303 site=7017E2F4 m=00000005/00000000/70001CE2 c=00000000/00000000/70001CE2 (master authoritative)
PROBE known specimen [2026-08-14 #1 ?WRITE_SCREEN dead locals]: call=0303 site=7017E2F4 m=00000001/00000000/70001CE2 c=00000000/00000000/70001CE2 (master authoritative)
PROBE known specimen [2026-08-14 #1 ?WRITE_SCREEN dead locals]: call=0303 site=7017E2F4 m=00000004/00000000/70001CE2 c=00000000/00000000/70001CE2 (master authoritative)
PROBE known specimen [2026-08-14 #1 ?WRITE_SCREEN dead locals]: call=0303 site=7017E2F4 m=001F0001/00000000/70001CDC c=00000000/00000000/70001CDC (master authoritative)
PROBE known specimen [2026-08-14 #1 ?WRITE_SCREEN dead locals]: call=0303 site=7017E2F4 m=00000001/00000000/70001CE2 c=00000000/00000000/70001CE2 (master authoritative)
PROBE known specimen [2026-08-14 #1 ?WRITE_SCREEN dead locals]: call=0303 site=7017E2F4 m=00000008/00000000/70001CE2 c=00000000/00000000/70001CE2 (master authoritative)
PROBE known specimen [2026-08-14 #1 ?WRITE_SCREEN dead locals]: call=0303 site=7017E2F4 m=00000008/00000000/70001CE2 c=00000000/00000000/70001CE2 (master authoritative)
PROBE known specimen [2026-08-14 #1 ?WRITE_SCREEN dead locals]: call=0303 site=7017E2F4 m=00000008/00000000/70001CE2 c=00000000/00000000/70001CE2 (master authoritative)
PROBE known specimen [2026-08-14 #1 ?WRITE_SCREEN dead locals]: call=0303 site=7017E2F4 m=00000008/00000000/70001CE2 c=00000000/00000000/70001CE2 (master authoritative)
PROBE known specimen [2026-08-14 #1 ?WRITE_SCREEN dead locals]: call=0303 site=7017E2F4 m=70001B8A/00000000/70001CDC c=00000000/00000000/70001CDC (master authoritative)
PROBE known specimen [2026-08-14 #1 ?WRITE_SCREEN dead locals]: call=0303 site=7017E2F4 m=E0003752/00000000/70001CE2 c=00000000/00000000/70001CE2 (master authoritative)
PROBE known specimen [2026-08-14 #1 ?WRITE_SCREEN dead locals]: call=0303 site=7017E2F4 m=E0003752/00000000/70001CE2 c=00000000/00000000/70001CE2 (master authoritative)
PROBE known specimen [2026-08-14 #1 ?WRITE_SCREEN dead locals]: call=0303 site=7017E2F4 m=E0003752/00000000/70001CE2 c=00000000/00000000/70001CE2 (master authoritative)
PROBE known specimen [2026-08-14 #1 ?WRITE_SCREEN dead locals]: call=0303 site=7017E2F4 m=E0003752/00000000/70001CE2 c=00000000/00000000/70001CE2 (master authoritative)
PROBE known specimen [2026-08-14 #1 ?WRITE_SCREEN dead locals]: call=0303 site=7017E2F4 m=700010E8/00000000/70001162 c=00000000/00000000/70001162 (master authoritative)
PROBE known specimen [2026-08-14 #1 ?WRITE_SCREEN dead locals]: call=0303 site=7017E2F4 m=E0002216/00000000/70001168 c=00000000/00000000/70001168 (master authoritative)
PROBE known specimen [2026-08-14 #1 ?WRITE_SCREEN dead locals]: call=0303 site=7017E2F4 m=7220796F/00000000/70001168 c=00000000/00000000/70001168 (master authoritative)
PROBE known specimen [2026-08-14 #1 ?WRITE_SCREEN dead locals]: call=0303 site=7017E2F4 m=000002FE/00000000/70001168 c=00000000/00000000/70001168 (master authoritative)
PROBE known specimen [2026-08-14 #1 ?WRITE_SCREEN dead locals]: call=0303 site=7017E2F4 m=000002FE/00000000/70001168 c=00000000/00000000/70001168 (master authoritative)
PROBE known specimen [2026-08-14 #1 ?WRITE_SCREEN dead locals]: call=0303 site=7017E2F4 m=000002FE/00000000/70001168 c=00000000/00000000/70001168 (master authoritative)
PROBE known specimen [2026-08-14 #1 ?WRITE_SCREEN dead locals]: call=0303 site=7017E2F4 m=700010E8/00000000/70001162 c=00000000/00000000/70001162 (master authoritative)
PROBE known specimen [2026-08-14 #1 ?WRITE_SCREEN dead locals]: call=0303 site=7017E2F4 m=E0002216/00000000/70001168 c=00000000/00000000/70001168 (master authoritative)
PROBE known specimen [2026-08-14 #1 ?WRITE_SCREEN dead locals]: call=0303 site=7017E2F4 m=E0002216/00000000/70001168 c=00000000/00000000/70001168 (master authoritative)
PROBE known specimen [2026-08-14 #1 ?WRITE_SCREEN dead locals]: call=0303 site=7017E2F4 m=E0002216/00000000/70001168 c=00000000/00000000/70001168 (master authoritative)
PROBE known specimen [2026-08-14 #1 ?WRITE_SCREEN dead locals]: call=0303 site=7017E2F4 m=80000009/00000000/7000132E c=00000000/00000000/7000132E (master authoritative)
PROBE known specimen [2026-08-14 #1 ?WRITE_SCREEN dead locals]: call=0303 site=7017E2F4 m=80000009/00000000/7000132E c=00000000/00000000/7000132E (master authoritative)
PROBE known specimen [2026-08-14 #1 ?WRITE_SCREEN dead locals]: call=0303 site=7017E2F4 m=701802AE/00000000/70001334 c=00000000/00000000/70001334 (master authoritative)
PROBE known specimen [2026-08-14 #1 ?WRITE_SCREEN dead locals]: call=0303 site=7017E2F4 m=20200000/00000000/700015BC c=00000000/00000000/700015BC (master authoritative)
