gcalls seq=000077 caller=QUEST2 target=7015C005 QUEST                argc=0 site=7017EA51
gcalls seq=000144 caller=QUEST2 target=701766ED READ_IN              argc=0 site=7015C05F
gcalls seq=000159 caller=QUEST2 target=70175E9F LOGON                argc=0 site=7015C283
gcalls seq=000195 caller=QUEST2 target=701766ED READ_IN              argc=0 site=70175F6B
gcalls seq=000218 caller=QUEST2 target=701766ED READ_IN              argc=0 site=70175FD3
gcalls seq=000264 caller=QUEST2 target=7016AA35 GET_INPUT            argc=1 site=701760C4
gcalls seq=001191 caller=QUEST2 target=7016DF39 INIT_OBJ_TBL         argc=2 site=7015C2B7
gcalls seq=001192 caller=QUEST2 target=7015C5E1 -                    argc=0 site=7015C337
gcalls seq=001194 caller=QUEST2 target=7016E103 INIT_SCREEN          argc=1 site=7015C38C
gcalls seq=001196 caller=QUEST2 target=701697A1 FAKE_LAND_MASS       argc=1 site=7016E1D2
gcalls seq=001198 caller=QUEST2 target=701699B5 FAKE_OCEAN           argc=1 site=7016E1D8
gcalls seq=001216 caller=QUEST2 target=7016B549 GET_QUEST            argc=0 site=7015C3B5
gcalls seq=001225 caller=QUEST2 target=70165713 C_A_LISTENER         argc=1 site=7017E7C1
gcalls seq=001239 caller=QUEST2 target=7016DE91 HIT_ANY_CHAR         argc=0 site=7016BCA0
gcalls seq=001248 caller=QUEST2 target=7016AA35 GET_INPUT            argc=1 site=7016DEA9
gcalls seq=001264 caller=QUEST2 target=70176A93 REFRESH_SCREEN       argc=0 site=7016BCA4
gcalls seq=001353 caller=QUEST2 target=70166AF9 DISPLAY_SCREEN       argc=1 site=7016BCBE
gcalls seq=001354 caller=QUEST2 target=70168717 DIST                 argc=4 site=70166B86
gcalls seq=001358 caller=QUEST2 target=70168717 DIST                 argc=4 site=70166B86
gcalls seq=001362 caller=QUEST2 target=70168717 DIST                 argc=4 site=70166B86
gcalls seq=001369 caller=QUEST2 target=70168717 DIST                 argc=4 site=70166E1C
gcalls seq=001373 caller=QUEST2 target=70168717 DIST                 argc=4 site=70166E1C
gcalls seq=001377 caller=QUEST2 target=70168717 DIST                 argc=4 site=70166E1C
gcalls seq=001384 caller=QUEST2 target=70168717 DIST                 argc=4 site=70166E1C
gcalls seq=001388 caller=QUEST2 target=70168717 DIST                 argc=4 site=70166E1C
gcalls seq=001392 caller=QUEST2 target=70168717 DIST                 argc=4 site=70166E1C
gcalls seq=001399 caller=QUEST2 target=70168717 DIST                 argc=4 site=70166E1C
gcalls seq=001403 caller=QUEST2 target=70168717 DIST                 argc=4 site=70166E1C
gcalls seq=001407 caller=QUEST2 target=70168717 DIST                 argc=4 site=70166E1C
gcalls seq=001414 caller=QUEST2 target=70168717 DIST                 argc=4 site=70166E1C
gcalls seq=001418 caller=QUEST2 target=70168717 DIST                 argc=4 site=70166E1C
gcalls seq=001422 caller=QUEST2 target=70168717 DIST                 argc=4 site=70166E1C
gcalls seq=001429 caller=QUEST2 target=70168717 DIST                 argc=4 site=70166E1C
gcalls seq=001433 caller=QUEST2 target=70168717 DIST                 argc=4 site=70166E1C
gcalls seq=001437 caller=QUEST2 target=70168717 DIST                 argc=4 site=70166E1C
gcalls seq=001444 caller=QUEST2 target=70168717 DIST                 argc=4 site=70166E1C
gcalls seq=001448 caller=QUEST2 target=70168717 DIST                 argc=4 site=70166E1C
gcalls seq=001452 caller=QUEST2 target=70168717 DIST                 argc=4 site=70166E1C
gcalls seq=001459 caller=QUEST2 target=70168717 DIST                 argc=4 site=70166E1C
gcalls seq=001463 caller=QUEST2 target=70168717 DIST                 argc=4 site=70166E1C
gcalls seq=001467 caller=QUEST2 target=70168717 DIST                 argc=4 site=70166E1C
gcalls seq=001474 caller=QUEST2 target=70168717 DIST                 argc=4 site=70166E1C
gcalls seq=001478 caller=QUEST2 target=70168717 DIST                 argc=4 site=70166E1C
gcalls seq=001482 caller=QUEST2 target=70168717 DIST                 argc=4 site=70166E1C
gcalls seq=001489 caller=QUEST2 target=70168717 DIST                 argc=4 site=70166E1C
gcalls seq=001493 caller=QUEST2 target=70168717 DIST                 argc=4 site=70166E1C
gcalls seq=001497 caller=QUEST2 target=70168717 DIST                 argc=4 site=70166E1C
gcalls seq=001504 caller=QUEST2 target=70168717 DIST                 argc=4 site=70166E1C
gcalls seq=001508 caller=QUEST2 target=70168717 DIST                 argc=4 site=70166E1C
gcalls seq=001512 caller=QUEST2 target=70168717 DIST                 argc=4 site=70166E1C
gcalls seq=001519 caller=QUEST2 target=70168717 DIST                 argc=4 site=70166E1C
gcalls seq=001523 caller=QUEST2 target=70168717 DIST                 argc=4 site=70166E1C
gcalls seq=001527 caller=QUEST2 target=70168717 DIST                 argc=4 site=70166E1C
gcalls seq=001533 caller=QUEST2 target=70168717 DIST                 argc=4 site=70166E1C
gcalls seq=001537 caller=QUEST2 target=70168717 DIST                 argc=4 site=70166E1C
gcalls seq=001542 caller=QUEST2 target=70168717 DIST                 argc=4 site=70166E1C
gcalls seq=001549 caller=QUEST2 target=70168717 DIST                 argc=4 site=70166E1C
gcalls seq=001553 caller=QUEST2 target=70168717 DIST                 argc=4 site=70166E1C
gcalls seq=001557 caller=QUEST2 target=70168717 DIST                 argc=4 site=70166E1C
gcalls seq=001562 caller=QUEST2 target=70168717 DIST                 argc=4 site=70166E1C
gcalls seq=001568 caller=QUEST2 target=70168717 DIST                 argc=4 site=70166E1C
gcalls seq=001572 caller=QUEST2 target=70168717 DIST                 argc=4 site=70166E1C
gcalls seq=001579 caller=QUEST2 target=70168717 DIST                 argc=4 site=70166E1C
gcalls seq=001583 caller=QUEST2 target=70168717 DIST                 argc=4 site=70166E1C
gcalls seq=001587 caller=QUEST2 target=70168717 DIST                 argc=4 site=70166E1C
gcalls seq=001592 caller=QUEST2 target=70168717 DIST                 argc=4 site=70166E1C
gcalls seq=001598 caller=QUEST2 target=70168717 DIST                 argc=4 site=70166E1C
gcalls seq=001602 caller=QUEST2 target=70168717 DIST                 argc=4 site=70166E1C
gcalls seq=001609 caller=QUEST2 target=70168717 DIST                 argc=4 site=70166E1C
gcalls seq=001613 caller=QUEST2 target=70168717 DIST                 argc=4 site=70166E1C
gcalls seq=001617 caller=QUEST2 target=70168717 DIST                 argc=4 site=70166E1C
gcalls seq=001622 caller=QUEST2 target=70168717 DIST                 argc=4 site=70166E1C
gcalls seq=001628 caller=QUEST2 target=70168717 DIST                 argc=4 site=70166E1C
gcalls seq=001632 caller=QUEST2 target=70168717 DIST                 argc=4 site=70166E1C
gcalls seq=001638 caller=QUEST2 target=70168717 DIST                 argc=4 site=70166E1C
gcalls seq=001642 caller=QUEST2 target=70168717 DIST                 argc=4 site=70166E1C
gcalls seq=001647 caller=QUEST2 target=70168717 DIST                 argc=4 site=70166E1C
gcalls seq=001654 caller=QUEST2 target=70168717 DIST                 argc=4 site=70166E1C
gcalls seq=001658 caller=QUEST2 target=70168717 DIST                 argc=4 site=70166E1C
gcalls seq=001662 caller=QUEST2 target=70168717 DIST                 argc=4 site=70166E1C
gcalls seq=001667 caller=QUEST2 target=70168717 DIST                 argc=4 site=70166E1C
gcalls seq=001673 caller=QUEST2 target=70168717 DIST                 argc=4 site=70166E1C
gcalls seq=001677 caller=QUEST2 target=70168717 DIST                 argc=4 site=70166E1C
gcalls seq=001684 caller=QUEST2 target=70168717 DIST                 argc=4 site=70166E1C
gcalls seq=001688 caller=QUEST2 target=70168717 DIST                 argc=4 site=70166E1C
gcalls seq=001692 caller=QUEST2 target=70168717 DIST                 argc=4 site=70166E1C
gcalls seq=001699 caller=QUEST2 target=70168717 DIST                 argc=4 site=70166E1C
gcalls seq=001703 caller=QUEST2 target=70168717 DIST                 argc=4 site=70166E1C
gcalls seq=001707 caller=QUEST2 target=70168717 DIST                 argc=4 site=70166E1C
gcalls seq=001714 caller=QUEST2 target=70168717 DIST                 argc=4 site=70166E1C
gcalls seq=001718 caller=QUEST2 target=70168717 DIST                 argc=4 site=70166E1C
gcalls seq=001722 caller=QUEST2 target=70168717 DIST                 argc=4 site=70166E1C
gcalls seq=001729 caller=QUEST2 target=70168717 DIST                 argc=4 site=70166E1C
gcalls seq=001733 caller=QUEST2 target=70168717 DIST                 argc=4 site=70166E1C
gcalls seq=001737 caller=QUEST2 target=70168717 DIST                 argc=4 site=70166E1C
gcalls seq=001744 caller=QUEST2 target=70168717 DIST                 argc=4 site=70166E1C
gcalls seq=001748 caller=QUEST2 target=70168717 DIST                 argc=4 site=70166E1C
gcalls seq=001752 caller=QUEST2 target=70168717 DIST                 argc=4 site=70166E1C
gcalls seq=001759 caller=QUEST2 target=70168717 DIST                 argc=4 site=70166E1C
gcalls seq=001763 caller=QUEST2 target=70168717 DIST                 argc=4 site=70166E1C
gcalls seq=001767 caller=QUEST2 target=70168717 DIST                 argc=4 site=70166E1C
gcalls seq=001774 caller=QUEST2 target=70168717 DIST                 argc=4 site=70166E1C
gcalls seq=001778 caller=QUEST2 target=70168717 DIST                 argc=4 site=70166E1C
gcalls seq=001782 caller=QUEST2 target=70168717 DIST                 argc=4 site=70166E1C
gcalls seq=001789 caller=QUEST2 target=70168717 DIST                 argc=4 site=70166E1C
gcalls seq=001793 caller=QUEST2 target=70168717 DIST                 argc=4 site=70166E1C
gcalls seq=001797 caller=QUEST2 target=70168717 DIST                 argc=4 site=70166E1C
gcalls seq=001803 caller=QUEST2 target=70168717 DIST                 argc=4 site=70166E1C
gcalls seq=001807 caller=QUEST2 target=70168717 DIST                 argc=4 site=70166E1C
gcalls seq=001812 caller=QUEST2 target=70168717 DIST                 argc=4 site=70166E1C
gcalls seq=001819 caller=QUEST2 target=70168717 DIST                 argc=4 site=70166E1C
gcalls seq=001823 caller=QUEST2 target=70168717 DIST                 argc=4 site=70166E1C
gcalls seq=001827 caller=QUEST2 target=70168717 DIST                 argc=4 site=70166E1C
gcalls seq=001832 caller=QUEST2 target=70168717 DIST                 argc=4 site=70166E1C
gcalls seq=001838 caller=QUEST2 target=70168717 DIST                 argc=4 site=70166E1C
gcalls seq=001842 caller=QUEST2 target=70168717 DIST                 argc=4 site=70166E1C
gcalls seq=001849 caller=QUEST2 target=70168717 DIST                 argc=4 site=70166E1C
gcalls seq=001853 caller=QUEST2 target=70168717 DIST                 argc=4 site=70166E1C
gcalls seq=001857 caller=QUEST2 target=70168717 DIST                 argc=4 site=70166E1C
gcalls seq=001864 caller=QUEST2 target=70168717 DIST                 argc=4 site=70166E1C
gcalls seq=001868 caller=QUEST2 target=70168717 DIST                 argc=4 site=70166E1C
gcalls seq=001872 caller=QUEST2 target=70168717 DIST                 argc=4 site=70166E1C
gcalls seq=001878 caller=QUEST2 target=70168717 DIST                 argc=4 site=70166E1C
gcalls seq=001882 caller=QUEST2 target=70168717 DIST                 argc=4 site=70166E1C
gcalls seq=001887 caller=QUEST2 target=70168717 DIST                 argc=4 site=70166E1C
gcalls seq=001894 caller=QUEST2 target=70168717 DIST                 argc=4 site=70166E1C
gcalls seq=001898 caller=QUEST2 target=70168717 DIST                 argc=4 site=70166E1C
gcalls seq=001902 caller=QUEST2 target=70168717 DIST                 argc=4 site=70166E1C
gcalls seq=001908 caller=QUEST2 target=70168717 DIST                 argc=4 site=70166E1C
gcalls seq=001912 caller=QUEST2 target=70168717 DIST                 argc=4 site=70166E1C
gcalls seq=001917 caller=QUEST2 target=70168717 DIST                 argc=4 site=70166E1C
gcalls seq=001924 caller=QUEST2 target=70168717 DIST                 argc=4 site=70166E1C
gcalls seq=001928 caller=QUEST2 target=70168717 DIST                 argc=4 site=70166E1C
gcalls seq=001932 caller=QUEST2 target=70168717 DIST                 argc=4 site=70166E1C
gcalls seq=001938 caller=QUEST2 target=70168717 DIST                 argc=4 site=70166E1C
gcalls seq=001942 caller=QUEST2 target=70168717 DIST                 argc=4 site=70166E1C
gcalls seq=001947 caller=QUEST2 target=70168717 DIST                 argc=4 site=70166E1C
gcalls seq=001954 caller=QUEST2 target=70168717 DIST                 argc=4 site=70166E1C
gcalls seq=001958 caller=QUEST2 target=70168717 DIST                 argc=4 site=70166E1C
gcalls seq=001962 caller=QUEST2 target=70168717 DIST                 argc=4 site=70166E1C
gcalls seq=001968 caller=QUEST2 target=70168717 DIST                 argc=4 site=70166E1C
gcalls seq=001972 caller=QUEST2 target=70168717 DIST                 argc=4 site=70166E1C
gcalls seq=001977 caller=QUEST2 target=70168717 DIST                 argc=4 site=70166E1C
gcalls seq=001984 caller=QUEST2 target=70168717 DIST                 argc=4 site=70166E1C
gcalls seq=001988 caller=QUEST2 target=70168717 DIST                 argc=4 site=70166E1C
gcalls seq=001992 caller=QUEST2 target=70168717 DIST                 argc=4 site=70166E1C
gcalls seq=001997 caller=QUEST2 target=70168717 DIST                 argc=4 site=70166E1C
gcalls seq=002003 caller=QUEST2 target=70168717 DIST                 argc=4 site=70166E1C
gcalls seq=002007 caller=QUEST2 target=70168717 DIST                 argc=4 site=70166E1C
gcalls seq=002014 caller=QUEST2 target=70168717 DIST                 argc=4 site=70166E1C
gcalls seq=002018 caller=QUEST2 target=70168717 DIST                 argc=4 site=70166E1C
gcalls seq=002022 caller=QUEST2 target=70168717 DIST                 argc=4 site=70166E1C
gcalls seq=002029 caller=QUEST2 target=70168717 DIST                 argc=4 site=70166E1C
gcalls seq=002033 caller=QUEST2 target=70168717 DIST                 argc=4 site=70166E1C
gcalls seq=002037 caller=QUEST2 target=70168717 DIST                 argc=4 site=70166E1C
gcalls seq=002043 caller=QUEST2 target=70168717 DIST                 argc=4 site=70166E1C
gcalls seq=002047 caller=QUEST2 target=70168717 DIST                 argc=4 site=70166E1C
gcalls seq=002052 caller=QUEST2 target=70168717 DIST                 argc=4 site=70166E1C
gcalls seq=002059 caller=QUEST2 target=70168717 DIST                 argc=4 site=70166E1C
gcalls seq=002063 caller=QUEST2 target=70168717 DIST                 argc=4 site=70166E1C
gcalls seq=002067 caller=QUEST2 target=70168717 DIST                 argc=4 site=70166E1C
gcalls seq=002072 caller=QUEST2 target=70168717 DIST                 argc=4 site=70166E1C
gcalls seq=002078 caller=QUEST2 target=70168717 DIST                 argc=4 site=70166E1C
gcalls seq=002082 caller=QUEST2 target=70168717 DIST                 argc=4 site=70166E1C
gcalls seq=002089 caller=QUEST2 target=70168717 DIST                 argc=4 site=70166E1C
gcalls seq=002093 caller=QUEST2 target=70168717 DIST                 argc=4 site=70166E1C
gcalls seq=002097 caller=QUEST2 target=70168717 DIST                 argc=4 site=70166E1C
gcalls seq=002102 caller=QUEST2 target=70168717 DIST                 argc=4 site=70166E1C
gcalls seq=002108 caller=QUEST2 target=70168717 DIST                 argc=4 site=70166E1C
gcalls seq=002112 caller=QUEST2 target=70168717 DIST                 argc=4 site=70166E1C
gcalls seq=002118 caller=QUEST2 target=70168717 DIST                 argc=4 site=70166E1C
gcalls seq=002122 caller=QUEST2 target=70168717 DIST                 argc=4 site=70166E1C
gcalls seq=002127 caller=QUEST2 target=70168717 DIST                 argc=4 site=70166E1C
gcalls seq=002134 caller=QUEST2 target=70168717 DIST                 argc=4 site=70166E1C
gcalls seq=002138 caller=QUEST2 target=70168717 DIST                 argc=4 site=70166E1C
gcalls seq=002142 caller=QUEST2 target=70168717 DIST                 argc=4 site=70166E1C
gcalls seq=002149 caller=QUEST2 target=70168717 DIST                 argc=4 site=70166E1C
gcalls seq=002153 caller=QUEST2 target=70168717 DIST                 argc=4 site=70166E1C
gcalls seq=002157 caller=QUEST2 target=70168717 DIST                 argc=4 site=70166E1C
gcalls seq=002163 caller=QUEST2 target=70168717 DIST                 argc=4 site=70166E1C
gcalls seq=002167 caller=QUEST2 target=70168717 DIST                 argc=4 site=70166E1C
gcalls seq=002172 caller=QUEST2 target=70168717 DIST                 argc=4 site=70166E1C
gcalls seq=002179 caller=QUEST2 target=70168717 DIST                 argc=4 site=70166E1C
gcalls seq=002183 caller=QUEST2 target=70168717 DIST                 argc=4 site=70166E1C
gcalls seq=002187 caller=QUEST2 target=70168717 DIST                 argc=4 site=70166E1C
gcalls seq=002192 caller=QUEST2 target=70168717 DIST                 argc=4 site=70166E1C
gcalls seq=002198 caller=QUEST2 target=70168717 DIST                 argc=4 site=70166E1C
gcalls seq=002202 caller=QUEST2 target=70168717 DIST                 argc=4 site=70166E1C
gcalls seq=002209 caller=QUEST2 target=70168717 DIST                 argc=4 site=70166E1C
gcalls seq=002213 caller=QUEST2 target=70168717 DIST                 argc=4 site=70166E1C
gcalls seq=002217 caller=QUEST2 target=70168717 DIST                 argc=4 site=70166E1C
gcalls seq=002222 caller=QUEST2 target=70168717 DIST                 argc=4 site=70166E1C
gcalls seq=002228 caller=QUEST2 target=70168717 DIST                 argc=4 site=70166E1C
gcalls seq=002232 caller=QUEST2 target=70168717 DIST                 argc=4 site=70166E1C
gcalls seq=002239 caller=QUEST2 target=70168717 DIST                 argc=4 site=70166E1C
gcalls seq=002243 caller=QUEST2 target=70168717 DIST                 argc=4 site=70166E1C
gcalls seq=002247 caller=QUEST2 target=70168717 DIST                 argc=4 site=70166E1C
gcalls seq=002252 caller=QUEST2 target=70168717 DIST                 argc=4 site=70166E1C
gcalls seq=002258 caller=QUEST2 target=70168717 DIST                 argc=4 site=70166E1C
gcalls seq=002262 caller=QUEST2 target=70168717 DIST                 argc=4 site=70166E1C
gcalls seq=002269 caller=QUEST2 target=70168717 DIST                 argc=4 site=70166E1C
gcalls seq=002273 caller=QUEST2 target=70168717 DIST                 argc=4 site=70166E1C
gcalls seq=002277 caller=QUEST2 target=70168717 DIST                 argc=4 site=70166E1C
gcalls seq=002284 caller=QUEST2 target=70168717 DIST                 argc=4 site=70166E1C
gcalls seq=002288 caller=QUEST2 target=70168717 DIST                 argc=4 site=70166E1C
gcalls seq=002292 caller=QUEST2 target=70168717 DIST                 argc=4 site=70166E1C
gcalls seq=002297 caller=QUEST2 target=70168717 DIST                 argc=4 site=70166E1C
gcalls seq=002303 caller=QUEST2 target=70168717 DIST                 argc=4 site=70166E1C
gcalls seq=002307 caller=QUEST2 target=70168717 DIST                 argc=4 site=70166E1C
gcalls seq=002313 caller=QUEST2 target=70168717 DIST                 argc=4 site=70166E1C
gcalls seq=002317 caller=QUEST2 target=70168717 DIST                 argc=4 site=70166E1C
gcalls seq=002322 caller=QUEST2 target=70168717 DIST                 argc=4 site=70166E1C
gcalls seq=002329 caller=QUEST2 target=70168717 DIST                 argc=4 site=70166E1C
gcalls seq=002333 caller=QUEST2 target=70168717 DIST                 argc=4 site=70166E1C
gcalls seq=002337 caller=QUEST2 target=70168717 DIST                 argc=4 site=70166E1C
gcalls seq=002343 caller=QUEST2 target=70168717 DIST                 argc=4 site=70166E1C
gcalls seq=002347 caller=QUEST2 target=70168717 DIST                 argc=4 site=70166E1C
gcalls seq=002352 caller=QUEST2 target=70168717 DIST                 argc=4 site=70166E1C
gcalls seq=002359 caller=QUEST2 target=70168717 DIST                 argc=4 site=70166E1C
gcalls seq=002363 caller=QUEST2 target=70168717 DIST                 argc=4 site=70166E1C
gcalls seq=002367 caller=QUEST2 target=70168717 DIST                 argc=4 site=70166E1C
gcalls seq=002373 caller=QUEST2 target=70168717 DIST                 argc=4 site=70166E1C
gcalls seq=002377 caller=QUEST2 target=70168717 DIST                 argc=4 site=70166E1C
gcalls seq=002382 caller=QUEST2 target=70168717 DIST                 argc=4 site=70166E1C
gcalls seq=002389 caller=QUEST2 target=70168717 DIST                 argc=4 site=70166E1C
gcalls seq=002393 caller=QUEST2 target=70168717 DIST                 argc=4 site=70166E1C
gcalls seq=002397 caller=QUEST2 target=70168717 DIST                 argc=4 site=70166E1C
gcalls seq=002403 caller=QUEST2 target=70168717 DIST                 argc=4 site=70166E1C
gcalls seq=002407 caller=QUEST2 target=70168717 DIST                 argc=4 site=70166E1C
gcalls seq=002412 caller=QUEST2 target=70168717 DIST                 argc=4 site=70166E1C
gcalls seq=002419 caller=QUEST2 target=70168717 DIST                 argc=4 site=70166E1C
gcalls seq=002423 caller=QUEST2 target=70168717 DIST                 argc=4 site=70166E1C
gcalls seq=002427 caller=QUEST2 target=70168717 DIST                 argc=4 site=70166E1C
gcalls seq=002433 caller=QUEST2 target=70168717 DIST                 argc=4 site=70166E1C
gcalls seq=002437 caller=QUEST2 target=70168717 DIST                 argc=4 site=70166E1C
gcalls seq=002442 caller=QUEST2 target=70168717 DIST                 argc=4 site=70166E1C
gcalls seq=002449 caller=QUEST2 target=70168717 DIST                 argc=4 site=70166E1C
gcalls seq=002453 caller=QUEST2 target=70168717 DIST                 argc=4 site=70166E1C
gcalls seq=002457 caller=QUEST2 target=70168717 DIST                 argc=4 site=70166E1C
gcalls seq=002464 caller=QUEST2 target=70168717 DIST                 argc=4 site=70166E1C
gcalls seq=002468 caller=QUEST2 target=70168717 DIST                 argc=4 site=70166E1C
gcalls seq=002472 caller=QUEST2 target=70168717 DIST                 argc=4 site=70166E1C
gcalls seq=002478 caller=QUEST2 target=70168717 DIST                 argc=4 site=70166E1C
gcalls seq=002482 caller=QUEST2 target=70168717 DIST                 argc=4 site=70166E1C
gcalls seq=002487 caller=QUEST2 target=70168717 DIST                 argc=4 site=70166E1C
gcalls seq=002494 caller=QUEST2 target=70168717 DIST                 argc=4 site=70166E1C
gcalls seq=002498 caller=QUEST2 target=70168717 DIST                 argc=4 site=70166E1C
gcalls seq=002502 caller=QUEST2 target=70168717 DIST                 argc=4 site=70166E1C
gcalls seq=002508 caller=QUEST2 target=70168717 DIST                 argc=4 site=70166E1C
gcalls seq=002512 caller=QUEST2 target=70168717 DIST                 argc=4 site=70166E1C
gcalls seq=002517 caller=QUEST2 target=70168717 DIST                 argc=4 site=70166E1C
gcalls seq=002524 caller=QUEST2 target=70168717 DIST                 argc=4 site=70166E1C
gcalls seq=002528 caller=QUEST2 target=70168717 DIST                 argc=4 site=70166E1C
gcalls seq=002532 caller=QUEST2 target=70168717 DIST                 argc=4 site=70166E1C
gcalls seq=002537 caller=QUEST2 target=70168717 DIST                 argc=4 site=70166E1C
gcalls seq=002543 caller=QUEST2 target=70168717 DIST                 argc=4 site=70166E1C
gcalls seq=002547 caller=QUEST2 target=70168717 DIST                 argc=4 site=70166E1C
gcalls seq=002554 caller=QUEST2 target=70168717 DIST                 argc=4 site=70166E1C
gcalls seq=002558 caller=QUEST2 target=70168717 DIST                 argc=4 site=70166E1C
gcalls seq=002562 caller=QUEST2 target=70168717 DIST                 argc=4 site=70166E1C
gcalls seq=002567 caller=QUEST2 target=70168717 DIST                 argc=4 site=70166E1C
gcalls seq=002573 caller=QUEST2 target=70168717 DIST                 argc=4 site=70166E1C
gcalls seq=002577 caller=QUEST2 target=70168717 DIST                 argc=4 site=70166E1C
gcalls seq=002584 caller=QUEST2 target=70168717 DIST                 argc=4 site=70166E1C
gcalls seq=002588 caller=QUEST2 target=70168717 DIST                 argc=4 site=70166E1C
gcalls seq=002592 caller=QUEST2 target=70168717 DIST                 argc=4 site=70166E1C
gcalls seq=002597 caller=QUEST2 target=70168717 DIST                 argc=4 site=70166E1C
gcalls seq=002603 caller=QUEST2 target=70168717 DIST                 argc=4 site=70166E1C
gcalls seq=002607 caller=QUEST2 target=70168717 DIST                 argc=4 site=70166E1C
gcalls seq=002614 caller=QUEST2 target=70168717 DIST                 argc=4 site=70166E1C
gcalls seq=002618 caller=QUEST2 target=70168717 DIST                 argc=4 site=70166E1C
gcalls seq=002622 caller=QUEST2 target=70168717 DIST                 argc=4 site=70166E1C
gcalls seq=002627 caller=QUEST2 target=70168717 DIST                 argc=4 site=70166E1C
gcalls seq=002633 caller=QUEST2 target=70168717 DIST                 argc=4 site=70166E1C
gcalls seq=002637 caller=QUEST2 target=70168717 DIST                 argc=4 site=70166E1C
gcalls seq=002644 caller=QUEST2 target=70168717 DIST                 argc=4 site=70166E1C
gcalls seq=002648 caller=QUEST2 target=70168717 DIST                 argc=4 site=70166E1C
gcalls seq=002652 caller=QUEST2 target=70168717 DIST                 argc=4 site=70166E1C
gcalls seq=002659 caller=QUEST2 target=70168717 DIST                 argc=4 site=70166E1C
gcalls seq=002663 caller=QUEST2 target=70168717 DIST                 argc=4 site=70166E1C
gcalls seq=002667 caller=QUEST2 target=70168717 DIST                 argc=4 site=70166E1C
gcalls seq=002674 caller=QUEST2 target=70168717 DIST                 argc=4 site=70166E1C
gcalls seq=002678 caller=QUEST2 target=70168717 DIST                 argc=4 site=70166E1C
gcalls seq=002682 caller=QUEST2 target=70168717 DIST                 argc=4 site=70166E1C
gcalls seq=002689 caller=QUEST2 target=70168717 DIST                 argc=4 site=70166E1C
gcalls seq=002693 caller=QUEST2 target=70168717 DIST                 argc=4 site=70166E1C
gcalls seq=002697 caller=QUEST2 target=70168717 DIST                 argc=4 site=70166E1C
gcalls seq=002703 caller=QUEST2 target=70168717 DIST                 argc=4 site=70166E1C
gcalls seq=002707 caller=QUEST2 target=70168717 DIST                 argc=4 site=70166E1C
gcalls seq=002712 caller=QUEST2 target=70168717 DIST                 argc=4 site=70166E1C
gcalls seq=002719 caller=QUEST2 target=70168717 DIST                 argc=4 site=70166E1C
gcalls seq=002723 caller=QUEST2 target=70168717 DIST                 argc=4 site=70166E1C
gcalls seq=002727 caller=QUEST2 target=70168717 DIST                 argc=4 site=70166E1C
gcalls seq=002733 caller=QUEST2 target=70168717 DIST                 argc=4 site=70166E1C
gcalls seq=002737 caller=QUEST2 target=70168717 DIST                 argc=4 site=70166E1C
gcalls seq=002742 caller=QUEST2 target=70168717 DIST                 argc=4 site=70166E1C
gcalls seq=002749 caller=QUEST2 target=70168717 DIST                 argc=4 site=70166E1C
gcalls seq=002753 caller=QUEST2 target=70168717 DIST                 argc=4 site=70166E1C
gcalls seq=002757 caller=QUEST2 target=70168717 DIST                 argc=4 site=70166E1C
gcalls seq=002763 caller=QUEST2 target=70168717 DIST                 argc=4 site=70166E1C
gcalls seq=002767 caller=QUEST2 target=70168717 DIST                 argc=4 site=70166E1C
gcalls seq=002772 caller=QUEST2 target=70168717 DIST                 argc=4 site=70166E1C
gcalls seq=002779 caller=QUEST2 target=70168717 DIST                 argc=4 site=70166E1C
gcalls seq=002783 caller=QUEST2 target=70168717 DIST                 argc=4 site=70166E1C
gcalls seq=002787 caller=QUEST2 target=70168717 DIST                 argc=4 site=70166E1C
gcalls seq=002793 caller=QUEST2 target=70168717 DIST                 argc=4 site=70166E1C
gcalls seq=002797 caller=QUEST2 target=70168717 DIST                 argc=4 site=70166E1C
gcalls seq=002802 caller=QUEST2 target=70168717 DIST                 argc=4 site=70166E1C
gcalls seq=002809 caller=QUEST2 target=70168717 DIST                 argc=4 site=70166E1C
gcalls seq=002813 caller=QUEST2 target=70168717 DIST                 argc=4 site=70166E1C
gcalls seq=002817 caller=QUEST2 target=70168717 DIST                 argc=4 site=70166E1C
gcalls seq=002823 caller=QUEST2 target=70168717 DIST                 argc=4 site=70166E1C
gcalls seq=002827 caller=QUEST2 target=70168717 DIST                 argc=4 site=70166E1C
gcalls seq=002832 caller=QUEST2 target=70168717 DIST                 argc=4 site=70166E1C
gcalls seq=002839 caller=QUEST2 target=70168717 DIST                 argc=4 site=70166E1C
gcalls seq=002843 caller=QUEST2 target=70168717 DIST                 argc=4 site=70166E1C
gcalls seq=002847 caller=QUEST2 target=70168717 DIST                 argc=4 site=70166E1C
gcalls seq=002859 caller=QUEST2 target=7017CD71 TERRITORY            argc=6 site=701670EE
gcalls seq=002978 caller=QUEST2 target=701674B5 DISPLAY_INVENTORY    argc=1 site=7016BD33
gcalls seq=003177 caller=QUEST2 target=7017C877 TERRAIN              argc=9 site=7015C518
gcalls seq=003178 caller=QUEST2 target=7017821F START_TURN           argc=0 site=7015C5DC
gcalls seq=003188 caller=QUEST2 target=7016AA35 GET_INPUT            argc=1 site=7017826C
gcalls seq=003211 caller=QUEST2 target=7016AA35 GET_INPUT            argc=1 site=7017826C
gcalls seq=003221 caller=QUEST2 target=70175CBF OWNS                 argc=2 site=70178537
gcalls seq=003224 caller=QUEST2 target=7017A695 STORMS_AT_SEA        argc=1 site=70178808
gcalls seq=003227 caller=QUEST2 target=7016FC67 MOVE_FAMILIAR        argc=1 site=7017880F
gcalls seq=003228 caller=QUEST2 target=70177BED SIGNAL_TURN          argc=0 site=7017883D
gcalls seq=003237 caller=QUEST2 target=70169B0F LOCK_FILE            argc=2 site=70177F0B
gcalls seq=003253 caller=QUEST2 target=70176797 REGEN_SPELLS         argc=0 site=70178865
gcalls seq=003255 caller=QUEST2 target=70166AF9 DISPLAY_SCREEN       argc=1 site=701788CE
gcalls seq=003259 caller=QUEST2 target=70168717 DIST                 argc=4 site=70166B86
gcalls seq=003263 caller=QUEST2 target=70168717 DIST                 argc=4 site=70166B86
gcalls seq=003267 caller=QUEST2 target=70168717 DIST                 argc=4 site=70166B86
gcalls seq=003274 caller=QUEST2 target=70168717 DIST                 argc=4 site=70166E1C
gcalls seq=003278 caller=QUEST2 target=70168717 DIST                 argc=4 site=70166E1C
gcalls seq=003282 caller=QUEST2 target=70168717 DIST                 argc=4 site=70166E1C
gcalls seq=003289 caller=QUEST2 target=70168717 DIST                 argc=4 site=70166E1C
gcalls seq=003293 caller=QUEST2 target=70168717 DIST                 argc=4 site=70166E1C
gcalls seq=003297 caller=QUEST2 target=70168717 DIST                 argc=4 site=70166E1C
gcalls seq=003303 caller=QUEST2 target=70168717 DIST                 argc=4 site=70166E1C
gcalls seq=003307 caller=QUEST2 target=70168717 DIST                 argc=4 site=70166E1C
gcalls seq=003312 caller=QUEST2 target=70168717 DIST                 argc=4 site=70166E1C
gcalls seq=003319 caller=QUEST2 target=70168717 DIST                 argc=4 site=70166E1C
gcalls seq=003323 caller=QUEST2 target=70168717 DIST                 argc=4 site=70166E1C
gcalls seq=003327 caller=QUEST2 target=70168717 DIST                 argc=4 site=70166E1C
gcalls seq=003334 caller=QUEST2 target=70168717 DIST                 argc=4 site=70166E1C
gcalls seq=003338 caller=QUEST2 target=70168717 DIST                 argc=4 site=70166E1C
gcalls seq=003342 caller=QUEST2 target=70168717 DIST                 argc=4 site=70166E1C
gcalls seq=003347 caller=QUEST2 target=70168717 DIST                 argc=4 site=70166E1C
gcalls seq=003353 caller=QUEST2 target=70168717 DIST                 argc=4 site=70166E1C
gcalls seq=003357 caller=QUEST2 target=70168717 DIST                 argc=4 site=70166E1C
gcalls seq=003364 caller=QUEST2 target=70168717 DIST                 argc=4 site=70166E1C
gcalls seq=003368 caller=QUEST2 target=70168717 DIST                 argc=4 site=70166E1C
gcalls seq=003372 caller=QUEST2 target=70168717 DIST                 argc=4 site=70166E1C
gcalls seq=003378 caller=QUEST2 target=70168717 DIST                 argc=4 site=70166E1C
gcalls seq=003382 caller=QUEST2 target=70168717 DIST                 argc=4 site=70166E1C
gcalls seq=003387 caller=QUEST2 target=70168717 DIST                 argc=4 site=70166E1C
gcalls seq=003394 caller=QUEST2 target=70168717 DIST                 argc=4 site=70166E1C
gcalls seq=003398 caller=QUEST2 target=70168717 DIST                 argc=4 site=70166E1C
gcalls seq=003402 caller=QUEST2 target=70168717 DIST                 argc=4 site=70166E1C
gcalls seq=003409 caller=QUEST2 target=70168717 DIST                 argc=4 site=70166E1C
gcalls seq=003413 caller=QUEST2 target=70168717 DIST                 argc=4 site=70166E1C
gcalls seq=003417 caller=QUEST2 target=70168717 DIST                 argc=4 site=70166E1C
gcalls seq=003422 caller=QUEST2 target=70168717 DIST                 argc=4 site=70166E1C
gcalls seq=003428 caller=QUEST2 target=70168717 DIST                 argc=4 site=70166E1C
gcalls seq=003432 caller=QUEST2 target=70168717 DIST                 argc=4 site=70166E1C
gcalls seq=003439 caller=QUEST2 target=70168717 DIST                 argc=4 site=70166E1C
gcalls seq=003443 caller=QUEST2 target=70168717 DIST                 argc=4 site=70166E1C
gcalls seq=003447 caller=QUEST2 target=70168717 DIST                 argc=4 site=70166E1C
gcalls seq=003452 caller=QUEST2 target=70168717 DIST                 argc=4 site=70166E1C
gcalls seq=003458 caller=QUEST2 target=70168717 DIST                 argc=4 site=70166E1C
gcalls seq=003462 caller=QUEST2 target=70168717 DIST                 argc=4 site=70166E1C
gcalls seq=003469 caller=QUEST2 target=70168717 DIST                 argc=4 site=70166E1C
gcalls seq=003473 caller=QUEST2 target=70168717 DIST                 argc=4 site=70166E1C
gcalls seq=003477 caller=QUEST2 target=70168717 DIST                 argc=4 site=70166E1C
gcalls seq=003483 caller=QUEST2 target=70168717 DIST                 argc=4 site=70166E1C
gcalls seq=003487 caller=QUEST2 target=70168717 DIST                 argc=4 site=70166E1C
gcalls seq=003492 caller=QUEST2 target=70168717 DIST                 argc=4 site=70166E1C
gcalls seq=003499 caller=QUEST2 target=70168717 DIST                 argc=4 site=70166E1C
gcalls seq=003503 caller=QUEST2 target=70168717 DIST                 argc=4 site=70166E1C
gcalls seq=003507 caller=QUEST2 target=70168717 DIST                 argc=4 site=70166E1C
gcalls seq=003514 caller=QUEST2 target=70168717 DIST                 argc=4 site=70166E1C
gcalls seq=003518 caller=QUEST2 target=70168717 DIST                 argc=4 site=70166E1C
gcalls seq=003522 caller=QUEST2 target=70168717 DIST                 argc=4 site=70166E1C
gcalls seq=003527 caller=QUEST2 target=70168717 DIST                 argc=4 site=70166E1C
gcalls seq=003533 caller=QUEST2 target=70168717 DIST                 argc=4 site=70166E1C
gcalls seq=003537 caller=QUEST2 target=70168717 DIST                 argc=4 site=70166E1C
gcalls seq=003544 caller=QUEST2 target=70168717 DIST                 argc=4 site=70166E1C
gcalls seq=003548 caller=QUEST2 target=70168717 DIST                 argc=4 site=70166E1C
gcalls seq=003552 caller=QUEST2 target=70168717 DIST                 argc=4 site=70166E1C
gcalls seq=003559 caller=QUEST2 target=70168717 DIST                 argc=4 site=70166E1C
gcalls seq=003563 caller=QUEST2 target=70168717 DIST                 argc=4 site=70166E1C
gcalls seq=003567 caller=QUEST2 target=70168717 DIST                 argc=4 site=70166E1C
gcalls seq=003574 caller=QUEST2 target=70168717 DIST                 argc=4 site=70166E1C
gcalls seq=003578 caller=QUEST2 target=70168717 DIST                 argc=4 site=70166E1C
gcalls seq=003582 caller=QUEST2 target=70168717 DIST                 argc=4 site=70166E1C
gcalls seq=003587 caller=QUEST2 target=70168717 DIST                 argc=4 site=70166E1C
gcalls seq=003593 caller=QUEST2 target=70168717 DIST                 argc=4 site=70166E1C
gcalls seq=003597 caller=QUEST2 target=70168717 DIST                 argc=4 site=70166E1C
gcalls seq=003604 caller=QUEST2 target=70168717 DIST                 argc=4 site=70166E1C
gcalls seq=003608 caller=QUEST2 target=70168717 DIST                 argc=4 site=70166E1C
gcalls seq=003612 caller=QUEST2 target=70168717 DIST                 argc=4 site=70166E1C
gcalls seq=003618 caller=QUEST2 target=70168717 DIST                 argc=4 site=70166E1C
gcalls seq=003622 caller=QUEST2 target=70168717 DIST                 argc=4 site=70166E1C
gcalls seq=003627 caller=QUEST2 target=70168717 DIST                 argc=4 site=70166E1C
gcalls seq=003634 caller=QUEST2 target=70168717 DIST                 argc=4 site=70166E1C
gcalls seq=003638 caller=QUEST2 target=70168717 DIST                 argc=4 site=70166E1C
gcalls seq=003642 caller=QUEST2 target=70168717 DIST                 argc=4 site=70166E1C
gcalls seq=003649 caller=QUEST2 target=70168717 DIST                 argc=4 site=70166E1C
gcalls seq=003653 caller=QUEST2 target=70168717 DIST                 argc=4 site=70166E1C
gcalls seq=003657 caller=QUEST2 target=70168717 DIST                 argc=4 site=70166E1C
gcalls seq=003662 caller=QUEST2 target=70168717 DIST                 argc=4 site=70166E1C
gcalls seq=003668 caller=QUEST2 target=70168717 DIST                 argc=4 site=70166E1C
gcalls seq=003672 caller=QUEST2 target=70168717 DIST                 argc=4 site=70166E1C
gcalls seq=003679 caller=QUEST2 target=70168717 DIST                 argc=4 site=70166E1C
gcalls seq=003683 caller=QUEST2 target=70168717 DIST                 argc=4 site=70166E1C
gcalls seq=003687 caller=QUEST2 target=70168717 DIST                 argc=4 site=70166E1C
gcalls seq=003693 caller=QUEST2 target=70168717 DIST                 argc=4 site=70166E1C
gcalls seq=003697 caller=QUEST2 target=70168717 DIST                 argc=4 site=70166E1C
gcalls seq=003702 caller=QUEST2 target=70168717 DIST                 argc=4 site=70166E1C
gcalls seq=003709 caller=QUEST2 target=70168717 DIST                 argc=4 site=70166E1C
gcalls seq=003713 caller=QUEST2 target=70168717 DIST                 argc=4 site=70166E1C
gcalls seq=003717 caller=QUEST2 target=70168717 DIST                 argc=4 site=70166E1C
gcalls seq=003722 caller=QUEST2 target=70168717 DIST                 argc=4 site=70166E1C
gcalls seq=003728 caller=QUEST2 target=70168717 DIST                 argc=4 site=70166E1C
gcalls seq=003732 caller=QUEST2 target=70168717 DIST                 argc=4 site=70166E1C
gcalls seq=003739 caller=QUEST2 target=70168717 DIST                 argc=4 site=70166E1C
gcalls seq=003743 caller=QUEST2 target=70168717 DIST                 argc=4 site=70166E1C
gcalls seq=003747 caller=QUEST2 target=70168717 DIST                 argc=4 site=70166E1C
gcalls seq=003753 caller=QUEST2 target=70168717 DIST                 argc=4 site=70166E1C
gcalls seq=003757 caller=QUEST2 target=70168717 DIST                 argc=4 site=70166E1C
gcalls seq=003762 caller=QUEST2 target=70168717 DIST                 argc=4 site=70166E1C
gcalls seq=003769 caller=QUEST2 target=70168717 DIST                 argc=4 site=70166E1C
gcalls seq=003773 caller=QUEST2 target=70168717 DIST                 argc=4 site=70166E1C
gcalls seq=003777 caller=QUEST2 target=70168717 DIST                 argc=4 site=70166E1C
gcalls seq=003783 caller=QUEST2 target=70168717 DIST                 argc=4 site=70166E1C
gcalls seq=003787 caller=QUEST2 target=70168717 DIST                 argc=4 site=70166E1C
gcalls seq=003792 caller=QUEST2 target=70168717 DIST                 argc=4 site=70166E1C
gcalls seq=003799 caller=QUEST2 target=70168717 DIST                 argc=4 site=70166E1C
gcalls seq=003803 caller=QUEST2 target=70168717 DIST                 argc=4 site=70166E1C
gcalls seq=003807 caller=QUEST2 target=70168717 DIST                 argc=4 site=70166E1C
gcalls seq=003814 caller=QUEST2 target=70168717 DIST                 argc=4 site=70166E1C
gcalls seq=003818 caller=QUEST2 target=70168717 DIST                 argc=4 site=70166E1C
gcalls seq=003822 caller=QUEST2 target=70168717 DIST                 argc=4 site=70166E1C
gcalls seq=003827 caller=QUEST2 target=70168717 DIST                 argc=4 site=70166E1C
gcalls seq=003833 caller=QUEST2 target=70168717 DIST                 argc=4 site=70166E1C
gcalls seq=003837 caller=QUEST2 target=70168717 DIST                 argc=4 site=70166E1C
gcalls seq=003844 caller=QUEST2 target=70168717 DIST                 argc=4 site=70166E1C
gcalls seq=003848 caller=QUEST2 target=70168717 DIST                 argc=4 site=70166E1C
gcalls seq=003852 caller=QUEST2 target=70168717 DIST                 argc=4 site=70166E1C
gcalls seq=003858 caller=QUEST2 target=70168717 DIST                 argc=4 site=70166E1C
gcalls seq=003862 caller=QUEST2 target=70168717 DIST                 argc=4 site=70166E1C
gcalls seq=003867 caller=QUEST2 target=70168717 DIST                 argc=4 site=70166E1C
gcalls seq=003874 caller=QUEST2 target=70168717 DIST                 argc=4 site=70166E1C
gcalls seq=003878 caller=QUEST2 target=70168717 DIST                 argc=4 site=70166E1C
gcalls seq=003882 caller=QUEST2 target=70168717 DIST                 argc=4 site=70166E1C
gcalls seq=003888 caller=QUEST2 target=70168717 DIST                 argc=4 site=70166E1C
gcalls seq=003892 caller=QUEST2 target=70168717 DIST                 argc=4 site=70166E1C
gcalls seq=003897 caller=QUEST2 target=70168717 DIST                 argc=4 site=70166E1C
gcalls seq=003904 caller=QUEST2 target=70168717 DIST                 argc=4 site=70166E1C
gcalls seq=003908 caller=QUEST2 target=70168717 DIST                 argc=4 site=70166E1C
gcalls seq=003912 caller=QUEST2 target=70168717 DIST                 argc=4 site=70166E1C
gcalls seq=003919 caller=QUEST2 target=70168717 DIST                 argc=4 site=70166E1C
gcalls seq=003923 caller=QUEST2 target=70168717 DIST                 argc=4 site=70166E1C
gcalls seq=003927 caller=QUEST2 target=70168717 DIST                 argc=4 site=70166E1C
gcalls seq=003932 caller=QUEST2 target=70168717 DIST                 argc=4 site=70166E1C
gcalls seq=003938 caller=QUEST2 target=70168717 DIST                 argc=4 site=70166E1C
gcalls seq=003942 caller=QUEST2 target=70168717 DIST                 argc=4 site=70166E1C
gcalls seq=003949 caller=QUEST2 target=70168717 DIST                 argc=4 site=70166E1C
gcalls seq=003953 caller=QUEST2 target=70168717 DIST                 argc=4 site=70166E1C
gcalls seq=003957 caller=QUEST2 target=70168717 DIST                 argc=4 site=70166E1C
gcalls seq=003963 caller=QUEST2 target=70168717 DIST                 argc=4 site=70166E1C
gcalls seq=003967 caller=QUEST2 target=70168717 DIST                 argc=4 site=70166E1C
gcalls seq=003972 caller=QUEST2 target=70168717 DIST                 argc=4 site=70166E1C
gcalls seq=003979 caller=QUEST2 target=70168717 DIST                 argc=4 site=70166E1C
gcalls seq=003983 caller=QUEST2 target=70168717 DIST                 argc=4 site=70166E1C
gcalls seq=003987 caller=QUEST2 target=70168717 DIST                 argc=4 site=70166E1C
gcalls seq=003993 caller=QUEST2 target=70168717 DIST                 argc=4 site=70166E1C
gcalls seq=003997 caller=QUEST2 target=70168717 DIST                 argc=4 site=70166E1C
gcalls seq=004002 caller=QUEST2 target=70168717 DIST                 argc=4 site=70166E1C
gcalls seq=004009 caller=QUEST2 target=70168717 DIST                 argc=4 site=70166E1C
gcalls seq=004013 caller=QUEST2 target=70168717 DIST                 argc=4 site=70166E1C
gcalls seq=004017 caller=QUEST2 target=70168717 DIST                 argc=4 site=70166E1C
gcalls seq=004023 caller=QUEST2 target=70168717 DIST                 argc=4 site=70166E1C
gcalls seq=004027 caller=QUEST2 target=70168717 DIST                 argc=4 site=70166E1C
gcalls seq=004032 caller=QUEST2 target=70168717 DIST                 argc=4 site=70166E1C
gcalls seq=004039 caller=QUEST2 target=70168717 DIST                 argc=4 site=70166E1C
gcalls seq=004043 caller=QUEST2 target=70168717 DIST                 argc=4 site=70166E1C
gcalls seq=004047 caller=QUEST2 target=70168717 DIST                 argc=4 site=70166E1C
gcalls seq=004052 caller=QUEST2 target=70168717 DIST                 argc=4 site=70166E1C
gcalls seq=004058 caller=QUEST2 target=70168717 DIST                 argc=4 site=70166E1C
gcalls seq=004062 caller=QUEST2 target=70168717 DIST                 argc=4 site=70166E1C
gcalls seq=004069 caller=QUEST2 target=70168717 DIST                 argc=4 site=70166E1C
gcalls seq=004073 caller=QUEST2 target=70168717 DIST                 argc=4 site=70166E1C
gcalls seq=004077 caller=QUEST2 target=70168717 DIST                 argc=4 site=70166E1C
gcalls seq=004082 caller=QUEST2 target=70168717 DIST                 argc=4 site=70166E1C
gcalls seq=004088 caller=QUEST2 target=70168717 DIST                 argc=4 site=70166E1C
gcalls seq=004092 caller=QUEST2 target=70168717 DIST                 argc=4 site=70166E1C
gcalls seq=004099 caller=QUEST2 target=70168717 DIST                 argc=4 site=70166E1C
gcalls seq=004103 caller=QUEST2 target=70168717 DIST                 argc=4 site=70166E1C
gcalls seq=004107 caller=QUEST2 target=70168717 DIST                 argc=4 site=70166E1C
gcalls seq=004112 caller=QUEST2 target=70168717 DIST                 argc=4 site=70166E1C
gcalls seq=004118 caller=QUEST2 target=70168717 DIST                 argc=4 site=70166E1C
gcalls seq=004122 caller=QUEST2 target=70168717 DIST                 argc=4 site=70166E1C
gcalls seq=004129 caller=QUEST2 target=70168717 DIST                 argc=4 site=70166E1C
gcalls seq=004133 caller=QUEST2 target=70168717 DIST                 argc=4 site=70166E1C
gcalls seq=004137 caller=QUEST2 target=70168717 DIST                 argc=4 site=70166E1C
gcalls seq=004144 caller=QUEST2 target=70168717 DIST                 argc=4 site=70166E1C
gcalls seq=004148 caller=QUEST2 target=70168717 DIST                 argc=4 site=70166E1C
gcalls seq=004152 caller=QUEST2 target=70168717 DIST                 argc=4 site=70166E1C
gcalls seq=004157 caller=QUEST2 target=70168717 DIST                 argc=4 site=70166E1C
gcalls seq=004163 caller=QUEST2 target=70168717 DIST                 argc=4 site=70166E1C
gcalls seq=004167 caller=QUEST2 target=70168717 DIST                 argc=4 site=70166E1C
gcalls seq=004174 caller=QUEST2 target=70168717 DIST                 argc=4 site=70166E1C
gcalls seq=004178 caller=QUEST2 target=70168717 DIST                 argc=4 site=70166E1C
gcalls seq=004182 caller=QUEST2 target=70168717 DIST                 argc=4 site=70166E1C
gcalls seq=004189 caller=QUEST2 target=70168717 DIST                 argc=4 site=70166E1C
gcalls seq=004193 caller=QUEST2 target=70168717 DIST                 argc=4 site=70166E1C
gcalls seq=004197 caller=QUEST2 target=70168717 DIST                 argc=4 site=70166E1C
gcalls seq=004203 caller=QUEST2 target=70168717 DIST                 argc=4 site=70166E1C
gcalls seq=004207 caller=QUEST2 target=70168717 DIST                 argc=4 site=70166E1C
gcalls seq=004212 caller=QUEST2 target=70168717 DIST                 argc=4 site=70166E1C
gcalls seq=004219 caller=QUEST2 target=70168717 DIST                 argc=4 site=70166E1C
gcalls seq=004223 caller=QUEST2 target=70168717 DIST                 argc=4 site=70166E1C
gcalls seq=004227 caller=QUEST2 target=70168717 DIST                 argc=4 site=70166E1C
gcalls seq=004233 caller=QUEST2 target=70168717 DIST                 argc=4 site=70166E1C
gcalls seq=004237 caller=QUEST2 target=70168717 DIST                 argc=4 site=70166E1C
gcalls seq=004242 caller=QUEST2 target=70168717 DIST                 argc=4 site=70166E1C
gcalls seq=004249 caller=QUEST2 target=70168717 DIST                 argc=4 site=70166E1C
gcalls seq=004253 caller=QUEST2 target=70168717 DIST                 argc=4 site=70166E1C
gcalls seq=004257 caller=QUEST2 target=70168717 DIST                 argc=4 site=70166E1C
gcalls seq=004264 caller=QUEST2 target=70168717 DIST                 argc=4 site=70166E1C
gcalls seq=004268 caller=QUEST2 target=70168717 DIST                 argc=4 site=70166E1C
gcalls seq=004272 caller=QUEST2 target=70168717 DIST                 argc=4 site=70166E1C
gcalls seq=004277 caller=QUEST2 target=70168717 DIST                 argc=4 site=70166E1C
gcalls seq=004283 caller=QUEST2 target=70168717 DIST                 argc=4 site=70166E1C
gcalls seq=004287 caller=QUEST2 target=70168717 DIST                 argc=4 site=70166E1C
gcalls seq=004294 caller=QUEST2 target=70168717 DIST                 argc=4 site=70166E1C
gcalls seq=004298 caller=QUEST2 target=70168717 DIST                 argc=4 site=70166E1C
gcalls seq=004302 caller=QUEST2 target=70168717 DIST                 argc=4 site=70166E1C
gcalls seq=004308 caller=QUEST2 target=70168717 DIST                 argc=4 site=70166E1C
gcalls seq=004312 caller=QUEST2 target=70168717 DIST                 argc=4 site=70166E1C
gcalls seq=004317 caller=QUEST2 target=70168717 DIST                 argc=4 site=70166E1C
gcalls seq=004324 caller=QUEST2 target=70168717 DIST                 argc=4 site=70166E1C
gcalls seq=004328 caller=QUEST2 target=70168717 DIST                 argc=4 site=70166E1C
gcalls seq=004332 caller=QUEST2 target=70168717 DIST                 argc=4 site=70166E1C
gcalls seq=004339 caller=QUEST2 target=70168717 DIST                 argc=4 site=70166E1C
gcalls seq=004343 caller=QUEST2 target=70168717 DIST                 argc=4 site=70166E1C
gcalls seq=004347 caller=QUEST2 target=70168717 DIST                 argc=4 site=70166E1C
gcalls seq=004354 caller=QUEST2 target=70168717 DIST                 argc=4 site=70166E1C
gcalls seq=004358 caller=QUEST2 target=70168717 DIST                 argc=4 site=70166E1C
gcalls seq=004362 caller=QUEST2 target=70168717 DIST                 argc=4 site=70166E1C
gcalls seq=004368 caller=QUEST2 target=70168717 DIST                 argc=4 site=70166E1C
gcalls seq=004372 caller=QUEST2 target=70168717 DIST                 argc=4 site=70166E1C
gcalls seq=004377 caller=QUEST2 target=70168717 DIST                 argc=4 site=70166E1C
gcalls seq=004384 caller=QUEST2 target=70168717 DIST                 argc=4 site=70166E1C
gcalls seq=004388 caller=QUEST2 target=70168717 DIST                 argc=4 site=70166E1C
gcalls seq=004392 caller=QUEST2 target=70168717 DIST                 argc=4 site=70166E1C
gcalls seq=004399 caller=QUEST2 target=70168717 DIST                 argc=4 site=70166E1C
gcalls seq=004403 caller=QUEST2 target=70168717 DIST                 argc=4 site=70166E1C
gcalls seq=004407 caller=QUEST2 target=70168717 DIST                 argc=4 site=70166E1C
gcalls seq=004413 caller=QUEST2 target=70168717 DIST                 argc=4 site=70166E1C
gcalls seq=004417 caller=QUEST2 target=70168717 DIST                 argc=4 site=70166E1C
gcalls seq=004422 caller=QUEST2 target=70168717 DIST                 argc=4 site=70166E1C
gcalls seq=004429 caller=QUEST2 target=70168717 DIST                 argc=4 site=70166E1C
gcalls seq=004433 caller=QUEST2 target=70168717 DIST                 argc=4 site=70166E1C
gcalls seq=004437 caller=QUEST2 target=70168717 DIST                 argc=4 site=70166E1C
gcalls seq=004443 caller=QUEST2 target=70168717 DIST                 argc=4 site=70166E1C
gcalls seq=004447 caller=QUEST2 target=70168717 DIST                 argc=4 site=70166E1C
gcalls seq=004452 caller=QUEST2 target=70168717 DIST                 argc=4 site=70166E1C
gcalls seq=004459 caller=QUEST2 target=70168717 DIST                 argc=4 site=70166E1C
gcalls seq=004463 caller=QUEST2 target=70168717 DIST                 argc=4 site=70166E1C
gcalls seq=004467 caller=QUEST2 target=70168717 DIST                 argc=4 site=70166E1C
gcalls seq=004474 caller=QUEST2 target=70168717 DIST                 argc=4 site=70166E1C
gcalls seq=004478 caller=QUEST2 target=70168717 DIST                 argc=4 site=70166E1C
gcalls seq=004482 caller=QUEST2 target=70168717 DIST                 argc=4 site=70166E1C
gcalls seq=004487 caller=QUEST2 target=70168717 DIST                 argc=4 site=70166E1C
gcalls seq=004493 caller=QUEST2 target=70168717 DIST                 argc=4 site=70166E1C
gcalls seq=004497 caller=QUEST2 target=70168717 DIST                 argc=4 site=70166E1C
gcalls seq=004504 caller=QUEST2 target=70168717 DIST                 argc=4 site=70166E1C
gcalls seq=004508 caller=QUEST2 target=70168717 DIST                 argc=4 site=70166E1C
gcalls seq=004512 caller=QUEST2 target=70168717 DIST                 argc=4 site=70166E1C
gcalls seq=004518 caller=QUEST2 target=70168717 DIST                 argc=4 site=70166E1C
gcalls seq=004522 caller=QUEST2 target=70168717 DIST                 argc=4 site=70166E1C
gcalls seq=004527 caller=QUEST2 target=70168717 DIST                 argc=4 site=70166E1C
gcalls seq=004534 caller=QUEST2 target=70168717 DIST                 argc=4 site=70166E1C
gcalls seq=004538 caller=QUEST2 target=70168717 DIST                 argc=4 site=70166E1C
gcalls seq=004542 caller=QUEST2 target=70168717 DIST                 argc=4 site=70166E1C
gcalls seq=004549 caller=QUEST2 target=70168717 DIST                 argc=4 site=70166E1C
gcalls seq=004553 caller=QUEST2 target=70168717 DIST                 argc=4 site=70166E1C
gcalls seq=004557 caller=QUEST2 target=70168717 DIST                 argc=4 site=70166E1C
gcalls seq=004562 caller=QUEST2 target=70168717 DIST                 argc=4 site=70166E1C
gcalls seq=004568 caller=QUEST2 target=70168717 DIST                 argc=4 site=70166E1C
gcalls seq=004572 caller=QUEST2 target=70168717 DIST                 argc=4 site=70166E1C
gcalls seq=004579 caller=QUEST2 target=70168717 DIST                 argc=4 site=70166E1C
gcalls seq=004583 caller=QUEST2 target=70168717 DIST                 argc=4 site=70166E1C
gcalls seq=004587 caller=QUEST2 target=70168717 DIST                 argc=4 site=70166E1C
gcalls seq=004592 caller=QUEST2 target=70168717 DIST                 argc=4 site=70166E1C
gcalls seq=004598 caller=QUEST2 target=70168717 DIST                 argc=4 site=70166E1C
gcalls seq=004602 caller=QUEST2 target=70168717 DIST                 argc=4 site=70166E1C
gcalls seq=004609 caller=QUEST2 target=70168717 DIST                 argc=4 site=70166E1C
gcalls seq=004613 caller=QUEST2 target=70168717 DIST                 argc=4 site=70166E1C
gcalls seq=004617 caller=QUEST2 target=70168717 DIST                 argc=4 site=70166E1C
gcalls seq=004623 caller=QUEST2 target=70168717 DIST                 argc=4 site=70166E1C
gcalls seq=004627 caller=QUEST2 target=70168717 DIST                 argc=4 site=70166E1C
gcalls seq=004632 caller=QUEST2 target=70168717 DIST                 argc=4 site=70166E1C
gcalls seq=004639 caller=QUEST2 target=70168717 DIST                 argc=4 site=70166E1C
gcalls seq=004643 caller=QUEST2 target=70168717 DIST                 argc=4 site=70166E1C
gcalls seq=004647 caller=QUEST2 target=70168717 DIST                 argc=4 site=70166E1C
gcalls seq=004654 caller=QUEST2 target=70168717 DIST                 argc=4 site=70166E1C
gcalls seq=004658 caller=QUEST2 target=70168717 DIST                 argc=4 site=70166E1C
gcalls seq=004662 caller=QUEST2 target=70168717 DIST                 argc=4 site=70166E1C
gcalls seq=004667 caller=QUEST2 target=70168717 DIST                 argc=4 site=70166E1C
gcalls seq=004673 caller=QUEST2 target=70168717 DIST                 argc=4 site=70166E1C
gcalls seq=004677 caller=QUEST2 target=70168717 DIST                 argc=4 site=70166E1C
gcalls seq=004684 caller=QUEST2 target=70168717 DIST                 argc=4 site=70166E1C
gcalls seq=004688 caller=QUEST2 target=70168717 DIST                 argc=4 site=70166E1C
gcalls seq=004692 caller=QUEST2 target=70168717 DIST                 argc=4 site=70166E1C
gcalls seq=004699 caller=QUEST2 target=70168717 DIST                 argc=4 site=70166E1C
gcalls seq=004703 caller=QUEST2 target=70168717 DIST                 argc=4 site=70166E1C
gcalls seq=004707 caller=QUEST2 target=70168717 DIST                 argc=4 site=70166E1C
gcalls seq=004712 caller=QUEST2 target=70168717 DIST                 argc=4 site=70166E1C
gcalls seq=004718 caller=QUEST2 target=70168717 DIST                 argc=4 site=70166E1C
gcalls seq=004722 caller=QUEST2 target=70168717 DIST                 argc=4 site=70166E1C
gcalls seq=004729 caller=QUEST2 target=70168717 DIST                 argc=4 site=70166E1C
gcalls seq=004733 caller=QUEST2 target=70168717 DIST                 argc=4 site=70166E1C
gcalls seq=004737 caller=QUEST2 target=70168717 DIST                 argc=4 site=70166E1C
gcalls seq=004743 caller=QUEST2 target=70168717 DIST                 argc=4 site=70166E1C
gcalls seq=004747 caller=QUEST2 target=70168717 DIST                 argc=4 site=70166E1C
gcalls seq=004752 caller=QUEST2 target=70168717 DIST                 argc=4 site=70166E1C
gcalls seq=004757 caller=QUEST2 target=7017CD71 TERRITORY            argc=6 site=701670EE
gcalls seq=004855 caller=QUEST2 target=7017D0ED TOWER_ATTACK         argc=1 site=701788EB
gcalls seq=004866 caller=QUEST2 target=70176C0B REPORT               argc=0 site=701788EF
gcalls seq=004867 caller=QUEST2 target=7017B42F THIEF                argc=1 site=701788F6
gcalls seq=004868 caller=QUEST2 target=70161CBF CATAPULT             argc=1 site=701788FD
gcalls seq=004870 caller=QUEST2 target=70165863 DEFEND               argc=0 site=7017892C
gcalls seq=004872 caller=QUEST2 target=701674B5 DISPLAY_INVENTORY    argc=1 site=701789E0
gcalls seq=004874 caller=QUEST2 target=701674B5 DISPLAY_INVENTORY    argc=1 site=70178BF9
gcalls seq=004883 caller=QUEST2 target=7016AA35 GET_INPUT            argc=1 site=70178C3B
gcalls seq=004913 caller=QUEST2 target=701674B5 DISPLAY_INVENTORY    argc=1 site=70178BF9
gcalls seq=004922 caller=QUEST2 target=7016AA35 GET_INPUT            argc=1 site=70178C3B
gcalls seq=004952 caller=QUEST2 target=7015FA73 AUTO_MOVE            argc=2 site=70178D52
gcalls seq=004962 caller=QUEST2 target=7016AA35 GET_INPUT            argc=1 site=7015FAA2
gcalls seq=004985 caller=QUEST2 target=701766ED READ_IN              argc=0 site=7015FB7A
gcalls seq=005016 caller=QUEST2 target=701674B5 DISPLAY_INVENTORY    argc=1 site=70178BF9
gcalls seq=005025 caller=QUEST2 target=7016AA35 GET_INPUT            argc=1 site=70178C3B
