gcalls seq=000077 caller=QUEST2 target=7015C005 QUEST                argc=0 site=7017EA51
gcalls seq=000144 caller=QUEST2 target=701766ED READ_IN              argc=0 site=7015C05F
gcalls seq=000159 caller=QUEST2 target=70175E9F LOGON                argc=0 site=7015C283
gcalls seq=000195 caller=QUEST2 target=701766ED READ_IN              argc=0 site=70175F6B
gcalls seq=000218 caller=QUEST2 target=701766ED READ_IN              argc=0 site=70175FD3
gcalls seq=000265 caller=QUEST2 target=7016AA35 GET_INPUT            argc=1 site=701760C4
gcalls seq=001004 caller=QUEST2 target=7016DF39 INIT_OBJ_TBL         argc=2 site=7015C2B7
gcalls seq=001005 caller=QUEST2 target=7015C5E1 -                    argc=0 site=7015C337
gcalls seq=001007 caller=QUEST2 target=7016E103 INIT_SCREEN          argc=1 site=7015C38C
gcalls seq=001009 caller=QUEST2 target=701697A1 FAKE_LAND_MASS       argc=1 site=7016E1D2
gcalls seq=001011 caller=QUEST2 target=701699B5 FAKE_OCEAN           argc=1 site=7016E1D8
gcalls seq=001027 caller=QUEST2 target=7016B549 GET_QUEST            argc=0 site=7015C3B5
gcalls seq=001039 caller=QUEST2 target=70165713 C_A_LISTENER         argc=1 site=7017E7C1
gcalls seq=001052 caller=QUEST2 target=7016DE91 HIT_ANY_CHAR         argc=0 site=7016BCA0
gcalls seq=001061 caller=QUEST2 target=7016AA35 GET_INPUT            argc=1 site=7016DEA9
gcalls seq=001077 caller=QUEST2 target=70176A93 REFRESH_SCREEN       argc=0 site=7016BCA4
gcalls seq=001166 caller=QUEST2 target=70166AF9 DISPLAY_SCREEN       argc=1 site=7016BCBE
gcalls seq=001167 caller=QUEST2 target=70168717 DIST                 argc=4 site=70166B86
gcalls seq=001171 caller=QUEST2 target=70168717 DIST                 argc=4 site=70166B86
gcalls seq=001175 caller=QUEST2 target=70168717 DIST                 argc=4 site=70166B86
gcalls seq=001182 caller=QUEST2 target=70168717 DIST                 argc=4 site=70166E1C
gcalls seq=001186 caller=QUEST2 target=70168717 DIST                 argc=4 site=70166E1C
gcalls seq=001190 caller=QUEST2 target=70168717 DIST                 argc=4 site=70166E1C
gcalls seq=001196 caller=QUEST2 target=70168717 DIST                 argc=4 site=70166E1C
gcalls seq=001200 caller=QUEST2 target=70168717 DIST                 argc=4 site=70166E1C
gcalls seq=001205 caller=QUEST2 target=70168717 DIST                 argc=4 site=70166E1C
gcalls seq=001212 caller=QUEST2 target=70168717 DIST                 argc=4 site=70166E1C
gcalls seq=001216 caller=QUEST2 target=70168717 DIST                 argc=4 site=70166E1C
gcalls seq=001220 caller=QUEST2 target=70168717 DIST                 argc=4 site=70166E1C
gcalls seq=001226 caller=QUEST2 target=70168717 DIST                 argc=4 site=70166E1C
gcalls seq=001230 caller=QUEST2 target=70168717 DIST                 argc=4 site=70166E1C
gcalls seq=001235 caller=QUEST2 target=70168717 DIST                 argc=4 site=70166E1C
gcalls seq=001242 caller=QUEST2 target=70168717 DIST                 argc=4 site=70166E1C
gcalls seq=001246 caller=QUEST2 target=70168717 DIST                 argc=4 site=70166E1C
gcalls seq=001250 caller=QUEST2 target=70168717 DIST                 argc=4 site=70166E1C
gcalls seq=001256 caller=QUEST2 target=70168717 DIST                 argc=4 site=70166E1C
gcalls seq=001260 caller=QUEST2 target=70168717 DIST                 argc=4 site=70166E1C
gcalls seq=001265 caller=QUEST2 target=70168717 DIST                 argc=4 site=70166E1C
gcalls seq=001272 caller=QUEST2 target=70168717 DIST                 argc=4 site=70166E1C
gcalls seq=001276 caller=QUEST2 target=70168717 DIST                 argc=4 site=70166E1C
gcalls seq=001280 caller=QUEST2 target=70168717 DIST                 argc=4 site=70166E1C
gcalls seq=001286 caller=QUEST2 target=70168717 DIST                 argc=4 site=70166E1C
gcalls seq=001290 caller=QUEST2 target=70168717 DIST                 argc=4 site=70166E1C
gcalls seq=001295 caller=QUEST2 target=70168717 DIST                 argc=4 site=70166E1C
gcalls seq=001302 caller=QUEST2 target=70168717 DIST                 argc=4 site=70166E1C
gcalls seq=001306 caller=QUEST2 target=70168717 DIST                 argc=4 site=70166E1C
gcalls seq=001310 caller=QUEST2 target=70168717 DIST                 argc=4 site=70166E1C
gcalls seq=001316 caller=QUEST2 target=70168717 DIST                 argc=4 site=70166E1C
gcalls seq=001320 caller=QUEST2 target=70168717 DIST                 argc=4 site=70166E1C
gcalls seq=001325 caller=QUEST2 target=70168717 DIST                 argc=4 site=70166E1C
gcalls seq=001332 caller=QUEST2 target=70168717 DIST                 argc=4 site=70166E1C
gcalls seq=001336 caller=QUEST2 target=70168717 DIST                 argc=4 site=70166E1C
gcalls seq=001340 caller=QUEST2 target=70168717 DIST                 argc=4 site=70166E1C
gcalls seq=001345 caller=QUEST2 target=70168717 DIST                 argc=4 site=70166E1C
gcalls seq=001351 caller=QUEST2 target=70168717 DIST                 argc=4 site=70166E1C
gcalls seq=001355 caller=QUEST2 target=70168717 DIST                 argc=4 site=70166E1C
gcalls seq=001362 caller=QUEST2 target=70168717 DIST                 argc=4 site=70166E1C
gcalls seq=001366 caller=QUEST2 target=70168717 DIST                 argc=4 site=70166E1C
gcalls seq=001370 caller=QUEST2 target=70168717 DIST                 argc=4 site=70166E1C
gcalls seq=001377 caller=QUEST2 target=70168717 DIST                 argc=4 site=70166E1C
gcalls seq=001381 caller=QUEST2 target=70168717 DIST                 argc=4 site=70166E1C
gcalls seq=001385 caller=QUEST2 target=70168717 DIST                 argc=4 site=70166E1C
gcalls seq=001391 caller=QUEST2 target=70168717 DIST                 argc=4 site=70166E1C
gcalls seq=001395 caller=QUEST2 target=70168717 DIST                 argc=4 site=70166E1C
gcalls seq=001400 caller=QUEST2 target=70168717 DIST                 argc=4 site=70166E1C
gcalls seq=001407 caller=QUEST2 target=70168717 DIST                 argc=4 site=70166E1C
gcalls seq=001411 caller=QUEST2 target=70168717 DIST                 argc=4 site=70166E1C
gcalls seq=001415 caller=QUEST2 target=70168717 DIST                 argc=4 site=70166E1C
gcalls seq=001421 caller=QUEST2 target=70168717 DIST                 argc=4 site=70166E1C
gcalls seq=001425 caller=QUEST2 target=70168717 DIST                 argc=4 site=70166E1C
gcalls seq=001430 caller=QUEST2 target=70168717 DIST                 argc=4 site=70166E1C
gcalls seq=001437 caller=QUEST2 target=70168717 DIST                 argc=4 site=70166E1C
gcalls seq=001441 caller=QUEST2 target=70168717 DIST                 argc=4 site=70166E1C
gcalls seq=001445 caller=QUEST2 target=70168717 DIST                 argc=4 site=70166E1C
gcalls seq=001451 caller=QUEST2 target=70168717 DIST                 argc=4 site=70166E1C
gcalls seq=001455 caller=QUEST2 target=70168717 DIST                 argc=4 site=70166E1C
gcalls seq=001460 caller=QUEST2 target=70168717 DIST                 argc=4 site=70166E1C
gcalls seq=001467 caller=QUEST2 target=70168717 DIST                 argc=4 site=70166E1C
gcalls seq=001471 caller=QUEST2 target=70168717 DIST                 argc=4 site=70166E1C
gcalls seq=001475 caller=QUEST2 target=70168717 DIST                 argc=4 site=70166E1C
gcalls seq=001481 caller=QUEST2 target=70168717 DIST                 argc=4 site=70166E1C
gcalls seq=001485 caller=QUEST2 target=70168717 DIST                 argc=4 site=70166E1C
gcalls seq=001490 caller=QUEST2 target=70168717 DIST                 argc=4 site=70166E1C
gcalls seq=001497 caller=QUEST2 target=70168717 DIST                 argc=4 site=70166E1C
gcalls seq=001501 caller=QUEST2 target=70168717 DIST                 argc=4 site=70166E1C
gcalls seq=001505 caller=QUEST2 target=70168717 DIST                 argc=4 site=70166E1C
gcalls seq=001510 caller=QUEST2 target=70168717 DIST                 argc=4 site=70166E1C
gcalls seq=001516 caller=QUEST2 target=70168717 DIST                 argc=4 site=70166E1C
gcalls seq=001520 caller=QUEST2 target=70168717 DIST                 argc=4 site=70166E1C
gcalls seq=001527 caller=QUEST2 target=70168717 DIST                 argc=4 site=70166E1C
gcalls seq=001531 caller=QUEST2 target=70168717 DIST                 argc=4 site=70166E1C
gcalls seq=001535 caller=QUEST2 target=70168717 DIST                 argc=4 site=70166E1C
gcalls seq=001542 caller=QUEST2 target=70168717 DIST                 argc=4 site=70166E1C
gcalls seq=001546 caller=QUEST2 target=70168717 DIST                 argc=4 site=70166E1C
gcalls seq=001550 caller=QUEST2 target=70168717 DIST                 argc=4 site=70166E1C
gcalls seq=001557 caller=QUEST2 target=70168717 DIST                 argc=4 site=70166E1C
gcalls seq=001561 caller=QUEST2 target=70168717 DIST                 argc=4 site=70166E1C
gcalls seq=001565 caller=QUEST2 target=70168717 DIST                 argc=4 site=70166E1C
gcalls seq=001572 caller=QUEST2 target=70168717 DIST                 argc=4 site=70166E1C
gcalls seq=001576 caller=QUEST2 target=70168717 DIST                 argc=4 site=70166E1C
gcalls seq=001580 caller=QUEST2 target=70168717 DIST                 argc=4 site=70166E1C
gcalls seq=001587 caller=QUEST2 target=70168717 DIST                 argc=4 site=70166E1C
gcalls seq=001591 caller=QUEST2 target=70168717 DIST                 argc=4 site=70166E1C
gcalls seq=001595 caller=QUEST2 target=70168717 DIST                 argc=4 site=70166E1C
gcalls seq=001602 caller=QUEST2 target=70168717 DIST                 argc=4 site=70166E1C
gcalls seq=001606 caller=QUEST2 target=70168717 DIST                 argc=4 site=70166E1C
gcalls seq=001610 caller=QUEST2 target=70168717 DIST                 argc=4 site=70166E1C
gcalls seq=001616 caller=QUEST2 target=70168717 DIST                 argc=4 site=70166E1C
gcalls seq=001620 caller=QUEST2 target=70168717 DIST                 argc=4 site=70166E1C
gcalls seq=001625 caller=QUEST2 target=70168717 DIST                 argc=4 site=70166E1C
gcalls seq=001632 caller=QUEST2 target=70168717 DIST                 argc=4 site=70166E1C
gcalls seq=001636 caller=QUEST2 target=70168717 DIST                 argc=4 site=70166E1C
gcalls seq=001640 caller=QUEST2 target=70168717 DIST                 argc=4 site=70166E1C
gcalls seq=001646 caller=QUEST2 target=70168717 DIST                 argc=4 site=70166E1C
gcalls seq=001650 caller=QUEST2 target=70168717 DIST                 argc=4 site=70166E1C
gcalls seq=001655 caller=QUEST2 target=70168717 DIST                 argc=4 site=70166E1C
gcalls seq=001662 caller=QUEST2 target=70168717 DIST                 argc=4 site=70166E1C
gcalls seq=001666 caller=QUEST2 target=70168717 DIST                 argc=4 site=70166E1C
gcalls seq=001670 caller=QUEST2 target=70168717 DIST                 argc=4 site=70166E1C
gcalls seq=001675 caller=QUEST2 target=70168717 DIST                 argc=4 site=70166E1C
gcalls seq=001681 caller=QUEST2 target=70168717 DIST                 argc=4 site=70166E1C
gcalls seq=001685 caller=QUEST2 target=70168717 DIST                 argc=4 site=70166E1C
gcalls seq=001692 caller=QUEST2 target=70168717 DIST                 argc=4 site=70166E1C
gcalls seq=001696 caller=QUEST2 target=70168717 DIST                 argc=4 site=70166E1C
gcalls seq=001700 caller=QUEST2 target=70168717 DIST                 argc=4 site=70166E1C
gcalls seq=001707 caller=QUEST2 target=70168717 DIST                 argc=4 site=70166E1C
gcalls seq=001711 caller=QUEST2 target=70168717 DIST                 argc=4 site=70166E1C
gcalls seq=001715 caller=QUEST2 target=70168717 DIST                 argc=4 site=70166E1C
gcalls seq=001722 caller=QUEST2 target=70168717 DIST                 argc=4 site=70166E1C
gcalls seq=001726 caller=QUEST2 target=70168717 DIST                 argc=4 site=70166E1C
gcalls seq=001730 caller=QUEST2 target=70168717 DIST                 argc=4 site=70166E1C
gcalls seq=001737 caller=QUEST2 target=70168717 DIST                 argc=4 site=70166E1C
gcalls seq=001741 caller=QUEST2 target=70168717 DIST                 argc=4 site=70166E1C
gcalls seq=001745 caller=QUEST2 target=70168717 DIST                 argc=4 site=70166E1C
gcalls seq=001752 caller=QUEST2 target=70168717 DIST                 argc=4 site=70166E1C
gcalls seq=001756 caller=QUEST2 target=70168717 DIST                 argc=4 site=70166E1C
gcalls seq=001760 caller=QUEST2 target=70168717 DIST                 argc=4 site=70166E1C
gcalls seq=001767 caller=QUEST2 target=70168717 DIST                 argc=4 site=70166E1C
gcalls seq=001771 caller=QUEST2 target=70168717 DIST                 argc=4 site=70166E1C
gcalls seq=001775 caller=QUEST2 target=70168717 DIST                 argc=4 site=70166E1C
gcalls seq=001782 caller=QUEST2 target=70168717 DIST                 argc=4 site=70166E1C
gcalls seq=001786 caller=QUEST2 target=70168717 DIST                 argc=4 site=70166E1C
gcalls seq=001790 caller=QUEST2 target=70168717 DIST                 argc=4 site=70166E1C
gcalls seq=001797 caller=QUEST2 target=70168717 DIST                 argc=4 site=70166E1C
gcalls seq=001801 caller=QUEST2 target=70168717 DIST                 argc=4 site=70166E1C
gcalls seq=001805 caller=QUEST2 target=70168717 DIST                 argc=4 site=70166E1C
gcalls seq=001812 caller=QUEST2 target=70168717 DIST                 argc=4 site=70166E1C
gcalls seq=001816 caller=QUEST2 target=70168717 DIST                 argc=4 site=70166E1C
gcalls seq=001820 caller=QUEST2 target=70168717 DIST                 argc=4 site=70166E1C
gcalls seq=001827 caller=QUEST2 target=70168717 DIST                 argc=4 site=70166E1C
gcalls seq=001831 caller=QUEST2 target=70168717 DIST                 argc=4 site=70166E1C
gcalls seq=001835 caller=QUEST2 target=70168717 DIST                 argc=4 site=70166E1C
gcalls seq=001841 caller=QUEST2 target=70168717 DIST                 argc=4 site=70166E1C
gcalls seq=001845 caller=QUEST2 target=70168717 DIST                 argc=4 site=70166E1C
gcalls seq=001850 caller=QUEST2 target=70168717 DIST                 argc=4 site=70166E1C
gcalls seq=001857 caller=QUEST2 target=70168717 DIST                 argc=4 site=70166E1C
gcalls seq=001861 caller=QUEST2 target=70168717 DIST                 argc=4 site=70166E1C
gcalls seq=001865 caller=QUEST2 target=70168717 DIST                 argc=4 site=70166E1C
gcalls seq=001870 caller=QUEST2 target=70168717 DIST                 argc=4 site=70166E1C
gcalls seq=001876 caller=QUEST2 target=70168717 DIST                 argc=4 site=70166E1C
gcalls seq=001880 caller=QUEST2 target=70168717 DIST                 argc=4 site=70166E1C
gcalls seq=001886 caller=QUEST2 target=70168717 DIST                 argc=4 site=70166E1C
gcalls seq=001890 caller=QUEST2 target=70168717 DIST                 argc=4 site=70166E1C
gcalls seq=001895 caller=QUEST2 target=70168717 DIST                 argc=4 site=70166E1C
gcalls seq=001902 caller=QUEST2 target=70168717 DIST                 argc=4 site=70166E1C
gcalls seq=001906 caller=QUEST2 target=70168717 DIST                 argc=4 site=70166E1C
gcalls seq=001910 caller=QUEST2 target=70168717 DIST                 argc=4 site=70166E1C
gcalls seq=001916 caller=QUEST2 target=70168717 DIST                 argc=4 site=70166E1C
gcalls seq=001920 caller=QUEST2 target=70168717 DIST                 argc=4 site=70166E1C
gcalls seq=001925 caller=QUEST2 target=70168717 DIST                 argc=4 site=70166E1C
gcalls seq=001932 caller=QUEST2 target=70168717 DIST                 argc=4 site=70166E1C
gcalls seq=001936 caller=QUEST2 target=70168717 DIST                 argc=4 site=70166E1C
gcalls seq=001940 caller=QUEST2 target=70168717 DIST                 argc=4 site=70166E1C
gcalls seq=001945 caller=QUEST2 target=70168717 DIST                 argc=4 site=70166E1C
gcalls seq=001951 caller=QUEST2 target=70168717 DIST                 argc=4 site=70166E1C
gcalls seq=001955 caller=QUEST2 target=70168717 DIST                 argc=4 site=70166E1C
gcalls seq=001962 caller=QUEST2 target=70168717 DIST                 argc=4 site=70166E1C
gcalls seq=001966 caller=QUEST2 target=70168717 DIST                 argc=4 site=70166E1C
gcalls seq=001970 caller=QUEST2 target=70168717 DIST                 argc=4 site=70166E1C
gcalls seq=001975 caller=QUEST2 target=70168717 DIST                 argc=4 site=70166E1C
gcalls seq=001981 caller=QUEST2 target=70168717 DIST                 argc=4 site=70166E1C
gcalls seq=001985 caller=QUEST2 target=70168717 DIST                 argc=4 site=70166E1C
gcalls seq=001992 caller=QUEST2 target=70168717 DIST                 argc=4 site=70166E1C
gcalls seq=001996 caller=QUEST2 target=70168717 DIST                 argc=4 site=70166E1C
gcalls seq=002000 caller=QUEST2 target=70168717 DIST                 argc=4 site=70166E1C
gcalls seq=002007 caller=QUEST2 target=70168717 DIST                 argc=4 site=70166E1C
gcalls seq=002011 caller=QUEST2 target=70168717 DIST                 argc=4 site=70166E1C
gcalls seq=002015 caller=QUEST2 target=70168717 DIST                 argc=4 site=70166E1C
gcalls seq=002021 caller=QUEST2 target=70168717 DIST                 argc=4 site=70166E1C
gcalls seq=002025 caller=QUEST2 target=70168717 DIST                 argc=4 site=70166E1C
gcalls seq=002030 caller=QUEST2 target=70168717 DIST                 argc=4 site=70166E1C
gcalls seq=002037 caller=QUEST2 target=70168717 DIST                 argc=4 site=70166E1C
gcalls seq=002041 caller=QUEST2 target=70168717 DIST                 argc=4 site=70166E1C
gcalls seq=002045 caller=QUEST2 target=70168717 DIST                 argc=4 site=70166E1C
gcalls seq=002051 caller=QUEST2 target=70168717 DIST                 argc=4 site=70166E1C
gcalls seq=002055 caller=QUEST2 target=70168717 DIST                 argc=4 site=70166E1C
gcalls seq=002060 caller=QUEST2 target=70168717 DIST                 argc=4 site=70166E1C
gcalls seq=002067 caller=QUEST2 target=70168717 DIST                 argc=4 site=70166E1C
gcalls seq=002071 caller=QUEST2 target=70168717 DIST                 argc=4 site=70166E1C
gcalls seq=002075 caller=QUEST2 target=70168717 DIST                 argc=4 site=70166E1C
gcalls seq=002081 caller=QUEST2 target=70168717 DIST                 argc=4 site=70166E1C
gcalls seq=002085 caller=QUEST2 target=70168717 DIST                 argc=4 site=70166E1C
gcalls seq=002090 caller=QUEST2 target=70168717 DIST                 argc=4 site=70166E1C
gcalls seq=002097 caller=QUEST2 target=70168717 DIST                 argc=4 site=70166E1C
gcalls seq=002101 caller=QUEST2 target=70168717 DIST                 argc=4 site=70166E1C
gcalls seq=002105 caller=QUEST2 target=70168717 DIST                 argc=4 site=70166E1C
gcalls seq=002111 caller=QUEST2 target=70168717 DIST                 argc=4 site=70166E1C
gcalls seq=002115 caller=QUEST2 target=70168717 DIST                 argc=4 site=70166E1C
gcalls seq=002120 caller=QUEST2 target=70168717 DIST                 argc=4 site=70166E1C
gcalls seq=002127 caller=QUEST2 target=70168717 DIST                 argc=4 site=70166E1C
gcalls seq=002131 caller=QUEST2 target=70168717 DIST                 argc=4 site=70166E1C
gcalls seq=002135 caller=QUEST2 target=70168717 DIST                 argc=4 site=70166E1C
gcalls seq=002140 caller=QUEST2 target=70168717 DIST                 argc=4 site=70166E1C
gcalls seq=002146 caller=QUEST2 target=70168717 DIST                 argc=4 site=70166E1C
gcalls seq=002150 caller=QUEST2 target=70168717 DIST                 argc=4 site=70166E1C
gcalls seq=002157 caller=QUEST2 target=70168717 DIST                 argc=4 site=70166E1C
gcalls seq=002161 caller=QUEST2 target=70168717 DIST                 argc=4 site=70166E1C
gcalls seq=002165 caller=QUEST2 target=70168717 DIST                 argc=4 site=70166E1C
gcalls seq=002172 caller=QUEST2 target=70168717 DIST                 argc=4 site=70166E1C
gcalls seq=002176 caller=QUEST2 target=70168717 DIST                 argc=4 site=70166E1C
gcalls seq=002180 caller=QUEST2 target=70168717 DIST                 argc=4 site=70166E1C
gcalls seq=002185 caller=QUEST2 target=70168717 DIST                 argc=4 site=70166E1C
gcalls seq=002191 caller=QUEST2 target=70168717 DIST                 argc=4 site=70166E1C
gcalls seq=002195 caller=QUEST2 target=70168717 DIST                 argc=4 site=70166E1C
gcalls seq=002202 caller=QUEST2 target=70168717 DIST                 argc=4 site=70166E1C
gcalls seq=002206 caller=QUEST2 target=70168717 DIST                 argc=4 site=70166E1C
gcalls seq=002210 caller=QUEST2 target=70168717 DIST                 argc=4 site=70166E1C
gcalls seq=002215 caller=QUEST2 target=70168717 DIST                 argc=4 site=70166E1C
gcalls seq=002221 caller=QUEST2 target=70168717 DIST                 argc=4 site=70166E1C
gcalls seq=002225 caller=QUEST2 target=70168717 DIST                 argc=4 site=70166E1C
gcalls seq=002232 caller=QUEST2 target=70168717 DIST                 argc=4 site=70166E1C
gcalls seq=002236 caller=QUEST2 target=70168717 DIST                 argc=4 site=70166E1C
gcalls seq=002240 caller=QUEST2 target=70168717 DIST                 argc=4 site=70166E1C
gcalls seq=002245 caller=QUEST2 target=70168717 DIST                 argc=4 site=70166E1C
gcalls seq=002251 caller=QUEST2 target=70168717 DIST                 argc=4 site=70166E1C
gcalls seq=002255 caller=QUEST2 target=70168717 DIST                 argc=4 site=70166E1C
gcalls seq=002262 caller=QUEST2 target=70168717 DIST                 argc=4 site=70166E1C
gcalls seq=002266 caller=QUEST2 target=70168717 DIST                 argc=4 site=70166E1C
gcalls seq=002270 caller=QUEST2 target=70168717 DIST                 argc=4 site=70166E1C
gcalls seq=002275 caller=QUEST2 target=70168717 DIST                 argc=4 site=70166E1C
gcalls seq=002281 caller=QUEST2 target=70168717 DIST                 argc=4 site=70166E1C
gcalls seq=002285 caller=QUEST2 target=70168717 DIST                 argc=4 site=70166E1C
gcalls seq=002291 caller=QUEST2 target=70168717 DIST                 argc=4 site=70166E1C
gcalls seq=002295 caller=QUEST2 target=70168717 DIST                 argc=4 site=70166E1C
gcalls seq=002300 caller=QUEST2 target=70168717 DIST                 argc=4 site=70166E1C
gcalls seq=002307 caller=QUEST2 target=70168717 DIST                 argc=4 site=70166E1C
gcalls seq=002311 caller=QUEST2 target=70168717 DIST                 argc=4 site=70166E1C
gcalls seq=002315 caller=QUEST2 target=70168717 DIST                 argc=4 site=70166E1C
gcalls seq=002321 caller=QUEST2 target=70168717 DIST                 argc=4 site=70166E1C
gcalls seq=002325 caller=QUEST2 target=70168717 DIST                 argc=4 site=70166E1C
gcalls seq=002330 caller=QUEST2 target=70168717 DIST                 argc=4 site=70166E1C
gcalls seq=002337 caller=QUEST2 target=70168717 DIST                 argc=4 site=70166E1C
gcalls seq=002341 caller=QUEST2 target=70168717 DIST                 argc=4 site=70166E1C
gcalls seq=002345 caller=QUEST2 target=70168717 DIST                 argc=4 site=70166E1C
gcalls seq=002352 caller=QUEST2 target=70168717 DIST                 argc=4 site=70166E1C
gcalls seq=002356 caller=QUEST2 target=70168717 DIST                 argc=4 site=70166E1C
gcalls seq=002360 caller=QUEST2 target=70168717 DIST                 argc=4 site=70166E1C
gcalls seq=002367 caller=QUEST2 target=70168717 DIST                 argc=4 site=70166E1C
gcalls seq=002371 caller=QUEST2 target=70168717 DIST                 argc=4 site=70166E1C
gcalls seq=002375 caller=QUEST2 target=70168717 DIST                 argc=4 site=70166E1C
gcalls seq=002382 caller=QUEST2 target=70168717 DIST                 argc=4 site=70166E1C
gcalls seq=002386 caller=QUEST2 target=70168717 DIST                 argc=4 site=70166E1C
gcalls seq=002390 caller=QUEST2 target=70168717 DIST                 argc=4 site=70166E1C
gcalls seq=002396 caller=QUEST2 target=70168717 DIST                 argc=4 site=70166E1C
gcalls seq=002400 caller=QUEST2 target=70168717 DIST                 argc=4 site=70166E1C
gcalls seq=002405 caller=QUEST2 target=70168717 DIST                 argc=4 site=70166E1C
gcalls seq=002412 caller=QUEST2 target=70168717 DIST                 argc=4 site=70166E1C
gcalls seq=002416 caller=QUEST2 target=70168717 DIST                 argc=4 site=70166E1C
gcalls seq=002420 caller=QUEST2 target=70168717 DIST                 argc=4 site=70166E1C
gcalls seq=002427 caller=QUEST2 target=70168717 DIST                 argc=4 site=70166E1C
gcalls seq=002431 caller=QUEST2 target=70168717 DIST                 argc=4 site=70166E1C
gcalls seq=002435 caller=QUEST2 target=70168717 DIST                 argc=4 site=70166E1C
gcalls seq=002441 caller=QUEST2 target=70168717 DIST                 argc=4 site=70166E1C
gcalls seq=002445 caller=QUEST2 target=70168717 DIST                 argc=4 site=70166E1C
gcalls seq=002450 caller=QUEST2 target=70168717 DIST                 argc=4 site=70166E1C
gcalls seq=002457 caller=QUEST2 target=70168717 DIST                 argc=4 site=70166E1C
gcalls seq=002461 caller=QUEST2 target=70168717 DIST                 argc=4 site=70166E1C
gcalls seq=002465 caller=QUEST2 target=70168717 DIST                 argc=4 site=70166E1C
gcalls seq=002472 caller=QUEST2 target=70168717 DIST                 argc=4 site=70166E1C
gcalls seq=002476 caller=QUEST2 target=70168717 DIST                 argc=4 site=70166E1C
gcalls seq=002480 caller=QUEST2 target=70168717 DIST                 argc=4 site=70166E1C
gcalls seq=002487 caller=QUEST2 target=70168717 DIST                 argc=4 site=70166E1C
gcalls seq=002491 caller=QUEST2 target=70168717 DIST                 argc=4 site=70166E1C
gcalls seq=002495 caller=QUEST2 target=70168717 DIST                 argc=4 site=70166E1C
gcalls seq=002502 caller=QUEST2 target=70168717 DIST                 argc=4 site=70166E1C
gcalls seq=002506 caller=QUEST2 target=70168717 DIST                 argc=4 site=70166E1C
gcalls seq=002510 caller=QUEST2 target=70168717 DIST                 argc=4 site=70166E1C
gcalls seq=002516 caller=QUEST2 target=70168717 DIST                 argc=4 site=70166E1C
gcalls seq=002520 caller=QUEST2 target=70168717 DIST                 argc=4 site=70166E1C
gcalls seq=002525 caller=QUEST2 target=70168717 DIST                 argc=4 site=70166E1C
gcalls seq=002532 caller=QUEST2 target=70168717 DIST                 argc=4 site=70166E1C
gcalls seq=002536 caller=QUEST2 target=70168717 DIST                 argc=4 site=70166E1C
gcalls seq=002540 caller=QUEST2 target=70168717 DIST                 argc=4 site=70166E1C
gcalls seq=002546 caller=QUEST2 target=70168717 DIST                 argc=4 site=70166E1C
gcalls seq=002550 caller=QUEST2 target=70168717 DIST                 argc=4 site=70166E1C
gcalls seq=002555 caller=QUEST2 target=70168717 DIST                 argc=4 site=70166E1C
gcalls seq=002562 caller=QUEST2 target=70168717 DIST                 argc=4 site=70166E1C
gcalls seq=002566 caller=QUEST2 target=70168717 DIST                 argc=4 site=70166E1C
gcalls seq=002570 caller=QUEST2 target=70168717 DIST                 argc=4 site=70166E1C
gcalls seq=002576 caller=QUEST2 target=70168717 DIST                 argc=4 site=70166E1C
gcalls seq=002580 caller=QUEST2 target=70168717 DIST                 argc=4 site=70166E1C
gcalls seq=002585 caller=QUEST2 target=70168717 DIST                 argc=4 site=70166E1C
gcalls seq=002592 caller=QUEST2 target=70168717 DIST                 argc=4 site=70166E1C
gcalls seq=002596 caller=QUEST2 target=70168717 DIST                 argc=4 site=70166E1C
gcalls seq=002600 caller=QUEST2 target=70168717 DIST                 argc=4 site=70166E1C
gcalls seq=002606 caller=QUEST2 target=70168717 DIST                 argc=4 site=70166E1C
gcalls seq=002610 caller=QUEST2 target=70168717 DIST                 argc=4 site=70166E1C
gcalls seq=002615 caller=QUEST2 target=70168717 DIST                 argc=4 site=70166E1C
gcalls seq=002622 caller=QUEST2 target=70168717 DIST                 argc=4 site=70166E1C
gcalls seq=002626 caller=QUEST2 target=70168717 DIST                 argc=4 site=70166E1C
gcalls seq=002630 caller=QUEST2 target=70168717 DIST                 argc=4 site=70166E1C
gcalls seq=002636 caller=QUEST2 target=70168717 DIST                 argc=4 site=70166E1C
gcalls seq=002640 caller=QUEST2 target=70168717 DIST                 argc=4 site=70166E1C
gcalls seq=002645 caller=QUEST2 target=70168717 DIST                 argc=4 site=70166E1C
gcalls seq=002652 caller=QUEST2 target=70168717 DIST                 argc=4 site=70166E1C
gcalls seq=002656 caller=QUEST2 target=70168717 DIST                 argc=4 site=70166E1C
gcalls seq=002660 caller=QUEST2 target=70168717 DIST                 argc=4 site=70166E1C
gcalls seq=002672 caller=QUEST2 target=7017CD71 TERRITORY            argc=6 site=701670EE
gcalls seq=002759 caller=QUEST2 target=701674B5 DISPLAY_INVENTORY    argc=1 site=7016BD33
gcalls seq=002958 caller=QUEST2 target=7017C877 TERRAIN              argc=9 site=7015C518
gcalls seq=002959 caller=QUEST2 target=7017821F START_TURN           argc=0 site=7015C5DC
gcalls seq=002969 caller=QUEST2 target=7016AA35 GET_INPUT            argc=1 site=7017826C
gcalls seq=002992 caller=QUEST2 target=7016AA35 GET_INPUT            argc=1 site=7017826C
gcalls seq=003002 caller=QUEST2 target=70175CBF OWNS                 argc=2 site=70178537
gcalls seq=003005 caller=QUEST2 target=7017A695 STORMS_AT_SEA        argc=1 site=70178808
gcalls seq=003008 caller=QUEST2 target=7016FC67 MOVE_FAMILIAR        argc=1 site=7017880F
gcalls seq=003009 caller=QUEST2 target=70177BED SIGNAL_TURN          argc=0 site=7017883D
gcalls seq=003018 caller=QUEST2 target=70169B0F LOCK_FILE            argc=2 site=70177F0B
gcalls seq=003034 caller=QUEST2 target=70176797 REGEN_SPELLS         argc=0 site=70178865
gcalls seq=003036 caller=QUEST2 target=70166AF9 DISPLAY_SCREEN       argc=1 site=701788CE
gcalls seq=003040 caller=QUEST2 target=70168717 DIST                 argc=4 site=70166B86
gcalls seq=003044 caller=QUEST2 target=70168717 DIST                 argc=4 site=70166B86
gcalls seq=003048 caller=QUEST2 target=70168717 DIST                 argc=4 site=70166B86
gcalls seq=003055 caller=QUEST2 target=70168717 DIST                 argc=4 site=70166E1C
gcalls seq=003059 caller=QUEST2 target=70168717 DIST                 argc=4 site=70166E1C
gcalls seq=003063 caller=QUEST2 target=70168717 DIST                 argc=4 site=70166E1C
gcalls seq=003070 caller=QUEST2 target=70168717 DIST                 argc=4 site=70166E1C
gcalls seq=003074 caller=QUEST2 target=70168717 DIST                 argc=4 site=70166E1C
gcalls seq=003078 caller=QUEST2 target=70168717 DIST                 argc=4 site=70166E1C
gcalls seq=003083 caller=QUEST2 target=70168717 DIST                 argc=4 site=70166E1C
gcalls seq=003089 caller=QUEST2 target=70168717 DIST                 argc=4 site=70166E1C
gcalls seq=003093 caller=QUEST2 target=70168717 DIST                 argc=4 site=70166E1C
gcalls seq=003100 caller=QUEST2 target=70168717 DIST                 argc=4 site=70166E1C
gcalls seq=003104 caller=QUEST2 target=70168717 DIST                 argc=4 site=70166E1C
gcalls seq=003108 caller=QUEST2 target=70168717 DIST                 argc=4 site=70166E1C
gcalls seq=003114 caller=QUEST2 target=70168717 DIST                 argc=4 site=70166E1C
gcalls seq=003118 caller=QUEST2 target=70168717 DIST                 argc=4 site=70166E1C
gcalls seq=003124 caller=QUEST2 target=70168717 DIST                 argc=4 site=70166E1C
gcalls seq=003128 caller=QUEST2 target=70168717 DIST                 argc=4 site=70166E1C
gcalls seq=003134 caller=QUEST2 target=70168717 DIST                 argc=4 site=70166E1C
gcalls seq=003138 caller=QUEST2 target=70168717 DIST                 argc=4 site=70166E1C
gcalls seq=003145 caller=QUEST2 target=70168717 DIST                 argc=4 site=70166E1C
gcalls seq=003149 caller=QUEST2 target=70168717 DIST                 argc=4 site=70166E1C
gcalls seq=003153 caller=QUEST2 target=70168717 DIST                 argc=4 site=70166E1C
gcalls seq=003159 caller=QUEST2 target=70168717 DIST                 argc=4 site=70166E1C
gcalls seq=003163 caller=QUEST2 target=70168717 DIST                 argc=4 site=70166E1C
gcalls seq=003168 caller=QUEST2 target=70168717 DIST                 argc=4 site=70166E1C
gcalls seq=003175 caller=QUEST2 target=70168717 DIST                 argc=4 site=70166E1C
gcalls seq=003179 caller=QUEST2 target=70168717 DIST                 argc=4 site=70166E1C
gcalls seq=003183 caller=QUEST2 target=70168717 DIST                 argc=4 site=70166E1C
gcalls seq=003190 caller=QUEST2 target=70168717 DIST                 argc=4 site=70166E1C
gcalls seq=003194 caller=QUEST2 target=70168717 DIST                 argc=4 site=70166E1C
gcalls seq=003198 caller=QUEST2 target=70168717 DIST                 argc=4 site=70166E1C
gcalls seq=003203 caller=QUEST2 target=70168717 DIST                 argc=4 site=70166E1C
gcalls seq=003209 caller=QUEST2 target=70168717 DIST                 argc=4 site=70166E1C
gcalls seq=003213 caller=QUEST2 target=70168717 DIST                 argc=4 site=70166E1C
gcalls seq=003220 caller=QUEST2 target=70168717 DIST                 argc=4 site=70166E1C
gcalls seq=003224 caller=QUEST2 target=70168717 DIST                 argc=4 site=70166E1C
gcalls seq=003228 caller=QUEST2 target=70168717 DIST                 argc=4 site=70166E1C
gcalls seq=003235 caller=QUEST2 target=70168717 DIST                 argc=4 site=70166E1C
gcalls seq=003239 caller=QUEST2 target=70168717 DIST                 argc=4 site=70166E1C
gcalls seq=003243 caller=QUEST2 target=70168717 DIST                 argc=4 site=70166E1C
gcalls seq=003250 caller=QUEST2 target=70168717 DIST                 argc=4 site=70166E1C
gcalls seq=003254 caller=QUEST2 target=70168717 DIST                 argc=4 site=70166E1C
gcalls seq=003258 caller=QUEST2 target=70168717 DIST                 argc=4 site=70166E1C
gcalls seq=003263 caller=QUEST2 target=70168717 DIST                 argc=4 site=70166E1C
gcalls seq=003269 caller=QUEST2 target=70168717 DIST                 argc=4 site=70166E1C
gcalls seq=003273 caller=QUEST2 target=70168717 DIST                 argc=4 site=70166E1C
gcalls seq=003280 caller=QUEST2 target=70168717 DIST                 argc=4 site=70166E1C
gcalls seq=003284 caller=QUEST2 target=70168717 DIST                 argc=4 site=70166E1C
gcalls seq=003288 caller=QUEST2 target=70168717 DIST                 argc=4 site=70166E1C
gcalls seq=003294 caller=QUEST2 target=70168717 DIST                 argc=4 site=70166E1C
gcalls seq=003298 caller=QUEST2 target=70168717 DIST                 argc=4 site=70166E1C
gcalls seq=003303 caller=QUEST2 target=70168717 DIST                 argc=4 site=70166E1C
gcalls seq=003310 caller=QUEST2 target=70168717 DIST                 argc=4 site=70166E1C
gcalls seq=003314 caller=QUEST2 target=70168717 DIST                 argc=4 site=70166E1C
gcalls seq=003318 caller=QUEST2 target=70168717 DIST                 argc=4 site=70166E1C
gcalls seq=003325 caller=QUEST2 target=70168717 DIST                 argc=4 site=70166E1C
gcalls seq=003329 caller=QUEST2 target=70168717 DIST                 argc=4 site=70166E1C
gcalls seq=003333 caller=QUEST2 target=70168717 DIST                 argc=4 site=70166E1C
gcalls seq=003338 caller=QUEST2 target=70168717 DIST                 argc=4 site=70166E1C
gcalls seq=003344 caller=QUEST2 target=70168717 DIST                 argc=4 site=70166E1C
gcalls seq=003348 caller=QUEST2 target=70168717 DIST                 argc=4 site=70166E1C
gcalls seq=003355 caller=QUEST2 target=70168717 DIST                 argc=4 site=70166E1C
gcalls seq=003359 caller=QUEST2 target=70168717 DIST                 argc=4 site=70166E1C
gcalls seq=003363 caller=QUEST2 target=70168717 DIST                 argc=4 site=70166E1C
gcalls seq=003369 caller=QUEST2 target=70168717 DIST                 argc=4 site=70166E1C
gcalls seq=003373 caller=QUEST2 target=70168717 DIST                 argc=4 site=70166E1C
gcalls seq=003378 caller=QUEST2 target=70168717 DIST                 argc=4 site=70166E1C
gcalls seq=003385 caller=QUEST2 target=70168717 DIST                 argc=4 site=70166E1C
gcalls seq=003389 caller=QUEST2 target=70168717 DIST                 argc=4 site=70166E1C
gcalls seq=003393 caller=QUEST2 target=70168717 DIST                 argc=4 site=70166E1C
gcalls seq=003398 caller=QUEST2 target=70168717 DIST                 argc=4 site=70166E1C
gcalls seq=003404 caller=QUEST2 target=70168717 DIST                 argc=4 site=70166E1C
gcalls seq=003408 caller=QUEST2 target=70168717 DIST                 argc=4 site=70166E1C
gcalls seq=003415 caller=QUEST2 target=70168717 DIST                 argc=4 site=70166E1C
gcalls seq=003419 caller=QUEST2 target=70168717 DIST                 argc=4 site=70166E1C
gcalls seq=003423 caller=QUEST2 target=70168717 DIST                 argc=4 site=70166E1C
gcalls seq=003430 caller=QUEST2 target=70168717 DIST                 argc=4 site=70166E1C
gcalls seq=003434 caller=QUEST2 target=70168717 DIST                 argc=4 site=70166E1C
gcalls seq=003438 caller=QUEST2 target=70168717 DIST                 argc=4 site=70166E1C
gcalls seq=003443 caller=QUEST2 target=70168717 DIST                 argc=4 site=70166E1C
gcalls seq=003449 caller=QUEST2 target=70168717 DIST                 argc=4 site=70166E1C
gcalls seq=003453 caller=QUEST2 target=70168717 DIST                 argc=4 site=70166E1C
gcalls seq=003460 caller=QUEST2 target=70168717 DIST                 argc=4 site=70166E1C
gcalls seq=003464 caller=QUEST2 target=70168717 DIST                 argc=4 site=70166E1C
gcalls seq=003468 caller=QUEST2 target=70168717 DIST                 argc=4 site=70166E1C
gcalls seq=003474 caller=QUEST2 target=70168717 DIST                 argc=4 site=70166E1C
gcalls seq=003478 caller=QUEST2 target=70168717 DIST                 argc=4 site=70166E1C
gcalls seq=003483 caller=QUEST2 target=70168717 DIST                 argc=4 site=70166E1C
gcalls seq=003490 caller=QUEST2 target=70168717 DIST                 argc=4 site=70166E1C
gcalls seq=003494 caller=QUEST2 target=70168717 DIST                 argc=4 site=70166E1C
gcalls seq=003498 caller=QUEST2 target=70168717 DIST                 argc=4 site=70166E1C
gcalls seq=003505 caller=QUEST2 target=70168717 DIST                 argc=4 site=70166E1C
gcalls seq=003509 caller=QUEST2 target=70168717 DIST                 argc=4 site=70166E1C
gcalls seq=003513 caller=QUEST2 target=70168717 DIST                 argc=4 site=70166E1C
gcalls seq=003518 caller=QUEST2 target=70168717 DIST                 argc=4 site=70166E1C
gcalls seq=003524 caller=QUEST2 target=70168717 DIST                 argc=4 site=70166E1C
gcalls seq=003528 caller=QUEST2 target=70168717 DIST                 argc=4 site=70166E1C
gcalls seq=003535 caller=QUEST2 target=70168717 DIST                 argc=4 site=70166E1C
gcalls seq=003539 caller=QUEST2 target=70168717 DIST                 argc=4 site=70166E1C
gcalls seq=003543 caller=QUEST2 target=70168717 DIST                 argc=4 site=70166E1C
gcalls seq=003548 caller=QUEST2 target=70168717 DIST                 argc=4 site=70166E1C
gcalls seq=003554 caller=QUEST2 target=70168717 DIST                 argc=4 site=70166E1C
gcalls seq=003558 caller=QUEST2 target=70168717 DIST                 argc=4 site=70166E1C
gcalls seq=003565 caller=QUEST2 target=70168717 DIST                 argc=4 site=70166E1C
gcalls seq=003569 caller=QUEST2 target=70168717 DIST                 argc=4 site=70166E1C
gcalls seq=003573 caller=QUEST2 target=70168717 DIST                 argc=4 site=70166E1C
gcalls seq=003578 caller=QUEST2 target=70168717 DIST                 argc=4 site=70166E1C
gcalls seq=003584 caller=QUEST2 target=70168717 DIST                 argc=4 site=70166E1C
gcalls seq=003588 caller=QUEST2 target=70168717 DIST                 argc=4 site=70166E1C
gcalls seq=003595 caller=QUEST2 target=70168717 DIST                 argc=4 site=70166E1C
gcalls seq=003599 caller=QUEST2 target=70168717 DIST                 argc=4 site=70166E1C
gcalls seq=003603 caller=QUEST2 target=70168717 DIST                 argc=4 site=70166E1C
gcalls seq=003609 caller=QUEST2 target=70168717 DIST                 argc=4 site=70166E1C
gcalls seq=003613 caller=QUEST2 target=70168717 DIST                 argc=4 site=70166E1C
gcalls seq=003618 caller=QUEST2 target=70168717 DIST                 argc=4 site=70166E1C
gcalls seq=003625 caller=QUEST2 target=70168717 DIST                 argc=4 site=70166E1C
gcalls seq=003629 caller=QUEST2 target=70168717 DIST                 argc=4 site=70166E1C
gcalls seq=003633 caller=QUEST2 target=70168717 DIST                 argc=4 site=70166E1C
gcalls seq=003640 caller=QUEST2 target=70168717 DIST                 argc=4 site=70166E1C
gcalls seq=003644 caller=QUEST2 target=70168717 DIST                 argc=4 site=70166E1C
gcalls seq=003648 caller=QUEST2 target=70168717 DIST                 argc=4 site=70166E1C
gcalls seq=003653 caller=QUEST2 target=70168717 DIST                 argc=4 site=70166E1C
gcalls seq=003659 caller=QUEST2 target=70168717 DIST                 argc=4 site=70166E1C
gcalls seq=003663 caller=QUEST2 target=70168717 DIST                 argc=4 site=70166E1C
gcalls seq=003670 caller=QUEST2 target=70168717 DIST                 argc=4 site=70166E1C
gcalls seq=003674 caller=QUEST2 target=70168717 DIST                 argc=4 site=70166E1C
gcalls seq=003678 caller=QUEST2 target=70168717 DIST                 argc=4 site=70166E1C
gcalls seq=003684 caller=QUEST2 target=70168717 DIST                 argc=4 site=70166E1C
gcalls seq=003688 caller=QUEST2 target=70168717 DIST                 argc=4 site=70166E1C
gcalls seq=003693 caller=QUEST2 target=70168717 DIST                 argc=4 site=70166E1C
gcalls seq=003700 caller=QUEST2 target=70168717 DIST                 argc=4 site=70166E1C
gcalls seq=003704 caller=QUEST2 target=70168717 DIST                 argc=4 site=70166E1C
gcalls seq=003708 caller=QUEST2 target=70168717 DIST                 argc=4 site=70166E1C
gcalls seq=003715 caller=QUEST2 target=70168717 DIST                 argc=4 site=70166E1C
gcalls seq=003719 caller=QUEST2 target=70168717 DIST                 argc=4 site=70166E1C
gcalls seq=003723 caller=QUEST2 target=70168717 DIST                 argc=4 site=70166E1C
gcalls seq=003730 caller=QUEST2 target=70168717 DIST                 argc=4 site=70166E1C
gcalls seq=003734 caller=QUEST2 target=70168717 DIST                 argc=4 site=70166E1C
gcalls seq=003738 caller=QUEST2 target=70168717 DIST                 argc=4 site=70166E1C
gcalls seq=003745 caller=QUEST2 target=70168717 DIST                 argc=4 site=70166E1C
gcalls seq=003749 caller=QUEST2 target=70168717 DIST                 argc=4 site=70166E1C
gcalls seq=003753 caller=QUEST2 target=70168717 DIST                 argc=4 site=70166E1C
gcalls seq=003760 caller=QUEST2 target=70168717 DIST                 argc=4 site=70166E1C
gcalls seq=003764 caller=QUEST2 target=70168717 DIST                 argc=4 site=70166E1C
gcalls seq=003768 caller=QUEST2 target=70168717 DIST                 argc=4 site=70166E1C
gcalls seq=003775 caller=QUEST2 target=70168717 DIST                 argc=4 site=70166E1C
gcalls seq=003779 caller=QUEST2 target=70168717 DIST                 argc=4 site=70166E1C
gcalls seq=003783 caller=QUEST2 target=70168717 DIST                 argc=4 site=70166E1C
gcalls seq=003790 caller=QUEST2 target=70168717 DIST                 argc=4 site=70166E1C
gcalls seq=003794 caller=QUEST2 target=70168717 DIST                 argc=4 site=70166E1C
gcalls seq=003798 caller=QUEST2 target=70168717 DIST                 argc=4 site=70166E1C
gcalls seq=003805 caller=QUEST2 target=70168717 DIST                 argc=4 site=70166E1C
gcalls seq=003809 caller=QUEST2 target=70168717 DIST                 argc=4 site=70166E1C
gcalls seq=003813 caller=QUEST2 target=70168717 DIST                 argc=4 site=70166E1C
gcalls seq=003818 caller=QUEST2 target=70168717 DIST                 argc=4 site=70166E1C
gcalls seq=003824 caller=QUEST2 target=70168717 DIST                 argc=4 site=70166E1C
gcalls seq=003828 caller=QUEST2 target=70168717 DIST                 argc=4 site=70166E1C
gcalls seq=003835 caller=QUEST2 target=70168717 DIST                 argc=4 site=70166E1C
gcalls seq=003839 caller=QUEST2 target=70168717 DIST                 argc=4 site=70166E1C
gcalls seq=003843 caller=QUEST2 target=70168717 DIST                 argc=4 site=70166E1C
gcalls seq=003849 caller=QUEST2 target=70168717 DIST                 argc=4 site=70166E1C
gcalls seq=003853 caller=QUEST2 target=70168717 DIST                 argc=4 site=70166E1C
gcalls seq=003859 caller=QUEST2 target=70168717 DIST                 argc=4 site=70166E1C
gcalls seq=003863 caller=QUEST2 target=70168717 DIST                 argc=4 site=70166E1C
gcalls seq=003869 caller=QUEST2 target=70168717 DIST                 argc=4 site=70166E1C
gcalls seq=003873 caller=QUEST2 target=70168717 DIST                 argc=4 site=70166E1C
gcalls seq=003880 caller=QUEST2 target=70168717 DIST                 argc=4 site=70166E1C
gcalls seq=003884 caller=QUEST2 target=70168717 DIST                 argc=4 site=70166E1C
gcalls seq=003888 caller=QUEST2 target=70168717 DIST                 argc=4 site=70166E1C
gcalls seq=003895 caller=QUEST2 target=70168717 DIST                 argc=4 site=70166E1C
gcalls seq=003899 caller=QUEST2 target=70168717 DIST                 argc=4 site=70166E1C
gcalls seq=003903 caller=QUEST2 target=70168717 DIST                 argc=4 site=70166E1C
gcalls seq=003910 caller=QUEST2 target=70168717 DIST                 argc=4 site=70166E1C
gcalls seq=003914 caller=QUEST2 target=70168717 DIST                 argc=4 site=70166E1C
gcalls seq=003918 caller=QUEST2 target=70168717 DIST                 argc=4 site=70166E1C
gcalls seq=003923 caller=QUEST2 target=70168717 DIST                 argc=4 site=70166E1C
gcalls seq=003929 caller=QUEST2 target=70168717 DIST                 argc=4 site=70166E1C
gcalls seq=003933 caller=QUEST2 target=70168717 DIST                 argc=4 site=70166E1C
gcalls seq=003940 caller=QUEST2 target=70168717 DIST                 argc=4 site=70166E1C
gcalls seq=003944 caller=QUEST2 target=70168717 DIST                 argc=4 site=70166E1C
gcalls seq=003948 caller=QUEST2 target=70168717 DIST                 argc=4 site=70166E1C
gcalls seq=003954 caller=QUEST2 target=70168717 DIST                 argc=4 site=70166E1C
gcalls seq=003958 caller=QUEST2 target=70168717 DIST                 argc=4 site=70166E1C
gcalls seq=003963 caller=QUEST2 target=70168717 DIST                 argc=4 site=70166E1C
gcalls seq=003970 caller=QUEST2 target=70168717 DIST                 argc=4 site=70166E1C
gcalls seq=003974 caller=QUEST2 target=70168717 DIST                 argc=4 site=70166E1C
gcalls seq=003978 caller=QUEST2 target=70168717 DIST                 argc=4 site=70166E1C
gcalls seq=003985 caller=QUEST2 target=70168717 DIST                 argc=4 site=70166E1C
gcalls seq=003989 caller=QUEST2 target=70168717 DIST                 argc=4 site=70166E1C
gcalls seq=003993 caller=QUEST2 target=70168717 DIST                 argc=4 site=70166E1C
gcalls seq=004000 caller=QUEST2 target=70168717 DIST                 argc=4 site=70166E1C
gcalls seq=004004 caller=QUEST2 target=70168717 DIST                 argc=4 site=70166E1C
gcalls seq=004008 caller=QUEST2 target=70168717 DIST                 argc=4 site=70166E1C
gcalls seq=004015 caller=QUEST2 target=70168717 DIST                 argc=4 site=70166E1C
gcalls seq=004019 caller=QUEST2 target=70168717 DIST                 argc=4 site=70166E1C
gcalls seq=004023 caller=QUEST2 target=70168717 DIST                 argc=4 site=70166E1C
gcalls seq=004028 caller=QUEST2 target=70168717 DIST                 argc=4 site=70166E1C
gcalls seq=004034 caller=QUEST2 target=70168717 DIST                 argc=4 site=70166E1C
gcalls seq=004038 caller=QUEST2 target=70168717 DIST                 argc=4 site=70166E1C
gcalls seq=004045 caller=QUEST2 target=70168717 DIST                 argc=4 site=70166E1C
gcalls seq=004049 caller=QUEST2 target=70168717 DIST                 argc=4 site=70166E1C
gcalls seq=004053 caller=QUEST2 target=70168717 DIST                 argc=4 site=70166E1C
gcalls seq=004060 caller=QUEST2 target=70168717 DIST                 argc=4 site=70166E1C
gcalls seq=004064 caller=QUEST2 target=70168717 DIST                 argc=4 site=70166E1C
gcalls seq=004068 caller=QUEST2 target=70168717 DIST                 argc=4 site=70166E1C
gcalls seq=004075 caller=QUEST2 target=70168717 DIST                 argc=4 site=70166E1C
gcalls seq=004079 caller=QUEST2 target=70168717 DIST                 argc=4 site=70166E1C
gcalls seq=004083 caller=QUEST2 target=70168717 DIST                 argc=4 site=70166E1C
gcalls seq=004088 caller=QUEST2 target=70168717 DIST                 argc=4 site=70166E1C
gcalls seq=004094 caller=QUEST2 target=70168717 DIST                 argc=4 site=70166E1C
gcalls seq=004098 caller=QUEST2 target=70168717 DIST                 argc=4 site=70166E1C
gcalls seq=004105 caller=QUEST2 target=70168717 DIST                 argc=4 site=70166E1C
gcalls seq=004109 caller=QUEST2 target=70168717 DIST                 argc=4 site=70166E1C
gcalls seq=004113 caller=QUEST2 target=70168717 DIST                 argc=4 site=70166E1C
gcalls seq=004119 caller=QUEST2 target=70168717 DIST                 argc=4 site=70166E1C
gcalls seq=004123 caller=QUEST2 target=70168717 DIST                 argc=4 site=70166E1C
gcalls seq=004129 caller=QUEST2 target=70168717 DIST                 argc=4 site=70166E1C
gcalls seq=004133 caller=QUEST2 target=70168717 DIST                 argc=4 site=70166E1C
gcalls seq=004139 caller=QUEST2 target=70168717 DIST                 argc=4 site=70166E1C
gcalls seq=004143 caller=QUEST2 target=70168717 DIST                 argc=4 site=70166E1C
gcalls seq=004150 caller=QUEST2 target=70168717 DIST                 argc=4 site=70166E1C
gcalls seq=004154 caller=QUEST2 target=70168717 DIST                 argc=4 site=70166E1C
gcalls seq=004158 caller=QUEST2 target=70168717 DIST                 argc=4 site=70166E1C
gcalls seq=004163 caller=QUEST2 target=70168717 DIST                 argc=4 site=70166E1C
gcalls seq=004169 caller=QUEST2 target=70168717 DIST                 argc=4 site=70166E1C
gcalls seq=004173 caller=QUEST2 target=70168717 DIST                 argc=4 site=70166E1C
gcalls seq=004180 caller=QUEST2 target=70168717 DIST                 argc=4 site=70166E1C
gcalls seq=004184 caller=QUEST2 target=70168717 DIST                 argc=4 site=70166E1C
gcalls seq=004188 caller=QUEST2 target=70168717 DIST                 argc=4 site=70166E1C
gcalls seq=004194 caller=QUEST2 target=70168717 DIST                 argc=4 site=70166E1C
gcalls seq=004198 caller=QUEST2 target=70168717 DIST                 argc=4 site=70166E1C
gcalls seq=004203 caller=QUEST2 target=70168717 DIST                 argc=4 site=70166E1C
gcalls seq=004210 caller=QUEST2 target=70168717 DIST                 argc=4 site=70166E1C
gcalls seq=004214 caller=QUEST2 target=70168717 DIST                 argc=4 site=70166E1C
gcalls seq=004218 caller=QUEST2 target=70168717 DIST                 argc=4 site=70166E1C
gcalls seq=004223 caller=QUEST2 target=70168717 DIST                 argc=4 site=70166E1C
gcalls seq=004229 caller=QUEST2 target=70168717 DIST                 argc=4 site=70166E1C
gcalls seq=004233 caller=QUEST2 target=70168717 DIST                 argc=4 site=70166E1C
gcalls seq=004240 caller=QUEST2 target=70168717 DIST                 argc=4 site=70166E1C
gcalls seq=004244 caller=QUEST2 target=70168717 DIST                 argc=4 site=70166E1C
gcalls seq=004248 caller=QUEST2 target=70168717 DIST                 argc=4 site=70166E1C
gcalls seq=004254 caller=QUEST2 target=70168717 DIST                 argc=4 site=70166E1C
gcalls seq=004258 caller=QUEST2 target=70168717 DIST                 argc=4 site=70166E1C
gcalls seq=004263 caller=QUEST2 target=70168717 DIST                 argc=4 site=70166E1C
gcalls seq=004270 caller=QUEST2 target=70168717 DIST                 argc=4 site=70166E1C
gcalls seq=004274 caller=QUEST2 target=70168717 DIST                 argc=4 site=70166E1C
gcalls seq=004278 caller=QUEST2 target=70168717 DIST                 argc=4 site=70166E1C
gcalls seq=004283 caller=QUEST2 target=70168717 DIST                 argc=4 site=70166E1C
gcalls seq=004289 caller=QUEST2 target=70168717 DIST                 argc=4 site=70166E1C
gcalls seq=004293 caller=QUEST2 target=70168717 DIST                 argc=4 site=70166E1C
gcalls seq=004300 caller=QUEST2 target=70168717 DIST                 argc=4 site=70166E1C
gcalls seq=004304 caller=QUEST2 target=70168717 DIST                 argc=4 site=70166E1C
gcalls seq=004308 caller=QUEST2 target=70168717 DIST                 argc=4 site=70166E1C
gcalls seq=004313 caller=QUEST2 target=70168717 DIST                 argc=4 site=70166E1C
gcalls seq=004319 caller=QUEST2 target=70168717 DIST                 argc=4 site=70166E1C
gcalls seq=004323 caller=QUEST2 target=70168717 DIST                 argc=4 site=70166E1C
gcalls seq=004330 caller=QUEST2 target=70168717 DIST                 argc=4 site=70166E1C
gcalls seq=004334 caller=QUEST2 target=70168717 DIST                 argc=4 site=70166E1C
gcalls seq=004338 caller=QUEST2 target=70168717 DIST                 argc=4 site=70166E1C
gcalls seq=004343 caller=QUEST2 target=70168717 DIST                 argc=4 site=70166E1C
gcalls seq=004349 caller=QUEST2 target=70168717 DIST                 argc=4 site=70166E1C
gcalls seq=004353 caller=QUEST2 target=70168717 DIST                 argc=4 site=70166E1C
gcalls seq=004360 caller=QUEST2 target=70168717 DIST                 argc=4 site=70166E1C
gcalls seq=004364 caller=QUEST2 target=70168717 DIST                 argc=4 site=70166E1C
gcalls seq=004368 caller=QUEST2 target=70168717 DIST                 argc=4 site=70166E1C
gcalls seq=004373 caller=QUEST2 target=70168717 DIST                 argc=4 site=70166E1C
gcalls seq=004379 caller=QUEST2 target=70168717 DIST                 argc=4 site=70166E1C
gcalls seq=004383 caller=QUEST2 target=70168717 DIST                 argc=4 site=70166E1C
gcalls seq=004390 caller=QUEST2 target=70168717 DIST                 argc=4 site=70166E1C
gcalls seq=004394 caller=QUEST2 target=70168717 DIST                 argc=4 site=70166E1C
gcalls seq=004398 caller=QUEST2 target=70168717 DIST                 argc=4 site=70166E1C
gcalls seq=004404 caller=QUEST2 target=70168717 DIST                 argc=4 site=70166E1C
gcalls seq=004408 caller=QUEST2 target=70168717 DIST                 argc=4 site=70166E1C
gcalls seq=004413 caller=QUEST2 target=70168717 DIST                 argc=4 site=70166E1C
gcalls seq=004420 caller=QUEST2 target=70168717 DIST                 argc=4 site=70166E1C
gcalls seq=004424 caller=QUEST2 target=70168717 DIST                 argc=4 site=70166E1C
gcalls seq=004428 caller=QUEST2 target=70168717 DIST                 argc=4 site=70166E1C
gcalls seq=004435 caller=QUEST2 target=70168717 DIST                 argc=4 site=70166E1C
gcalls seq=004439 caller=QUEST2 target=70168717 DIST                 argc=4 site=70166E1C
gcalls seq=004443 caller=QUEST2 target=70168717 DIST                 argc=4 site=70166E1C
gcalls seq=004448 caller=QUEST2 target=70168717 DIST                 argc=4 site=70166E1C
gcalls seq=004454 caller=QUEST2 target=70168717 DIST                 argc=4 site=70166E1C
gcalls seq=004458 caller=QUEST2 target=70168717 DIST                 argc=4 site=70166E1C
gcalls seq=004465 caller=QUEST2 target=70168717 DIST                 argc=4 site=70166E1C
gcalls seq=004469 caller=QUEST2 target=70168717 DIST                 argc=4 site=70166E1C
gcalls seq=004473 caller=QUEST2 target=70168717 DIST                 argc=4 site=70166E1C
gcalls seq=004479 caller=QUEST2 target=70168717 DIST                 argc=4 site=70166E1C
gcalls seq=004483 caller=QUEST2 target=70168717 DIST                 argc=4 site=70166E1C
gcalls seq=004488 caller=QUEST2 target=70168717 DIST                 argc=4 site=70166E1C
gcalls seq=004495 caller=QUEST2 target=70168717 DIST                 argc=4 site=70166E1C
gcalls seq=004499 caller=QUEST2 target=70168717 DIST                 argc=4 site=70166E1C
gcalls seq=004503 caller=QUEST2 target=70168717 DIST                 argc=4 site=70166E1C
gcalls seq=004510 caller=QUEST2 target=70168717 DIST                 argc=4 site=70166E1C
gcalls seq=004514 caller=QUEST2 target=70168717 DIST                 argc=4 site=70166E1C
gcalls seq=004518 caller=QUEST2 target=70168717 DIST                 argc=4 site=70166E1C
gcalls seq=004523 caller=QUEST2 target=70168717 DIST                 argc=4 site=70166E1C
gcalls seq=004529 caller=QUEST2 target=70168717 DIST                 argc=4 site=70166E1C
gcalls seq=004533 caller=QUEST2 target=70168717 DIST                 argc=4 site=70166E1C
gcalls seq=004538 caller=QUEST2 target=7017CD71 TERRITORY            argc=6 site=701670EE
gcalls seq=004604 caller=QUEST2 target=7017D0ED TOWER_ATTACK         argc=1 site=701788EB
gcalls seq=004615 caller=QUEST2 target=70176C0B REPORT               argc=0 site=701788EF
gcalls seq=004616 caller=QUEST2 target=7017B42F THIEF                argc=1 site=701788F6
gcalls seq=004617 caller=QUEST2 target=70161CBF CATAPULT             argc=1 site=701788FD
gcalls seq=004619 caller=QUEST2 target=70165863 DEFEND               argc=0 site=7017892C
gcalls seq=004621 caller=QUEST2 target=701674B5 DISPLAY_INVENTORY    argc=1 site=701789E0
gcalls seq=004623 caller=QUEST2 target=701674B5 DISPLAY_INVENTORY    argc=1 site=70178BF9
gcalls seq=004632 caller=QUEST2 target=7016AA35 GET_INPUT            argc=1 site=70178C3B
gcalls seq=004662 caller=QUEST2 target=701674B5 DISPLAY_INVENTORY    argc=1 site=70178BF9
gcalls seq=004671 caller=QUEST2 target=7016AA35 GET_INPUT            argc=1 site=70178C3B
gcalls seq=004701 caller=QUEST2 target=7015FA73 AUTO_MOVE            argc=2 site=70178D52
gcalls seq=004711 caller=QUEST2 target=7016AA35 GET_INPUT            argc=1 site=7015FAA2
gcalls seq=004734 caller=QUEST2 target=701766ED READ_IN              argc=0 site=7015FB7A
gcalls seq=004764 caller=QUEST2 target=7017101D MOVE_PLAYER          argc=3 site=7017956C
gcalls seq=004765 caller=QUEST2 target=70175CBF OWNS                 argc=2 site=70171110
gcalls seq=004768 caller=QUEST2 target=70175CBF OWNS                 argc=2 site=70171124
gcalls seq=004771 caller=QUEST2 target=70175CBF OWNS                 argc=2 site=7017112F
gcalls seq=004775 caller=QUEST2 target=7017C877 TERRAIN              argc=9 site=7017118E
gcalls seq=004792 caller=QUEST2 target=7017C877 TERRAIN              argc=9 site=70171333
gcalls seq=004793 caller=QUEST2 target=7016A88F FIND_OBJECT          argc=3 site=7017233F
