gcalls seq=000077 caller=QUEST2 target=7015C005 QUEST                argc=0 site=7017EA51
gcalls seq=000144 caller=QUEST2 target=701766ED READ_IN              argc=0 site=7015C05F
gcalls seq=000159 caller=QUEST2 target=70175E9F LOGON                argc=0 site=7015C283
gcalls seq=000196 caller=QUEST2 target=701766ED READ_IN              argc=0 site=70175F6B
gcalls seq=000218 caller=QUEST2 target=701766ED READ_IN              argc=0 site=70175FD3
gcalls seq=000264 caller=QUEST2 target=7016AA35 GET_INPUT            argc=1 site=701760C4
gcalls seq=000397 caller=QUEST2 target=7016DF39 INIT_OBJ_TBL         argc=2 site=7015C2B7
gcalls seq=000398 caller=QUEST2 target=7015C5E1 -                    argc=0 site=7015C337
gcalls seq=000400 caller=QUEST2 target=7016E103 INIT_SCREEN          argc=1 site=7015C38C
gcalls seq=000402 caller=QUEST2 target=701697A1 FAKE_LAND_MASS       argc=1 site=7016E1D2
gcalls seq=000404 caller=QUEST2 target=701699B5 FAKE_OCEAN           argc=1 site=7016E1D8
gcalls seq=000415 caller=QUEST2 target=7016B549 GET_QUEST            argc=0 site=7015C3B5
gcalls seq=000432 caller=QUEST2 target=7016DE91 HIT_ANY_CHAR         argc=0 site=7016BCA0
gcalls seq=000445 caller=QUEST2 target=7016AA35 GET_INPUT            argc=1 site=7016DEA9
gcalls seq=000454 caller=QUEST2 target=70165713 C_A_LISTENER         argc=1 site=7017E7C1
gcalls seq=000470 caller=QUEST2 target=70176A93 REFRESH_SCREEN       argc=0 site=7016BCA4
gcalls seq=000559 caller=QUEST2 target=70166AF9 DISPLAY_SCREEN       argc=1 site=7016BCBE
gcalls seq=000560 caller=QUEST2 target=70168717 DIST                 argc=4 site=70166B86
gcalls seq=000564 caller=QUEST2 target=70168717 DIST                 argc=4 site=70166B86
gcalls seq=000568 caller=QUEST2 target=70168717 DIST                 argc=4 site=70166B86
gcalls seq=000575 caller=QUEST2 target=70168717 DIST                 argc=4 site=70166E1C
gcalls seq=000579 caller=QUEST2 target=70168717 DIST                 argc=4 site=70166E1C
gcalls seq=000583 caller=QUEST2 target=70168717 DIST                 argc=4 site=70166E1C
gcalls seq=000590 caller=QUEST2 target=70168717 DIST                 argc=4 site=70166E1C
gcalls seq=000594 caller=QUEST2 target=70168717 DIST                 argc=4 site=70166E1C
gcalls seq=000598 caller=QUEST2 target=70168717 DIST                 argc=4 site=70166E1C
gcalls seq=000605 caller=QUEST2 target=70168717 DIST                 argc=4 site=70166E1C
gcalls seq=000609 caller=QUEST2 target=70168717 DIST                 argc=4 site=70166E1C
gcalls seq=000613 caller=QUEST2 target=70168717 DIST                 argc=4 site=70166E1C
gcalls seq=000620 caller=QUEST2 target=70168717 DIST                 argc=4 site=70166E1C
gcalls seq=000624 caller=QUEST2 target=70168717 DIST                 argc=4 site=70166E1C
gcalls seq=000628 caller=QUEST2 target=70168717 DIST                 argc=4 site=70166E1C
gcalls seq=000635 caller=QUEST2 target=70168717 DIST                 argc=4 site=70166E1C
gcalls seq=000639 caller=QUEST2 target=70168717 DIST                 argc=4 site=70166E1C
gcalls seq=000643 caller=QUEST2 target=70168717 DIST                 argc=4 site=70166E1C
gcalls seq=000650 caller=QUEST2 target=70168717 DIST                 argc=4 site=70166E1C
gcalls seq=000654 caller=QUEST2 target=70168717 DIST                 argc=4 site=70166E1C
gcalls seq=000658 caller=QUEST2 target=70168717 DIST                 argc=4 site=70166E1C
gcalls seq=000665 caller=QUEST2 target=70168717 DIST                 argc=4 site=70166E1C
gcalls seq=000669 caller=QUEST2 target=70168717 DIST                 argc=4 site=70166E1C
gcalls seq=000673 caller=QUEST2 target=70168717 DIST                 argc=4 site=70166E1C
gcalls seq=000680 caller=QUEST2 target=70168717 DIST                 argc=4 site=70166E1C
gcalls seq=000684 caller=QUEST2 target=70168717 DIST                 argc=4 site=70166E1C
gcalls seq=000688 caller=QUEST2 target=70168717 DIST                 argc=4 site=70166E1C
gcalls seq=000695 caller=QUEST2 target=70168717 DIST                 argc=4 site=70166E1C
gcalls seq=000699 caller=QUEST2 target=70168717 DIST                 argc=4 site=70166E1C
gcalls seq=000703 caller=QUEST2 target=70168717 DIST                 argc=4 site=70166E1C
gcalls seq=000710 caller=QUEST2 target=70168717 DIST                 argc=4 site=70166E1C
gcalls seq=000714 caller=QUEST2 target=70168717 DIST                 argc=4 site=70166E1C
gcalls seq=000718 caller=QUEST2 target=70168717 DIST                 argc=4 site=70166E1C
gcalls seq=000725 caller=QUEST2 target=70168717 DIST                 argc=4 site=70166E1C
gcalls seq=000729 caller=QUEST2 target=70168717 DIST                 argc=4 site=70166E1C
gcalls seq=000733 caller=QUEST2 target=70168717 DIST                 argc=4 site=70166E1C
gcalls seq=000739 caller=QUEST2 target=70168717 DIST                 argc=4 site=70166E1C
gcalls seq=000743 caller=QUEST2 target=70168717 DIST                 argc=4 site=70166E1C
gcalls seq=000748 caller=QUEST2 target=70168717 DIST                 argc=4 site=70166E1C
gcalls seq=000755 caller=QUEST2 target=70168717 DIST                 argc=4 site=70166E1C
gcalls seq=000759 caller=QUEST2 target=70168717 DIST                 argc=4 site=70166E1C
gcalls seq=000763 caller=QUEST2 target=70168717 DIST                 argc=4 site=70166E1C
gcalls seq=000770 caller=QUEST2 target=70168717 DIST                 argc=4 site=70166E1C
gcalls seq=000774 caller=QUEST2 target=70168717 DIST                 argc=4 site=70166E1C
gcalls seq=000778 caller=QUEST2 target=70168717 DIST                 argc=4 site=70166E1C
gcalls seq=000783 caller=QUEST2 target=70168717 DIST                 argc=4 site=70166E1C
gcalls seq=000789 caller=QUEST2 target=70168717 DIST                 argc=4 site=70166E1C
gcalls seq=000793 caller=QUEST2 target=70168717 DIST                 argc=4 site=70166E1C
gcalls seq=000800 caller=QUEST2 target=70168717 DIST                 argc=4 site=70166E1C
gcalls seq=000804 caller=QUEST2 target=70168717 DIST                 argc=4 site=70166E1C
gcalls seq=000808 caller=QUEST2 target=70168717 DIST                 argc=4 site=70166E1C
gcalls seq=000815 caller=QUEST2 target=70168717 DIST                 argc=4 site=70166E1C
gcalls seq=000819 caller=QUEST2 target=70168717 DIST                 argc=4 site=70166E1C
gcalls seq=000823 caller=QUEST2 target=70168717 DIST                 argc=4 site=70166E1C
gcalls seq=000830 caller=QUEST2 target=70168717 DIST                 argc=4 site=70166E1C
gcalls seq=000834 caller=QUEST2 target=70168717 DIST                 argc=4 site=70166E1C
gcalls seq=000838 caller=QUEST2 target=70168717 DIST                 argc=4 site=70166E1C
gcalls seq=000844 caller=QUEST2 target=70168717 DIST                 argc=4 site=70166E1C
gcalls seq=000848 caller=QUEST2 target=70168717 DIST                 argc=4 site=70166E1C
gcalls seq=000853 caller=QUEST2 target=70168717 DIST                 argc=4 site=70166E1C
gcalls seq=000860 caller=QUEST2 target=70168717 DIST                 argc=4 site=70166E1C
gcalls seq=000864 caller=QUEST2 target=70168717 DIST                 argc=4 site=70166E1C
gcalls seq=000868 caller=QUEST2 target=70168717 DIST                 argc=4 site=70166E1C
gcalls seq=000873 caller=QUEST2 target=70168717 DIST                 argc=4 site=70166E1C
gcalls seq=000879 caller=QUEST2 target=70168717 DIST                 argc=4 site=70166E1C
gcalls seq=000883 caller=QUEST2 target=70168717 DIST                 argc=4 site=70166E1C
gcalls seq=000890 caller=QUEST2 target=70168717 DIST                 argc=4 site=70166E1C
gcalls seq=000894 caller=QUEST2 target=70168717 DIST                 argc=4 site=70166E1C
gcalls seq=000898 caller=QUEST2 target=70168717 DIST                 argc=4 site=70166E1C
gcalls seq=000905 caller=QUEST2 target=70168717 DIST                 argc=4 site=70166E1C
gcalls seq=000909 caller=QUEST2 target=70168717 DIST                 argc=4 site=70166E1C
gcalls seq=000913 caller=QUEST2 target=70168717 DIST                 argc=4 site=70166E1C
gcalls seq=000919 caller=QUEST2 target=70168717 DIST                 argc=4 site=70166E1C
gcalls seq=000923 caller=QUEST2 target=70168717 DIST                 argc=4 site=70166E1C
gcalls seq=000928 caller=QUEST2 target=70168717 DIST                 argc=4 site=70166E1C
gcalls seq=000935 caller=QUEST2 target=70168717 DIST                 argc=4 site=70166E1C
gcalls seq=000939 caller=QUEST2 target=70168717 DIST                 argc=4 site=70166E1C
gcalls seq=000943 caller=QUEST2 target=70168717 DIST                 argc=4 site=70166E1C
gcalls seq=000950 caller=QUEST2 target=70168717 DIST                 argc=4 site=70166E1C
gcalls seq=000954 caller=QUEST2 target=70168717 DIST                 argc=4 site=70166E1C
gcalls seq=000958 caller=QUEST2 target=70168717 DIST                 argc=4 site=70166E1C
gcalls seq=000963 caller=QUEST2 target=70168717 DIST                 argc=4 site=70166E1C
gcalls seq=000969 caller=QUEST2 target=70168717 DIST                 argc=4 site=70166E1C
gcalls seq=000973 caller=QUEST2 target=70168717 DIST                 argc=4 site=70166E1C
gcalls seq=000980 caller=QUEST2 target=70168717 DIST                 argc=4 site=70166E1C
gcalls seq=000984 caller=QUEST2 target=70168717 DIST                 argc=4 site=70166E1C
gcalls seq=000988 caller=QUEST2 target=70168717 DIST                 argc=4 site=70166E1C
gcalls seq=000995 caller=QUEST2 target=70168717 DIST                 argc=4 site=70166E1C
gcalls seq=000999 caller=QUEST2 target=70168717 DIST                 argc=4 site=70166E1C
gcalls seq=001003 caller=QUEST2 target=70168717 DIST                 argc=4 site=70166E1C
gcalls seq=001009 caller=QUEST2 target=70168717 DIST                 argc=4 site=70166E1C
gcalls seq=001013 caller=QUEST2 target=70168717 DIST                 argc=4 site=70166E1C
gcalls seq=001018 caller=QUEST2 target=70168717 DIST                 argc=4 site=70166E1C
gcalls seq=001025 caller=QUEST2 target=70168717 DIST                 argc=4 site=70166E1C
gcalls seq=001029 caller=QUEST2 target=70168717 DIST                 argc=4 site=70166E1C
gcalls seq=001033 caller=QUEST2 target=70168717 DIST                 argc=4 site=70166E1C
gcalls seq=001039 caller=QUEST2 target=70168717 DIST                 argc=4 site=70166E1C
gcalls seq=001043 caller=QUEST2 target=70168717 DIST                 argc=4 site=70166E1C
gcalls seq=001048 caller=QUEST2 target=70168717 DIST                 argc=4 site=70166E1C
gcalls seq=001055 caller=QUEST2 target=70168717 DIST                 argc=4 site=70166E1C
gcalls seq=001059 caller=QUEST2 target=70168717 DIST                 argc=4 site=70166E1C
gcalls seq=001063 caller=QUEST2 target=70168717 DIST                 argc=4 site=70166E1C
gcalls seq=001068 caller=QUEST2 target=70168717 DIST                 argc=4 site=70166E1C
gcalls seq=001074 caller=QUEST2 target=70168717 DIST                 argc=4 site=70166E1C
gcalls seq=001078 caller=QUEST2 target=70168717 DIST                 argc=4 site=70166E1C
gcalls seq=001084 caller=QUEST2 target=70168717 DIST                 argc=4 site=70166E1C
gcalls seq=001088 caller=QUEST2 target=70168717 DIST                 argc=4 site=70166E1C
gcalls seq=001093 caller=QUEST2 target=70168717 DIST                 argc=4 site=70166E1C
gcalls seq=001100 caller=QUEST2 target=70168717 DIST                 argc=4 site=70166E1C
gcalls seq=001104 caller=QUEST2 target=70168717 DIST                 argc=4 site=70166E1C
gcalls seq=001108 caller=QUEST2 target=70168717 DIST                 argc=4 site=70166E1C
gcalls seq=001115 caller=QUEST2 target=70168717 DIST                 argc=4 site=70166E1C
gcalls seq=001119 caller=QUEST2 target=70168717 DIST                 argc=4 site=70166E1C
gcalls seq=001123 caller=QUEST2 target=70168717 DIST                 argc=4 site=70166E1C
gcalls seq=001130 caller=QUEST2 target=70168717 DIST                 argc=4 site=70166E1C
gcalls seq=001134 caller=QUEST2 target=70168717 DIST                 argc=4 site=70166E1C
gcalls seq=001138 caller=QUEST2 target=70168717 DIST                 argc=4 site=70166E1C
gcalls seq=001145 caller=QUEST2 target=70168717 DIST                 argc=4 site=70166E1C
gcalls seq=001149 caller=QUEST2 target=70168717 DIST                 argc=4 site=70166E1C
gcalls seq=001153 caller=QUEST2 target=70168717 DIST                 argc=4 site=70166E1C
gcalls seq=001160 caller=QUEST2 target=70168717 DIST                 argc=4 site=70166E1C
gcalls seq=001164 caller=QUEST2 target=70168717 DIST                 argc=4 site=70166E1C
gcalls seq=001168 caller=QUEST2 target=70168717 DIST                 argc=4 site=70166E1C
gcalls seq=001173 caller=QUEST2 target=70168717 DIST                 argc=4 site=70166E1C
gcalls seq=001179 caller=QUEST2 target=70168717 DIST                 argc=4 site=70166E1C
gcalls seq=001183 caller=QUEST2 target=70168717 DIST                 argc=4 site=70166E1C
gcalls seq=001190 caller=QUEST2 target=70168717 DIST                 argc=4 site=70166E1C
gcalls seq=001194 caller=QUEST2 target=70168717 DIST                 argc=4 site=70166E1C
gcalls seq=001198 caller=QUEST2 target=70168717 DIST                 argc=4 site=70166E1C
gcalls seq=001203 caller=QUEST2 target=70168717 DIST                 argc=4 site=70166E1C
gcalls seq=001209 caller=QUEST2 target=70168717 DIST                 argc=4 site=70166E1C
gcalls seq=001213 caller=QUEST2 target=70168717 DIST                 argc=4 site=70166E1C
gcalls seq=001220 caller=QUEST2 target=70168717 DIST                 argc=4 site=70166E1C
gcalls seq=001224 caller=QUEST2 target=70168717 DIST                 argc=4 site=70166E1C
gcalls seq=001228 caller=QUEST2 target=70168717 DIST                 argc=4 site=70166E1C
gcalls seq=001235 caller=QUEST2 target=70168717 DIST                 argc=4 site=70166E1C
gcalls seq=001239 caller=QUEST2 target=70168717 DIST                 argc=4 site=70166E1C
gcalls seq=001243 caller=QUEST2 target=70168717 DIST                 argc=4 site=70166E1C
gcalls seq=001249 caller=QUEST2 target=70168717 DIST                 argc=4 site=70166E1C
gcalls seq=001253 caller=QUEST2 target=70168717 DIST                 argc=4 site=70166E1C
gcalls seq=001258 caller=QUEST2 target=70168717 DIST                 argc=4 site=70166E1C
gcalls seq=001265 caller=QUEST2 target=70168717 DIST                 argc=4 site=70166E1C
gcalls seq=001269 caller=QUEST2 target=70168717 DIST                 argc=4 site=70166E1C
gcalls seq=001273 caller=QUEST2 target=70168717 DIST                 argc=4 site=70166E1C
gcalls seq=001278 caller=QUEST2 target=70168717 DIST                 argc=4 site=70166E1C
gcalls seq=001284 caller=QUEST2 target=70168717 DIST                 argc=4 site=70166E1C
gcalls seq=001288 caller=QUEST2 target=70168717 DIST                 argc=4 site=70166E1C
gcalls seq=001295 caller=QUEST2 target=70168717 DIST                 argc=4 site=70166E1C
gcalls seq=001299 caller=QUEST2 target=70168717 DIST                 argc=4 site=70166E1C
gcalls seq=001303 caller=QUEST2 target=70168717 DIST                 argc=4 site=70166E1C
gcalls seq=001310 caller=QUEST2 target=70168717 DIST                 argc=4 site=70166E1C
gcalls seq=001314 caller=QUEST2 target=70168717 DIST                 argc=4 site=70166E1C
gcalls seq=001318 caller=QUEST2 target=70168717 DIST                 argc=4 site=70166E1C
gcalls seq=001325 caller=QUEST2 target=70168717 DIST                 argc=4 site=70166E1C
gcalls seq=001329 caller=QUEST2 target=70168717 DIST                 argc=4 site=70166E1C
gcalls seq=001333 caller=QUEST2 target=70168717 DIST                 argc=4 site=70166E1C
gcalls seq=001340 caller=QUEST2 target=70168717 DIST                 argc=4 site=70166E1C
gcalls seq=001344 caller=QUEST2 target=70168717 DIST                 argc=4 site=70166E1C
gcalls seq=001348 caller=QUEST2 target=70168717 DIST                 argc=4 site=70166E1C
gcalls seq=001355 caller=QUEST2 target=70168717 DIST                 argc=4 site=70166E1C
gcalls seq=001359 caller=QUEST2 target=70168717 DIST                 argc=4 site=70166E1C
gcalls seq=001363 caller=QUEST2 target=70168717 DIST                 argc=4 site=70166E1C
gcalls seq=001370 caller=QUEST2 target=70168717 DIST                 argc=4 site=70166E1C
gcalls seq=001374 caller=QUEST2 target=70168717 DIST                 argc=4 site=70166E1C
gcalls seq=001378 caller=QUEST2 target=70168717 DIST                 argc=4 site=70166E1C
gcalls seq=001385 caller=QUEST2 target=70168717 DIST                 argc=4 site=70166E1C
gcalls seq=001389 caller=QUEST2 target=70168717 DIST                 argc=4 site=70166E1C
gcalls seq=001393 caller=QUEST2 target=70168717 DIST                 argc=4 site=70166E1C
gcalls seq=001400 caller=QUEST2 target=70168717 DIST                 argc=4 site=70166E1C
gcalls seq=001404 caller=QUEST2 target=70168717 DIST                 argc=4 site=70166E1C
gcalls seq=001408 caller=QUEST2 target=70168717 DIST                 argc=4 site=70166E1C
gcalls seq=001414 caller=QUEST2 target=70168717 DIST                 argc=4 site=70166E1C
gcalls seq=001418 caller=QUEST2 target=70168717 DIST                 argc=4 site=70166E1C
gcalls seq=001423 caller=QUEST2 target=70168717 DIST                 argc=4 site=70166E1C
gcalls seq=001430 caller=QUEST2 target=70168717 DIST                 argc=4 site=70166E1C
gcalls seq=001434 caller=QUEST2 target=70168717 DIST                 argc=4 site=70166E1C
gcalls seq=001438 caller=QUEST2 target=70168717 DIST                 argc=4 site=70166E1C
gcalls seq=001444 caller=QUEST2 target=70168717 DIST                 argc=4 site=70166E1C
gcalls seq=001448 caller=QUEST2 target=70168717 DIST                 argc=4 site=70166E1C
gcalls seq=001453 caller=QUEST2 target=70168717 DIST                 argc=4 site=70166E1C
gcalls seq=001460 caller=QUEST2 target=70168717 DIST                 argc=4 site=70166E1C
gcalls seq=001464 caller=QUEST2 target=70168717 DIST                 argc=4 site=70166E1C
gcalls seq=001468 caller=QUEST2 target=70168717 DIST                 argc=4 site=70166E1C
gcalls seq=001474 caller=QUEST2 target=70168717 DIST                 argc=4 site=70166E1C
gcalls seq=001478 caller=QUEST2 target=70168717 DIST                 argc=4 site=70166E1C
gcalls seq=001483 caller=QUEST2 target=70168717 DIST                 argc=4 site=70166E1C
gcalls seq=001490 caller=QUEST2 target=70168717 DIST                 argc=4 site=70166E1C
gcalls seq=001494 caller=QUEST2 target=70168717 DIST                 argc=4 site=70166E1C
gcalls seq=001498 caller=QUEST2 target=70168717 DIST                 argc=4 site=70166E1C
gcalls seq=001504 caller=QUEST2 target=70168717 DIST                 argc=4 site=70166E1C
gcalls seq=001508 caller=QUEST2 target=70168717 DIST                 argc=4 site=70166E1C
gcalls seq=001513 caller=QUEST2 target=70168717 DIST                 argc=4 site=70166E1C
gcalls seq=001520 caller=QUEST2 target=70168717 DIST                 argc=4 site=70166E1C
gcalls seq=001524 caller=QUEST2 target=70168717 DIST                 argc=4 site=70166E1C
gcalls seq=001528 caller=QUEST2 target=70168717 DIST                 argc=4 site=70166E1C
gcalls seq=001534 caller=QUEST2 target=70168717 DIST                 argc=4 site=70166E1C
gcalls seq=001538 caller=QUEST2 target=70168717 DIST                 argc=4 site=70166E1C
gcalls seq=001543 caller=QUEST2 target=70168717 DIST                 argc=4 site=70166E1C
gcalls seq=001550 caller=QUEST2 target=70168717 DIST                 argc=4 site=70166E1C
gcalls seq=001554 caller=QUEST2 target=70168717 DIST                 argc=4 site=70166E1C
gcalls seq=001558 caller=QUEST2 target=70168717 DIST                 argc=4 site=70166E1C
gcalls seq=001563 caller=QUEST2 target=70168717 DIST                 argc=4 site=70166E1C
gcalls seq=001569 caller=QUEST2 target=70168717 DIST                 argc=4 site=70166E1C
gcalls seq=001573 caller=QUEST2 target=70168717 DIST                 argc=4 site=70166E1C
gcalls seq=001580 caller=QUEST2 target=70168717 DIST                 argc=4 site=70166E1C
gcalls seq=001584 caller=QUEST2 target=70168717 DIST                 argc=4 site=70166E1C
gcalls seq=001588 caller=QUEST2 target=70168717 DIST                 argc=4 site=70166E1C
gcalls seq=001593 caller=QUEST2 target=70168717 DIST                 argc=4 site=70166E1C
gcalls seq=001599 caller=QUEST2 target=70168717 DIST                 argc=4 site=70166E1C
gcalls seq=001603 caller=QUEST2 target=70168717 DIST                 argc=4 site=70166E1C
gcalls seq=001610 caller=QUEST2 target=70168717 DIST                 argc=4 site=70166E1C
gcalls seq=001614 caller=QUEST2 target=70168717 DIST                 argc=4 site=70166E1C
gcalls seq=001618 caller=QUEST2 target=70168717 DIST                 argc=4 site=70166E1C
gcalls seq=001623 caller=QUEST2 target=70168717 DIST                 argc=4 site=70166E1C
gcalls seq=001629 caller=QUEST2 target=70168717 DIST                 argc=4 site=70166E1C
gcalls seq=001633 caller=QUEST2 target=70168717 DIST                 argc=4 site=70166E1C
gcalls seq=001640 caller=QUEST2 target=70168717 DIST                 argc=4 site=70166E1C
gcalls seq=001644 caller=QUEST2 target=70168717 DIST                 argc=4 site=70166E1C
gcalls seq=001648 caller=QUEST2 target=70168717 DIST                 argc=4 site=70166E1C
gcalls seq=001653 caller=QUEST2 target=70168717 DIST                 argc=4 site=70166E1C
gcalls seq=001659 caller=QUEST2 target=70168717 DIST                 argc=4 site=70166E1C
gcalls seq=001663 caller=QUEST2 target=70168717 DIST                 argc=4 site=70166E1C
gcalls seq=001670 caller=QUEST2 target=70168717 DIST                 argc=4 site=70166E1C
gcalls seq=001674 caller=QUEST2 target=70168717 DIST                 argc=4 site=70166E1C
gcalls seq=001678 caller=QUEST2 target=70168717 DIST                 argc=4 site=70166E1C
gcalls seq=001683 caller=QUEST2 target=70168717 DIST                 argc=4 site=70166E1C
gcalls seq=001689 caller=QUEST2 target=70168717 DIST                 argc=4 site=70166E1C
gcalls seq=001693 caller=QUEST2 target=70168717 DIST                 argc=4 site=70166E1C
gcalls seq=001700 caller=QUEST2 target=70168717 DIST                 argc=4 site=70166E1C
gcalls seq=001704 caller=QUEST2 target=70168717 DIST                 argc=4 site=70166E1C
gcalls seq=001708 caller=QUEST2 target=70168717 DIST                 argc=4 site=70166E1C
gcalls seq=001713 caller=QUEST2 target=70168717 DIST                 argc=4 site=70166E1C
gcalls seq=001719 caller=QUEST2 target=70168717 DIST                 argc=4 site=70166E1C
gcalls seq=001723 caller=QUEST2 target=70168717 DIST                 argc=4 site=70166E1C
gcalls seq=001730 caller=QUEST2 target=70168717 DIST                 argc=4 site=70166E1C
gcalls seq=001734 caller=QUEST2 target=70168717 DIST                 argc=4 site=70166E1C
gcalls seq=001738 caller=QUEST2 target=70168717 DIST                 argc=4 site=70166E1C
gcalls seq=001745 caller=QUEST2 target=70168717 DIST                 argc=4 site=70166E1C
gcalls seq=001749 caller=QUEST2 target=70168717 DIST                 argc=4 site=70166E1C
gcalls seq=001753 caller=QUEST2 target=70168717 DIST                 argc=4 site=70166E1C
gcalls seq=001760 caller=QUEST2 target=70168717 DIST                 argc=4 site=70166E1C
gcalls seq=001764 caller=QUEST2 target=70168717 DIST                 argc=4 site=70166E1C
gcalls seq=001768 caller=QUEST2 target=70168717 DIST                 argc=4 site=70166E1C
gcalls seq=001775 caller=QUEST2 target=70168717 DIST                 argc=4 site=70166E1C
gcalls seq=001779 caller=QUEST2 target=70168717 DIST                 argc=4 site=70166E1C
gcalls seq=001783 caller=QUEST2 target=70168717 DIST                 argc=4 site=70166E1C
gcalls seq=001790 caller=QUEST2 target=70168717 DIST                 argc=4 site=70166E1C
gcalls seq=001794 caller=QUEST2 target=70168717 DIST                 argc=4 site=70166E1C
gcalls seq=001798 caller=QUEST2 target=70168717 DIST                 argc=4 site=70166E1C
gcalls seq=001805 caller=QUEST2 target=70168717 DIST                 argc=4 site=70166E1C
gcalls seq=001809 caller=QUEST2 target=70168717 DIST                 argc=4 site=70166E1C
gcalls seq=001813 caller=QUEST2 target=70168717 DIST                 argc=4 site=70166E1C
gcalls seq=001820 caller=QUEST2 target=70168717 DIST                 argc=4 site=70166E1C
gcalls seq=001824 caller=QUEST2 target=70168717 DIST                 argc=4 site=70166E1C
gcalls seq=001828 caller=QUEST2 target=70168717 DIST                 argc=4 site=70166E1C
gcalls seq=001833 caller=QUEST2 target=70168717 DIST                 argc=4 site=70166E1C
gcalls seq=001839 caller=QUEST2 target=70168717 DIST                 argc=4 site=70166E1C
gcalls seq=001843 caller=QUEST2 target=70168717 DIST                 argc=4 site=70166E1C
gcalls seq=001849 caller=QUEST2 target=70168717 DIST                 argc=4 site=70166E1C
gcalls seq=001853 caller=QUEST2 target=70168717 DIST                 argc=4 site=70166E1C
gcalls seq=001858 caller=QUEST2 target=70168717 DIST                 argc=4 site=70166E1C
gcalls seq=001865 caller=QUEST2 target=70168717 DIST                 argc=4 site=70166E1C
gcalls seq=001869 caller=QUEST2 target=70168717 DIST                 argc=4 site=70166E1C
gcalls seq=001873 caller=QUEST2 target=70168717 DIST                 argc=4 site=70166E1C
gcalls seq=001879 caller=QUEST2 target=70168717 DIST                 argc=4 site=70166E1C
gcalls seq=001883 caller=QUEST2 target=70168717 DIST                 argc=4 site=70166E1C
gcalls seq=001888 caller=QUEST2 target=70168717 DIST                 argc=4 site=70166E1C
gcalls seq=001895 caller=QUEST2 target=70168717 DIST                 argc=4 site=70166E1C
gcalls seq=001899 caller=QUEST2 target=70168717 DIST                 argc=4 site=70166E1C
gcalls seq=001903 caller=QUEST2 target=70168717 DIST                 argc=4 site=70166E1C
gcalls seq=001908 caller=QUEST2 target=70168717 DIST                 argc=4 site=70166E1C
gcalls seq=001914 caller=QUEST2 target=70168717 DIST                 argc=4 site=70166E1C
gcalls seq=001918 caller=QUEST2 target=70168717 DIST                 argc=4 site=70166E1C
gcalls seq=001925 caller=QUEST2 target=70168717 DIST                 argc=4 site=70166E1C
gcalls seq=001929 caller=QUEST2 target=70168717 DIST                 argc=4 site=70166E1C
gcalls seq=001933 caller=QUEST2 target=70168717 DIST                 argc=4 site=70166E1C
gcalls seq=001938 caller=QUEST2 target=70168717 DIST                 argc=4 site=70166E1C
gcalls seq=001944 caller=QUEST2 target=70168717 DIST                 argc=4 site=70166E1C
gcalls seq=001948 caller=QUEST2 target=70168717 DIST                 argc=4 site=70166E1C
gcalls seq=001955 caller=QUEST2 target=70168717 DIST                 argc=4 site=70166E1C
gcalls seq=001959 caller=QUEST2 target=70168717 DIST                 argc=4 site=70166E1C
gcalls seq=001963 caller=QUEST2 target=70168717 DIST                 argc=4 site=70166E1C
gcalls seq=001968 caller=QUEST2 target=70168717 DIST                 argc=4 site=70166E1C
gcalls seq=001974 caller=QUEST2 target=70168717 DIST                 argc=4 site=70166E1C
gcalls seq=001978 caller=QUEST2 target=70168717 DIST                 argc=4 site=70166E1C
gcalls seq=001985 caller=QUEST2 target=70168717 DIST                 argc=4 site=70166E1C
gcalls seq=001989 caller=QUEST2 target=70168717 DIST                 argc=4 site=70166E1C
gcalls seq=001993 caller=QUEST2 target=70168717 DIST                 argc=4 site=70166E1C
gcalls seq=001998 caller=QUEST2 target=70168717 DIST                 argc=4 site=70166E1C
gcalls seq=002004 caller=QUEST2 target=70168717 DIST                 argc=4 site=70166E1C
gcalls seq=002008 caller=QUEST2 target=70168717 DIST                 argc=4 site=70166E1C
gcalls seq=002015 caller=QUEST2 target=70168717 DIST                 argc=4 site=70166E1C
gcalls seq=002019 caller=QUEST2 target=70168717 DIST                 argc=4 site=70166E1C
gcalls seq=002023 caller=QUEST2 target=70168717 DIST                 argc=4 site=70166E1C
gcalls seq=002028 caller=QUEST2 target=70168717 DIST                 argc=4 site=70166E1C
gcalls seq=002034 caller=QUEST2 target=70168717 DIST                 argc=4 site=70166E1C
gcalls seq=002038 caller=QUEST2 target=70168717 DIST                 argc=4 site=70166E1C
gcalls seq=002045 caller=QUEST2 target=70168717 DIST                 argc=4 site=70166E1C
gcalls seq=002049 caller=QUEST2 target=70168717 DIST                 argc=4 site=70166E1C
gcalls seq=002053 caller=QUEST2 target=70168717 DIST                 argc=4 site=70166E1C
gcalls seq=002065 caller=QUEST2 target=7017CD71 TERRITORY            argc=6 site=701670EE
gcalls seq=002175 caller=QUEST2 target=701674B5 DISPLAY_INVENTORY    argc=1 site=7016BD33
gcalls seq=002374 caller=QUEST2 target=7017C877 TERRAIN              argc=9 site=7015C518
gcalls seq=002375 caller=QUEST2 target=7017821F START_TURN           argc=0 site=7015C5DC
gcalls seq=002385 caller=QUEST2 target=7016AA35 GET_INPUT            argc=1 site=7017826C
gcalls seq=002408 caller=QUEST2 target=7016AA35 GET_INPUT            argc=1 site=7017826C
gcalls seq=002418 caller=QUEST2 target=70175CBF OWNS                 argc=2 site=70178537
gcalls seq=002421 caller=QUEST2 target=7017A695 STORMS_AT_SEA        argc=1 site=70178808
gcalls seq=002424 caller=QUEST2 target=7016FC67 MOVE_FAMILIAR        argc=1 site=7017880F
gcalls seq=002425 caller=QUEST2 target=70177BED SIGNAL_TURN          argc=0 site=7017883D
gcalls seq=002434 caller=QUEST2 target=70169B0F LOCK_FILE            argc=2 site=70177F0B
gcalls seq=002450 caller=QUEST2 target=70176797 REGEN_SPELLS         argc=0 site=70178865
gcalls seq=002452 caller=QUEST2 target=70166AF9 DISPLAY_SCREEN       argc=1 site=701788CE
gcalls seq=002456 caller=QUEST2 target=70168717 DIST                 argc=4 site=70166B86
gcalls seq=002460 caller=QUEST2 target=70168717 DIST                 argc=4 site=70166B86
gcalls seq=002464 caller=QUEST2 target=70168717 DIST                 argc=4 site=70166B86
gcalls seq=002471 caller=QUEST2 target=70168717 DIST                 argc=4 site=70166E1C
gcalls seq=002475 caller=QUEST2 target=70168717 DIST                 argc=4 site=70166E1C
gcalls seq=002479 caller=QUEST2 target=70168717 DIST                 argc=4 site=70166E1C
gcalls seq=002486 caller=QUEST2 target=70168717 DIST                 argc=4 site=70166E1C
gcalls seq=002490 caller=QUEST2 target=70168717 DIST                 argc=4 site=70166E1C
gcalls seq=002494 caller=QUEST2 target=70168717 DIST                 argc=4 site=70166E1C
gcalls seq=002500 caller=QUEST2 target=70168717 DIST                 argc=4 site=70166E1C
gcalls seq=002504 caller=QUEST2 target=70168717 DIST                 argc=4 site=70166E1C
gcalls seq=002509 caller=QUEST2 target=70168717 DIST                 argc=4 site=70166E1C
gcalls seq=002516 caller=QUEST2 target=70168717 DIST                 argc=4 site=70166E1C
gcalls seq=002520 caller=QUEST2 target=70168717 DIST                 argc=4 site=70166E1C
gcalls seq=002524 caller=QUEST2 target=70168717 DIST                 argc=4 site=70166E1C
gcalls seq=002531 caller=QUEST2 target=70168717 DIST                 argc=4 site=70166E1C
gcalls seq=002535 caller=QUEST2 target=70168717 DIST                 argc=4 site=70166E1C
gcalls seq=002539 caller=QUEST2 target=70168717 DIST                 argc=4 site=70166E1C
gcalls seq=002544 caller=QUEST2 target=70168717 DIST                 argc=4 site=70166E1C
gcalls seq=002550 caller=QUEST2 target=70168717 DIST                 argc=4 site=70166E1C
gcalls seq=002554 caller=QUEST2 target=70168717 DIST                 argc=4 site=70166E1C
gcalls seq=002561 caller=QUEST2 target=70168717 DIST                 argc=4 site=70166E1C
gcalls seq=002565 caller=QUEST2 target=70168717 DIST                 argc=4 site=70166E1C
gcalls seq=002569 caller=QUEST2 target=70168717 DIST                 argc=4 site=70166E1C
gcalls seq=002575 caller=QUEST2 target=70168717 DIST                 argc=4 site=70166E1C
gcalls seq=002579 caller=QUEST2 target=70168717 DIST                 argc=4 site=70166E1C
gcalls seq=002584 caller=QUEST2 target=70168717 DIST                 argc=4 site=70166E1C
gcalls seq=002591 caller=QUEST2 target=70168717 DIST                 argc=4 site=70166E1C
gcalls seq=002595 caller=QUEST2 target=70168717 DIST                 argc=4 site=70166E1C
gcalls seq=002599 caller=QUEST2 target=70168717 DIST                 argc=4 site=70166E1C
gcalls seq=002606 caller=QUEST2 target=70168717 DIST                 argc=4 site=70166E1C
gcalls seq=002610 caller=QUEST2 target=70168717 DIST                 argc=4 site=70166E1C
gcalls seq=002614 caller=QUEST2 target=70168717 DIST                 argc=4 site=70166E1C
gcalls seq=002619 caller=QUEST2 target=70168717 DIST                 argc=4 site=70166E1C
gcalls seq=002625 caller=QUEST2 target=70168717 DIST                 argc=4 site=70166E1C
gcalls seq=002629 caller=QUEST2 target=70168717 DIST                 argc=4 site=70166E1C
gcalls seq=002636 caller=QUEST2 target=70168717 DIST                 argc=4 site=70166E1C
gcalls seq=002640 caller=QUEST2 target=70168717 DIST                 argc=4 site=70166E1C
gcalls seq=002644 caller=QUEST2 target=70168717 DIST                 argc=4 site=70166E1C
gcalls seq=002649 caller=QUEST2 target=70168717 DIST                 argc=4 site=70166E1C
gcalls seq=002655 caller=QUEST2 target=70168717 DIST                 argc=4 site=70166E1C
gcalls seq=002659 caller=QUEST2 target=70168717 DIST                 argc=4 site=70166E1C
gcalls seq=002666 caller=QUEST2 target=70168717 DIST                 argc=4 site=70166E1C
gcalls seq=002670 caller=QUEST2 target=70168717 DIST                 argc=4 site=70166E1C
gcalls seq=002674 caller=QUEST2 target=70168717 DIST                 argc=4 site=70166E1C
gcalls seq=002681 caller=QUEST2 target=70168717 DIST                 argc=4 site=70166E1C
gcalls seq=002685 caller=QUEST2 target=70168717 DIST                 argc=4 site=70166E1C
gcalls seq=002689 caller=QUEST2 target=70168717 DIST                 argc=4 site=70166E1C
gcalls seq=002695 caller=QUEST2 target=70168717 DIST                 argc=4 site=70166E1C
gcalls seq=002699 caller=QUEST2 target=70168717 DIST                 argc=4 site=70166E1C
gcalls seq=002704 caller=QUEST2 target=70168717 DIST                 argc=4 site=70166E1C
gcalls seq=002711 caller=QUEST2 target=70168717 DIST                 argc=4 site=70166E1C
gcalls seq=002715 caller=QUEST2 target=70168717 DIST                 argc=4 site=70166E1C
gcalls seq=002719 caller=QUEST2 target=70168717 DIST                 argc=4 site=70166E1C
gcalls seq=002724 caller=QUEST2 target=70168717 DIST                 argc=4 site=70166E1C
gcalls seq=002730 caller=QUEST2 target=70168717 DIST                 argc=4 site=70166E1C
gcalls seq=002734 caller=QUEST2 target=70168717 DIST                 argc=4 site=70166E1C
gcalls seq=002741 caller=QUEST2 target=70168717 DIST                 argc=4 site=70166E1C
gcalls seq=002745 caller=QUEST2 target=70168717 DIST                 argc=4 site=70166E1C
gcalls seq=002749 caller=QUEST2 target=70168717 DIST                 argc=4 site=70166E1C
gcalls seq=002756 caller=QUEST2 target=70168717 DIST                 argc=4 site=70166E1C
gcalls seq=002760 caller=QUEST2 target=70168717 DIST                 argc=4 site=70166E1C
gcalls seq=002764 caller=QUEST2 target=70168717 DIST                 argc=4 site=70166E1C
gcalls seq=002771 caller=QUEST2 target=70168717 DIST                 argc=4 site=70166E1C
gcalls seq=002775 caller=QUEST2 target=70168717 DIST                 argc=4 site=70166E1C
gcalls seq=002779 caller=QUEST2 target=70168717 DIST                 argc=4 site=70166E1C
gcalls seq=002784 caller=QUEST2 target=70168717 DIST                 argc=4 site=70166E1C
gcalls seq=002790 caller=QUEST2 target=70168717 DIST                 argc=4 site=70166E1C
gcalls seq=002794 caller=QUEST2 target=70168717 DIST                 argc=4 site=70166E1C
gcalls seq=002801 caller=QUEST2 target=70168717 DIST                 argc=4 site=70166E1C
gcalls seq=002805 caller=QUEST2 target=70168717 DIST                 argc=4 site=70166E1C
gcalls seq=002809 caller=QUEST2 target=70168717 DIST                 argc=4 site=70166E1C
gcalls seq=002816 caller=QUEST2 target=70168717 DIST                 argc=4 site=70166E1C
gcalls seq=002820 caller=QUEST2 target=70168717 DIST                 argc=4 site=70166E1C
gcalls seq=002824 caller=QUEST2 target=70168717 DIST                 argc=4 site=70166E1C
gcalls seq=002830 caller=QUEST2 target=70168717 DIST                 argc=4 site=70166E1C
gcalls seq=002834 caller=QUEST2 target=70168717 DIST                 argc=4 site=70166E1C
gcalls seq=002839 caller=QUEST2 target=70168717 DIST                 argc=4 site=70166E1C
gcalls seq=002846 caller=QUEST2 target=70168717 DIST                 argc=4 site=70166E1C
gcalls seq=002850 caller=QUEST2 target=70168717 DIST                 argc=4 site=70166E1C
gcalls seq=002854 caller=QUEST2 target=70168717 DIST                 argc=4 site=70166E1C
gcalls seq=002860 caller=QUEST2 target=70168717 DIST                 argc=4 site=70166E1C
gcalls seq=002864 caller=QUEST2 target=70168717 DIST                 argc=4 site=70166E1C
gcalls seq=002869 caller=QUEST2 target=70168717 DIST                 argc=4 site=70166E1C
gcalls seq=002876 caller=QUEST2 target=70168717 DIST                 argc=4 site=70166E1C
gcalls seq=002880 caller=QUEST2 target=70168717 DIST                 argc=4 site=70166E1C
gcalls seq=002884 caller=QUEST2 target=70168717 DIST                 argc=4 site=70166E1C
gcalls seq=002889 caller=QUEST2 target=70168717 DIST                 argc=4 site=70166E1C
gcalls seq=002895 caller=QUEST2 target=70168717 DIST                 argc=4 site=70166E1C
gcalls seq=002899 caller=QUEST2 target=70168717 DIST                 argc=4 site=70166E1C
gcalls seq=002906 caller=QUEST2 target=70168717 DIST                 argc=4 site=70166E1C
gcalls seq=002910 caller=QUEST2 target=70168717 DIST                 argc=4 site=70166E1C
gcalls seq=002914 caller=QUEST2 target=70168717 DIST                 argc=4 site=70166E1C
gcalls seq=002920 caller=QUEST2 target=70168717 DIST                 argc=4 site=70166E1C
gcalls seq=002924 caller=QUEST2 target=70168717 DIST                 argc=4 site=70166E1C
gcalls seq=002929 caller=QUEST2 target=70168717 DIST                 argc=4 site=70166E1C
gcalls seq=002936 caller=QUEST2 target=70168717 DIST                 argc=4 site=70166E1C
gcalls seq=002940 caller=QUEST2 target=70168717 DIST                 argc=4 site=70166E1C
gcalls seq=002944 caller=QUEST2 target=70168717 DIST                 argc=4 site=70166E1C
gcalls seq=002951 caller=QUEST2 target=70168717 DIST                 argc=4 site=70166E1C
gcalls seq=002955 caller=QUEST2 target=70168717 DIST                 argc=4 site=70166E1C
gcalls seq=002959 caller=QUEST2 target=70168717 DIST                 argc=4 site=70166E1C
gcalls seq=002966 caller=QUEST2 target=70168717 DIST                 argc=4 site=70166E1C
gcalls seq=002970 caller=QUEST2 target=70168717 DIST                 argc=4 site=70166E1C
gcalls seq=002974 caller=QUEST2 target=70168717 DIST                 argc=4 site=70166E1C
gcalls seq=002981 caller=QUEST2 target=70168717 DIST                 argc=4 site=70166E1C
gcalls seq=002985 caller=QUEST2 target=70168717 DIST                 argc=4 site=70166E1C
gcalls seq=002989 caller=QUEST2 target=70168717 DIST                 argc=4 site=70166E1C
gcalls seq=002996 caller=QUEST2 target=70168717 DIST                 argc=4 site=70166E1C
gcalls seq=003000 caller=QUEST2 target=70168717 DIST                 argc=4 site=70166E1C
gcalls seq=003004 caller=QUEST2 target=70168717 DIST                 argc=4 site=70166E1C
gcalls seq=003010 caller=QUEST2 target=70168717 DIST                 argc=4 site=70166E1C
gcalls seq=003014 caller=QUEST2 target=70168717 DIST                 argc=4 site=70166E1C
gcalls seq=003019 caller=QUEST2 target=70168717 DIST                 argc=4 site=70166E1C
gcalls seq=003026 caller=QUEST2 target=70168717 DIST                 argc=4 site=70166E1C
gcalls seq=003030 caller=QUEST2 target=70168717 DIST                 argc=4 site=70166E1C
gcalls seq=003034 caller=QUEST2 target=70168717 DIST                 argc=4 site=70166E1C
gcalls seq=003041 caller=QUEST2 target=70168717 DIST                 argc=4 site=70166E1C
gcalls seq=003045 caller=QUEST2 target=70168717 DIST                 argc=4 site=70166E1C
gcalls seq=003049 caller=QUEST2 target=70168717 DIST                 argc=4 site=70166E1C
gcalls seq=003054 caller=QUEST2 target=70168717 DIST                 argc=4 site=70166E1C
gcalls seq=003060 caller=QUEST2 target=70168717 DIST                 argc=4 site=70166E1C
gcalls seq=003064 caller=QUEST2 target=70168717 DIST                 argc=4 site=70166E1C
gcalls seq=003071 caller=QUEST2 target=70168717 DIST                 argc=4 site=70166E1C
gcalls seq=003075 caller=QUEST2 target=70168717 DIST                 argc=4 site=70166E1C
gcalls seq=003079 caller=QUEST2 target=70168717 DIST                 argc=4 site=70166E1C
gcalls seq=003085 caller=QUEST2 target=70168717 DIST                 argc=4 site=70166E1C
gcalls seq=003089 caller=QUEST2 target=70168717 DIST                 argc=4 site=70166E1C
gcalls seq=003094 caller=QUEST2 target=70168717 DIST                 argc=4 site=70166E1C
gcalls seq=003101 caller=QUEST2 target=70168717 DIST                 argc=4 site=70166E1C
gcalls seq=003105 caller=QUEST2 target=70168717 DIST                 argc=4 site=70166E1C
gcalls seq=003109 caller=QUEST2 target=70168717 DIST                 argc=4 site=70166E1C
gcalls seq=003116 caller=QUEST2 target=70168717 DIST                 argc=4 site=70166E1C
gcalls seq=003120 caller=QUEST2 target=70168717 DIST                 argc=4 site=70166E1C
gcalls seq=003124 caller=QUEST2 target=70168717 DIST                 argc=4 site=70166E1C
gcalls seq=003129 caller=QUEST2 target=70168717 DIST                 argc=4 site=70166E1C
gcalls seq=003135 caller=QUEST2 target=70168717 DIST                 argc=4 site=70166E1C
gcalls seq=003139 caller=QUEST2 target=70168717 DIST                 argc=4 site=70166E1C
gcalls seq=003146 caller=QUEST2 target=70168717 DIST                 argc=4 site=70166E1C
gcalls seq=003150 caller=QUEST2 target=70168717 DIST                 argc=4 site=70166E1C
gcalls seq=003154 caller=QUEST2 target=70168717 DIST                 argc=4 site=70166E1C
gcalls seq=003159 caller=QUEST2 target=70168717 DIST                 argc=4 site=70166E1C
gcalls seq=003165 caller=QUEST2 target=70168717 DIST                 argc=4 site=70166E1C
gcalls seq=003169 caller=QUEST2 target=70168717 DIST                 argc=4 site=70166E1C
gcalls seq=003176 caller=QUEST2 target=70168717 DIST                 argc=4 site=70166E1C
gcalls seq=003180 caller=QUEST2 target=70168717 DIST                 argc=4 site=70166E1C
gcalls seq=003184 caller=QUEST2 target=70168717 DIST                 argc=4 site=70166E1C
gcalls seq=003190 caller=QUEST2 target=70168717 DIST                 argc=4 site=70166E1C
gcalls seq=003194 caller=QUEST2 target=70168717 DIST                 argc=4 site=70166E1C
gcalls seq=003199 caller=QUEST2 target=70168717 DIST                 argc=4 site=70166E1C
gcalls seq=003206 caller=QUEST2 target=70168717 DIST                 argc=4 site=70166E1C
gcalls seq=003210 caller=QUEST2 target=70168717 DIST                 argc=4 site=70166E1C
gcalls seq=003214 caller=QUEST2 target=70168717 DIST                 argc=4 site=70166E1C
gcalls seq=003220 caller=QUEST2 target=70168717 DIST                 argc=4 site=70166E1C
gcalls seq=003224 caller=QUEST2 target=70168717 DIST                 argc=4 site=70166E1C
gcalls seq=003229 caller=QUEST2 target=70168717 DIST                 argc=4 site=70166E1C
gcalls seq=003236 caller=QUEST2 target=70168717 DIST                 argc=4 site=70166E1C
gcalls seq=003240 caller=QUEST2 target=70168717 DIST                 argc=4 site=70166E1C
gcalls seq=003244 caller=QUEST2 target=70168717 DIST                 argc=4 site=70166E1C
gcalls seq=003251 caller=QUEST2 target=70168717 DIST                 argc=4 site=70166E1C
gcalls seq=003255 caller=QUEST2 target=70168717 DIST                 argc=4 site=70166E1C
gcalls seq=003259 caller=QUEST2 target=70168717 DIST                 argc=4 site=70166E1C
gcalls seq=003265 caller=QUEST2 target=70168717 DIST                 argc=4 site=70166E1C
gcalls seq=003269 caller=QUEST2 target=70168717 DIST                 argc=4 site=70166E1C
gcalls seq=003274 caller=QUEST2 target=70168717 DIST                 argc=4 site=70166E1C
gcalls seq=003281 caller=QUEST2 target=70168717 DIST                 argc=4 site=70166E1C
gcalls seq=003285 caller=QUEST2 target=70168717 DIST                 argc=4 site=70166E1C
gcalls seq=003289 caller=QUEST2 target=70168717 DIST                 argc=4 site=70166E1C
gcalls seq=003295 caller=QUEST2 target=70168717 DIST                 argc=4 site=70166E1C
gcalls seq=003299 caller=QUEST2 target=70168717 DIST                 argc=4 site=70166E1C
gcalls seq=003304 caller=QUEST2 target=70168717 DIST                 argc=4 site=70166E1C
gcalls seq=003311 caller=QUEST2 target=70168717 DIST                 argc=4 site=70166E1C
gcalls seq=003315 caller=QUEST2 target=70168717 DIST                 argc=4 site=70166E1C
gcalls seq=003319 caller=QUEST2 target=70168717 DIST                 argc=4 site=70166E1C
gcalls seq=003326 caller=QUEST2 target=70168717 DIST                 argc=4 site=70166E1C
gcalls seq=003330 caller=QUEST2 target=70168717 DIST                 argc=4 site=70166E1C
gcalls seq=003334 caller=QUEST2 target=70168717 DIST                 argc=4 site=70166E1C
gcalls seq=003339 caller=QUEST2 target=70168717 DIST                 argc=4 site=70166E1C
gcalls seq=003345 caller=QUEST2 target=70168717 DIST                 argc=4 site=70166E1C
gcalls seq=003349 caller=QUEST2 target=70168717 DIST                 argc=4 site=70166E1C
gcalls seq=003356 caller=QUEST2 target=70168717 DIST                 argc=4 site=70166E1C
gcalls seq=003360 caller=QUEST2 target=70168717 DIST                 argc=4 site=70166E1C
gcalls seq=003364 caller=QUEST2 target=70168717 DIST                 argc=4 site=70166E1C
gcalls seq=003370 caller=QUEST2 target=70168717 DIST                 argc=4 site=70166E1C
gcalls seq=003374 caller=QUEST2 target=70168717 DIST                 argc=4 site=70166E1C
gcalls seq=003379 caller=QUEST2 target=70168717 DIST                 argc=4 site=70166E1C
gcalls seq=003386 caller=QUEST2 target=70168717 DIST                 argc=4 site=70166E1C
gcalls seq=003390 caller=QUEST2 target=70168717 DIST                 argc=4 site=70166E1C
gcalls seq=003394 caller=QUEST2 target=70168717 DIST                 argc=4 site=70166E1C
gcalls seq=003401 caller=QUEST2 target=70168717 DIST                 argc=4 site=70166E1C
gcalls seq=003405 caller=QUEST2 target=70168717 DIST                 argc=4 site=70166E1C
gcalls seq=003409 caller=QUEST2 target=70168717 DIST                 argc=4 site=70166E1C
gcalls seq=003415 caller=QUEST2 target=70168717 DIST                 argc=4 site=70166E1C
gcalls seq=003419 caller=QUEST2 target=70168717 DIST                 argc=4 site=70166E1C
gcalls seq=003424 caller=QUEST2 target=70168717 DIST                 argc=4 site=70166E1C
gcalls seq=003431 caller=QUEST2 target=70168717 DIST                 argc=4 site=70166E1C
gcalls seq=003435 caller=QUEST2 target=70168717 DIST                 argc=4 site=70166E1C
gcalls seq=003439 caller=QUEST2 target=70168717 DIST                 argc=4 site=70166E1C
gcalls seq=003446 caller=QUEST2 target=70168717 DIST                 argc=4 site=70166E1C
gcalls seq=003450 caller=QUEST2 target=70168717 DIST                 argc=4 site=70166E1C
gcalls seq=003454 caller=QUEST2 target=70168717 DIST                 argc=4 site=70166E1C
gcalls seq=003461 caller=QUEST2 target=70168717 DIST                 argc=4 site=70166E1C
gcalls seq=003465 caller=QUEST2 target=70168717 DIST                 argc=4 site=70166E1C
gcalls seq=003469 caller=QUEST2 target=70168717 DIST                 argc=4 site=70166E1C
gcalls seq=003476 caller=QUEST2 target=70168717 DIST                 argc=4 site=70166E1C
gcalls seq=003480 caller=QUEST2 target=70168717 DIST                 argc=4 site=70166E1C
gcalls seq=003484 caller=QUEST2 target=70168717 DIST                 argc=4 site=70166E1C
gcalls seq=003489 caller=QUEST2 target=70168717 DIST                 argc=4 site=70166E1C
gcalls seq=003495 caller=QUEST2 target=70168717 DIST                 argc=4 site=70166E1C
gcalls seq=003499 caller=QUEST2 target=70168717 DIST                 argc=4 site=70166E1C
gcalls seq=003506 caller=QUEST2 target=70168717 DIST                 argc=4 site=70166E1C
gcalls seq=003510 caller=QUEST2 target=70168717 DIST                 argc=4 site=70166E1C
gcalls seq=003514 caller=QUEST2 target=70168717 DIST                 argc=4 site=70166E1C
gcalls seq=003520 caller=QUEST2 target=70168717 DIST                 argc=4 site=70166E1C
gcalls seq=003524 caller=QUEST2 target=70168717 DIST                 argc=4 site=70166E1C
gcalls seq=003529 caller=QUEST2 target=70168717 DIST                 argc=4 site=70166E1C
gcalls seq=003536 caller=QUEST2 target=70168717 DIST                 argc=4 site=70166E1C
gcalls seq=003540 caller=QUEST2 target=70168717 DIST                 argc=4 site=70166E1C
gcalls seq=003544 caller=QUEST2 target=70168717 DIST                 argc=4 site=70166E1C
gcalls seq=003551 caller=QUEST2 target=70168717 DIST                 argc=4 site=70166E1C
gcalls seq=003555 caller=QUEST2 target=70168717 DIST                 argc=4 site=70166E1C
gcalls seq=003559 caller=QUEST2 target=70168717 DIST                 argc=4 site=70166E1C
gcalls seq=003565 caller=QUEST2 target=70168717 DIST                 argc=4 site=70166E1C
gcalls seq=003569 caller=QUEST2 target=70168717 DIST                 argc=4 site=70166E1C
gcalls seq=003574 caller=QUEST2 target=70168717 DIST                 argc=4 site=70166E1C
gcalls seq=003581 caller=QUEST2 target=70168717 DIST                 argc=4 site=70166E1C
gcalls seq=003585 caller=QUEST2 target=70168717 DIST                 argc=4 site=70166E1C
gcalls seq=003589 caller=QUEST2 target=70168717 DIST                 argc=4 site=70166E1C
gcalls seq=003596 caller=QUEST2 target=70168717 DIST                 argc=4 site=70166E1C
gcalls seq=003600 caller=QUEST2 target=70168717 DIST                 argc=4 site=70166E1C
gcalls seq=003604 caller=QUEST2 target=70168717 DIST                 argc=4 site=70166E1C
gcalls seq=003609 caller=QUEST2 target=70168717 DIST                 argc=4 site=70166E1C
gcalls seq=003615 caller=QUEST2 target=70168717 DIST                 argc=4 site=70166E1C
gcalls seq=003619 caller=QUEST2 target=70168717 DIST                 argc=4 site=70166E1C
gcalls seq=003626 caller=QUEST2 target=70168717 DIST                 argc=4 site=70166E1C
gcalls seq=003630 caller=QUEST2 target=70168717 DIST                 argc=4 site=70166E1C
gcalls seq=003634 caller=QUEST2 target=70168717 DIST                 argc=4 site=70166E1C
gcalls seq=003639 caller=QUEST2 target=70168717 DIST                 argc=4 site=70166E1C
gcalls seq=003645 caller=QUEST2 target=70168717 DIST                 argc=4 site=70166E1C
gcalls seq=003649 caller=QUEST2 target=70168717 DIST                 argc=4 site=70166E1C
gcalls seq=003656 caller=QUEST2 target=70168717 DIST                 argc=4 site=70166E1C
gcalls seq=003660 caller=QUEST2 target=70168717 DIST                 argc=4 site=70166E1C
gcalls seq=003664 caller=QUEST2 target=70168717 DIST                 argc=4 site=70166E1C
gcalls seq=003670 caller=QUEST2 target=70168717 DIST                 argc=4 site=70166E1C
gcalls seq=003674 caller=QUEST2 target=70168717 DIST                 argc=4 site=70166E1C
gcalls seq=003679 caller=QUEST2 target=70168717 DIST                 argc=4 site=70166E1C
gcalls seq=003686 caller=QUEST2 target=70168717 DIST                 argc=4 site=70166E1C
gcalls seq=003690 caller=QUEST2 target=70168717 DIST                 argc=4 site=70166E1C
gcalls seq=003694 caller=QUEST2 target=70168717 DIST                 argc=4 site=70166E1C
gcalls seq=003701 caller=QUEST2 target=70168717 DIST                 argc=4 site=70166E1C
gcalls seq=003705 caller=QUEST2 target=70168717 DIST                 argc=4 site=70166E1C
gcalls seq=003709 caller=QUEST2 target=70168717 DIST                 argc=4 site=70166E1C
gcalls seq=003715 caller=QUEST2 target=70168717 DIST                 argc=4 site=70166E1C
gcalls seq=003719 caller=QUEST2 target=70168717 DIST                 argc=4 site=70166E1C
gcalls seq=003724 caller=QUEST2 target=70168717 DIST                 argc=4 site=70166E1C
gcalls seq=003731 caller=QUEST2 target=70168717 DIST                 argc=4 site=70166E1C
gcalls seq=003735 caller=QUEST2 target=70168717 DIST                 argc=4 site=70166E1C
gcalls seq=003739 caller=QUEST2 target=70168717 DIST                 argc=4 site=70166E1C
gcalls seq=003745 caller=QUEST2 target=70168717 DIST                 argc=4 site=70166E1C
gcalls seq=003749 caller=QUEST2 target=70168717 DIST                 argc=4 site=70166E1C
gcalls seq=003754 caller=QUEST2 target=70168717 DIST                 argc=4 site=70166E1C
gcalls seq=003761 caller=QUEST2 target=70168717 DIST                 argc=4 site=70166E1C
gcalls seq=003765 caller=QUEST2 target=70168717 DIST                 argc=4 site=70166E1C
gcalls seq=003769 caller=QUEST2 target=70168717 DIST                 argc=4 site=70166E1C
gcalls seq=003776 caller=QUEST2 target=70168717 DIST                 argc=4 site=70166E1C
gcalls seq=003780 caller=QUEST2 target=70168717 DIST                 argc=4 site=70166E1C
gcalls seq=003784 caller=QUEST2 target=70168717 DIST                 argc=4 site=70166E1C
gcalls seq=003791 caller=QUEST2 target=70168717 DIST                 argc=4 site=70166E1C
gcalls seq=003795 caller=QUEST2 target=70168717 DIST                 argc=4 site=70166E1C
gcalls seq=003799 caller=QUEST2 target=70168717 DIST                 argc=4 site=70166E1C
gcalls seq=003806 caller=QUEST2 target=70168717 DIST                 argc=4 site=70166E1C
gcalls seq=003810 caller=QUEST2 target=70168717 DIST                 argc=4 site=70166E1C
gcalls seq=003814 caller=QUEST2 target=70168717 DIST                 argc=4 site=70166E1C
gcalls seq=003819 caller=QUEST2 target=70168717 DIST                 argc=4 site=70166E1C
gcalls seq=003825 caller=QUEST2 target=70168717 DIST                 argc=4 site=70166E1C
gcalls seq=003829 caller=QUEST2 target=70168717 DIST                 argc=4 site=70166E1C
gcalls seq=003836 caller=QUEST2 target=70168717 DIST                 argc=4 site=70166E1C
gcalls seq=003840 caller=QUEST2 target=70168717 DIST                 argc=4 site=70166E1C
gcalls seq=003844 caller=QUEST2 target=70168717 DIST                 argc=4 site=70166E1C
gcalls seq=003851 caller=QUEST2 target=70168717 DIST                 argc=4 site=70166E1C
gcalls seq=003855 caller=QUEST2 target=70168717 DIST                 argc=4 site=70166E1C
gcalls seq=003859 caller=QUEST2 target=70168717 DIST                 argc=4 site=70166E1C
gcalls seq=003864 caller=QUEST2 target=70168717 DIST                 argc=4 site=70166E1C
gcalls seq=003870 caller=QUEST2 target=70168717 DIST                 argc=4 site=70166E1C
gcalls seq=003874 caller=QUEST2 target=70168717 DIST                 argc=4 site=70166E1C
gcalls seq=003881 caller=QUEST2 target=70168717 DIST                 argc=4 site=70166E1C
gcalls seq=003885 caller=QUEST2 target=70168717 DIST                 argc=4 site=70166E1C
gcalls seq=003889 caller=QUEST2 target=70168717 DIST                 argc=4 site=70166E1C
gcalls seq=003895 caller=QUEST2 target=70168717 DIST                 argc=4 site=70166E1C
gcalls seq=003899 caller=QUEST2 target=70168717 DIST                 argc=4 site=70166E1C
gcalls seq=003904 caller=QUEST2 target=70168717 DIST                 argc=4 site=70166E1C
gcalls seq=003911 caller=QUEST2 target=70168717 DIST                 argc=4 site=70166E1C
gcalls seq=003915 caller=QUEST2 target=70168717 DIST                 argc=4 site=70166E1C
gcalls seq=003919 caller=QUEST2 target=70168717 DIST                 argc=4 site=70166E1C
gcalls seq=003926 caller=QUEST2 target=70168717 DIST                 argc=4 site=70166E1C
gcalls seq=003930 caller=QUEST2 target=70168717 DIST                 argc=4 site=70166E1C
gcalls seq=003934 caller=QUEST2 target=70168717 DIST                 argc=4 site=70166E1C
gcalls seq=003939 caller=QUEST2 target=70168717 DIST                 argc=4 site=70166E1C
gcalls seq=003945 caller=QUEST2 target=70168717 DIST                 argc=4 site=70166E1C
gcalls seq=003949 caller=QUEST2 target=70168717 DIST                 argc=4 site=70166E1C
gcalls seq=003954 caller=QUEST2 target=7017CD71 TERRITORY            argc=6 site=701670EE
gcalls seq=004043 caller=QUEST2 target=7017D0ED TOWER_ATTACK         argc=1 site=701788EB
gcalls seq=004054 caller=QUEST2 target=70176C0B REPORT               argc=0 site=701788EF
gcalls seq=004055 caller=QUEST2 target=7017B42F THIEF                argc=1 site=701788F6
gcalls seq=004056 caller=QUEST2 target=70161CBF CATAPULT             argc=1 site=701788FD
gcalls seq=004058 caller=QUEST2 target=70165863 DEFEND               argc=0 site=7017892C
gcalls seq=004060 caller=QUEST2 target=701674B5 DISPLAY_INVENTORY    argc=1 site=701789E0
gcalls seq=004062 caller=QUEST2 target=701674B5 DISPLAY_INVENTORY    argc=1 site=70178BF9
gcalls seq=004071 caller=QUEST2 target=7016AA35 GET_INPUT            argc=1 site=70178C3B
gcalls seq=004101 caller=QUEST2 target=701674B5 DISPLAY_INVENTORY    argc=1 site=70178BF9
gcalls seq=004110 caller=QUEST2 target=7016AA35 GET_INPUT            argc=1 site=70178C3B
gcalls seq=004133 caller=QUEST2 target=7016EB87 LIST_PLAYERS         argc=0 site=70178D2B
gcalls seq=004143 caller=QUEST2 target=7016AA35 GET_INPUT            argc=1 site=7016EBAD
gcalls seq=004170 caller=QUEST2 target=7016DE91 HIT_ANY_CHAR         argc=0 site=7016F1C4
gcalls seq=004179 caller=QUEST2 target=7016AA35 GET_INPUT            argc=1 site=7016DEA9
gcalls seq=004204 caller=QUEST2 target=70176A93 REFRESH_SCREEN       argc=0 site=701789FD
gcalls seq=004293 caller=QUEST2 target=70166AF9 DISPLAY_SCREEN       argc=1 site=70178A17
gcalls seq=004294 caller=QUEST2 target=70168717 DIST                 argc=4 site=70166B86
gcalls seq=004298 caller=QUEST2 target=70168717 DIST                 argc=4 site=70166B86
gcalls seq=004302 caller=QUEST2 target=70168717 DIST                 argc=4 site=70166B86
gcalls seq=004309 caller=QUEST2 target=70168717 DIST                 argc=4 site=70166E1C
gcalls seq=004313 caller=QUEST2 target=70168717 DIST                 argc=4 site=70166E1C
gcalls seq=004317 caller=QUEST2 target=70168717 DIST                 argc=4 site=70166E1C
gcalls seq=004324 caller=QUEST2 target=70168717 DIST                 argc=4 site=70166E1C
gcalls seq=004328 caller=QUEST2 target=70168717 DIST                 argc=4 site=70166E1C
gcalls seq=004332 caller=QUEST2 target=70168717 DIST                 argc=4 site=70166E1C
gcalls seq=004337 caller=QUEST2 target=70168717 DIST                 argc=4 site=70166E1C
gcalls seq=004343 caller=QUEST2 target=70168717 DIST                 argc=4 site=70166E1C
gcalls seq=004347 caller=QUEST2 target=70168717 DIST                 argc=4 site=70166E1C
gcalls seq=004354 caller=QUEST2 target=70168717 DIST                 argc=4 site=70166E1C
gcalls seq=004358 caller=QUEST2 target=70168717 DIST                 argc=4 site=70166E1C
gcalls seq=004362 caller=QUEST2 target=70168717 DIST                 argc=4 site=70166E1C
gcalls seq=004368 caller=QUEST2 target=70168717 DIST                 argc=4 site=70166E1C
gcalls seq=004372 caller=QUEST2 target=70168717 DIST                 argc=4 site=70166E1C
gcalls seq=004377 caller=QUEST2 target=70168717 DIST                 argc=4 site=70166E1C
gcalls seq=004384 caller=QUEST2 target=70168717 DIST                 argc=4 site=70166E1C
gcalls seq=004388 caller=QUEST2 target=70168717 DIST                 argc=4 site=70166E1C
gcalls seq=004392 caller=QUEST2 target=70168717 DIST                 argc=4 site=70166E1C
gcalls seq=004399 caller=QUEST2 target=70168717 DIST                 argc=4 site=70166E1C
gcalls seq=004403 caller=QUEST2 target=70168717 DIST                 argc=4 site=70166E1C
gcalls seq=004407 caller=QUEST2 target=70168717 DIST                 argc=4 site=70166E1C
gcalls seq=004413 caller=QUEST2 target=70168717 DIST                 argc=4 site=70166E1C
gcalls seq=004417 caller=QUEST2 target=70168717 DIST                 argc=4 site=70166E1C
gcalls seq=004422 caller=QUEST2 target=70168717 DIST                 argc=4 site=70166E1C
gcalls seq=004429 caller=QUEST2 target=70168717 DIST                 argc=4 site=70166E1C
gcalls seq=004433 caller=QUEST2 target=70168717 DIST                 argc=4 site=70166E1C
gcalls seq=004437 caller=QUEST2 target=70168717 DIST                 argc=4 site=70166E1C
gcalls seq=004444 caller=QUEST2 target=70168717 DIST                 argc=4 site=70166E1C
gcalls seq=004448 caller=QUEST2 target=70168717 DIST                 argc=4 site=70166E1C
gcalls seq=004452 caller=QUEST2 target=70168717 DIST                 argc=4 site=70166E1C
gcalls seq=004457 caller=QUEST2 target=70168717 DIST                 argc=4 site=70166E1C
gcalls seq=004463 caller=QUEST2 target=70168717 DIST                 argc=4 site=70166E1C
gcalls seq=004467 caller=QUEST2 target=70168717 DIST                 argc=4 site=70166E1C
gcalls seq=004474 caller=QUEST2 target=70168717 DIST                 argc=4 site=70166E1C
gcalls seq=004478 caller=QUEST2 target=70168717 DIST                 argc=4 site=70166E1C
gcalls seq=004482 caller=QUEST2 target=70168717 DIST                 argc=4 site=70166E1C
gcalls seq=004489 caller=QUEST2 target=70168717 DIST                 argc=4 site=70166E1C
gcalls seq=004493 caller=QUEST2 target=70168717 DIST                 argc=4 site=70166E1C
gcalls seq=004497 caller=QUEST2 target=70168717 DIST                 argc=4 site=70166E1C
gcalls seq=004503 caller=QUEST2 target=70168717 DIST                 argc=4 site=70166E1C
gcalls seq=004507 caller=QUEST2 target=70168717 DIST                 argc=4 site=70166E1C
gcalls seq=004512 caller=QUEST2 target=70168717 DIST                 argc=4 site=70166E1C
gcalls seq=004519 caller=QUEST2 target=70168717 DIST                 argc=4 site=70166E1C
gcalls seq=004523 caller=QUEST2 target=70168717 DIST                 argc=4 site=70166E1C
gcalls seq=004527 caller=QUEST2 target=70168717 DIST                 argc=4 site=70166E1C
gcalls seq=004533 caller=QUEST2 target=70168717 DIST                 argc=4 site=70166E1C
gcalls seq=004537 caller=QUEST2 target=70168717 DIST                 argc=4 site=70166E1C
gcalls seq=004542 caller=QUEST2 target=70168717 DIST                 argc=4 site=70166E1C
gcalls seq=004549 caller=QUEST2 target=70168717 DIST                 argc=4 site=70166E1C
gcalls seq=004553 caller=QUEST2 target=70168717 DIST                 argc=4 site=70166E1C
gcalls seq=004557 caller=QUEST2 target=70168717 DIST                 argc=4 site=70166E1C
gcalls seq=004564 caller=QUEST2 target=70168717 DIST                 argc=4 site=70166E1C
gcalls seq=004568 caller=QUEST2 target=70168717 DIST                 argc=4 site=70166E1C
gcalls seq=004572 caller=QUEST2 target=70168717 DIST                 argc=4 site=70166E1C
gcalls seq=004578 caller=QUEST2 target=70168717 DIST                 argc=4 site=70166E1C
gcalls seq=004582 caller=QUEST2 target=70168717 DIST                 argc=4 site=70166E1C
gcalls seq=004587 caller=QUEST2 target=70168717 DIST                 argc=4 site=70166E1C
gcalls seq=004594 caller=QUEST2 target=70168717 DIST                 argc=4 site=70166E1C
gcalls seq=004598 caller=QUEST2 target=70168717 DIST                 argc=4 site=70166E1C
gcalls seq=004602 caller=QUEST2 target=70168717 DIST                 argc=4 site=70166E1C
gcalls seq=004609 caller=QUEST2 target=70168717 DIST                 argc=4 site=70166E1C
gcalls seq=004613 caller=QUEST2 target=70168717 DIST                 argc=4 site=70166E1C
gcalls seq=004617 caller=QUEST2 target=70168717 DIST                 argc=4 site=70166E1C
gcalls seq=004622 caller=QUEST2 target=70168717 DIST                 argc=4 site=70166E1C
gcalls seq=004628 caller=QUEST2 target=70168717 DIST                 argc=4 site=70166E1C
gcalls seq=004632 caller=QUEST2 target=70168717 DIST                 argc=4 site=70166E1C
gcalls seq=004639 caller=QUEST2 target=70168717 DIST                 argc=4 site=70166E1C
gcalls seq=004643 caller=QUEST2 target=70168717 DIST                 argc=4 site=70166E1C
gcalls seq=004647 caller=QUEST2 target=70168717 DIST                 argc=4 site=70166E1C
gcalls seq=004654 caller=QUEST2 target=70168717 DIST                 argc=4 site=70166E1C
gcalls seq=004658 caller=QUEST2 target=70168717 DIST                 argc=4 site=70166E1C
gcalls seq=004662 caller=QUEST2 target=70168717 DIST                 argc=4 site=70166E1C
gcalls seq=004668 caller=QUEST2 target=70168717 DIST                 argc=4 site=70166E1C
gcalls seq=004672 caller=QUEST2 target=70168717 DIST                 argc=4 site=70166E1C
gcalls seq=004677 caller=QUEST2 target=70168717 DIST                 argc=4 site=70166E1C
gcalls seq=004684 caller=QUEST2 target=70168717 DIST                 argc=4 site=70166E1C
gcalls seq=004688 caller=QUEST2 target=70168717 DIST                 argc=4 site=70166E1C
gcalls seq=004692 caller=QUEST2 target=70168717 DIST                 argc=4 site=70166E1C
gcalls seq=004697 caller=QUEST2 target=70168717 DIST                 argc=4 site=70166E1C
gcalls seq=004703 caller=QUEST2 target=70168717 DIST                 argc=4 site=70166E1C
gcalls seq=004707 caller=QUEST2 target=70168717 DIST                 argc=4 site=70166E1C
gcalls seq=004714 caller=QUEST2 target=70168717 DIST                 argc=4 site=70166E1C
gcalls seq=004718 caller=QUEST2 target=70168717 DIST                 argc=4 site=70166E1C
gcalls seq=004722 caller=QUEST2 target=70168717 DIST                 argc=4 site=70166E1C
gcalls seq=004729 caller=QUEST2 target=70168717 DIST                 argc=4 site=70166E1C
gcalls seq=004733 caller=QUEST2 target=70168717 DIST                 argc=4 site=70166E1C
gcalls seq=004737 caller=QUEST2 target=70168717 DIST                 argc=4 site=70166E1C
gcalls seq=004744 caller=QUEST2 target=70168717 DIST                 argc=4 site=70166E1C
gcalls seq=004748 caller=QUEST2 target=70168717 DIST                 argc=4 site=70166E1C
gcalls seq=004752 caller=QUEST2 target=70168717 DIST                 argc=4 site=70166E1C
gcalls seq=004758 caller=QUEST2 target=70168717 DIST                 argc=4 site=70166E1C
gcalls seq=004762 caller=QUEST2 target=70168717 DIST                 argc=4 site=70166E1C
gcalls seq=004767 caller=QUEST2 target=70168717 DIST                 argc=4 site=70166E1C
gcalls seq=004774 caller=QUEST2 target=70168717 DIST                 argc=4 site=70166E1C
gcalls seq=004778 caller=QUEST2 target=70168717 DIST                 argc=4 site=70166E1C
gcalls seq=004782 caller=QUEST2 target=70168717 DIST                 argc=4 site=70166E1C
gcalls seq=004789 caller=QUEST2 target=70168717 DIST                 argc=4 site=70166E1C
gcalls seq=004793 caller=QUEST2 target=70168717 DIST                 argc=4 site=70166E1C
gcalls seq=004797 caller=QUEST2 target=70168717 DIST                 argc=4 site=70166E1C
gcalls seq=004804 caller=QUEST2 target=70168717 DIST                 argc=4 site=70166E1C
gcalls seq=004808 caller=QUEST2 target=70168717 DIST                 argc=4 site=70166E1C
gcalls seq=004812 caller=QUEST2 target=70168717 DIST                 argc=4 site=70166E1C
gcalls seq=004818 caller=QUEST2 target=70168717 DIST                 argc=4 site=70166E1C
gcalls seq=004822 caller=QUEST2 target=70168717 DIST                 argc=4 site=70166E1C
gcalls seq=004827 caller=QUEST2 target=70168717 DIST                 argc=4 site=70166E1C
gcalls seq=004834 caller=QUEST2 target=70168717 DIST                 argc=4 site=70166E1C
gcalls seq=004838 caller=QUEST2 target=70168717 DIST                 argc=4 site=70166E1C
gcalls seq=004842 caller=QUEST2 target=70168717 DIST                 argc=4 site=70166E1C
gcalls seq=004847 caller=QUEST2 target=70168717 DIST                 argc=4 site=70166E1C
gcalls seq=004853 caller=QUEST2 target=70168717 DIST                 argc=4 site=70166E1C
gcalls seq=004857 caller=QUEST2 target=70168717 DIST                 argc=4 site=70166E1C
gcalls seq=004864 caller=QUEST2 target=70168717 DIST                 argc=4 site=70166E1C
gcalls seq=004868 caller=QUEST2 target=70168717 DIST                 argc=4 site=70166E1C
gcalls seq=004872 caller=QUEST2 target=70168717 DIST                 argc=4 site=70166E1C
gcalls seq=004879 caller=QUEST2 target=70168717 DIST                 argc=4 site=70166E1C
gcalls seq=004883 caller=QUEST2 target=70168717 DIST                 argc=4 site=70166E1C
gcalls seq=004887 caller=QUEST2 target=70168717 DIST                 argc=4 site=70166E1C
gcalls seq=004892 caller=QUEST2 target=70168717 DIST                 argc=4 site=70166E1C
gcalls seq=004898 caller=QUEST2 target=70168717 DIST                 argc=4 site=70166E1C
gcalls seq=004902 caller=QUEST2 target=70168717 DIST                 argc=4 site=70166E1C
gcalls seq=004909 caller=QUEST2 target=70168717 DIST                 argc=4 site=70166E1C
gcalls seq=004913 caller=QUEST2 target=70168717 DIST                 argc=4 site=70166E1C
gcalls seq=004917 caller=QUEST2 target=70168717 DIST                 argc=4 site=70166E1C
gcalls seq=004923 caller=QUEST2 target=70168717 DIST                 argc=4 site=70166E1C
gcalls seq=004927 caller=QUEST2 target=70168717 DIST                 argc=4 site=70166E1C
gcalls seq=004932 caller=QUEST2 target=70168717 DIST                 argc=4 site=70166E1C
gcalls seq=004939 caller=QUEST2 target=70168717 DIST                 argc=4 site=70166E1C
gcalls seq=004943 caller=QUEST2 target=70168717 DIST                 argc=4 site=70166E1C
gcalls seq=004947 caller=QUEST2 target=70168717 DIST                 argc=4 site=70166E1C
gcalls seq=004954 caller=QUEST2 target=70168717 DIST                 argc=4 site=70166E1C
gcalls seq=004958 caller=QUEST2 target=70168717 DIST                 argc=4 site=70166E1C
gcalls seq=004962 caller=QUEST2 target=70168717 DIST                 argc=4 site=70166E1C
gcalls seq=004969 caller=QUEST2 target=70168717 DIST                 argc=4 site=70166E1C
gcalls seq=004973 caller=QUEST2 target=70168717 DIST                 argc=4 site=70166E1C
gcalls seq=004977 caller=QUEST2 target=70168717 DIST                 argc=4 site=70166E1C
gcalls seq=004984 caller=QUEST2 target=70168717 DIST                 argc=4 site=70166E1C
gcalls seq=004988 caller=QUEST2 target=70168717 DIST                 argc=4 site=70166E1C
gcalls seq=004992 caller=QUEST2 target=70168717 DIST                 argc=4 site=70166E1C
gcalls seq=004999 caller=QUEST2 target=70168717 DIST                 argc=4 site=70166E1C
gcalls seq=005003 caller=QUEST2 target=70168717 DIST                 argc=4 site=70166E1C
gcalls seq=005007 caller=QUEST2 target=70168717 DIST                 argc=4 site=70166E1C
gcalls seq=005014 caller=QUEST2 target=70168717 DIST                 argc=4 site=70166E1C
gcalls seq=005018 caller=QUEST2 target=70168717 DIST                 argc=4 site=70166E1C
gcalls seq=005022 caller=QUEST2 target=70168717 DIST                 argc=4 site=70166E1C
gcalls seq=005028 caller=QUEST2 target=70168717 DIST                 argc=4 site=70166E1C
gcalls seq=005032 caller=QUEST2 target=70168717 DIST                 argc=4 site=70166E1C
gcalls seq=005037 caller=QUEST2 target=70168717 DIST                 argc=4 site=70166E1C
gcalls seq=005044 caller=QUEST2 target=70168717 DIST                 argc=4 site=70166E1C
gcalls seq=005048 caller=QUEST2 target=70168717 DIST                 argc=4 site=70166E1C
gcalls seq=005052 caller=QUEST2 target=70168717 DIST                 argc=4 site=70166E1C
gcalls seq=005058 caller=QUEST2 target=70168717 DIST                 argc=4 site=70166E1C
gcalls seq=005062 caller=QUEST2 target=70168717 DIST                 argc=4 site=70166E1C
gcalls seq=005067 caller=QUEST2 target=70168717 DIST                 argc=4 site=70166E1C
gcalls seq=005074 caller=QUEST2 target=70168717 DIST                 argc=4 site=70166E1C
gcalls seq=005078 caller=QUEST2 target=70168717 DIST                 argc=4 site=70166E1C
gcalls seq=005082 caller=QUEST2 target=70168717 DIST                 argc=4 site=70166E1C
gcalls seq=005089 caller=QUEST2 target=70168717 DIST                 argc=4 site=70166E1C
gcalls seq=005093 caller=QUEST2 target=70168717 DIST                 argc=4 site=70166E1C
gcalls seq=005097 caller=QUEST2 target=70168717 DIST                 argc=4 site=70166E1C
gcalls seq=005102 caller=QUEST2 target=70168717 DIST                 argc=4 site=70166E1C
gcalls seq=005108 caller=QUEST2 target=70168717 DIST                 argc=4 site=70166E1C
gcalls seq=005112 caller=QUEST2 target=70168717 DIST                 argc=4 site=70166E1C
gcalls seq=005119 caller=QUEST2 target=70168717 DIST                 argc=4 site=70166E1C
gcalls seq=005123 caller=QUEST2 target=70168717 DIST                 argc=4 site=70166E1C
gcalls seq=005127 caller=QUEST2 target=70168717 DIST                 argc=4 site=70166E1C
gcalls seq=005132 caller=QUEST2 target=70168717 DIST                 argc=4 site=70166E1C
gcalls seq=005138 caller=QUEST2 target=70168717 DIST                 argc=4 site=70166E1C
gcalls seq=005142 caller=QUEST2 target=70168717 DIST                 argc=4 site=70166E1C
gcalls seq=005149 caller=QUEST2 target=70168717 DIST                 argc=4 site=70166E1C
gcalls seq=005153 caller=QUEST2 target=70168717 DIST                 argc=4 site=70166E1C
gcalls seq=005157 caller=QUEST2 target=70168717 DIST                 argc=4 site=70166E1C
gcalls seq=005164 caller=QUEST2 target=70168717 DIST                 argc=4 site=70166E1C
gcalls seq=005168 caller=QUEST2 target=70168717 DIST                 argc=4 site=70166E1C
gcalls seq=005172 caller=QUEST2 target=70168717 DIST                 argc=4 site=70166E1C
gcalls seq=005177 caller=QUEST2 target=70168717 DIST                 argc=4 site=70166E1C
gcalls seq=005183 caller=QUEST2 target=70168717 DIST                 argc=4 site=70166E1C
gcalls seq=005187 caller=QUEST2 target=70168717 DIST                 argc=4 site=70166E1C
gcalls seq=005194 caller=QUEST2 target=70168717 DIST                 argc=4 site=70166E1C
gcalls seq=005198 caller=QUEST2 target=70168717 DIST                 argc=4 site=70166E1C
gcalls seq=005202 caller=QUEST2 target=70168717 DIST                 argc=4 site=70166E1C
gcalls seq=005208 caller=QUEST2 target=70168717 DIST                 argc=4 site=70166E1C
gcalls seq=005212 caller=QUEST2 target=70168717 DIST                 argc=4 site=70166E1C
gcalls seq=005217 caller=QUEST2 target=70168717 DIST                 argc=4 site=70166E1C
gcalls seq=005224 caller=QUEST2 target=70168717 DIST                 argc=4 site=70166E1C
gcalls seq=005228 caller=QUEST2 target=70168717 DIST                 argc=4 site=70166E1C
gcalls seq=005232 caller=QUEST2 target=70168717 DIST                 argc=4 site=70166E1C
gcalls seq=005239 caller=QUEST2 target=70168717 DIST                 argc=4 site=70166E1C
gcalls seq=005243 caller=QUEST2 target=70168717 DIST                 argc=4 site=70166E1C
gcalls seq=005247 caller=QUEST2 target=70168717 DIST                 argc=4 site=70166E1C
gcalls seq=005252 caller=QUEST2 target=70168717 DIST                 argc=4 site=70166E1C
gcalls seq=005258 caller=QUEST2 target=70168717 DIST                 argc=4 site=70166E1C
gcalls seq=005262 caller=QUEST2 target=70168717 DIST                 argc=4 site=70166E1C
gcalls seq=005269 caller=QUEST2 target=70168717 DIST                 argc=4 site=70166E1C
gcalls seq=005273 caller=QUEST2 target=70168717 DIST                 argc=4 site=70166E1C
gcalls seq=005277 caller=QUEST2 target=70168717 DIST                 argc=4 site=70166E1C
gcalls seq=005283 caller=QUEST2 target=70168717 DIST                 argc=4 site=70166E1C
gcalls seq=005287 caller=QUEST2 target=70168717 DIST                 argc=4 site=70166E1C
gcalls seq=005292 caller=QUEST2 target=70168717 DIST                 argc=4 site=70166E1C
gcalls seq=005299 caller=QUEST2 target=70168717 DIST                 argc=4 site=70166E1C
gcalls seq=005303 caller=QUEST2 target=70168717 DIST                 argc=4 site=70166E1C
gcalls seq=005307 caller=QUEST2 target=70168717 DIST                 argc=4 site=70166E1C
gcalls seq=005314 caller=QUEST2 target=70168717 DIST                 argc=4 site=70166E1C
gcalls seq=005318 caller=QUEST2 target=70168717 DIST                 argc=4 site=70166E1C
gcalls seq=005322 caller=QUEST2 target=70168717 DIST                 argc=4 site=70166E1C
gcalls seq=005327 caller=QUEST2 target=70168717 DIST                 argc=4 site=70166E1C
gcalls seq=005333 caller=QUEST2 target=70168717 DIST                 argc=4 site=70166E1C
gcalls seq=005337 caller=QUEST2 target=70168717 DIST                 argc=4 site=70166E1C
gcalls seq=005344 caller=QUEST2 target=70168717 DIST                 argc=4 site=70166E1C
gcalls seq=005348 caller=QUEST2 target=70168717 DIST                 argc=4 site=70166E1C
gcalls seq=005352 caller=QUEST2 target=70168717 DIST                 argc=4 site=70166E1C
gcalls seq=005358 caller=QUEST2 target=70168717 DIST                 argc=4 site=70166E1C
gcalls seq=005362 caller=QUEST2 target=70168717 DIST                 argc=4 site=70166E1C
gcalls seq=005367 caller=QUEST2 target=70168717 DIST                 argc=4 site=70166E1C
gcalls seq=005374 caller=QUEST2 target=70168717 DIST                 argc=4 site=70166E1C
gcalls seq=005378 caller=QUEST2 target=70168717 DIST                 argc=4 site=70166E1C
gcalls seq=005382 caller=QUEST2 target=70168717 DIST                 argc=4 site=70166E1C
gcalls seq=005389 caller=QUEST2 target=70168717 DIST                 argc=4 site=70166E1C
gcalls seq=005393 caller=QUEST2 target=70168717 DIST                 argc=4 site=70166E1C
gcalls seq=005397 caller=QUEST2 target=70168717 DIST                 argc=4 site=70166E1C
gcalls seq=005402 caller=QUEST2 target=70168717 DIST                 argc=4 site=70166E1C
gcalls seq=005408 caller=QUEST2 target=70168717 DIST                 argc=4 site=70166E1C
gcalls seq=005412 caller=QUEST2 target=70168717 DIST                 argc=4 site=70166E1C
gcalls seq=005419 caller=QUEST2 target=70168717 DIST                 argc=4 site=70166E1C
gcalls seq=005423 caller=QUEST2 target=70168717 DIST                 argc=4 site=70166E1C
gcalls seq=005427 caller=QUEST2 target=70168717 DIST                 argc=4 site=70166E1C
gcalls seq=005433 caller=QUEST2 target=70168717 DIST                 argc=4 site=70166E1C
gcalls seq=005437 caller=QUEST2 target=70168717 DIST                 argc=4 site=70166E1C
gcalls seq=005442 caller=QUEST2 target=70168717 DIST                 argc=4 site=70166E1C
gcalls seq=005449 caller=QUEST2 target=70168717 DIST                 argc=4 site=70166E1C
gcalls seq=005453 caller=QUEST2 target=70168717 DIST                 argc=4 site=70166E1C
gcalls seq=005457 caller=QUEST2 target=70168717 DIST                 argc=4 site=70166E1C
gcalls seq=005464 caller=QUEST2 target=70168717 DIST                 argc=4 site=70166E1C
gcalls seq=005468 caller=QUEST2 target=70168717 DIST                 argc=4 site=70166E1C
gcalls seq=005472 caller=QUEST2 target=70168717 DIST                 argc=4 site=70166E1C
gcalls seq=005477 caller=QUEST2 target=70168717 DIST                 argc=4 site=70166E1C
gcalls seq=005483 caller=QUEST2 target=70168717 DIST                 argc=4 site=70166E1C
gcalls seq=005487 caller=QUEST2 target=70168717 DIST                 argc=4 site=70166E1C
gcalls seq=005494 caller=QUEST2 target=70168717 DIST                 argc=4 site=70166E1C
gcalls seq=005498 caller=QUEST2 target=70168717 DIST                 argc=4 site=70166E1C
gcalls seq=005502 caller=QUEST2 target=70168717 DIST                 argc=4 site=70166E1C
gcalls seq=005508 caller=QUEST2 target=70168717 DIST                 argc=4 site=70166E1C
gcalls seq=005512 caller=QUEST2 target=70168717 DIST                 argc=4 site=70166E1C
gcalls seq=005517 caller=QUEST2 target=70168717 DIST                 argc=4 site=70166E1C
gcalls seq=005524 caller=QUEST2 target=70168717 DIST                 argc=4 site=70166E1C
gcalls seq=005528 caller=QUEST2 target=70168717 DIST                 argc=4 site=70166E1C
gcalls seq=005532 caller=QUEST2 target=70168717 DIST                 argc=4 site=70166E1C
gcalls seq=005539 caller=QUEST2 target=70168717 DIST                 argc=4 site=70166E1C
gcalls seq=005543 caller=QUEST2 target=70168717 DIST                 argc=4 site=70166E1C
gcalls seq=005547 caller=QUEST2 target=70168717 DIST                 argc=4 site=70166E1C
gcalls seq=005552 caller=QUEST2 target=70168717 DIST                 argc=4 site=70166E1C
gcalls seq=005558 caller=QUEST2 target=70168717 DIST                 argc=4 site=70166E1C
gcalls seq=005562 caller=QUEST2 target=70168717 DIST                 argc=4 site=70166E1C
gcalls seq=005569 caller=QUEST2 target=70168717 DIST                 argc=4 site=70166E1C
gcalls seq=005573 caller=QUEST2 target=70168717 DIST                 argc=4 site=70166E1C
gcalls seq=005577 caller=QUEST2 target=70168717 DIST                 argc=4 site=70166E1C
gcalls seq=005582 caller=QUEST2 target=70168717 DIST                 argc=4 site=70166E1C
gcalls seq=005588 caller=QUEST2 target=70168717 DIST                 argc=4 site=70166E1C
gcalls seq=005592 caller=QUEST2 target=70168717 DIST                 argc=4 site=70166E1C
gcalls seq=005599 caller=QUEST2 target=70168717 DIST                 argc=4 site=70166E1C
gcalls seq=005603 caller=QUEST2 target=70168717 DIST                 argc=4 site=70166E1C
gcalls seq=005607 caller=QUEST2 target=70168717 DIST                 argc=4 site=70166E1C
gcalls seq=005614 caller=QUEST2 target=70168717 DIST                 argc=4 site=70166E1C
gcalls seq=005618 caller=QUEST2 target=70168717 DIST                 argc=4 site=70166E1C
gcalls seq=005622 caller=QUEST2 target=70168717 DIST                 argc=4 site=70166E1C
gcalls seq=005629 caller=QUEST2 target=70168717 DIST                 argc=4 site=70166E1C
gcalls seq=005633 caller=QUEST2 target=70168717 DIST                 argc=4 site=70166E1C
gcalls seq=005637 caller=QUEST2 target=70168717 DIST                 argc=4 site=70166E1C
gcalls seq=005644 caller=QUEST2 target=70168717 DIST                 argc=4 site=70166E1C
gcalls seq=005648 caller=QUEST2 target=70168717 DIST                 argc=4 site=70166E1C
gcalls seq=005652 caller=QUEST2 target=70168717 DIST                 argc=4 site=70166E1C
gcalls seq=005657 caller=QUEST2 target=70168717 DIST                 argc=4 site=70166E1C
gcalls seq=005663 caller=QUEST2 target=70168717 DIST                 argc=4 site=70166E1C
gcalls seq=005667 caller=QUEST2 target=70168717 DIST                 argc=4 site=70166E1C
gcalls seq=005674 caller=QUEST2 target=70168717 DIST                 argc=4 site=70166E1C
gcalls seq=005678 caller=QUEST2 target=70168717 DIST                 argc=4 site=70166E1C
gcalls seq=005682 caller=QUEST2 target=70168717 DIST                 argc=4 site=70166E1C
gcalls seq=005688 caller=QUEST2 target=70168717 DIST                 argc=4 site=70166E1C
gcalls seq=005692 caller=QUEST2 target=70168717 DIST                 argc=4 site=70166E1C
gcalls seq=005697 caller=QUEST2 target=70168717 DIST                 argc=4 site=70166E1C
gcalls seq=005704 caller=QUEST2 target=70168717 DIST                 argc=4 site=70166E1C
gcalls seq=005708 caller=QUEST2 target=70168717 DIST                 argc=4 site=70166E1C
gcalls seq=005712 caller=QUEST2 target=70168717 DIST                 argc=4 site=70166E1C
gcalls seq=005719 caller=QUEST2 target=70168717 DIST                 argc=4 site=70166E1C
gcalls seq=005723 caller=QUEST2 target=70168717 DIST                 argc=4 site=70166E1C
gcalls seq=005727 caller=QUEST2 target=70168717 DIST                 argc=4 site=70166E1C
gcalls seq=005732 caller=QUEST2 target=70168717 DIST                 argc=4 site=70166E1C
gcalls seq=005738 caller=QUEST2 target=70168717 DIST                 argc=4 site=70166E1C
gcalls seq=005742 caller=QUEST2 target=70168717 DIST                 argc=4 site=70166E1C
gcalls seq=005749 caller=QUEST2 target=70168717 DIST                 argc=4 site=70166E1C
gcalls seq=005753 caller=QUEST2 target=70168717 DIST                 argc=4 site=70166E1C
gcalls seq=005757 caller=QUEST2 target=70168717 DIST                 argc=4 site=70166E1C
gcalls seq=005764 caller=QUEST2 target=70168717 DIST                 argc=4 site=70166E1C
gcalls seq=005768 caller=QUEST2 target=70168717 DIST                 argc=4 site=70166E1C
gcalls seq=005772 caller=QUEST2 target=70168717 DIST                 argc=4 site=70166E1C
gcalls seq=005777 caller=QUEST2 target=70168717 DIST                 argc=4 site=70166E1C
gcalls seq=005783 caller=QUEST2 target=70168717 DIST                 argc=4 site=70166E1C
gcalls seq=005787 caller=QUEST2 target=70168717 DIST                 argc=4 site=70166E1C
gcalls seq=005799 caller=QUEST2 target=7017CD71 TERRITORY            argc=6 site=701670EE
gcalls seq=005909 caller=QUEST2 target=701674B5 DISPLAY_INVENTORY    argc=1 site=70178BF9
gcalls seq=006114 caller=QUEST2 target=7016AA35 GET_INPUT            argc=1 site=70178C3B
