== Task 046 P32 append chains battery (JOBS=3) ==
inj: armed-pc block drops=1 (want 1)
abort: armed-pc block drops=1 (want 1)
inj-emu: armed-pc block drops=0 (want 0)
abort-emu: armed-pc block drops=0 (want 0)
-- carry-consumer-site block coverage (CarryCensus.md; book/stock legs) --
70160E64:2 70160E65:2 70160E73:2 70160E74:2 7016E75B:0 7016E75C:0 7016E76A:0 7016E76B:0 7015E701:0 701644C5:0 70168107:0 7016A5E5:0 7016B852:0 7016DB9A:0 7016DCD0:0 7016DCEF:0 70171734:0 70171984:0 70171E2B:0 7017200B:0 701723F2:0 701727AB:0 70177336:0 701785C8:0 7017860D:0 70178738:0 70179BFC:0 70169B56:8 
-- P27 DERR cluster compression (docs/Project27/Census.md; ruling F1=A, F2-a) --
derr_embeds_remaining=2 (want 2: the LDSP-fed sinks 701604D4 7016D707, verified terminal pairs — P28 A1)
asserts=2273 (want 2273 = 2271 P27 folds, artifact lists 2271, + 2 LDSP range asserts)  unfoldable=2
synclist_delisted=4499 (want 4499)  synclist_entries=13510 (want 13510)
-- P28 rt_call decoration (docs/Project28/Census.md; rulings F1 terminator, F2 argc-set, LDSP A1) --
embeds_book=729 (want 729 = 1673 - 944)  embeds_stock=2608 (want 2608 = 3552 - 944)  rt_call_book=987 rt_call_stock=987 (want 987/987)
rt_sites ledger: emitted=987 refused=0 (want 987/0)
leftover_embeds_book (LNDO/LDSP/RT pushes/Nova loads) = 0 (want 0)
rt_call coverage (all IR legs): 93/987 sites executed; by callee: ?WRITE_SCREEN 61/723  ?RANDOM_NUMBER 6/111  ?UNSIGNED_TO_CHAR 8/89  ?DELAY 0/18  ?READ 1/11  ?CHAR_TO_UNSIGNED 1/10  ?OPEN_FILE 3/6  ?CLOSE_FILE 1/4  ?OPEN_SHARED_IO_FILE 3/3  ?GET_SHARED_PAGE 3/3  ?WRITE 0/2  ?CREATE_TASK 1/1  ?AWAIT_CONSOLE_INTERRUPT 1/1  ?LOOKUP_PORT 1/1  ?LIB_ERROR_CODE 0/1  ?CONNECT 1/1  ?CURRENT_PID 1/1  ?READ_SCREEN 1/1
rt_call live: WRITE_SCREEN=61 RANDOM_NUMBER=6 (want both > 0) OK
-- P31 located strings + P32 append chains (docs/Project31/Census.md §11 correction; docs/Project32/Census.md) --
string_statements: book=1593 stock=1593 (want 1593/1593 = 649 P31 + 944 P32); literal assignments=857 (want 857 = 534 + 323) cmp=40 (want 40 = 31 + 9) words=12 (want 12)
strings ledger: lower.py emitted=1593 refused=0; census EMIT p31=649/127 p32=944/0 (want 1593/0; 649/127; 944/0); same pc set=yes same text=yes
synclist_entries=13510 (want 13510: unchanged by P31/P32)
literal_mismatches=0 (want 0)
string statement coverage (distinct statements, all IR legs): total 135; assign_fixed 61  assign_varying 57  cmp 12  words 5
  play     assign_varying=51 assign_fixed=54 cmp=12 words=4
  play-st  assign_varying=51 assign_fixed=54 cmp=12 words=4
  k1fo     assign_varying=46 assign_fixed=47 cmp=10 words=5
  fo       assign_varying=46 assign_fixed=51 cmp=11 words=5
  fo-st    assign_varying=46 assign_fixed=47 cmp=9 words=5
string statements live in play/play-st: assign_varying, cmp, words all > 0: OK
P32 site coverage (block first-executed in any IR leg): by slice 4: 38/677  5: 19/134  6: 15/133; by form expr 35/448  mixed 31/415  register 6/81
P32: slices 4/5/6 live (want all > 0): True; HELP chain block 7016D5E3 live in play/play-st: {'play': False, 'play-st': False} -> FAIL
-- P28 leftover block coverage (LNDO 7015C0C5; LDSP 701604C4 7016D702; Nova SKP 7015BE37 7015BE59 70175F31 7017609C 70176102 7017D7BC) --
7015C0C5:0 701604C4:0 7016D702:0 7015BE37:0 7015BE59:0 70175F31:0 7017609C:0 70176102:0 7017D7BC:0 
derr: poke_fired=2 (want 2: both roles)  clone_assert_at_7015C48E=2 (want 1)  master_DERR.TRP_frame=1 (want >=1)  start_turn_tripwire=0 (want 0)
derr: master_end=
derr-emu: poke_fired=2 (want 2)  terminal_abort_at_DERR.TRP=1 (want 1)  (top stack wides: 00000011 7015C48E — for DERR.TRP: number, faulting pc)
-- P26 newly-lowered mnemonic coverage (book+stock legs; regression reference) --
P26 newly-lowered mnemonic coverage (blocks live/blocks carrying, 2112 live blocks):
  WMUL 274/1805  LWADD 235/1528  XJMP 126/1160  LDAFP 113/1053  WNADI 153/735  MOV.L# 131/669  WADC 78/646  WSEQI 103/615  WSNEI 87/415  WSZB 106/361  CVWN 24/216  WSEQ 65/202  WCOM 37/200  WSGE 59/185  XNDO 44/176  MOV.# 39/172  WINC 26/164  WSLE 39/149  XWADD 14/143  WBTO 21/140  WSNE 15/115  WBTZ 20/106  WSLEI 25/97  WSGTI 30/96  WDIV 11/87  NADI 5/85  ADD.O# 25/81  XNSUB 9/81  WIOR 23/78  WAND 17/72  WADI 14/72  XNADI 8/69  XNADD 3/69  NSBI 12/65  NADDI 5/58  WSGT 12/58  XWMUL 2/45  WLSI 6/43  WPSH 10/39  COM.# 2/32  XWDO 3/30  WSLT 10/28  XNSBI 2/26  NSUB 7/26  NNEG 0/25  SEX 2/23  LDASP 5/22  NMUL 6/21  ADD.# 0/19  WMOVR 4/19  WXOR 4/18  WNEG 5/16  NADD 2/16  WHLV 1/15  WPOP 4/14  WANDI 2/10  LNADI 0/8  WXCH 3/7  LNADD 1/5  ANDI 4/4  LNSBI 1/3  ZEX 3/3  WLSHI 2/2  XWADI 0/2  XWSUB 1/2  MOV.R# 1/2  WIORI 0/2  NEG.L# 1/1  WULEI 1/1  WSKBO 0/1  XNISZ 0/1  LNSUB 0/1  CRYTO 1/1  XNMUL 0/1  XWSBI 0/1
  classes live: 65/75; unreached: ADD.# LNADI LNSUB NNEG WIORI WSKBO XNISZ XNMUL XWADI XWSBI
wall_clock_seconds=875
fo        cfg=book  K=50  div=0   guard=0  liberr_native=1  pairs=6821 blk_equal=6821 blk_mismatch=0 k_heartbeats=6182 gaps_over_k=0 max_gap=50 floor=1000 OK end=clean want=clean,I.STOP leg=OK
m         cfg=book  K=50  div=0   guard=0  liberr_native=1  pairs=6749 blk_equal=6749 blk_mismatch=0 k_heartbeats=6266 gaps_over_k=0 max_gap=50 floor=1000 OK end=I.STOP want=I.STOP leg=OK
inj       cfg=book  K=50  div=0   guard=0  liberr_native=0  pairs=6221 blk_equal=6221 blk_mismatch=0 k_heartbeats=5757 gaps_over_k=0 max_gap=50 floor=1000 OK end=FATAL want=FATAL leg=OK
abort     cfg=book  K=50  div=0   guard=0  liberr_native=0  pairs=5474 blk_equal=5474 blk_mismatch=0 k_heartbeats=5268 gaps_over_k=0 max_gap=50 floor=10 OK end=WORLD-ABORT want=WORLD-ABORT leg=OK
play      cfg=book  K=50  div=0   guard=0  liberr_native=0  pairs=2158841 blk_equal=2158841 blk_mismatch=0 k_heartbeats=2157919 gaps_over_k=0 max_gap=50 floor=1000 OK end=clean want=clean,I.STOP leg=OK
inj3      cfg=book  K=50  div=0   guard=0  liberr_native=1  pairs=6097 blk_equal=6097 blk_mismatch=0 k_heartbeats=5616 gaps_over_k=0 max_gap=50 floor=1000 OK end=I.STOP want=clean,I.STOP leg=OK
k1fo      cfg=book  K=1   div=0   guard=0  liberr_native=1  pairs=325161 blk_equal=325161 blk_mismatch=0 k_heartbeats=324557 gaps_over_k=0 max_gap=1 floor=1000 OK end=clean want=clean,I.STOP leg=OK
derr      cfg=book  K=1   div=0   guard=0  liberr_native=0  pairs=278654 blk_equal=278654 blk_mismatch=0 k_heartbeats=278338 gaps_over_k=0 max_gap=1 floor=1000 OK end=WORLD-ABORT want=IR-ASSERT leg=FAIL
derr-emu  cfg=emu   K=1   div=0   guard=0  liberr_native=0  pairs=272653 blk_equal=272653 blk_mismatch=0 k_heartbeats=272336 gaps_over_k=0 max_gap=1 floor=1000 OK end=WORLD-ABORT want=WORLD-ABORT leg=OK
fo-st     cfg=stock K=50  div=0   guard=0  liberr_native=1  pairs=6573 blk_equal=6573 blk_mismatch=0 k_heartbeats=5934 gaps_over_k=0 max_gap=50 floor=1000 OK end=clean want=clean,I.STOP leg=OK
play-st   cfg=stock K=50  div=0   guard=0  liberr_native=0  pairs=3694632 blk_equal=3694632 blk_mismatch=0 k_heartbeats=3693600 gaps_over_k=0 max_gap=50 floor=1000 OK end=clean want=clean,I.STOP leg=OK
fo-emu    cfg=emu   K=50  div=0   guard=0  liberr_native=1  pairs=6575 blk_equal=6575 blk_mismatch=0 k_heartbeats=5936 gaps_over_k=0 max_gap=50 floor=1000 OK end=clean want=clean,I.STOP leg=OK
m-emu     cfg=emu   K=50  div=0   guard=0  liberr_native=1  pairs=6581 blk_equal=6581 blk_mismatch=0 k_heartbeats=6102 gaps_over_k=0 max_gap=50 floor=1000 OK end=I.STOP want=I.STOP leg=OK
inj-emu   cfg=emu   K=50  div=0   guard=0  liberr_native=0  pairs=6702 blk_equal=6702 blk_mismatch=0 k_heartbeats=6143 gaps_over_k=0 max_gap=50 floor=1000 OK end=I.STOP want=FATAL leg=FAIL
abort-emu cfg=emu   K=50  div=0   guard=0  liberr_native=0  pairs=5446 blk_equal=5446 blk_mismatch=0 k_heartbeats=5240 gaps_over_k=0 max_gap=50 floor=10 OK end=WORLD-ABORT want=WORLD-ABORT leg=OK
== Task 046 P32 append chains battery (JOBS=3) ==
inj: armed-pc block drops=1 (want 1)
abort: armed-pc block drops=1 (want 1)
inj-emu: armed-pc block drops=0 (want 0)
abort-emu: armed-pc block drops=0 (want 0)
-- carry-consumer-site block coverage (CarryCensus.md; book/stock legs) --
70160E64:2 70160E65:2 70160E73:2 70160E74:2 7016E75B:0 7016E75C:0 7016E76A:0 7016E76B:0 7015E701:0 701644C5:0 70168107:0 7016A5E5:0 7016B852:0 7016DB9A:0 7016DCD0:0 7016DCEF:0 70171734:0 70171984:0 70171E2B:0 7017200B:0 701723F2:0 701727AB:0 70177336:0 701785C8:0 7017860D:0 70178738:0 70179BFC:0 70169B56:8 
-- P27 DERR cluster compression (docs/Project27/Census.md; ruling F1=A, F2-a) --
derr_embeds_remaining=2 (want 2: the LDSP-fed sinks 701604D4 7016D707, verified terminal pairs — P28 A1)
asserts=2273 (want 2273 = 2271 P27 folds, artifact lists 2271, + 2 LDSP range asserts)  unfoldable=2
synclist_delisted=4499 (want 4499)  synclist_entries=13510 (want 13510)
-- P28 rt_call decoration (docs/Project28/Census.md; rulings F1 terminator, F2 argc-set, LDSP A1) --
embeds_book=729 (want 729 = 1673 - 944)  embeds_stock=2608 (want 2608 = 3552 - 944)  rt_call_book=987 rt_call_stock=987 (want 987/987)
rt_sites ledger: emitted=987 refused=0 (want 987/0)
leftover_embeds_book (LNDO/LDSP/RT pushes/Nova loads) = 0 (want 0)
rt_call coverage (all IR legs): 93/987 sites executed; by callee: ?WRITE_SCREEN 61/723  ?RANDOM_NUMBER 6/111  ?UNSIGNED_TO_CHAR 8/89  ?DELAY 0/18  ?READ 1/11  ?CHAR_TO_UNSIGNED 1/10  ?OPEN_FILE 3/6  ?CLOSE_FILE 1/4  ?OPEN_SHARED_IO_FILE 3/3  ?GET_SHARED_PAGE 3/3  ?WRITE 0/2  ?CREATE_TASK 1/1  ?AWAIT_CONSOLE_INTERRUPT 1/1  ?LOOKUP_PORT 1/1  ?LIB_ERROR_CODE 0/1  ?CONNECT 1/1  ?CURRENT_PID 1/1  ?READ_SCREEN 1/1
rt_call live: WRITE_SCREEN=61 RANDOM_NUMBER=6 (want both > 0) OK
-- P31 located strings + P32 append chains (docs/Project31/Census.md §11 correction; docs/Project32/Census.md) --
string_statements: book=1593 stock=1593 (want 1593/1593 = 649 P31 + 944 P32); literal assignments=857 (want 857 = 534 + 323) cmp=40 (want 40 = 31 + 9) words=12 (want 12)
strings ledger: lower.py emitted=1593 refused=0; census EMIT p31=649/127 p32=944/0 (want 1593/0; 649/127; 944/0); same pc set=yes same text=yes
synclist_entries=13510 (want 13510: unchanged by P31/P32)
literal_mismatches=0 (want 0)
string statement coverage (distinct statements, all IR legs): total 135; assign_fixed 61  assign_varying 57  cmp 12  words 5
  play     assign_varying=51 assign_fixed=54 cmp=12 words=4
  play-st  assign_varying=51 assign_fixed=54 cmp=12 words=4
  k1fo     assign_varying=46 assign_fixed=47 cmp=10 words=5
  fo       assign_varying=46 assign_fixed=51 cmp=11 words=5
  fo-st    assign_varying=46 assign_fixed=47 cmp=9 words=5
string statements live in play/play-st: assign_varying, cmp, words all > 0: OK
P32 site coverage (block first-executed in any IR leg): by slice 4: 38/677  5: 19/134  6: 15/133; by form expr 35/448  mixed 31/415  register 6/81
P32: slices 4/5/6 live (want all > 0): True; HELP chain block 7016D5E3 live in play/play-st: {'play': False, 'play-st': False} -> FAIL
-- P28 leftover block coverage (LNDO 7015C0C5; LDSP 701604C4 7016D702; Nova SKP 7015BE37 7015BE59 70175F31 7017609C 70176102 7017D7BC) --
7015C0C5:0 701604C4:0 7016D702:0 7015BE37:0 7015BE59:0 70175F31:0 7017609C:0 70176102:0 7017D7BC:0 
derr: poke_fired=2 (want 2: both roles)  clone_assert_at_7015C48E=2 (want 1)  master_DERR.TRP_frame=1 (want >=1)  start_turn_tripwire=0 (want 0)
derr: master_end=
derr-emu: poke_fired=2 (want 2)  terminal_abort_at_DERR.TRP=1 (want 1)  (top stack wides: 00000011 7015C48E — for DERR.TRP: number, faulting pc)
-- P26 newly-lowered mnemonic coverage (book+stock legs; regression reference) --
P26 newly-lowered mnemonic coverage (blocks live/blocks carrying, 2112 live blocks):
  WMUL 274/1805  LWADD 235/1528  XJMP 126/1160  LDAFP 113/1053  WNADI 153/735  MOV.L# 131/669  WADC 78/646  WSEQI 103/615  WSNEI 87/415  WSZB 106/361  CVWN 24/216  WSEQ 65/202  WCOM 37/200  WSGE 59/185  XNDO 44/176  MOV.# 39/172  WINC 26/164  WSLE 39/149  XWADD 14/143  WBTO 21/140  WSNE 15/115  WBTZ 20/106  WSLEI 25/97  WSGTI 30/96  WDIV 11/87  NADI 5/85  ADD.O# 25/81  XNSUB 9/81  WIOR 23/78  WAND 17/72  WADI 14/72  XNADI 8/69  XNADD 3/69  NSBI 12/65  NADDI 5/58  WSGT 12/58  XWMUL 2/45  WLSI 6/43  WPSH 10/39  COM.# 2/32  XWDO 3/30  WSLT 10/28  XNSBI 2/26  NSUB 7/26  NNEG 0/25  SEX 2/23  LDASP 5/22  NMUL 6/21  ADD.# 0/19  WMOVR 4/19  WXOR 4/18  WNEG 5/16  NADD 2/16  WHLV 1/15  WPOP 4/14  WANDI 2/10  LNADI 0/8  WXCH 3/7  LNADD 1/5  ANDI 4/4  LNSBI 1/3  ZEX 3/3  WLSHI 2/2  XWADI 0/2  XWSUB 1/2  MOV.R# 1/2  WIORI 0/2  NEG.L# 1/1  WULEI 1/1  WSKBO 0/1  XNISZ 0/1  LNSUB 0/1  CRYTO 1/1  XNMUL 0/1  XWSBI 0/1
  classes live: 65/75; unreached: ADD.# LNADI LNSUB NNEG WIORI WSKBO XNISZ XNMUL XWADI XWSBI
wall_clock_seconds=875
PARALLEL BATTERY RED (4 fails)
