:NEW_USERS.ST
:QUEST.PR
:NEW_USERS.PR
:SHARED_DATA_FILE
:OLD_USER_DATA_FILE
:NEW_CASTLES.ST
:NEW_CASTLES.PR
:QUEST.ST
:CASTLE_DATA_FILE
:SAVE_USER.PR
:SYSTEM
:QUEST_SERVER.ST
:SAVE_USER.ST
:QUEST_SERVER.PR
:USER_DATA_FILE
:NEW_USER_DATA_FILE
:PER
:DATA_FILE
:
:WORLD_DATA_FILE
:FIXUP_OBJECTS.PR
:FIXUP_OBJECTS.ST
CAUTION: INDIRECT INDEXING
LDSP: pc=0x701604D1 target=0x70160191 from=2 to=66
LDSP: pc=0x7016D704 target=0x7016BF1F from=1 to=37
sites=754 argLines=1352 edges=1749 xcalls=63 targetsAgree=true
  CLEAN                    566
  CLEAN-EMPTY              188
argmap: identical
callsites: identical
TOOLS OK
