SELFTEST GREEN (0 failures)
== Task 039 P26 math-grammar battery (JOBS=3) ==
-- 037 baseline for comparison --
/home/questrunner/queue/results/037-p26-math-grammar/verdicts.txt:k1fo      cfg=book  K=1   div=0   guard=0  liberr_native=1  pairs=389610 blk_equal=389610 blk_mismatch=0 k_heartbeats=389006 gaps_over_k=0 max_gap=1 floor=1000 OK end=clean want=clean,I.STOP leg=OK
/home/questrunner/queue/results/037-p26-math-grammar/verdicts.txt:play-st   cfg=stock K=50  div=0   guard=0  liberr_native=0  pairs=3593858 blk_equal=3593858 blk_mismatch=0 k_heartbeats=3592898 gaps_over_k=0 max_gap=50 floor=1000 OK end=clean want=clean,I.STOP leg=OK
/home/questrunner/queue/results/038-hw-findings-sep5/run.log:k1fo      cfg=book  K=1   div=0   guard=0  liberr_native=1  pairs=389610 blk_equal=389610 blk_mismatch=0 k_heartbeats=389006 gaps_over_k=0 max_gap=1 floor=1000 OK end=clean want=clean,I.STOP leg=OK
/home/questrunner/queue/results/038-hw-findings-sep5/run.log:play-st   cfg=stock K=50  div=0   guard=0  liberr_native=0  pairs=3593858 blk_equal=3593858 blk_mismatch=0 k_heartbeats=3592898 gaps_over_k=0 max_gap=50 floor=1000 OK end=clean want=clean,I.STOP leg=OK
/home/questrunner/queue/results/038-hw-findings-sep5/run.log:k1fo      cfg=book  K=1   div=0   guard=0  liberr_native=1  pairs=380520 blk_equal=380520 blk_mismatch=0 k_heartbeats=379916 gaps_over_k=0 max_gap=1 floor=1000 OK end=clean want=clean,I.STOP leg=OK
/home/questrunner/queue/results/038-hw-findings-sep5/run.log:play-st   cfg=stock K=50  div=0   guard=0  liberr_native=0  pairs=4342633 blk_equal=4342633 blk_mismatch=0 k_heartbeats=4341599 gaps_over_k=0 max_gap=50 floor=1000 OK end=clean want=clean,I.STOP leg=OK
/home/questrunner/queue/results/038-hw-findings-sep5/run.log:k1fo      cfg=book  K=1   div=0   guard=0  liberr_native=1  pairs=389610 blk_equal=389610 blk_mismatch=0 k_heartbeats=389006 gaps_over_k=0 max_gap=1 floor=1000 OK end=clean want=clean,I.STOP leg=OK
/home/questrunner/queue/results/038-hw-findings-sep5/run.log:play-st   cfg=stock K=50  div=0   guard=0  liberr_native=0  pairs=3593858 blk_equal=3593858 blk_mismatch=0 k_heartbeats=3592898 gaps_over_k=0 max_gap=50 floor=1000 OK end=clean want=clean,I.STOP leg=OK
-- helper selftest --
SELFTEST GREEN (0 failures)
wall_clock_seconds=301
k1fo      cfg=book  K=1   div=0   guard=0  liberr_native=1  pairs=382922 blk_equal=382922 blk_mismatch=0 k_heartbeats=382318 gaps_over_k=0 max_gap=1 floor=1000 OK end=clean want=clean,I.STOP leg=OK
play-st   cfg=stock K=50  div=0   guard=0  liberr_native=0  pairs=4388416 blk_equal=4388416 blk_mismatch=0 k_heartbeats=4387430 gaps_over_k=0 max_gap=50 floor=1000 OK end=clean want=clean,I.STOP leg=OK
== Task 039 P26 math-grammar battery (JOBS=3) ==
-- 037 baseline for comparison --
/home/questrunner/queue/results/037-p26-math-grammar/verdicts.txt:k1fo      cfg=book  K=1   div=0   guard=0  liberr_native=1  pairs=389610 blk_equal=389610 blk_mismatch=0 k_heartbeats=389006 gaps_over_k=0 max_gap=1 floor=1000 OK end=clean want=clean,I.STOP leg=OK
/home/questrunner/queue/results/037-p26-math-grammar/verdicts.txt:play-st   cfg=stock K=50  div=0   guard=0  liberr_native=0  pairs=3593858 blk_equal=3593858 blk_mismatch=0 k_heartbeats=3592898 gaps_over_k=0 max_gap=50 floor=1000 OK end=clean want=clean,I.STOP leg=OK
/home/questrunner/queue/results/038-hw-findings-sep5/run.log:k1fo      cfg=book  K=1   div=0   guard=0  liberr_native=1  pairs=389610 blk_equal=389610 blk_mismatch=0 k_heartbeats=389006 gaps_over_k=0 max_gap=1 floor=1000 OK end=clean want=clean,I.STOP leg=OK
/home/questrunner/queue/results/038-hw-findings-sep5/run.log:play-st   cfg=stock K=50  div=0   guard=0  liberr_native=0  pairs=3593858 blk_equal=3593858 blk_mismatch=0 k_heartbeats=3592898 gaps_over_k=0 max_gap=50 floor=1000 OK end=clean want=clean,I.STOP leg=OK
/home/questrunner/queue/results/038-hw-findings-sep5/run.log:k1fo      cfg=book  K=1   div=0   guard=0  liberr_native=1  pairs=380520 blk_equal=380520 blk_mismatch=0 k_heartbeats=379916 gaps_over_k=0 max_gap=1 floor=1000 OK end=clean want=clean,I.STOP leg=OK
/home/questrunner/queue/results/038-hw-findings-sep5/run.log:play-st   cfg=stock K=50  div=0   guard=0  liberr_native=0  pairs=4342633 blk_equal=4342633 blk_mismatch=0 k_heartbeats=4341599 gaps_over_k=0 max_gap=50 floor=1000 OK end=clean want=clean,I.STOP leg=OK
/home/questrunner/queue/results/038-hw-findings-sep5/run.log:k1fo      cfg=book  K=1   div=0   guard=0  liberr_native=1  pairs=389610 blk_equal=389610 blk_mismatch=0 k_heartbeats=389006 gaps_over_k=0 max_gap=1 floor=1000 OK end=clean want=clean,I.STOP leg=OK
/home/questrunner/queue/results/038-hw-findings-sep5/run.log:play-st   cfg=stock K=50  div=0   guard=0  liberr_native=0  pairs=3593858 blk_equal=3593858 blk_mismatch=0 k_heartbeats=3592898 gaps_over_k=0 max_gap=50 floor=1000 OK end=clean want=clean,I.STOP leg=OK
-- helper selftest --
SELFTEST GREEN (0 failures)
wall_clock_seconds=301
TASK 039 GREEN
